Command line invocation:
    /Applications/Xcode.app/Contents/Developer/usr/bin/xcodebuild -scheme AgendaHOF -destination "platform=iOS Simulator,name=iPhone 17 Pro" clean build

Resolve Package Graph


Resolved source packages:
  swift-crypto: https://github.com/apple/swift-crypto.git @ 4.2.0
  swift-asn1: https://github.com/apple/swift-asn1.git @ 1.5.1
  swift-concurrency-extras: https://github.com/pointfreeco/swift-concurrency-extras @ 1.3.2
  swift-http-types: https://github.com/apple/swift-http-types.git @ 1.5.1
  xctest-dynamic-overlay: https://github.com/pointfreeco/xctest-dynamic-overlay @ 1.8.0
  swift-clocks: https://github.com/pointfreeco/swift-clocks @ 1.0.6
  Supabase: https://github.com/supabase/supabase-swift.git @ 2.39.0

CreateBuildRequest

SendProjectDescription

CreateBuildOperation

** CLEAN SUCCEEDED **

ComputePackagePrebuildTargetDependencyGraph

Prepare packages

CreateBuildRequest

SendProjectDescription

CreateBuildOperation

ComputeTargetDependencyGraph
note: Building targets in dependency order
note: Target dependency graph (24 targets)
    Target 'AgendaHOF' in project 'AgendaHOF'
        ➜ Explicit dependency on target 'AgendaWidgetExtension' in project 'AgendaHOF'
        ➜ Explicit dependency on target 'Supabase' in project 'Supabase'
    Target 'Supabase' in project 'Supabase'
        ➜ Explicit dependency on target 'Supabase' in project 'Supabase'
        ➜ Explicit dependency on target 'Functions' in project 'Supabase'
        ➜ Explicit dependency on target 'PostgREST' in project 'Supabase'
        ➜ Explicit dependency on target 'Auth' in project 'Supabase'
        ➜ Explicit dependency on target 'Realtime' in project 'Supabase'
        ➜ Explicit dependency on target 'Storage' in project 'Supabase'
        ➜ Explicit dependency on target 'Helpers' in project 'Supabase'
        ➜ Explicit dependency on target 'ConcurrencyExtras' in project 'swift-concurrency-extras'
        ➜ Explicit dependency on target 'HTTPTypes' in project 'swift-http-types'
        ➜ Explicit dependency on target 'Clocks' in project 'swift-clocks'
        ➜ Explicit dependency on target 'XCTestDynamicOverlay' in project 'xctest-dynamic-overlay'
        ➜ Explicit dependency on target 'Crypto' in project 'swift-crypto'
        ➜ Explicit dependency on target 'IssueReporting' in project 'xctest-dynamic-overlay'
    Target 'Supabase' in project 'Supabase'
        ➜ Explicit dependency on target 'Helpers' in project 'Supabase'
        ➜ Explicit dependency on target 'Auth' in project 'Supabase'
        ➜ Explicit dependency on target 'Functions' in project 'Supabase'
        ➜ Explicit dependency on target 'PostgREST' in project 'Supabase'
        ➜ Explicit dependency on target 'Realtime' in project 'Supabase'
        ➜ Explicit dependency on target 'Storage' in project 'Supabase'
        ➜ Explicit dependency on target 'ConcurrencyExtras' in project 'swift-concurrency-extras'
        ➜ Explicit dependency on target 'HTTPTypes' in project 'swift-http-types'
        ➜ Explicit dependency on target 'Clocks' in project 'swift-clocks'
        ➜ Explicit dependency on target 'XCTestDynamicOverlay' in project 'xctest-dynamic-overlay'
        ➜ Explicit dependency on target 'Crypto' in project 'swift-crypto'
        ➜ Explicit dependency on target 'IssueReporting' in project 'xctest-dynamic-overlay'
    Target 'Storage' in project 'Supabase'
        ➜ Explicit dependency on target 'Helpers' in project 'Supabase'
        ➜ Explicit dependency on target 'ConcurrencyExtras' in project 'swift-concurrency-extras'
        ➜ Explicit dependency on target 'HTTPTypes' in project 'swift-http-types'
        ➜ Explicit dependency on target 'Clocks' in project 'swift-clocks'
        ➜ Explicit dependency on target 'XCTestDynamicOverlay' in project 'xctest-dynamic-overlay'
    Target 'Realtime' in project 'Supabase'
        ➜ Explicit dependency on target 'Helpers' in project 'Supabase'
        ➜ Explicit dependency on target 'ConcurrencyExtras' in project 'swift-concurrency-extras'
        ➜ Explicit dependency on target 'HTTPTypes' in project 'swift-http-types'
        ➜ Explicit dependency on target 'Clocks' in project 'swift-clocks'
        ➜ Explicit dependency on target 'XCTestDynamicOverlay' in project 'xctest-dynamic-overlay'
        ➜ Explicit dependency on target 'IssueReporting' in project 'xctest-dynamic-overlay'
    Target 'PostgREST' in project 'Supabase'
        ➜ Explicit dependency on target 'Helpers' in project 'Supabase'
        ➜ Explicit dependency on target 'ConcurrencyExtras' in project 'swift-concurrency-extras'
        ➜ Explicit dependency on target 'HTTPTypes' in project 'swift-http-types'
        ➜ Explicit dependency on target 'Clocks' in project 'swift-clocks'
        ➜ Explicit dependency on target 'XCTestDynamicOverlay' in project 'xctest-dynamic-overlay'
    Target 'Functions' in project 'Supabase'
        ➜ Explicit dependency on target 'Helpers' in project 'Supabase'
        ➜ Explicit dependency on target 'ConcurrencyExtras' in project 'swift-concurrency-extras'
        ➜ Explicit dependency on target 'HTTPTypes' in project 'swift-http-types'
        ➜ Explicit dependency on target 'Clocks' in project 'swift-clocks'
        ➜ Explicit dependency on target 'XCTestDynamicOverlay' in project 'xctest-dynamic-overlay'
    Target 'Auth' in project 'Supabase'
        ➜ Explicit dependency on target 'Helpers' in project 'Supabase'
        ➜ Explicit dependency on target 'ConcurrencyExtras' in project 'swift-concurrency-extras'
        ➜ Explicit dependency on target 'HTTPTypes' in project 'swift-http-types'
        ➜ Explicit dependency on target 'Clocks' in project 'swift-clocks'
        ➜ Explicit dependency on target 'XCTestDynamicOverlay' in project 'xctest-dynamic-overlay'
        ➜ Explicit dependency on target 'Crypto' in project 'swift-crypto'
    Target 'Crypto' in project 'swift-crypto'
        ➜ Explicit dependency on target 'Crypto' in project 'swift-crypto'
        ➜ Explicit dependency on target 'swift-crypto_Crypto' in project 'swift-crypto'
    Target 'Crypto' in project 'swift-crypto'
        ➜ Explicit dependency on target 'swift-crypto_Crypto' in project 'swift-crypto'
    Target 'swift-crypto_Crypto' in project 'swift-crypto' (no dependencies)
    Target 'Helpers' in project 'Supabase'
        ➜ Explicit dependency on target 'ConcurrencyExtras' in project 'swift-concurrency-extras'
        ➜ Explicit dependency on target 'HTTPTypes' in project 'swift-http-types'
        ➜ Explicit dependency on target 'Clocks' in project 'swift-clocks'
        ➜ Explicit dependency on target 'XCTestDynamicOverlay' in project 'xctest-dynamic-overlay'
    Target 'XCTestDynamicOverlay' in project 'xctest-dynamic-overlay'
        ➜ Explicit dependency on target 'XCTestDynamicOverlay' in project 'xctest-dynamic-overlay'
        ➜ Explicit dependency on target 'IssueReportingPackageSupport' in project 'xctest-dynamic-overlay'
        ➜ Explicit dependency on target 'IssueReporting' in project 'xctest-dynamic-overlay'
    Target 'XCTestDynamicOverlay' in project 'xctest-dynamic-overlay'
        ➜ Explicit dependency on target 'IssueReportingPackageSupport' in project 'xctest-dynamic-overlay'
        ➜ Explicit dependency on target 'IssueReporting' in project 'xctest-dynamic-overlay'
    Target 'Clocks' in project 'swift-clocks'
        ➜ Explicit dependency on target 'Clocks' in project 'swift-clocks'
        ➜ Explicit dependency on target 'ConcurrencyExtras' in project 'swift-concurrency-extras'
        ➜ Explicit dependency on target 'IssueReporting' in project 'xctest-dynamic-overlay'
    Target 'Clocks' in project 'swift-clocks'
        ➜ Explicit dependency on target 'ConcurrencyExtras' in project 'swift-concurrency-extras'
        ➜ Explicit dependency on target 'IssueReporting' in project 'xctest-dynamic-overlay'
    Target 'IssueReporting' in project 'xctest-dynamic-overlay'
        ➜ Explicit dependency on target 'IssueReporting' in project 'xctest-dynamic-overlay'
        ➜ Explicit dependency on target 'IssueReportingPackageSupport' in project 'xctest-dynamic-overlay'
    Target 'IssueReporting' in project 'xctest-dynamic-overlay'
        ➜ Explicit dependency on target 'IssueReportingPackageSupport' in project 'xctest-dynamic-overlay'
    Target 'IssueReportingPackageSupport' in project 'xctest-dynamic-overlay' (no dependencies)
    Target 'HTTPTypes' in project 'swift-http-types'
        ➜ Explicit dependency on target 'HTTPTypes' in project 'swift-http-types'
    Target 'HTTPTypes' in project 'swift-http-types' (no dependencies)
    Target 'ConcurrencyExtras' in project 'swift-concurrency-extras'
        ➜ Explicit dependency on target 'ConcurrencyExtras' in project 'swift-concurrency-extras'
    Target 'ConcurrencyExtras' in project 'swift-concurrency-extras' (no dependencies)
    Target 'AgendaWidgetExtension' in project 'AgendaHOF' (no dependencies)

GatherProvisioningInputs

CreateBuildDescription

ExecuteExternalTool /Applications/Xcode.app/Contents/Developer/Toolchains/XcodeDefault.xctoolchain/usr/bin/swiftc --version

ExecuteExternalTool /Applications/Xcode.app/Contents/Developer/Toolchains/XcodeDefault.xctoolchain/usr/bin/clang -v -E -dM -isysroot /Applications/Xcode.app/Contents/Developer/Platforms/iPhoneSimulator.platform/Developer/SDKs/iPhoneSimulator26.2.sdk -x c -c /dev/null

ExecuteExternalTool /Applications/Xcode.app/Contents/Developer/usr/bin/actool --print-asset-tag-combinations --output-format xml1 /Users/nicolas/Documents/aplicativos-sites/AgendaHOF-iOS/Assets.xcassets

ExecuteExternalTool /Applications/Xcode.app/Contents/Developer/usr/bin/actool --version --output-format xml1

ExecuteExternalTool /Applications/Xcode.app/Contents/Developer/Toolchains/XcodeDefault.xctoolchain/usr/bin/ld -version_details

ReadFileContents /Applications/Xcode.app/Contents/Developer/Toolchains/XcodeDefault.xctoolchain/usr/share/docc/features.json

Build description signature: d9e6e7416ee9849cc01ab952b50838c7
Build description path: /Users/nicolas/Library/Developer/Xcode/DerivedData/AgendaHOF-bvieputxojihcqchgwytombtvhqx/Build/Intermediates.noindex/XCBuildData/d9e6e7416ee9849cc01ab952b50838c7.xcbuilddata
ClangStatCache /Applications/Xcode.app/Contents/Developer/Toolchains/XcodeDefault.xctoolchain/usr/bin/clang-stat-cache /Applications/Xcode.app/Contents/Developer/Platforms/iPhoneSimulator.platform/Developer/SDKs/iPhoneSimulator26.2.sdk /Users/nicolas/Library/Developer/Xcode/DerivedData/SDKStatCaches.noindex/iphonesimulator26.2-23C53-7d00a8b37fbd7999ea79df8ebc024bf0.sdkstatcache
    cd /Users/nicolas/Documents/aplicativos-sites/AgendaHOF-iOS/AgendaHOF.xcodeproj
    /Applications/Xcode.app/Contents/Developer/Toolchains/XcodeDefault.xctoolchain/usr/bin/clang-stat-cache /Applications/Xcode.app/Contents/Developer/Platforms/iPhoneSimulator.platform/Developer/SDKs/iPhoneSimulator26.2.sdk -o /Users/nicolas/Library/Developer/Xcode/DerivedData/SDKStatCaches.noindex/iphonesimulator26.2-23C53-7d00a8b37fbd7999ea79df8ebc024bf0.sdkstatcache

CreateBuildDirectory /Users/nicolas/Library/Developer/Xcode/DerivedData/AgendaHOF-bvieputxojihcqchgwytombtvhqx/Build/Products
    cd /Users/nicolas/Documents/aplicativos-sites/AgendaHOF-iOS/AgendaHOF.xcodeproj
    builtin-create-build-directory /Users/nicolas/Library/Developer/Xcode/DerivedData/AgendaHOF-bvieputxojihcqchgwytombtvhqx/Build/Products

CreateBuildDirectory /Users/nicolas/Library/Developer/Xcode/DerivedData/AgendaHOF-bvieputxojihcqchgwytombtvhqx/Build/Intermediates.noindex
    cd /Users/nicolas/Documents/aplicativos-sites/AgendaHOF-iOS/AgendaHOF.xcodeproj
    builtin-create-build-directory /Users/nicolas/Library/Developer/Xcode/DerivedData/AgendaHOF-bvieputxojihcqchgwytombtvhqx/Build/Intermediates.noindex

CreateBuildDirectory /Users/nicolas/Library/Developer/Xcode/DerivedData/AgendaHOF-bvieputxojihcqchgwytombtvhqx/Build/Intermediates.noindex/SwiftExplicitPrecompiledModules
    cd /Users/nicolas/Documents/aplicativos-sites/AgendaHOF-iOS/AgendaHOF.xcodeproj
    builtin-create-build-directory /Users/nicolas/Library/Developer/Xcode/DerivedData/AgendaHOF-bvieputxojihcqchgwytombtvhqx/Build/Intermediates.noindex/SwiftExplicitPrecompiledModules

CreateBuildDirectory /Users/nicolas/Library/Developer/Xcode/DerivedData/AgendaHOF-bvieputxojihcqchgwytombtvhqx/Build/Intermediates.noindex/ExplicitPrecompiledModules
    cd /Users/nicolas/Documents/aplicativos-sites/AgendaHOF-iOS/AgendaHOF.xcodeproj
    builtin-create-build-directory /Users/nicolas/Library/Developer/Xcode/DerivedData/AgendaHOF-bvieputxojihcqchgwytombtvhqx/Build/Intermediates.noindex/ExplicitPrecompiledModules

CreateBuildDirectory /Users/nicolas/Library/Developer/Xcode/DerivedData/AgendaHOF-bvieputxojihcqchgwytombtvhqx/Build/Products/Debug-iphonesimulator
    cd /Users/nicolas/Documents/aplicativos-sites/AgendaHOF-iOS/AgendaHOF.xcodeproj
    builtin-create-build-directory /Users/nicolas/Library/Developer/Xcode/DerivedData/AgendaHOF-bvieputxojihcqchgwytombtvhqx/Build/Products/Debug-iphonesimulator

CreateBuildDirectory /Users/nicolas/Library/Developer/Xcode/DerivedData/AgendaHOF-bvieputxojihcqchgwytombtvhqx/Build/Intermediates.noindex/EagerLinkingTBDs/Debug-iphonesimulator
    cd /Users/nicolas/Documents/aplicativos-sites/AgendaHOF-iOS/AgendaHOF.xcodeproj
    builtin-create-build-directory /Users/nicolas/Library/Developer/Xcode/DerivedData/AgendaHOF-bvieputxojihcqchgwytombtvhqx/Build/Intermediates.noindex/EagerLinkingTBDs/Debug-iphonesimulator

WriteAuxiliaryFile /Users/nicolas/Library/Developer/Xcode/DerivedData/AgendaHOF-bvieputxojihcqchgwytombtvhqx/Build/Intermediates.noindex/AgendaHOF.build/Debug-iphonesimulator/AgendaHOF-cb7e7301b7fbf424cf8053c1d7d82895-VFS-iphonesimulator/all-product-headers.yaml
    cd /Users/nicolas/Documents/aplicativos-sites/AgendaHOF-iOS/AgendaHOF.xcodeproj
    write-file /Users/nicolas/Library/Developer/Xcode/DerivedData/AgendaHOF-bvieputxojihcqchgwytombtvhqx/Build/Intermediates.noindex/AgendaHOF.build/Debug-iphonesimulator/AgendaHOF-cb7e7301b7fbf424cf8053c1d7d82895-VFS-iphonesimulator/all-product-headers.yaml

CreateBuildDirectory /Users/nicolas/Library/Developer/Xcode/DerivedData/AgendaHOF-bvieputxojihcqchgwytombtvhqx/Build/Products/Debug-iphonesimulator/PackageFrameworks
    cd /Users/nicolas/Documents/aplicativos-sites/AgendaHOF-iOS/AgendaHOF.xcodeproj
    builtin-create-build-directory /Users/nicolas/Library/Developer/Xcode/DerivedData/AgendaHOF-bvieputxojihcqchgwytombtvhqx/Build/Products/Debug-iphonesimulator/PackageFrameworks

WriteAuxiliaryFile /Users/nicolas/Library/Developer/Xcode/DerivedData/AgendaHOF-bvieputxojihcqchgwytombtvhqx/Build/Intermediates.noindex/swift-crypto.build/Debug-iphonesimulator/swift-crypto_Crypto.build/swift-crypto_Crypto.DependencyMetadataFileList (in target 'swift-crypto_Crypto' from project 'swift-crypto')
    cd /Users/nicolas/Library/Developer/Xcode/DerivedData/AgendaHOF-bvieputxojihcqchgwytombtvhqx/SourcePackages/checkouts/swift-crypto
    write-file /Users/nicolas/Library/Developer/Xcode/DerivedData/AgendaHOF-bvieputxojihcqchgwytombtvhqx/Build/Intermediates.noindex/swift-crypto.build/Debug-iphonesimulator/swift-crypto_Crypto.build/swift-crypto_Crypto.DependencyMetadataFileList

WriteAuxiliaryFile /Users/nicolas/Library/Developer/Xcode/DerivedData/AgendaHOF-bvieputxojihcqchgwytombtvhqx/Build/Intermediates.noindex/swift-crypto.build/Debug-iphonesimulator/swift-crypto_Crypto.build/swift-crypto_Crypto.DependencyStaticMetadataFileList (in target 'swift-crypto_Crypto' from project 'swift-crypto')
    cd /Users/nicolas/Library/Developer/Xcode/DerivedData/AgendaHOF-bvieputxojihcqchgwytombtvhqx/SourcePackages/checkouts/swift-crypto
    write-file /Users/nicolas/Library/Developer/Xcode/DerivedData/AgendaHOF-bvieputxojihcqchgwytombtvhqx/Build/Intermediates.noindex/swift-crypto.build/Debug-iphonesimulator/swift-crypto_Crypto.build/swift-crypto_Crypto.DependencyStaticMetadataFileList

WriteAuxiliaryFile /Users/nicolas/Library/Developer/Xcode/DerivedData/AgendaHOF-bvieputxojihcqchgwytombtvhqx/Build/Intermediates.noindex/swift-crypto.build/Debug-iphonesimulator/swift-crypto_Crypto.build/empty-swift-crypto_Crypto.plist (in target 'swift-crypto_Crypto' from project 'swift-crypto')
    cd /Users/nicolas/Library/Developer/Xcode/DerivedData/AgendaHOF-bvieputxojihcqchgwytombtvhqx/SourcePackages/checkouts/swift-crypto
    write-file /Users/nicolas/Library/Developer/Xcode/DerivedData/AgendaHOF-bvieputxojihcqchgwytombtvhqx/Build/Intermediates.noindex/swift-crypto.build/Debug-iphonesimulator/swift-crypto_Crypto.build/empty-swift-crypto_Crypto.plist

WriteAuxiliaryFile /Users/nicolas/Library/Developer/Xcode/DerivedData/AgendaHOF-bvieputxojihcqchgwytombtvhqx/Build/Intermediates.noindex/xctest-dynamic-overlay.build/Debug-iphonesimulator/XCTestDynamicOverlay.build/XCTestDynamicOverlay.modulemap (in target 'XCTestDynamicOverlay' from project 'xctest-dynamic-overlay')
    cd /Users/nicolas/Library/Developer/Xcode/DerivedData/AgendaHOF-bvieputxojihcqchgwytombtvhqx/SourcePackages/checkouts/xctest-dynamic-overlay
    write-file /Users/nicolas/Library/Developer/Xcode/DerivedData/AgendaHOF-bvieputxojihcqchgwytombtvhqx/Build/Intermediates.noindex/xctest-dynamic-overlay.build/Debug-iphonesimulator/XCTestDynamicOverlay.build/XCTestDynamicOverlay.modulemap

WriteAuxiliaryFile /Users/nicolas/Library/Developer/Xcode/DerivedData/AgendaHOF-bvieputxojihcqchgwytombtvhqx/Build/Intermediates.noindex/xctest-dynamic-overlay.build/Debug-iphonesimulator/XCTestDynamicOverlay.build/XCTestDynamicOverlay.DependencyStaticMetadataFileList (in target 'XCTestDynamicOverlay' from project 'xctest-dynamic-overlay')
    cd /Users/nicolas/Library/Developer/Xcode/DerivedData/AgendaHOF-bvieputxojihcqchgwytombtvhqx/SourcePackages/checkouts/xctest-dynamic-overlay
    write-file /Users/nicolas/Library/Developer/Xcode/DerivedData/AgendaHOF-bvieputxojihcqchgwytombtvhqx/Build/Intermediates.noindex/xctest-dynamic-overlay.build/Debug-iphonesimulator/XCTestDynamicOverlay.build/XCTestDynamicOverlay.DependencyStaticMetadataFileList

WriteAuxiliaryFile /Users/nicolas/Library/Developer/Xcode/DerivedData/AgendaHOF-bvieputxojihcqchgwytombtvhqx/Build/Intermediates.noindex/xctest-dynamic-overlay.build/Debug-iphonesimulator/XCTestDynamicOverlay.build/XCTestDynamicOverlay.DependencyMetadataFileList (in target 'XCTestDynamicOverlay' from project 'xctest-dynamic-overlay')
    cd /Users/nicolas/Library/Developer/Xcode/DerivedData/AgendaHOF-bvieputxojihcqchgwytombtvhqx/SourcePackages/checkouts/xctest-dynamic-overlay
    write-file /Users/nicolas/Library/Developer/Xcode/DerivedData/AgendaHOF-bvieputxojihcqchgwytombtvhqx/Build/Intermediates.noindex/xctest-dynamic-overlay.build/Debug-iphonesimulator/XCTestDynamicOverlay.build/XCTestDynamicOverlay.DependencyMetadataFileList

WriteAuxiliaryFile /Users/nicolas/Library/Developer/Xcode/DerivedData/AgendaHOF-bvieputxojihcqchgwytombtvhqx/Build/Intermediates.noindex/xctest-dynamic-overlay.build/Debug-iphonesimulator/XCTestDynamicOverlay.build/Objects-normal/arm64/XCTestDynamicOverlay.SwiftFileList (in target 'XCTestDynamicOverlay' from project 'xctest-dynamic-overlay')
    cd /Users/nicolas/Library/Developer/Xcode/DerivedData/AgendaHOF-bvieputxojihcqchgwytombtvhqx/SourcePackages/checkouts/xctest-dynamic-overlay
    write-file /Users/nicolas/Library/Developer/Xcode/DerivedData/AgendaHOF-bvieputxojihcqchgwytombtvhqx/Build/Intermediates.noindex/xctest-dynamic-overlay.build/Debug-iphonesimulator/XCTestDynamicOverlay.build/Objects-normal/arm64/XCTestDynamicOverlay.SwiftFileList

WriteAuxiliaryFile /Users/nicolas/Library/Developer/Xcode/DerivedData/AgendaHOF-bvieputxojihcqchgwytombtvhqx/Build/Intermediates.noindex/xctest-dynamic-overlay.build/Debug-iphonesimulator/XCTestDynamicOverlay.build/Objects-normal/arm64/XCTestDynamicOverlay_const_extract_protocols.json (in target 'XCTestDynamicOverlay' from project 'xctest-dynamic-overlay')
    cd /Users/nicolas/Library/Developer/Xcode/DerivedData/AgendaHOF-bvieputxojihcqchgwytombtvhqx/SourcePackages/checkouts/xctest-dynamic-overlay
    write-file /Users/nicolas/Library/Developer/Xcode/DerivedData/AgendaHOF-bvieputxojihcqchgwytombtvhqx/Build/Intermediates.noindex/xctest-dynamic-overlay.build/Debug-iphonesimulator/XCTestDynamicOverlay.build/Objects-normal/arm64/XCTestDynamicOverlay_const_extract_protocols.json

WriteAuxiliaryFile /Users/nicolas/Library/Developer/Xcode/DerivedData/AgendaHOF-bvieputxojihcqchgwytombtvhqx/Build/Intermediates.noindex/xctest-dynamic-overlay.build/Debug-iphonesimulator/XCTestDynamicOverlay.build/Objects-normal/arm64/XCTestDynamicOverlay.SwiftConstValuesFileList (in target 'XCTestDynamicOverlay' from project 'xctest-dynamic-overlay')
    cd /Users/nicolas/Library/Developer/Xcode/DerivedData/AgendaHOF-bvieputxojihcqchgwytombtvhqx/SourcePackages/checkouts/xctest-dynamic-overlay
    write-file /Users/nicolas/Library/Developer/Xcode/DerivedData/AgendaHOF-bvieputxojihcqchgwytombtvhqx/Build/Intermediates.noindex/xctest-dynamic-overlay.build/Debug-iphonesimulator/XCTestDynamicOverlay.build/Objects-normal/arm64/XCTestDynamicOverlay.SwiftConstValuesFileList

WriteAuxiliaryFile /Users/nicolas/Library/Developer/Xcode/DerivedData/AgendaHOF-bvieputxojihcqchgwytombtvhqx/Build/Intermediates.noindex/xctest-dynamic-overlay.build/Debug-iphonesimulator/XCTestDynamicOverlay.build/Objects-normal/arm64/XCTestDynamicOverlay.LinkFileList (in target 'XCTestDynamicOverlay' from project 'xctest-dynamic-overlay')
    cd /Users/nicolas/Library/Developer/Xcode/DerivedData/AgendaHOF-bvieputxojihcqchgwytombtvhqx/SourcePackages/checkouts/xctest-dynamic-overlay
    write-file /Users/nicolas/Library/Developer/Xcode/DerivedData/AgendaHOF-bvieputxojihcqchgwytombtvhqx/Build/Intermediates.noindex/xctest-dynamic-overlay.build/Debug-iphonesimulator/XCTestDynamicOverlay.build/Objects-normal/arm64/XCTestDynamicOverlay.LinkFileList

WriteAuxiliaryFile /Users/nicolas/Library/Developer/Xcode/DerivedData/AgendaHOF-bvieputxojihcqchgwytombtvhqx/Build/Intermediates.noindex/xctest-dynamic-overlay.build/Debug-iphonesimulator/XCTestDynamicOverlay.build/Objects-normal/arm64/XCTestDynamicOverlay-OutputFileMap.json (in target 'XCTestDynamicOverlay' from project 'xctest-dynamic-overlay')
    cd /Users/nicolas/Library/Developer/Xcode/DerivedData/AgendaHOF-bvieputxojihcqchgwytombtvhqx/SourcePackages/checkouts/xctest-dynamic-overlay
    write-file /Users/nicolas/Library/Developer/Xcode/DerivedData/AgendaHOF-bvieputxojihcqchgwytombtvhqx/Build/Intermediates.noindex/xctest-dynamic-overlay.build/Debug-iphonesimulator/XCTestDynamicOverlay.build/Objects-normal/arm64/XCTestDynamicOverlay-OutputFileMap.json

WriteAuxiliaryFile /Users/nicolas/Library/Developer/Xcode/DerivedData/AgendaHOF-bvieputxojihcqchgwytombtvhqx/Build/Intermediates.noindex/Supabase.build/Debug-iphonesimulator/Supabase.build/Supabase.modulemap (in target 'Supabase' from project 'Supabase')
    cd /Users/nicolas/Library/Developer/Xcode/DerivedData/AgendaHOF-bvieputxojihcqchgwytombtvhqx/SourcePackages/checkouts/supabase-swift
    write-file /Users/nicolas/Library/Developer/Xcode/DerivedData/AgendaHOF-bvieputxojihcqchgwytombtvhqx/Build/Intermediates.noindex/Supabase.build/Debug-iphonesimulator/Supabase.build/Supabase.modulemap

WriteAuxiliaryFile /Users/nicolas/Library/Developer/Xcode/DerivedData/AgendaHOF-bvieputxojihcqchgwytombtvhqx/Build/Intermediates.noindex/Supabase.build/Debug-iphonesimulator/Supabase.build/Supabase.DependencyStaticMetadataFileList (in target 'Supabase' from project 'Supabase')
    cd /Users/nicolas/Library/Developer/Xcode/DerivedData/AgendaHOF-bvieputxojihcqchgwytombtvhqx/SourcePackages/checkouts/supabase-swift
    write-file /Users/nicolas/Library/Developer/Xcode/DerivedData/AgendaHOF-bvieputxojihcqchgwytombtvhqx/Build/Intermediates.noindex/Supabase.build/Debug-iphonesimulator/Supabase.build/Supabase.DependencyStaticMetadataFileList

Copy /Users/nicolas/Library/Developer/Xcode/DerivedData/AgendaHOF-bvieputxojihcqchgwytombtvhqx/Build/Intermediates.noindex/GeneratedModuleMaps-iphonesimulator/XCTestDynamicOverlay.modulemap /Users/nicolas/Library/Developer/Xcode/DerivedData/AgendaHOF-bvieputxojihcqchgwytombtvhqx/Build/Intermediates.noindex/xctest-dynamic-overlay.build/Debug-iphonesimulator/XCTestDynamicOverlay.build/XCTestDynamicOverlay.modulemap (in target 'XCTestDynamicOverlay' from project 'xctest-dynamic-overlay')
    cd /Users/nicolas/Library/Developer/Xcode/DerivedData/AgendaHOF-bvieputxojihcqchgwytombtvhqx/SourcePackages/checkouts/xctest-dynamic-overlay
    builtin-copy -exclude .DS_Store -exclude CVS -exclude .svn -exclude .git -exclude .hg -resolve-src-symlinks /Users/nicolas/Library/Developer/Xcode/DerivedData/AgendaHOF-bvieputxojihcqchgwytombtvhqx/Build/Intermediates.noindex/xctest-dynamic-overlay.build/Debug-iphonesimulator/XCTestDynamicOverlay.build/XCTestDynamicOverlay.modulemap /Users/nicolas/Library/Developer/Xcode/DerivedData/AgendaHOF-bvieputxojihcqchgwytombtvhqx/Build/Intermediates.noindex/GeneratedModuleMaps-iphonesimulator

WriteAuxiliaryFile /Users/nicolas/Library/Developer/Xcode/DerivedData/AgendaHOF-bvieputxojihcqchgwytombtvhqx/Build/Intermediates.noindex/Supabase.build/Debug-iphonesimulator/Supabase.build/Supabase.DependencyMetadataFileList (in target 'Supabase' from project 'Supabase')
    cd /Users/nicolas/Library/Developer/Xcode/DerivedData/AgendaHOF-bvieputxojihcqchgwytombtvhqx/SourcePackages/checkouts/supabase-swift
    write-file /Users/nicolas/Library/Developer/Xcode/DerivedData/AgendaHOF-bvieputxojihcqchgwytombtvhqx/Build/Intermediates.noindex/Supabase.build/Debug-iphonesimulator/Supabase.build/Supabase.DependencyMetadataFileList

WriteAuxiliaryFile /Users/nicolas/Library/Developer/Xcode/DerivedData/AgendaHOF-bvieputxojihcqchgwytombtvhqx/Build/Intermediates.noindex/Supabase.build/Debug-iphonesimulator/Supabase.build/Objects-normal/arm64/Supabase_const_extract_protocols.json (in target 'Supabase' from project 'Supabase')
    cd /Users/nicolas/Library/Developer/Xcode/DerivedData/AgendaHOF-bvieputxojihcqchgwytombtvhqx/SourcePackages/checkouts/supabase-swift
    write-file /Users/nicolas/Library/Developer/Xcode/DerivedData/AgendaHOF-bvieputxojihcqchgwytombtvhqx/Build/Intermediates.noindex/Supabase.build/Debug-iphonesimulator/Supabase.build/Objects-normal/arm64/Supabase_const_extract_protocols.json

WriteAuxiliaryFile /Users/nicolas/Library/Developer/Xcode/DerivedData/AgendaHOF-bvieputxojihcqchgwytombtvhqx/Build/Intermediates.noindex/Supabase.build/Debug-iphonesimulator/Supabase.build/Objects-normal/arm64/Supabase.SwiftFileList (in target 'Supabase' from project 'Supabase')
    cd /Users/nicolas/Library/Developer/Xcode/DerivedData/AgendaHOF-bvieputxojihcqchgwytombtvhqx/SourcePackages/checkouts/supabase-swift
    write-file /Users/nicolas/Library/Developer/Xcode/DerivedData/AgendaHOF-bvieputxojihcqchgwytombtvhqx/Build/Intermediates.noindex/Supabase.build/Debug-iphonesimulator/Supabase.build/Objects-normal/arm64/Supabase.SwiftFileList

WriteAuxiliaryFile /Users/nicolas/Library/Developer/Xcode/DerivedData/AgendaHOF-bvieputxojihcqchgwytombtvhqx/Build/Intermediates.noindex/Supabase.build/Debug-iphonesimulator/Supabase.build/Objects-normal/arm64/Supabase.SwiftConstValuesFileList (in target 'Supabase' from project 'Supabase')
    cd /Users/nicolas/Library/Developer/Xcode/DerivedData/AgendaHOF-bvieputxojihcqchgwytombtvhqx/SourcePackages/checkouts/supabase-swift
    write-file /Users/nicolas/Library/Developer/Xcode/DerivedData/AgendaHOF-bvieputxojihcqchgwytombtvhqx/Build/Intermediates.noindex/Supabase.build/Debug-iphonesimulator/Supabase.build/Objects-normal/arm64/Supabase.SwiftConstValuesFileList

WriteAuxiliaryFile /Users/nicolas/Library/Developer/Xcode/DerivedData/AgendaHOF-bvieputxojihcqchgwytombtvhqx/Build/Intermediates.noindex/Supabase.build/Debug-iphonesimulator/Supabase.build/Objects-normal/arm64/Supabase.LinkFileList (in target 'Supabase' from project 'Supabase')
    cd /Users/nicolas/Library/Developer/Xcode/DerivedData/AgendaHOF-bvieputxojihcqchgwytombtvhqx/SourcePackages/checkouts/supabase-swift
    write-file /Users/nicolas/Library/Developer/Xcode/DerivedData/AgendaHOF-bvieputxojihcqchgwytombtvhqx/Build/Intermediates.noindex/Supabase.build/Debug-iphonesimulator/Supabase.build/Objects-normal/arm64/Supabase.LinkFileList

WriteAuxiliaryFile /Users/nicolas/Library/Developer/Xcode/DerivedData/AgendaHOF-bvieputxojihcqchgwytombtvhqx/Build/Intermediates.noindex/Supabase.build/Debug-iphonesimulator/Supabase.build/Objects-normal/arm64/Supabase-OutputFileMap.json (in target 'Supabase' from project 'Supabase')
    cd /Users/nicolas/Library/Developer/Xcode/DerivedData/AgendaHOF-bvieputxojihcqchgwytombtvhqx/SourcePackages/checkouts/supabase-swift
    write-file /Users/nicolas/Library/Developer/Xcode/DerivedData/AgendaHOF-bvieputxojihcqchgwytombtvhqx/Build/Intermediates.noindex/Supabase.build/Debug-iphonesimulator/Supabase.build/Objects-normal/arm64/Supabase-OutputFileMap.json

WriteAuxiliaryFile /Users/nicolas/Library/Developer/Xcode/DerivedData/AgendaHOF-bvieputxojihcqchgwytombtvhqx/Build/Intermediates.noindex/Supabase.build/Debug-iphonesimulator/Storage.build/Storage.modulemap (in target 'Storage' from project 'Supabase')
    cd /Users/nicolas/Library/Developer/Xcode/DerivedData/AgendaHOF-bvieputxojihcqchgwytombtvhqx/SourcePackages/checkouts/supabase-swift
    write-file /Users/nicolas/Library/Developer/Xcode/DerivedData/AgendaHOF-bvieputxojihcqchgwytombtvhqx/Build/Intermediates.noindex/Supabase.build/Debug-iphonesimulator/Storage.build/Storage.modulemap

Copy /Users/nicolas/Library/Developer/Xcode/DerivedData/AgendaHOF-bvieputxojihcqchgwytombtvhqx/Build/Intermediates.noindex/GeneratedModuleMaps-iphonesimulator/Supabase.modulemap /Users/nicolas/Library/Developer/Xcode/DerivedData/AgendaHOF-bvieputxojihcqchgwytombtvhqx/Build/Intermediates.noindex/Supabase.build/Debug-iphonesimulator/Supabase.build/Supabase.modulemap (in target 'Supabase' from project 'Supabase')
    cd /Users/nicolas/Library/Developer/Xcode/DerivedData/AgendaHOF-bvieputxojihcqchgwytombtvhqx/SourcePackages/checkouts/supabase-swift
    builtin-copy -exclude .DS_Store -exclude CVS -exclude .svn -exclude .git -exclude .hg -resolve-src-symlinks /Users/nicolas/Library/Developer/Xcode/DerivedData/AgendaHOF-bvieputxojihcqchgwytombtvhqx/Build/Intermediates.noindex/Supabase.build/Debug-iphonesimulator/Supabase.build/Supabase.modulemap /Users/nicolas/Library/Developer/Xcode/DerivedData/AgendaHOF-bvieputxojihcqchgwytombtvhqx/Build/Intermediates.noindex/GeneratedModuleMaps-iphonesimulator

WriteAuxiliaryFile /Users/nicolas/Library/Developer/Xcode/DerivedData/AgendaHOF-bvieputxojihcqchgwytombtvhqx/Build/Intermediates.noindex/Supabase.build/Debug-iphonesimulator/Storage.build/Storage.DependencyStaticMetadataFileList (in target 'Storage' from project 'Supabase')
    cd /Users/nicolas/Library/Developer/Xcode/DerivedData/AgendaHOF-bvieputxojihcqchgwytombtvhqx/SourcePackages/checkouts/supabase-swift
    write-file /Users/nicolas/Library/Developer/Xcode/DerivedData/AgendaHOF-bvieputxojihcqchgwytombtvhqx/Build/Intermediates.noindex/Supabase.build/Debug-iphonesimulator/Storage.build/Storage.DependencyStaticMetadataFileList

WriteAuxiliaryFile /Users/nicolas/Library/Developer/Xcode/DerivedData/AgendaHOF-bvieputxojihcqchgwytombtvhqx/Build/Intermediates.noindex/Supabase.build/Debug-iphonesimulator/Storage.build/Storage.DependencyMetadataFileList (in target 'Storage' from project 'Supabase')
    cd /Users/nicolas/Library/Developer/Xcode/DerivedData/AgendaHOF-bvieputxojihcqchgwytombtvhqx/SourcePackages/checkouts/supabase-swift
    write-file /Users/nicolas/Library/Developer/Xcode/DerivedData/AgendaHOF-bvieputxojihcqchgwytombtvhqx/Build/Intermediates.noindex/Supabase.build/Debug-iphonesimulator/Storage.build/Storage.DependencyMetadataFileList

WriteAuxiliaryFile /Users/nicolas/Library/Developer/Xcode/DerivedData/AgendaHOF-bvieputxojihcqchgwytombtvhqx/Build/Intermediates.noindex/Supabase.build/Debug-iphonesimulator/Storage.build/Objects-normal/arm64/Storage_const_extract_protocols.json (in target 'Storage' from project 'Supabase')
    cd /Users/nicolas/Library/Developer/Xcode/DerivedData/AgendaHOF-bvieputxojihcqchgwytombtvhqx/SourcePackages/checkouts/supabase-swift
    write-file /Users/nicolas/Library/Developer/Xcode/DerivedData/AgendaHOF-bvieputxojihcqchgwytombtvhqx/Build/Intermediates.noindex/Supabase.build/Debug-iphonesimulator/Storage.build/Objects-normal/arm64/Storage_const_extract_protocols.json

WriteAuxiliaryFile /Users/nicolas/Library/Developer/Xcode/DerivedData/AgendaHOF-bvieputxojihcqchgwytombtvhqx/Build/Intermediates.noindex/Supabase.build/Debug-iphonesimulator/Storage.build/Objects-normal/arm64/Storage.SwiftFileList (in target 'Storage' from project 'Supabase')
    cd /Users/nicolas/Library/Developer/Xcode/DerivedData/AgendaHOF-bvieputxojihcqchgwytombtvhqx/SourcePackages/checkouts/supabase-swift
    write-file /Users/nicolas/Library/Developer/Xcode/DerivedData/AgendaHOF-bvieputxojihcqchgwytombtvhqx/Build/Intermediates.noindex/Supabase.build/Debug-iphonesimulator/Storage.build/Objects-normal/arm64/Storage.SwiftFileList

WriteAuxiliaryFile /Users/nicolas/Library/Developer/Xcode/DerivedData/AgendaHOF-bvieputxojihcqchgwytombtvhqx/Build/Intermediates.noindex/Supabase.build/Debug-iphonesimulator/Storage.build/Objects-normal/arm64/Storage.SwiftConstValuesFileList (in target 'Storage' from project 'Supabase')
    cd /Users/nicolas/Library/Developer/Xcode/DerivedData/AgendaHOF-bvieputxojihcqchgwytombtvhqx/SourcePackages/checkouts/supabase-swift
    write-file /Users/nicolas/Library/Developer/Xcode/DerivedData/AgendaHOF-bvieputxojihcqchgwytombtvhqx/Build/Intermediates.noindex/Supabase.build/Debug-iphonesimulator/Storage.build/Objects-normal/arm64/Storage.SwiftConstValuesFileList

WriteAuxiliaryFile /Users/nicolas/Library/Developer/Xcode/DerivedData/AgendaHOF-bvieputxojihcqchgwytombtvhqx/Build/Intermediates.noindex/Supabase.build/Debug-iphonesimulator/Storage.build/Objects-normal/arm64/Storage.LinkFileList (in target 'Storage' from project 'Supabase')
    cd /Users/nicolas/Library/Developer/Xcode/DerivedData/AgendaHOF-bvieputxojihcqchgwytombtvhqx/SourcePackages/checkouts/supabase-swift
    write-file /Users/nicolas/Library/Developer/Xcode/DerivedData/AgendaHOF-bvieputxojihcqchgwytombtvhqx/Build/Intermediates.noindex/Supabase.build/Debug-iphonesimulator/Storage.build/Objects-normal/arm64/Storage.LinkFileList

WriteAuxiliaryFile /Users/nicolas/Library/Developer/Xcode/DerivedData/AgendaHOF-bvieputxojihcqchgwytombtvhqx/Build/Intermediates.noindex/Supabase.build/Debug-iphonesimulator/Storage.build/Objects-normal/arm64/Storage-OutputFileMap.json (in target 'Storage' from project 'Supabase')
    cd /Users/nicolas/Library/Developer/Xcode/DerivedData/AgendaHOF-bvieputxojihcqchgwytombtvhqx/SourcePackages/checkouts/supabase-swift
    write-file /Users/nicolas/Library/Developer/Xcode/DerivedData/AgendaHOF-bvieputxojihcqchgwytombtvhqx/Build/Intermediates.noindex/Supabase.build/Debug-iphonesimulator/Storage.build/Objects-normal/arm64/Storage-OutputFileMap.json

WriteAuxiliaryFile /Users/nicolas/Library/Developer/Xcode/DerivedData/AgendaHOF-bvieputxojihcqchgwytombtvhqx/Build/Intermediates.noindex/Supabase.build/Debug-iphonesimulator/Realtime.build/Realtime.modulemap (in target 'Realtime' from project 'Supabase')
    cd /Users/nicolas/Library/Developer/Xcode/DerivedData/AgendaHOF-bvieputxojihcqchgwytombtvhqx/SourcePackages/checkouts/supabase-swift
    write-file /Users/nicolas/Library/Developer/Xcode/DerivedData/AgendaHOF-bvieputxojihcqchgwytombtvhqx/Build/Intermediates.noindex/Supabase.build/Debug-iphonesimulator/Realtime.build/Realtime.modulemap

Copy /Users/nicolas/Library/Developer/Xcode/DerivedData/AgendaHOF-bvieputxojihcqchgwytombtvhqx/Build/Intermediates.noindex/GeneratedModuleMaps-iphonesimulator/Storage.modulemap /Users/nicolas/Library/Developer/Xcode/DerivedData/AgendaHOF-bvieputxojihcqchgwytombtvhqx/Build/Intermediates.noindex/Supabase.build/Debug-iphonesimulator/Storage.build/Storage.modulemap (in target 'Storage' from project 'Supabase')
    cd /Users/nicolas/Library/Developer/Xcode/DerivedData/AgendaHOF-bvieputxojihcqchgwytombtvhqx/SourcePackages/checkouts/supabase-swift
    builtin-copy -exclude .DS_Store -exclude CVS -exclude .svn -exclude .git -exclude .hg -resolve-src-symlinks /Users/nicolas/Library/Developer/Xcode/DerivedData/AgendaHOF-bvieputxojihcqchgwytombtvhqx/Build/Intermediates.noindex/Supabase.build/Debug-iphonesimulator/Storage.build/Storage.modulemap /Users/nicolas/Library/Developer/Xcode/DerivedData/AgendaHOF-bvieputxojihcqchgwytombtvhqx/Build/Intermediates.noindex/GeneratedModuleMaps-iphonesimulator

WriteAuxiliaryFile /Users/nicolas/Library/Developer/Xcode/DerivedData/AgendaHOF-bvieputxojihcqchgwytombtvhqx/Build/Intermediates.noindex/Supabase.build/Debug-iphonesimulator/Realtime.build/Realtime.DependencyStaticMetadataFileList (in target 'Realtime' from project 'Supabase')
    cd /Users/nicolas/Library/Developer/Xcode/DerivedData/AgendaHOF-bvieputxojihcqchgwytombtvhqx/SourcePackages/checkouts/supabase-swift
    write-file /Users/nicolas/Library/Developer/Xcode/DerivedData/AgendaHOF-bvieputxojihcqchgwytombtvhqx/Build/Intermediates.noindex/Supabase.build/Debug-iphonesimulator/Realtime.build/Realtime.DependencyStaticMetadataFileList

WriteAuxiliaryFile /Users/nicolas/Library/Developer/Xcode/DerivedData/AgendaHOF-bvieputxojihcqchgwytombtvhqx/Build/Intermediates.noindex/Supabase.build/Debug-iphonesimulator/Realtime.build/Realtime.DependencyMetadataFileList (in target 'Realtime' from project 'Supabase')
    cd /Users/nicolas/Library/Developer/Xcode/DerivedData/AgendaHOF-bvieputxojihcqchgwytombtvhqx/SourcePackages/checkouts/supabase-swift
    write-file /Users/nicolas/Library/Developer/Xcode/DerivedData/AgendaHOF-bvieputxojihcqchgwytombtvhqx/Build/Intermediates.noindex/Supabase.build/Debug-iphonesimulator/Realtime.build/Realtime.DependencyMetadataFileList

WriteAuxiliaryFile /Users/nicolas/Library/Developer/Xcode/DerivedData/AgendaHOF-bvieputxojihcqchgwytombtvhqx/Build/Intermediates.noindex/Supabase.build/Debug-iphonesimulator/Realtime.build/Objects-normal/arm64/Realtime_const_extract_protocols.json (in target 'Realtime' from project 'Supabase')
    cd /Users/nicolas/Library/Developer/Xcode/DerivedData/AgendaHOF-bvieputxojihcqchgwytombtvhqx/SourcePackages/checkouts/supabase-swift
    write-file /Users/nicolas/Library/Developer/Xcode/DerivedData/AgendaHOF-bvieputxojihcqchgwytombtvhqx/Build/Intermediates.noindex/Supabase.build/Debug-iphonesimulator/Realtime.build/Objects-normal/arm64/Realtime_const_extract_protocols.json

WriteAuxiliaryFile /Users/nicolas/Library/Developer/Xcode/DerivedData/AgendaHOF-bvieputxojihcqchgwytombtvhqx/Build/Intermediates.noindex/Supabase.build/Debug-iphonesimulator/Realtime.build/Objects-normal/arm64/Realtime.SwiftFileList (in target 'Realtime' from project 'Supabase')
    cd /Users/nicolas/Library/Developer/Xcode/DerivedData/AgendaHOF-bvieputxojihcqchgwytombtvhqx/SourcePackages/checkouts/supabase-swift
    write-file /Users/nicolas/Library/Developer/Xcode/DerivedData/AgendaHOF-bvieputxojihcqchgwytombtvhqx/Build/Intermediates.noindex/Supabase.build/Debug-iphonesimulator/Realtime.build/Objects-normal/arm64/Realtime.SwiftFileList

WriteAuxiliaryFile /Users/nicolas/Library/Developer/Xcode/DerivedData/AgendaHOF-bvieputxojihcqchgwytombtvhqx/Build/Intermediates.noindex/Supabase.build/Debug-iphonesimulator/Realtime.build/Objects-normal/arm64/Realtime.SwiftConstValuesFileList (in target 'Realtime' from project 'Supabase')
    cd /Users/nicolas/Library/Developer/Xcode/DerivedData/AgendaHOF-bvieputxojihcqchgwytombtvhqx/SourcePackages/checkouts/supabase-swift
    write-file /Users/nicolas/Library/Developer/Xcode/DerivedData/AgendaHOF-bvieputxojihcqchgwytombtvhqx/Build/Intermediates.noindex/Supabase.build/Debug-iphonesimulator/Realtime.build/Objects-normal/arm64/Realtime.SwiftConstValuesFileList

WriteAuxiliaryFile /Users/nicolas/Library/Developer/Xcode/DerivedData/AgendaHOF-bvieputxojihcqchgwytombtvhqx/Build/Intermediates.noindex/Supabase.build/Debug-iphonesimulator/Realtime.build/Objects-normal/arm64/Realtime.LinkFileList (in target 'Realtime' from project 'Supabase')
    cd /Users/nicolas/Library/Developer/Xcode/DerivedData/AgendaHOF-bvieputxojihcqchgwytombtvhqx/SourcePackages/checkouts/supabase-swift
    write-file /Users/nicolas/Library/Developer/Xcode/DerivedData/AgendaHOF-bvieputxojihcqchgwytombtvhqx/Build/Intermediates.noindex/Supabase.build/Debug-iphonesimulator/Realtime.build/Objects-normal/arm64/Realtime.LinkFileList

WriteAuxiliaryFile /Users/nicolas/Library/Developer/Xcode/DerivedData/AgendaHOF-bvieputxojihcqchgwytombtvhqx/Build/Intermediates.noindex/Supabase.build/Debug-iphonesimulator/Realtime.build/Objects-normal/arm64/Realtime-OutputFileMap.json (in target 'Realtime' from project 'Supabase')
    cd /Users/nicolas/Library/Developer/Xcode/DerivedData/AgendaHOF-bvieputxojihcqchgwytombtvhqx/SourcePackages/checkouts/supabase-swift
    write-file /Users/nicolas/Library/Developer/Xcode/DerivedData/AgendaHOF-bvieputxojihcqchgwytombtvhqx/Build/Intermediates.noindex/Supabase.build/Debug-iphonesimulator/Realtime.build/Objects-normal/arm64/Realtime-OutputFileMap.json

Copy /Users/nicolas/Library/Developer/Xcode/DerivedData/AgendaHOF-bvieputxojihcqchgwytombtvhqx/Build/Intermediates.noindex/GeneratedModuleMaps-iphonesimulator/Realtime.modulemap /Users/nicolas/Library/Developer/Xcode/DerivedData/AgendaHOF-bvieputxojihcqchgwytombtvhqx/Build/Intermediates.noindex/Supabase.build/Debug-iphonesimulator/Realtime.build/Realtime.modulemap (in target 'Realtime' from project 'Supabase')
    cd /Users/nicolas/Library/Developer/Xcode/DerivedData/AgendaHOF-bvieputxojihcqchgwytombtvhqx/SourcePackages/checkouts/supabase-swift
    builtin-copy -exclude .DS_Store -exclude CVS -exclude .svn -exclude .git -exclude .hg -resolve-src-symlinks /Users/nicolas/Library/Developer/Xcode/DerivedData/AgendaHOF-bvieputxojihcqchgwytombtvhqx/Build/Intermediates.noindex/Supabase.build/Debug-iphonesimulator/Realtime.build/Realtime.modulemap /Users/nicolas/Library/Developer/Xcode/DerivedData/AgendaHOF-bvieputxojihcqchgwytombtvhqx/Build/Intermediates.noindex/GeneratedModuleMaps-iphonesimulator

WriteAuxiliaryFile /Users/nicolas/Library/Developer/Xcode/DerivedData/AgendaHOF-bvieputxojihcqchgwytombtvhqx/Build/Intermediates.noindex/Supabase.build/Debug-iphonesimulator/PostgREST.build/PostgREST.modulemap (in target 'PostgREST' from project 'Supabase')
    cd /Users/nicolas/Library/Developer/Xcode/DerivedData/AgendaHOF-bvieputxojihcqchgwytombtvhqx/SourcePackages/checkouts/supabase-swift
    write-file /Users/nicolas/Library/Developer/Xcode/DerivedData/AgendaHOF-bvieputxojihcqchgwytombtvhqx/Build/Intermediates.noindex/Supabase.build/Debug-iphonesimulator/PostgREST.build/PostgREST.modulemap

WriteAuxiliaryFile /Users/nicolas/Library/Developer/Xcode/DerivedData/AgendaHOF-bvieputxojihcqchgwytombtvhqx/Build/Intermediates.noindex/Supabase.build/Debug-iphonesimulator/PostgREST.build/PostgREST.DependencyStaticMetadataFileList (in target 'PostgREST' from project 'Supabase')
    cd /Users/nicolas/Library/Developer/Xcode/DerivedData/AgendaHOF-bvieputxojihcqchgwytombtvhqx/SourcePackages/checkouts/supabase-swift
    write-file /Users/nicolas/Library/Developer/Xcode/DerivedData/AgendaHOF-bvieputxojihcqchgwytombtvhqx/Build/Intermediates.noindex/Supabase.build/Debug-iphonesimulator/PostgREST.build/PostgREST.DependencyStaticMetadataFileList

WriteAuxiliaryFile /Users/nicolas/Library/Developer/Xcode/DerivedData/AgendaHOF-bvieputxojihcqchgwytombtvhqx/Build/Intermediates.noindex/Supabase.build/Debug-iphonesimulator/PostgREST.build/PostgREST.DependencyMetadataFileList (in target 'PostgREST' from project 'Supabase')
    cd /Users/nicolas/Library/Developer/Xcode/DerivedData/AgendaHOF-bvieputxojihcqchgwytombtvhqx/SourcePackages/checkouts/supabase-swift
    write-file /Users/nicolas/Library/Developer/Xcode/DerivedData/AgendaHOF-bvieputxojihcqchgwytombtvhqx/Build/Intermediates.noindex/Supabase.build/Debug-iphonesimulator/PostgREST.build/PostgREST.DependencyMetadataFileList

WriteAuxiliaryFile /Users/nicolas/Library/Developer/Xcode/DerivedData/AgendaHOF-bvieputxojihcqchgwytombtvhqx/Build/Intermediates.noindex/Supabase.build/Debug-iphonesimulator/PostgREST.build/Objects-normal/arm64/PostgREST_const_extract_protocols.json (in target 'PostgREST' from project 'Supabase')
    cd /Users/nicolas/Library/Developer/Xcode/DerivedData/AgendaHOF-bvieputxojihcqchgwytombtvhqx/SourcePackages/checkouts/supabase-swift
    write-file /Users/nicolas/Library/Developer/Xcode/DerivedData/AgendaHOF-bvieputxojihcqchgwytombtvhqx/Build/Intermediates.noindex/Supabase.build/Debug-iphonesimulator/PostgREST.build/Objects-normal/arm64/PostgREST_const_extract_protocols.json

WriteAuxiliaryFile /Users/nicolas/Library/Developer/Xcode/DerivedData/AgendaHOF-bvieputxojihcqchgwytombtvhqx/Build/Intermediates.noindex/Supabase.build/Debug-iphonesimulator/PostgREST.build/Objects-normal/arm64/PostgREST.SwiftFileList (in target 'PostgREST' from project 'Supabase')
    cd /Users/nicolas/Library/Developer/Xcode/DerivedData/AgendaHOF-bvieputxojihcqchgwytombtvhqx/SourcePackages/checkouts/supabase-swift
    write-file /Users/nicolas/Library/Developer/Xcode/DerivedData/AgendaHOF-bvieputxojihcqchgwytombtvhqx/Build/Intermediates.noindex/Supabase.build/Debug-iphonesimulator/PostgREST.build/Objects-normal/arm64/PostgREST.SwiftFileList

WriteAuxiliaryFile /Users/nicolas/Library/Developer/Xcode/DerivedData/AgendaHOF-bvieputxojihcqchgwytombtvhqx/Build/Intermediates.noindex/Supabase.build/Debug-iphonesimulator/PostgREST.build/Objects-normal/arm64/PostgREST.SwiftConstValuesFileList (in target 'PostgREST' from project 'Supabase')
    cd /Users/nicolas/Library/Developer/Xcode/DerivedData/AgendaHOF-bvieputxojihcqchgwytombtvhqx/SourcePackages/checkouts/supabase-swift
    write-file /Users/nicolas/Library/Developer/Xcode/DerivedData/AgendaHOF-bvieputxojihcqchgwytombtvhqx/Build/Intermediates.noindex/Supabase.build/Debug-iphonesimulator/PostgREST.build/Objects-normal/arm64/PostgREST.SwiftConstValuesFileList

WriteAuxiliaryFile /Users/nicolas/Library/Developer/Xcode/DerivedData/AgendaHOF-bvieputxojihcqchgwytombtvhqx/Build/Intermediates.noindex/Supabase.build/Debug-iphonesimulator/PostgREST.build/Objects-normal/arm64/PostgREST.LinkFileList (in target 'PostgREST' from project 'Supabase')
    cd /Users/nicolas/Library/Developer/Xcode/DerivedData/AgendaHOF-bvieputxojihcqchgwytombtvhqx/SourcePackages/checkouts/supabase-swift
    write-file /Users/nicolas/Library/Developer/Xcode/DerivedData/AgendaHOF-bvieputxojihcqchgwytombtvhqx/Build/Intermediates.noindex/Supabase.build/Debug-iphonesimulator/PostgREST.build/Objects-normal/arm64/PostgREST.LinkFileList

WriteAuxiliaryFile /Users/nicolas/Library/Developer/Xcode/DerivedData/AgendaHOF-bvieputxojihcqchgwytombtvhqx/Build/Intermediates.noindex/Supabase.build/Debug-iphonesimulator/PostgREST.build/Objects-normal/arm64/PostgREST-OutputFileMap.json (in target 'PostgREST' from project 'Supabase')
    cd /Users/nicolas/Library/Developer/Xcode/DerivedData/AgendaHOF-bvieputxojihcqchgwytombtvhqx/SourcePackages/checkouts/supabase-swift
    write-file /Users/nicolas/Library/Developer/Xcode/DerivedData/AgendaHOF-bvieputxojihcqchgwytombtvhqx/Build/Intermediates.noindex/Supabase.build/Debug-iphonesimulator/PostgREST.build/Objects-normal/arm64/PostgREST-OutputFileMap.json

Copy /Users/nicolas/Library/Developer/Xcode/DerivedData/AgendaHOF-bvieputxojihcqchgwytombtvhqx/Build/Intermediates.noindex/GeneratedModuleMaps-iphonesimulator/PostgREST.modulemap /Users/nicolas/Library/Developer/Xcode/DerivedData/AgendaHOF-bvieputxojihcqchgwytombtvhqx/Build/Intermediates.noindex/Supabase.build/Debug-iphonesimulator/PostgREST.build/PostgREST.modulemap (in target 'PostgREST' from project 'Supabase')
    cd /Users/nicolas/Library/Developer/Xcode/DerivedData/AgendaHOF-bvieputxojihcqchgwytombtvhqx/SourcePackages/checkouts/supabase-swift
    builtin-copy -exclude .DS_Store -exclude CVS -exclude .svn -exclude .git -exclude .hg -resolve-src-symlinks /Users/nicolas/Library/Developer/Xcode/DerivedData/AgendaHOF-bvieputxojihcqchgwytombtvhqx/Build/Intermediates.noindex/Supabase.build/Debug-iphonesimulator/PostgREST.build/PostgREST.modulemap /Users/nicolas/Library/Developer/Xcode/DerivedData/AgendaHOF-bvieputxojihcqchgwytombtvhqx/Build/Intermediates.noindex/GeneratedModuleMaps-iphonesimulator

WriteAuxiliaryFile /Users/nicolas/Library/Developer/Xcode/DerivedData/AgendaHOF-bvieputxojihcqchgwytombtvhqx/Build/Intermediates.noindex/xctest-dynamic-overlay.build/Debug-iphonesimulator/IssueReportingPackageSupport.build/Objects-normal/arm64/IssueReportingPackageSupport.SwiftConstValuesFileList (in target 'IssueReportingPackageSupport' from project 'xctest-dynamic-overlay')
    cd /Users/nicolas/Library/Developer/Xcode/DerivedData/AgendaHOF-bvieputxojihcqchgwytombtvhqx/SourcePackages/checkouts/xctest-dynamic-overlay
    write-file /Users/nicolas/Library/Developer/Xcode/DerivedData/AgendaHOF-bvieputxojihcqchgwytombtvhqx/Build/Intermediates.noindex/xctest-dynamic-overlay.build/Debug-iphonesimulator/IssueReportingPackageSupport.build/Objects-normal/arm64/IssueReportingPackageSupport.SwiftConstValuesFileList

WriteAuxiliaryFile /Users/nicolas/Library/Developer/Xcode/DerivedData/AgendaHOF-bvieputxojihcqchgwytombtvhqx/Build/Intermediates.noindex/xctest-dynamic-overlay.build/Debug-iphonesimulator/IssueReportingPackageSupport.build/Objects-normal/arm64/IssueReportingPackageSupport_const_extract_protocols.json (in target 'IssueReportingPackageSupport' from project 'xctest-dynamic-overlay')
    cd /Users/nicolas/Library/Developer/Xcode/DerivedData/AgendaHOF-bvieputxojihcqchgwytombtvhqx/SourcePackages/checkouts/xctest-dynamic-overlay
    write-file /Users/nicolas/Library/Developer/Xcode/DerivedData/AgendaHOF-bvieputxojihcqchgwytombtvhqx/Build/Intermediates.noindex/xctest-dynamic-overlay.build/Debug-iphonesimulator/IssueReportingPackageSupport.build/Objects-normal/arm64/IssueReportingPackageSupport_const_extract_protocols.json

WriteAuxiliaryFile /Users/nicolas/Library/Developer/Xcode/DerivedData/AgendaHOF-bvieputxojihcqchgwytombtvhqx/Build/Intermediates.noindex/xctest-dynamic-overlay.build/Debug-iphonesimulator/IssueReportingPackageSupport.build/Objects-normal/arm64/IssueReportingPackageSupport.LinkFileList (in target 'IssueReportingPackageSupport' from project 'xctest-dynamic-overlay')
    cd /Users/nicolas/Library/Developer/Xcode/DerivedData/AgendaHOF-bvieputxojihcqchgwytombtvhqx/SourcePackages/checkouts/xctest-dynamic-overlay
    write-file /Users/nicolas/Library/Developer/Xcode/DerivedData/AgendaHOF-bvieputxojihcqchgwytombtvhqx/Build/Intermediates.noindex/xctest-dynamic-overlay.build/Debug-iphonesimulator/IssueReportingPackageSupport.build/Objects-normal/arm64/IssueReportingPackageSupport.LinkFileList

WriteAuxiliaryFile /Users/nicolas/Library/Developer/Xcode/DerivedData/AgendaHOF-bvieputxojihcqchgwytombtvhqx/Build/Intermediates.noindex/xctest-dynamic-overlay.build/Debug-iphonesimulator/IssueReportingPackageSupport.build/Objects-normal/arm64/IssueReportingPackageSupport.SwiftFileList (in target 'IssueReportingPackageSupport' from project 'xctest-dynamic-overlay')
    cd /Users/nicolas/Library/Developer/Xcode/DerivedData/AgendaHOF-bvieputxojihcqchgwytombtvhqx/SourcePackages/checkouts/xctest-dynamic-overlay
    write-file /Users/nicolas/Library/Developer/Xcode/DerivedData/AgendaHOF-bvieputxojihcqchgwytombtvhqx/Build/Intermediates.noindex/xctest-dynamic-overlay.build/Debug-iphonesimulator/IssueReportingPackageSupport.build/Objects-normal/arm64/IssueReportingPackageSupport.SwiftFileList

WriteAuxiliaryFile /Users/nicolas/Library/Developer/Xcode/DerivedData/AgendaHOF-bvieputxojihcqchgwytombtvhqx/Build/Intermediates.noindex/xctest-dynamic-overlay.build/Debug-iphonesimulator/IssueReportingPackageSupport.build/Objects-normal/arm64/IssueReportingPackageSupport-OutputFileMap.json (in target 'IssueReportingPackageSupport' from project 'xctest-dynamic-overlay')
    cd /Users/nicolas/Library/Developer/Xcode/DerivedData/AgendaHOF-bvieputxojihcqchgwytombtvhqx/SourcePackages/checkouts/xctest-dynamic-overlay
    write-file /Users/nicolas/Library/Developer/Xcode/DerivedData/AgendaHOF-bvieputxojihcqchgwytombtvhqx/Build/Intermediates.noindex/xctest-dynamic-overlay.build/Debug-iphonesimulator/IssueReportingPackageSupport.build/Objects-normal/arm64/IssueReportingPackageSupport-OutputFileMap.json

WriteAuxiliaryFile /Users/nicolas/Library/Developer/Xcode/DerivedData/AgendaHOF-bvieputxojihcqchgwytombtvhqx/Build/Intermediates.noindex/xctest-dynamic-overlay.build/Debug-iphonesimulator/IssueReportingPackageSupport.build/IssueReportingPackageSupport.modulemap (in target 'IssueReportingPackageSupport' from project 'xctest-dynamic-overlay')
    cd /Users/nicolas/Library/Developer/Xcode/DerivedData/AgendaHOF-bvieputxojihcqchgwytombtvhqx/SourcePackages/checkouts/xctest-dynamic-overlay
    write-file /Users/nicolas/Library/Developer/Xcode/DerivedData/AgendaHOF-bvieputxojihcqchgwytombtvhqx/Build/Intermediates.noindex/xctest-dynamic-overlay.build/Debug-iphonesimulator/IssueReportingPackageSupport.build/IssueReportingPackageSupport.modulemap

WriteAuxiliaryFile /Users/nicolas/Library/Developer/Xcode/DerivedData/AgendaHOF-bvieputxojihcqchgwytombtvhqx/Build/Intermediates.noindex/xctest-dynamic-overlay.build/Debug-iphonesimulator/IssueReportingPackageSupport.build/IssueReportingPackageSupport.DependencyStaticMetadataFileList (in target 'IssueReportingPackageSupport' from project 'xctest-dynamic-overlay')
    cd /Users/nicolas/Library/Developer/Xcode/DerivedData/AgendaHOF-bvieputxojihcqchgwytombtvhqx/SourcePackages/checkouts/xctest-dynamic-overlay
    write-file /Users/nicolas/Library/Developer/Xcode/DerivedData/AgendaHOF-bvieputxojihcqchgwytombtvhqx/Build/Intermediates.noindex/xctest-dynamic-overlay.build/Debug-iphonesimulator/IssueReportingPackageSupport.build/IssueReportingPackageSupport.DependencyStaticMetadataFileList

WriteAuxiliaryFile /Users/nicolas/Library/Developer/Xcode/DerivedData/AgendaHOF-bvieputxojihcqchgwytombtvhqx/Build/Intermediates.noindex/xctest-dynamic-overlay.build/Debug-iphonesimulator/IssueReportingPackageSupport.build/IssueReportingPackageSupport.DependencyMetadataFileList (in target 'IssueReportingPackageSupport' from project 'xctest-dynamic-overlay')
    cd /Users/nicolas/Library/Developer/Xcode/DerivedData/AgendaHOF-bvieputxojihcqchgwytombtvhqx/SourcePackages/checkouts/xctest-dynamic-overlay
    write-file /Users/nicolas/Library/Developer/Xcode/DerivedData/AgendaHOF-bvieputxojihcqchgwytombtvhqx/Build/Intermediates.noindex/xctest-dynamic-overlay.build/Debug-iphonesimulator/IssueReportingPackageSupport.build/IssueReportingPackageSupport.DependencyMetadataFileList

MkDir /Users/nicolas/Library/Developer/Xcode/DerivedData/AgendaHOF-bvieputxojihcqchgwytombtvhqx/Build/Products/Debug-iphonesimulator/swift-crypto_Crypto.bundle (in target 'swift-crypto_Crypto' from project 'swift-crypto')
    cd /Users/nicolas/Library/Developer/Xcode/DerivedData/AgendaHOF-bvieputxojihcqchgwytombtvhqx/SourcePackages/checkouts/swift-crypto
    /bin/mkdir -p /Users/nicolas/Library/Developer/Xcode/DerivedData/AgendaHOF-bvieputxojihcqchgwytombtvhqx/Build/Products/Debug-iphonesimulator/swift-crypto_Crypto.bundle

Copy /Users/nicolas/Library/Developer/Xcode/DerivedData/AgendaHOF-bvieputxojihcqchgwytombtvhqx/Build/Intermediates.noindex/GeneratedModuleMaps-iphonesimulator/IssueReportingPackageSupport.modulemap /Users/nicolas/Library/Developer/Xcode/DerivedData/AgendaHOF-bvieputxojihcqchgwytombtvhqx/Build/Intermediates.noindex/xctest-dynamic-overlay.build/Debug-iphonesimulator/IssueReportingPackageSupport.build/IssueReportingPackageSupport.modulemap (in target 'IssueReportingPackageSupport' from project 'xctest-dynamic-overlay')
    cd /Users/nicolas/Library/Developer/Xcode/DerivedData/AgendaHOF-bvieputxojihcqchgwytombtvhqx/SourcePackages/checkouts/xctest-dynamic-overlay
    builtin-copy -exclude .DS_Store -exclude CVS -exclude .svn -exclude .git -exclude .hg -resolve-src-symlinks /Users/nicolas/Library/Developer/Xcode/DerivedData/AgendaHOF-bvieputxojihcqchgwytombtvhqx/Build/Intermediates.noindex/xctest-dynamic-overlay.build/Debug-iphonesimulator/IssueReportingPackageSupport.build/IssueReportingPackageSupport.modulemap /Users/nicolas/Library/Developer/Xcode/DerivedData/AgendaHOF-bvieputxojihcqchgwytombtvhqx/Build/Intermediates.noindex/GeneratedModuleMaps-iphonesimulator

WriteAuxiliaryFile /Users/nicolas/Library/Developer/Xcode/DerivedData/AgendaHOF-bvieputxojihcqchgwytombtvhqx/Build/Intermediates.noindex/xctest-dynamic-overlay.build/Debug-iphonesimulator/IssueReporting.build/IssueReporting.modulemap (in target 'IssueReporting' from project 'xctest-dynamic-overlay')
    cd /Users/nicolas/Library/Developer/Xcode/DerivedData/AgendaHOF-bvieputxojihcqchgwytombtvhqx/SourcePackages/checkouts/xctest-dynamic-overlay
    write-file /Users/nicolas/Library/Developer/Xcode/DerivedData/AgendaHOF-bvieputxojihcqchgwytombtvhqx/Build/Intermediates.noindex/xctest-dynamic-overlay.build/Debug-iphonesimulator/IssueReporting.build/IssueReporting.modulemap

WriteAuxiliaryFile /Users/nicolas/Library/Developer/Xcode/DerivedData/AgendaHOF-bvieputxojihcqchgwytombtvhqx/Build/Intermediates.noindex/xctest-dynamic-overlay.build/Debug-iphonesimulator/IssueReporting.build/Objects-normal/arm64/IssueReporting_const_extract_protocols.json (in target 'IssueReporting' from project 'xctest-dynamic-overlay')
    cd /Users/nicolas/Library/Developer/Xcode/DerivedData/AgendaHOF-bvieputxojihcqchgwytombtvhqx/SourcePackages/checkouts/xctest-dynamic-overlay
    write-file /Users/nicolas/Library/Developer/Xcode/DerivedData/AgendaHOF-bvieputxojihcqchgwytombtvhqx/Build/Intermediates.noindex/xctest-dynamic-overlay.build/Debug-iphonesimulator/IssueReporting.build/Objects-normal/arm64/IssueReporting_const_extract_protocols.json

WriteAuxiliaryFile /Users/nicolas/Library/Developer/Xcode/DerivedData/AgendaHOF-bvieputxojihcqchgwytombtvhqx/Build/Intermediates.noindex/xctest-dynamic-overlay.build/Debug-iphonesimulator/IssueReporting.build/Objects-normal/arm64/IssueReporting.SwiftConstValuesFileList (in target 'IssueReporting' from project 'xctest-dynamic-overlay')
    cd /Users/nicolas/Library/Developer/Xcode/DerivedData/AgendaHOF-bvieputxojihcqchgwytombtvhqx/SourcePackages/checkouts/xctest-dynamic-overlay
    write-file /Users/nicolas/Library/Developer/Xcode/DerivedData/AgendaHOF-bvieputxojihcqchgwytombtvhqx/Build/Intermediates.noindex/xctest-dynamic-overlay.build/Debug-iphonesimulator/IssueReporting.build/Objects-normal/arm64/IssueReporting.SwiftConstValuesFileList

WriteAuxiliaryFile /Users/nicolas/Library/Developer/Xcode/DerivedData/AgendaHOF-bvieputxojihcqchgwytombtvhqx/Build/Intermediates.noindex/xctest-dynamic-overlay.build/Debug-iphonesimulator/IssueReporting.build/Objects-normal/arm64/IssueReporting.SwiftFileList (in target 'IssueReporting' from project 'xctest-dynamic-overlay')
    cd /Users/nicolas/Library/Developer/Xcode/DerivedData/AgendaHOF-bvieputxojihcqchgwytombtvhqx/SourcePackages/checkouts/xctest-dynamic-overlay
    write-file /Users/nicolas/Library/Developer/Xcode/DerivedData/AgendaHOF-bvieputxojihcqchgwytombtvhqx/Build/Intermediates.noindex/xctest-dynamic-overlay.build/Debug-iphonesimulator/IssueReporting.build/Objects-normal/arm64/IssueReporting.SwiftFileList

WriteAuxiliaryFile /Users/nicolas/Library/Developer/Xcode/DerivedData/AgendaHOF-bvieputxojihcqchgwytombtvhqx/Build/Intermediates.noindex/xctest-dynamic-overlay.build/Debug-iphonesimulator/IssueReporting.build/Objects-normal/arm64/IssueReporting.LinkFileList (in target 'IssueReporting' from project 'xctest-dynamic-overlay')
    cd /Users/nicolas/Library/Developer/Xcode/DerivedData/AgendaHOF-bvieputxojihcqchgwytombtvhqx/SourcePackages/checkouts/xctest-dynamic-overlay
    write-file /Users/nicolas/Library/Developer/Xcode/DerivedData/AgendaHOF-bvieputxojihcqchgwytombtvhqx/Build/Intermediates.noindex/xctest-dynamic-overlay.build/Debug-iphonesimulator/IssueReporting.build/Objects-normal/arm64/IssueReporting.LinkFileList

WriteAuxiliaryFile /Users/nicolas/Library/Developer/Xcode/DerivedData/AgendaHOF-bvieputxojihcqchgwytombtvhqx/Build/Intermediates.noindex/xctest-dynamic-overlay.build/Debug-iphonesimulator/IssueReporting.build/Objects-normal/arm64/IssueReporting-OutputFileMap.json (in target 'IssueReporting' from project 'xctest-dynamic-overlay')
    cd /Users/nicolas/Library/Developer/Xcode/DerivedData/AgendaHOF-bvieputxojihcqchgwytombtvhqx/SourcePackages/checkouts/xctest-dynamic-overlay
    write-file /Users/nicolas/Library/Developer/Xcode/DerivedData/AgendaHOF-bvieputxojihcqchgwytombtvhqx/Build/Intermediates.noindex/xctest-dynamic-overlay.build/Debug-iphonesimulator/IssueReporting.build/Objects-normal/arm64/IssueReporting-OutputFileMap.json

WriteAuxiliaryFile /Users/nicolas/Library/Developer/Xcode/DerivedData/AgendaHOF-bvieputxojihcqchgwytombtvhqx/Build/Intermediates.noindex/xctest-dynamic-overlay.build/Debug-iphonesimulator/IssueReporting.build/IssueReporting.DependencyStaticMetadataFileList (in target 'IssueReporting' from project 'xctest-dynamic-overlay')
    cd /Users/nicolas/Library/Developer/Xcode/DerivedData/AgendaHOF-bvieputxojihcqchgwytombtvhqx/SourcePackages/checkouts/xctest-dynamic-overlay
    write-file /Users/nicolas/Library/Developer/Xcode/DerivedData/AgendaHOF-bvieputxojihcqchgwytombtvhqx/Build/Intermediates.noindex/xctest-dynamic-overlay.build/Debug-iphonesimulator/IssueReporting.build/IssueReporting.DependencyStaticMetadataFileList

WriteAuxiliaryFile /Users/nicolas/Library/Developer/Xcode/DerivedData/AgendaHOF-bvieputxojihcqchgwytombtvhqx/Build/Intermediates.noindex/xctest-dynamic-overlay.build/Debug-iphonesimulator/IssueReporting.build/IssueReporting.DependencyMetadataFileList (in target 'IssueReporting' from project 'xctest-dynamic-overlay')
    cd /Users/nicolas/Library/Developer/Xcode/DerivedData/AgendaHOF-bvieputxojihcqchgwytombtvhqx/SourcePackages/checkouts/xctest-dynamic-overlay
    write-file /Users/nicolas/Library/Developer/Xcode/DerivedData/AgendaHOF-bvieputxojihcqchgwytombtvhqx/Build/Intermediates.noindex/xctest-dynamic-overlay.build/Debug-iphonesimulator/IssueReporting.build/IssueReporting.DependencyMetadataFileList

WriteAuxiliaryFile /Users/nicolas/Library/Developer/Xcode/DerivedData/AgendaHOF-bvieputxojihcqchgwytombtvhqx/Build/Intermediates.noindex/Supabase.build/Debug-iphonesimulator/Helpers.build/Objects-normal/arm64/Helpers_const_extract_protocols.json (in target 'Helpers' from project 'Supabase')
    cd /Users/nicolas/Library/Developer/Xcode/DerivedData/AgendaHOF-bvieputxojihcqchgwytombtvhqx/SourcePackages/checkouts/supabase-swift
    write-file /Users/nicolas/Library/Developer/Xcode/DerivedData/AgendaHOF-bvieputxojihcqchgwytombtvhqx/Build/Intermediates.noindex/Supabase.build/Debug-iphonesimulator/Helpers.build/Objects-normal/arm64/Helpers_const_extract_protocols.json

WriteAuxiliaryFile /Users/nicolas/Library/Developer/Xcode/DerivedData/AgendaHOF-bvieputxojihcqchgwytombtvhqx/Build/Intermediates.noindex/Supabase.build/Debug-iphonesimulator/Helpers.build/Objects-normal/arm64/Helpers.SwiftFileList (in target 'Helpers' from project 'Supabase')
    cd /Users/nicolas/Library/Developer/Xcode/DerivedData/AgendaHOF-bvieputxojihcqchgwytombtvhqx/SourcePackages/checkouts/supabase-swift
    write-file /Users/nicolas/Library/Developer/Xcode/DerivedData/AgendaHOF-bvieputxojihcqchgwytombtvhqx/Build/Intermediates.noindex/Supabase.build/Debug-iphonesimulator/Helpers.build/Objects-normal/arm64/Helpers.SwiftFileList

WriteAuxiliaryFile /Users/nicolas/Library/Developer/Xcode/DerivedData/AgendaHOF-bvieputxojihcqchgwytombtvhqx/Build/Intermediates.noindex/Supabase.build/Debug-iphonesimulator/Helpers.build/Objects-normal/arm64/Helpers.LinkFileList (in target 'Helpers' from project 'Supabase')
    cd /Users/nicolas/Library/Developer/Xcode/DerivedData/AgendaHOF-bvieputxojihcqchgwytombtvhqx/SourcePackages/checkouts/supabase-swift
    write-file /Users/nicolas/Library/Developer/Xcode/DerivedData/AgendaHOF-bvieputxojihcqchgwytombtvhqx/Build/Intermediates.noindex/Supabase.build/Debug-iphonesimulator/Helpers.build/Objects-normal/arm64/Helpers.LinkFileList

WriteAuxiliaryFile /Users/nicolas/Library/Developer/Xcode/DerivedData/AgendaHOF-bvieputxojihcqchgwytombtvhqx/Build/Intermediates.noindex/Supabase.build/Debug-iphonesimulator/Helpers.build/Objects-normal/arm64/Helpers.SwiftConstValuesFileList (in target 'Helpers' from project 'Supabase')
    cd /Users/nicolas/Library/Developer/Xcode/DerivedData/AgendaHOF-bvieputxojihcqchgwytombtvhqx/SourcePackages/checkouts/supabase-swift
    write-file /Users/nicolas/Library/Developer/Xcode/DerivedData/AgendaHOF-bvieputxojihcqchgwytombtvhqx/Build/Intermediates.noindex/Supabase.build/Debug-iphonesimulator/Helpers.build/Objects-normal/arm64/Helpers.SwiftConstValuesFileList

WriteAuxiliaryFile /Users/nicolas/Library/Developer/Xcode/DerivedData/AgendaHOF-bvieputxojihcqchgwytombtvhqx/Build/Intermediates.noindex/Supabase.build/Debug-iphonesimulator/Helpers.build/Objects-normal/arm64/Helpers-OutputFileMap.json (in target 'Helpers' from project 'Supabase')
    cd /Users/nicolas/Library/Developer/Xcode/DerivedData/AgendaHOF-bvieputxojihcqchgwytombtvhqx/SourcePackages/checkouts/supabase-swift
    write-file /Users/nicolas/Library/Developer/Xcode/DerivedData/AgendaHOF-bvieputxojihcqchgwytombtvhqx/Build/Intermediates.noindex/Supabase.build/Debug-iphonesimulator/Helpers.build/Objects-normal/arm64/Helpers-OutputFileMap.json

WriteAuxiliaryFile /Users/nicolas/Library/Developer/Xcode/DerivedData/AgendaHOF-bvieputxojihcqchgwytombtvhqx/Build/Intermediates.noindex/Supabase.build/Debug-iphonesimulator/Helpers.build/Helpers.modulemap (in target 'Helpers' from project 'Supabase')
    cd /Users/nicolas/Library/Developer/Xcode/DerivedData/AgendaHOF-bvieputxojihcqchgwytombtvhqx/SourcePackages/checkouts/supabase-swift
    write-file /Users/nicolas/Library/Developer/Xcode/DerivedData/AgendaHOF-bvieputxojihcqchgwytombtvhqx/Build/Intermediates.noindex/Supabase.build/Debug-iphonesimulator/Helpers.build/Helpers.modulemap

WriteAuxiliaryFile /Users/nicolas/Library/Developer/Xcode/DerivedData/AgendaHOF-bvieputxojihcqchgwytombtvhqx/Build/Intermediates.noindex/Supabase.build/Debug-iphonesimulator/Helpers.build/Helpers.DependencyStaticMetadataFileList (in target 'Helpers' from project 'Supabase')
    cd /Users/nicolas/Library/Developer/Xcode/DerivedData/AgendaHOF-bvieputxojihcqchgwytombtvhqx/SourcePackages/checkouts/supabase-swift
    write-file /Users/nicolas/Library/Developer/Xcode/DerivedData/AgendaHOF-bvieputxojihcqchgwytombtvhqx/Build/Intermediates.noindex/Supabase.build/Debug-iphonesimulator/Helpers.build/Helpers.DependencyStaticMetadataFileList

WriteAuxiliaryFile /Users/nicolas/Library/Developer/Xcode/DerivedData/AgendaHOF-bvieputxojihcqchgwytombtvhqx/Build/Intermediates.noindex/Supabase.build/Debug-iphonesimulator/Helpers.build/Helpers.DependencyMetadataFileList (in target 'Helpers' from project 'Supabase')
    cd /Users/nicolas/Library/Developer/Xcode/DerivedData/AgendaHOF-bvieputxojihcqchgwytombtvhqx/SourcePackages/checkouts/supabase-swift
    write-file /Users/nicolas/Library/Developer/Xcode/DerivedData/AgendaHOF-bvieputxojihcqchgwytombtvhqx/Build/Intermediates.noindex/Supabase.build/Debug-iphonesimulator/Helpers.build/Helpers.DependencyMetadataFileList

WriteAuxiliaryFile /Users/nicolas/Library/Developer/Xcode/DerivedData/AgendaHOF-bvieputxojihcqchgwytombtvhqx/Build/Intermediates.noindex/swift-http-types.build/Debug-iphonesimulator/HTTPTypes.build/Objects-normal/arm64/HTTPTypes_const_extract_protocols.json (in target 'HTTPTypes' from project 'swift-http-types')
    cd /Users/nicolas/Library/Developer/Xcode/DerivedData/AgendaHOF-bvieputxojihcqchgwytombtvhqx/SourcePackages/checkouts/swift-http-types
    write-file /Users/nicolas/Library/Developer/Xcode/DerivedData/AgendaHOF-bvieputxojihcqchgwytombtvhqx/Build/Intermediates.noindex/swift-http-types.build/Debug-iphonesimulator/HTTPTypes.build/Objects-normal/arm64/HTTPTypes_const_extract_protocols.json

Copy /Users/nicolas/Library/Developer/Xcode/DerivedData/AgendaHOF-bvieputxojihcqchgwytombtvhqx/Build/Intermediates.noindex/GeneratedModuleMaps-iphonesimulator/IssueReporting.modulemap /Users/nicolas/Library/Developer/Xcode/DerivedData/AgendaHOF-bvieputxojihcqchgwytombtvhqx/Build/Intermediates.noindex/xctest-dynamic-overlay.build/Debug-iphonesimulator/IssueReporting.build/IssueReporting.modulemap (in target 'IssueReporting' from project 'xctest-dynamic-overlay')
    cd /Users/nicolas/Library/Developer/Xcode/DerivedData/AgendaHOF-bvieputxojihcqchgwytombtvhqx/SourcePackages/checkouts/xctest-dynamic-overlay
    builtin-copy -exclude .DS_Store -exclude CVS -exclude .svn -exclude .git -exclude .hg -resolve-src-symlinks /Users/nicolas/Library/Developer/Xcode/DerivedData/AgendaHOF-bvieputxojihcqchgwytombtvhqx/Build/Intermediates.noindex/xctest-dynamic-overlay.build/Debug-iphonesimulator/IssueReporting.build/IssueReporting.modulemap /Users/nicolas/Library/Developer/Xcode/DerivedData/AgendaHOF-bvieputxojihcqchgwytombtvhqx/Build/Intermediates.noindex/GeneratedModuleMaps-iphonesimulator

WriteAuxiliaryFile /Users/nicolas/Library/Developer/Xcode/DerivedData/AgendaHOF-bvieputxojihcqchgwytombtvhqx/Build/Intermediates.noindex/swift-http-types.build/Debug-iphonesimulator/HTTPTypes.build/Objects-normal/arm64/HTTPTypes.SwiftFileList (in target 'HTTPTypes' from project 'swift-http-types')
    cd /Users/nicolas/Library/Developer/Xcode/DerivedData/AgendaHOF-bvieputxojihcqchgwytombtvhqx/SourcePackages/checkouts/swift-http-types
    write-file /Users/nicolas/Library/Developer/Xcode/DerivedData/AgendaHOF-bvieputxojihcqchgwytombtvhqx/Build/Intermediates.noindex/swift-http-types.build/Debug-iphonesimulator/HTTPTypes.build/Objects-normal/arm64/HTTPTypes.SwiftFileList

WriteAuxiliaryFile /Users/nicolas/Library/Developer/Xcode/DerivedData/AgendaHOF-bvieputxojihcqchgwytombtvhqx/Build/Intermediates.noindex/swift-http-types.build/Debug-iphonesimulator/HTTPTypes.build/Objects-normal/arm64/HTTPTypes.SwiftConstValuesFileList (in target 'HTTPTypes' from project 'swift-http-types')
    cd /Users/nicolas/Library/Developer/Xcode/DerivedData/AgendaHOF-bvieputxojihcqchgwytombtvhqx/SourcePackages/checkouts/swift-http-types
    write-file /Users/nicolas/Library/Developer/Xcode/DerivedData/AgendaHOF-bvieputxojihcqchgwytombtvhqx/Build/Intermediates.noindex/swift-http-types.build/Debug-iphonesimulator/HTTPTypes.build/Objects-normal/arm64/HTTPTypes.SwiftConstValuesFileList

WriteAuxiliaryFile /Users/nicolas/Library/Developer/Xcode/DerivedData/AgendaHOF-bvieputxojihcqchgwytombtvhqx/Build/Intermediates.noindex/swift-http-types.build/Debug-iphonesimulator/HTTPTypes.build/Objects-normal/arm64/HTTPTypes.LinkFileList (in target 'HTTPTypes' from project 'swift-http-types')
    cd /Users/nicolas/Library/Developer/Xcode/DerivedData/AgendaHOF-bvieputxojihcqchgwytombtvhqx/SourcePackages/checkouts/swift-http-types
    write-file /Users/nicolas/Library/Developer/Xcode/DerivedData/AgendaHOF-bvieputxojihcqchgwytombtvhqx/Build/Intermediates.noindex/swift-http-types.build/Debug-iphonesimulator/HTTPTypes.build/Objects-normal/arm64/HTTPTypes.LinkFileList

WriteAuxiliaryFile /Users/nicolas/Library/Developer/Xcode/DerivedData/AgendaHOF-bvieputxojihcqchgwytombtvhqx/Build/Intermediates.noindex/swift-http-types.build/Debug-iphonesimulator/HTTPTypes.build/Objects-normal/arm64/HTTPTypes-OutputFileMap.json (in target 'HTTPTypes' from project 'swift-http-types')
    cd /Users/nicolas/Library/Developer/Xcode/DerivedData/AgendaHOF-bvieputxojihcqchgwytombtvhqx/SourcePackages/checkouts/swift-http-types
    write-file /Users/nicolas/Library/Developer/Xcode/DerivedData/AgendaHOF-bvieputxojihcqchgwytombtvhqx/Build/Intermediates.noindex/swift-http-types.build/Debug-iphonesimulator/HTTPTypes.build/Objects-normal/arm64/HTTPTypes-OutputFileMap.json

WriteAuxiliaryFile /Users/nicolas/Library/Developer/Xcode/DerivedData/AgendaHOF-bvieputxojihcqchgwytombtvhqx/Build/Intermediates.noindex/swift-http-types.build/Debug-iphonesimulator/HTTPTypes.build/HTTPTypes.modulemap (in target 'HTTPTypes' from project 'swift-http-types')
    cd /Users/nicolas/Library/Developer/Xcode/DerivedData/AgendaHOF-bvieputxojihcqchgwytombtvhqx/SourcePackages/checkouts/swift-http-types
    write-file /Users/nicolas/Library/Developer/Xcode/DerivedData/AgendaHOF-bvieputxojihcqchgwytombtvhqx/Build/Intermediates.noindex/swift-http-types.build/Debug-iphonesimulator/HTTPTypes.build/HTTPTypes.modulemap

Copy /Users/nicolas/Library/Developer/Xcode/DerivedData/AgendaHOF-bvieputxojihcqchgwytombtvhqx/Build/Intermediates.noindex/GeneratedModuleMaps-iphonesimulator/Helpers.modulemap /Users/nicolas/Library/Developer/Xcode/DerivedData/AgendaHOF-bvieputxojihcqchgwytombtvhqx/Build/Intermediates.noindex/Supabase.build/Debug-iphonesimulator/Helpers.build/Helpers.modulemap (in target 'Helpers' from project 'Supabase')
    cd /Users/nicolas/Library/Developer/Xcode/DerivedData/AgendaHOF-bvieputxojihcqchgwytombtvhqx/SourcePackages/checkouts/supabase-swift
    builtin-copy -exclude .DS_Store -exclude CVS -exclude .svn -exclude .git -exclude .hg -resolve-src-symlinks /Users/nicolas/Library/Developer/Xcode/DerivedData/AgendaHOF-bvieputxojihcqchgwytombtvhqx/Build/Intermediates.noindex/Supabase.build/Debug-iphonesimulator/Helpers.build/Helpers.modulemap /Users/nicolas/Library/Developer/Xcode/DerivedData/AgendaHOF-bvieputxojihcqchgwytombtvhqx/Build/Intermediates.noindex/GeneratedModuleMaps-iphonesimulator

WriteAuxiliaryFile /Users/nicolas/Library/Developer/Xcode/DerivedData/AgendaHOF-bvieputxojihcqchgwytombtvhqx/Build/Intermediates.noindex/swift-http-types.build/Debug-iphonesimulator/HTTPTypes.build/HTTPTypes.DependencyStaticMetadataFileList (in target 'HTTPTypes' from project 'swift-http-types')
    cd /Users/nicolas/Library/Developer/Xcode/DerivedData/AgendaHOF-bvieputxojihcqchgwytombtvhqx/SourcePackages/checkouts/swift-http-types
    write-file /Users/nicolas/Library/Developer/Xcode/DerivedData/AgendaHOF-bvieputxojihcqchgwytombtvhqx/Build/Intermediates.noindex/swift-http-types.build/Debug-iphonesimulator/HTTPTypes.build/HTTPTypes.DependencyStaticMetadataFileList

WriteAuxiliaryFile /Users/nicolas/Library/Developer/Xcode/DerivedData/AgendaHOF-bvieputxojihcqchgwytombtvhqx/Build/Intermediates.noindex/swift-http-types.build/Debug-iphonesimulator/HTTPTypes.build/HTTPTypes.DependencyMetadataFileList (in target 'HTTPTypes' from project 'swift-http-types')
    cd /Users/nicolas/Library/Developer/Xcode/DerivedData/AgendaHOF-bvieputxojihcqchgwytombtvhqx/SourcePackages/checkouts/swift-http-types
    write-file /Users/nicolas/Library/Developer/Xcode/DerivedData/AgendaHOF-bvieputxojihcqchgwytombtvhqx/Build/Intermediates.noindex/swift-http-types.build/Debug-iphonesimulator/HTTPTypes.build/HTTPTypes.DependencyMetadataFileList

WriteAuxiliaryFile /Users/nicolas/Library/Developer/Xcode/DerivedData/AgendaHOF-bvieputxojihcqchgwytombtvhqx/Build/Intermediates.noindex/Supabase.build/Debug-iphonesimulator/Functions.build/Objects-normal/arm64/Functions.SwiftFileList (in target 'Functions' from project 'Supabase')
    cd /Users/nicolas/Library/Developer/Xcode/DerivedData/AgendaHOF-bvieputxojihcqchgwytombtvhqx/SourcePackages/checkouts/supabase-swift
    write-file /Users/nicolas/Library/Developer/Xcode/DerivedData/AgendaHOF-bvieputxojihcqchgwytombtvhqx/Build/Intermediates.noindex/Supabase.build/Debug-iphonesimulator/Functions.build/Objects-normal/arm64/Functions.SwiftFileList

WriteAuxiliaryFile /Users/nicolas/Library/Developer/Xcode/DerivedData/AgendaHOF-bvieputxojihcqchgwytombtvhqx/Build/Intermediates.noindex/Supabase.build/Debug-iphonesimulator/Functions.build/Objects-normal/arm64/Functions_const_extract_protocols.json (in target 'Functions' from project 'Supabase')
    cd /Users/nicolas/Library/Developer/Xcode/DerivedData/AgendaHOF-bvieputxojihcqchgwytombtvhqx/SourcePackages/checkouts/supabase-swift
    write-file /Users/nicolas/Library/Developer/Xcode/DerivedData/AgendaHOF-bvieputxojihcqchgwytombtvhqx/Build/Intermediates.noindex/Supabase.build/Debug-iphonesimulator/Functions.build/Objects-normal/arm64/Functions_const_extract_protocols.json

WriteAuxiliaryFile /Users/nicolas/Library/Developer/Xcode/DerivedData/AgendaHOF-bvieputxojihcqchgwytombtvhqx/Build/Intermediates.noindex/Supabase.build/Debug-iphonesimulator/Functions.build/Objects-normal/arm64/Functions.SwiftConstValuesFileList (in target 'Functions' from project 'Supabase')
    cd /Users/nicolas/Library/Developer/Xcode/DerivedData/AgendaHOF-bvieputxojihcqchgwytombtvhqx/SourcePackages/checkouts/supabase-swift
    write-file /Users/nicolas/Library/Developer/Xcode/DerivedData/AgendaHOF-bvieputxojihcqchgwytombtvhqx/Build/Intermediates.noindex/Supabase.build/Debug-iphonesimulator/Functions.build/Objects-normal/arm64/Functions.SwiftConstValuesFileList

WriteAuxiliaryFile /Users/nicolas/Library/Developer/Xcode/DerivedData/AgendaHOF-bvieputxojihcqchgwytombtvhqx/Build/Intermediates.noindex/Supabase.build/Debug-iphonesimulator/Functions.build/Objects-normal/arm64/Functions.LinkFileList (in target 'Functions' from project 'Supabase')
    cd /Users/nicolas/Library/Developer/Xcode/DerivedData/AgendaHOF-bvieputxojihcqchgwytombtvhqx/SourcePackages/checkouts/supabase-swift
    write-file /Users/nicolas/Library/Developer/Xcode/DerivedData/AgendaHOF-bvieputxojihcqchgwytombtvhqx/Build/Intermediates.noindex/Supabase.build/Debug-iphonesimulator/Functions.build/Objects-normal/arm64/Functions.LinkFileList

WriteAuxiliaryFile /Users/nicolas/Library/Developer/Xcode/DerivedData/AgendaHOF-bvieputxojihcqchgwytombtvhqx/Build/Intermediates.noindex/Supabase.build/Debug-iphonesimulator/Functions.build/Objects-normal/arm64/Functions-OutputFileMap.json (in target 'Functions' from project 'Supabase')
    cd /Users/nicolas/Library/Developer/Xcode/DerivedData/AgendaHOF-bvieputxojihcqchgwytombtvhqx/SourcePackages/checkouts/supabase-swift
    write-file /Users/nicolas/Library/Developer/Xcode/DerivedData/AgendaHOF-bvieputxojihcqchgwytombtvhqx/Build/Intermediates.noindex/Supabase.build/Debug-iphonesimulator/Functions.build/Objects-normal/arm64/Functions-OutputFileMap.json

WriteAuxiliaryFile /Users/nicolas/Library/Developer/Xcode/DerivedData/AgendaHOF-bvieputxojihcqchgwytombtvhqx/Build/Intermediates.noindex/Supabase.build/Debug-iphonesimulator/Functions.build/Functions.modulemap (in target 'Functions' from project 'Supabase')
    cd /Users/nicolas/Library/Developer/Xcode/DerivedData/AgendaHOF-bvieputxojihcqchgwytombtvhqx/SourcePackages/checkouts/supabase-swift
    write-file /Users/nicolas/Library/Developer/Xcode/DerivedData/AgendaHOF-bvieputxojihcqchgwytombtvhqx/Build/Intermediates.noindex/Supabase.build/Debug-iphonesimulator/Functions.build/Functions.modulemap

Copy /Users/nicolas/Library/Developer/Xcode/DerivedData/AgendaHOF-bvieputxojihcqchgwytombtvhqx/Build/Intermediates.noindex/GeneratedModuleMaps-iphonesimulator/HTTPTypes.modulemap /Users/nicolas/Library/Developer/Xcode/DerivedData/AgendaHOF-bvieputxojihcqchgwytombtvhqx/Build/Intermediates.noindex/swift-http-types.build/Debug-iphonesimulator/HTTPTypes.build/HTTPTypes.modulemap (in target 'HTTPTypes' from project 'swift-http-types')
    cd /Users/nicolas/Library/Developer/Xcode/DerivedData/AgendaHOF-bvieputxojihcqchgwytombtvhqx/SourcePackages/checkouts/swift-http-types
    builtin-copy -exclude .DS_Store -exclude CVS -exclude .svn -exclude .git -exclude .hg -resolve-src-symlinks /Users/nicolas/Library/Developer/Xcode/DerivedData/AgendaHOF-bvieputxojihcqchgwytombtvhqx/Build/Intermediates.noindex/swift-http-types.build/Debug-iphonesimulator/HTTPTypes.build/HTTPTypes.modulemap /Users/nicolas/Library/Developer/Xcode/DerivedData/AgendaHOF-bvieputxojihcqchgwytombtvhqx/Build/Intermediates.noindex/GeneratedModuleMaps-iphonesimulator

WriteAuxiliaryFile /Users/nicolas/Library/Developer/Xcode/DerivedData/AgendaHOF-bvieputxojihcqchgwytombtvhqx/Build/Intermediates.noindex/Supabase.build/Debug-iphonesimulator/Functions.build/Functions.DependencyStaticMetadataFileList (in target 'Functions' from project 'Supabase')
    cd /Users/nicolas/Library/Developer/Xcode/DerivedData/AgendaHOF-bvieputxojihcqchgwytombtvhqx/SourcePackages/checkouts/supabase-swift
    write-file /Users/nicolas/Library/Developer/Xcode/DerivedData/AgendaHOF-bvieputxojihcqchgwytombtvhqx/Build/Intermediates.noindex/Supabase.build/Debug-iphonesimulator/Functions.build/Functions.DependencyStaticMetadataFileList

WriteAuxiliaryFile /Users/nicolas/Library/Developer/Xcode/DerivedData/AgendaHOF-bvieputxojihcqchgwytombtvhqx/Build/Intermediates.noindex/Supabase.build/Debug-iphonesimulator/Functions.build/Functions.DependencyMetadataFileList (in target 'Functions' from project 'Supabase')
    cd /Users/nicolas/Library/Developer/Xcode/DerivedData/AgendaHOF-bvieputxojihcqchgwytombtvhqx/SourcePackages/checkouts/supabase-swift
    write-file /Users/nicolas/Library/Developer/Xcode/DerivedData/AgendaHOF-bvieputxojihcqchgwytombtvhqx/Build/Intermediates.noindex/Supabase.build/Debug-iphonesimulator/Functions.build/Functions.DependencyMetadataFileList

WriteAuxiliaryFile /Users/nicolas/Library/Developer/Xcode/DerivedData/AgendaHOF-bvieputxojihcqchgwytombtvhqx/Build/Intermediates.noindex/swift-crypto.build/Debug-iphonesimulator/Crypto.build/Objects-normal/arm64/Crypto_const_extract_protocols.json (in target 'Crypto' from project 'swift-crypto')
    cd /Users/nicolas/Library/Developer/Xcode/DerivedData/AgendaHOF-bvieputxojihcqchgwytombtvhqx/SourcePackages/checkouts/swift-crypto
    write-file /Users/nicolas/Library/Developer/Xcode/DerivedData/AgendaHOF-bvieputxojihcqchgwytombtvhqx/Build/Intermediates.noindex/swift-crypto.build/Debug-iphonesimulator/Crypto.build/Objects-normal/arm64/Crypto_const_extract_protocols.json

WriteAuxiliaryFile /Users/nicolas/Library/Developer/Xcode/DerivedData/AgendaHOF-bvieputxojihcqchgwytombtvhqx/Build/Intermediates.noindex/swift-crypto.build/Debug-iphonesimulator/Crypto.build/Objects-normal/arm64/Crypto.SwiftFileList (in target 'Crypto' from project 'swift-crypto')
    cd /Users/nicolas/Library/Developer/Xcode/DerivedData/AgendaHOF-bvieputxojihcqchgwytombtvhqx/SourcePackages/checkouts/swift-crypto
    write-file /Users/nicolas/Library/Developer/Xcode/DerivedData/AgendaHOF-bvieputxojihcqchgwytombtvhqx/Build/Intermediates.noindex/swift-crypto.build/Debug-iphonesimulator/Crypto.build/Objects-normal/arm64/Crypto.SwiftFileList

WriteAuxiliaryFile /Users/nicolas/Library/Developer/Xcode/DerivedData/AgendaHOF-bvieputxojihcqchgwytombtvhqx/Build/Intermediates.noindex/swift-crypto.build/Debug-iphonesimulator/Crypto.build/Objects-normal/arm64/Crypto.SwiftConstValuesFileList (in target 'Crypto' from project 'swift-crypto')
    cd /Users/nicolas/Library/Developer/Xcode/DerivedData/AgendaHOF-bvieputxojihcqchgwytombtvhqx/SourcePackages/checkouts/swift-crypto
    write-file /Users/nicolas/Library/Developer/Xcode/DerivedData/AgendaHOF-bvieputxojihcqchgwytombtvhqx/Build/Intermediates.noindex/swift-crypto.build/Debug-iphonesimulator/Crypto.build/Objects-normal/arm64/Crypto.SwiftConstValuesFileList

WriteAuxiliaryFile /Users/nicolas/Library/Developer/Xcode/DerivedData/AgendaHOF-bvieputxojihcqchgwytombtvhqx/Build/Intermediates.noindex/swift-crypto.build/Debug-iphonesimulator/Crypto.build/Objects-normal/arm64/Crypto.LinkFileList (in target 'Crypto' from project 'swift-crypto')
    cd /Users/nicolas/Library/Developer/Xcode/DerivedData/AgendaHOF-bvieputxojihcqchgwytombtvhqx/SourcePackages/checkouts/swift-crypto
    write-file /Users/nicolas/Library/Developer/Xcode/DerivedData/AgendaHOF-bvieputxojihcqchgwytombtvhqx/Build/Intermediates.noindex/swift-crypto.build/Debug-iphonesimulator/Crypto.build/Objects-normal/arm64/Crypto.LinkFileList

WriteAuxiliaryFile /Users/nicolas/Library/Developer/Xcode/DerivedData/AgendaHOF-bvieputxojihcqchgwytombtvhqx/Build/Intermediates.noindex/swift-crypto.build/Debug-iphonesimulator/Crypto.build/Objects-normal/arm64/Crypto-OutputFileMap.json (in target 'Crypto' from project 'swift-crypto')
    cd /Users/nicolas/Library/Developer/Xcode/DerivedData/AgendaHOF-bvieputxojihcqchgwytombtvhqx/SourcePackages/checkouts/swift-crypto
    write-file /Users/nicolas/Library/Developer/Xcode/DerivedData/AgendaHOF-bvieputxojihcqchgwytombtvhqx/Build/Intermediates.noindex/swift-crypto.build/Debug-iphonesimulator/Crypto.build/Objects-normal/arm64/Crypto-OutputFileMap.json

WriteAuxiliaryFile /Users/nicolas/Library/Developer/Xcode/DerivedData/AgendaHOF-bvieputxojihcqchgwytombtvhqx/Build/Intermediates.noindex/swift-crypto.build/Debug-iphonesimulator/Crypto.build/DerivedSources/resource_bundle_accessor.swift (in target 'Crypto' from project 'swift-crypto')
    cd /Users/nicolas/Library/Developer/Xcode/DerivedData/AgendaHOF-bvieputxojihcqchgwytombtvhqx/SourcePackages/checkouts/swift-crypto
    write-file /Users/nicolas/Library/Developer/Xcode/DerivedData/AgendaHOF-bvieputxojihcqchgwytombtvhqx/Build/Intermediates.noindex/swift-crypto.build/Debug-iphonesimulator/Crypto.build/DerivedSources/resource_bundle_accessor.swift

Copy /Users/nicolas/Library/Developer/Xcode/DerivedData/AgendaHOF-bvieputxojihcqchgwytombtvhqx/Build/Intermediates.noindex/GeneratedModuleMaps-iphonesimulator/Functions.modulemap /Users/nicolas/Library/Developer/Xcode/DerivedData/AgendaHOF-bvieputxojihcqchgwytombtvhqx/Build/Intermediates.noindex/Supabase.build/Debug-iphonesimulator/Functions.build/Functions.modulemap (in target 'Functions' from project 'Supabase')
    cd /Users/nicolas/Library/Developer/Xcode/DerivedData/AgendaHOF-bvieputxojihcqchgwytombtvhqx/SourcePackages/checkouts/supabase-swift
    builtin-copy -exclude .DS_Store -exclude CVS -exclude .svn -exclude .git -exclude .hg -resolve-src-symlinks /Users/nicolas/Library/Developer/Xcode/DerivedData/AgendaHOF-bvieputxojihcqchgwytombtvhqx/Build/Intermediates.noindex/Supabase.build/Debug-iphonesimulator/Functions.build/Functions.modulemap /Users/nicolas/Library/Developer/Xcode/DerivedData/AgendaHOF-bvieputxojihcqchgwytombtvhqx/Build/Intermediates.noindex/GeneratedModuleMaps-iphonesimulator

WriteAuxiliaryFile /Users/nicolas/Library/Developer/Xcode/DerivedData/AgendaHOF-bvieputxojihcqchgwytombtvhqx/Build/Intermediates.noindex/swift-crypto.build/Debug-iphonesimulator/Crypto.build/Crypto.modulemap (in target 'Crypto' from project 'swift-crypto')
    cd /Users/nicolas/Library/Developer/Xcode/DerivedData/AgendaHOF-bvieputxojihcqchgwytombtvhqx/SourcePackages/checkouts/swift-crypto
    write-file /Users/nicolas/Library/Developer/Xcode/DerivedData/AgendaHOF-bvieputxojihcqchgwytombtvhqx/Build/Intermediates.noindex/swift-crypto.build/Debug-iphonesimulator/Crypto.build/Crypto.modulemap

WriteAuxiliaryFile /Users/nicolas/Library/Developer/Xcode/DerivedData/AgendaHOF-bvieputxojihcqchgwytombtvhqx/Build/Intermediates.noindex/swift-crypto.build/Debug-iphonesimulator/Crypto.build/Crypto.DependencyStaticMetadataFileList (in target 'Crypto' from project 'swift-crypto')
    cd /Users/nicolas/Library/Developer/Xcode/DerivedData/AgendaHOF-bvieputxojihcqchgwytombtvhqx/SourcePackages/checkouts/swift-crypto
    write-file /Users/nicolas/Library/Developer/Xcode/DerivedData/AgendaHOF-bvieputxojihcqchgwytombtvhqx/Build/Intermediates.noindex/swift-crypto.build/Debug-iphonesimulator/Crypto.build/Crypto.DependencyStaticMetadataFileList

WriteAuxiliaryFile /Users/nicolas/Library/Developer/Xcode/DerivedData/AgendaHOF-bvieputxojihcqchgwytombtvhqx/Build/Intermediates.noindex/swift-crypto.build/Debug-iphonesimulator/Crypto.build/Crypto.DependencyMetadataFileList (in target 'Crypto' from project 'swift-crypto')
    cd /Users/nicolas/Library/Developer/Xcode/DerivedData/AgendaHOF-bvieputxojihcqchgwytombtvhqx/SourcePackages/checkouts/swift-crypto
    write-file /Users/nicolas/Library/Developer/Xcode/DerivedData/AgendaHOF-bvieputxojihcqchgwytombtvhqx/Build/Intermediates.noindex/swift-crypto.build/Debug-iphonesimulator/Crypto.build/Crypto.DependencyMetadataFileList

WriteAuxiliaryFile /Users/nicolas/Library/Developer/Xcode/DerivedData/AgendaHOF-bvieputxojihcqchgwytombtvhqx/Build/Intermediates.noindex/swift-concurrency-extras.build/Debug-iphonesimulator/ConcurrencyExtras.build/Objects-normal/arm64/ConcurrencyExtras.SwiftFileList (in target 'ConcurrencyExtras' from project 'swift-concurrency-extras')
    cd /Users/nicolas/Library/Developer/Xcode/DerivedData/AgendaHOF-bvieputxojihcqchgwytombtvhqx/SourcePackages/checkouts/swift-concurrency-extras
    write-file /Users/nicolas/Library/Developer/Xcode/DerivedData/AgendaHOF-bvieputxojihcqchgwytombtvhqx/Build/Intermediates.noindex/swift-concurrency-extras.build/Debug-iphonesimulator/ConcurrencyExtras.build/Objects-normal/arm64/ConcurrencyExtras.SwiftFileList

WriteAuxiliaryFile /Users/nicolas/Library/Developer/Xcode/DerivedData/AgendaHOF-bvieputxojihcqchgwytombtvhqx/Build/Intermediates.noindex/swift-concurrency-extras.build/Debug-iphonesimulator/ConcurrencyExtras.build/Objects-normal/arm64/ConcurrencyExtras_const_extract_protocols.json (in target 'ConcurrencyExtras' from project 'swift-concurrency-extras')
    cd /Users/nicolas/Library/Developer/Xcode/DerivedData/AgendaHOF-bvieputxojihcqchgwytombtvhqx/SourcePackages/checkouts/swift-concurrency-extras
    write-file /Users/nicolas/Library/Developer/Xcode/DerivedData/AgendaHOF-bvieputxojihcqchgwytombtvhqx/Build/Intermediates.noindex/swift-concurrency-extras.build/Debug-iphonesimulator/ConcurrencyExtras.build/Objects-normal/arm64/ConcurrencyExtras_const_extract_protocols.json

WriteAuxiliaryFile /Users/nicolas/Library/Developer/Xcode/DerivedData/AgendaHOF-bvieputxojihcqchgwytombtvhqx/Build/Intermediates.noindex/swift-concurrency-extras.build/Debug-iphonesimulator/ConcurrencyExtras.build/Objects-normal/arm64/ConcurrencyExtras.SwiftConstValuesFileList (in target 'ConcurrencyExtras' from project 'swift-concurrency-extras')
    cd /Users/nicolas/Library/Developer/Xcode/DerivedData/AgendaHOF-bvieputxojihcqchgwytombtvhqx/SourcePackages/checkouts/swift-concurrency-extras
    write-file /Users/nicolas/Library/Developer/Xcode/DerivedData/AgendaHOF-bvieputxojihcqchgwytombtvhqx/Build/Intermediates.noindex/swift-concurrency-extras.build/Debug-iphonesimulator/ConcurrencyExtras.build/Objects-normal/arm64/ConcurrencyExtras.SwiftConstValuesFileList

WriteAuxiliaryFile /Users/nicolas/Library/Developer/Xcode/DerivedData/AgendaHOF-bvieputxojihcqchgwytombtvhqx/Build/Intermediates.noindex/swift-concurrency-extras.build/Debug-iphonesimulator/ConcurrencyExtras.build/Objects-normal/arm64/ConcurrencyExtras.LinkFileList (in target 'ConcurrencyExtras' from project 'swift-concurrency-extras')
    cd /Users/nicolas/Library/Developer/Xcode/DerivedData/AgendaHOF-bvieputxojihcqchgwytombtvhqx/SourcePackages/checkouts/swift-concurrency-extras
    write-file /Users/nicolas/Library/Developer/Xcode/DerivedData/AgendaHOF-bvieputxojihcqchgwytombtvhqx/Build/Intermediates.noindex/swift-concurrency-extras.build/Debug-iphonesimulator/ConcurrencyExtras.build/Objects-normal/arm64/ConcurrencyExtras.LinkFileList

WriteAuxiliaryFile /Users/nicolas/Library/Developer/Xcode/DerivedData/AgendaHOF-bvieputxojihcqchgwytombtvhqx/Build/Intermediates.noindex/swift-concurrency-extras.build/Debug-iphonesimulator/ConcurrencyExtras.build/Objects-normal/arm64/ConcurrencyExtras-OutputFileMap.json (in target 'ConcurrencyExtras' from project 'swift-concurrency-extras')
    cd /Users/nicolas/Library/Developer/Xcode/DerivedData/AgendaHOF-bvieputxojihcqchgwytombtvhqx/SourcePackages/checkouts/swift-concurrency-extras
    write-file /Users/nicolas/Library/Developer/Xcode/DerivedData/AgendaHOF-bvieputxojihcqchgwytombtvhqx/Build/Intermediates.noindex/swift-concurrency-extras.build/Debug-iphonesimulator/ConcurrencyExtras.build/Objects-normal/arm64/ConcurrencyExtras-OutputFileMap.json

WriteAuxiliaryFile /Users/nicolas/Library/Developer/Xcode/DerivedData/AgendaHOF-bvieputxojihcqchgwytombtvhqx/Build/Intermediates.noindex/swift-concurrency-extras.build/Debug-iphonesimulator/ConcurrencyExtras.build/ConcurrencyExtras.modulemap (in target 'ConcurrencyExtras' from project 'swift-concurrency-extras')
    cd /Users/nicolas/Library/Developer/Xcode/DerivedData/AgendaHOF-bvieputxojihcqchgwytombtvhqx/SourcePackages/checkouts/swift-concurrency-extras
    write-file /Users/nicolas/Library/Developer/Xcode/DerivedData/AgendaHOF-bvieputxojihcqchgwytombtvhqx/Build/Intermediates.noindex/swift-concurrency-extras.build/Debug-iphonesimulator/ConcurrencyExtras.build/ConcurrencyExtras.modulemap

WriteAuxiliaryFile /Users/nicolas/Library/Developer/Xcode/DerivedData/AgendaHOF-bvieputxojihcqchgwytombtvhqx/Build/Intermediates.noindex/swift-concurrency-extras.build/Debug-iphonesimulator/ConcurrencyExtras.build/ConcurrencyExtras.DependencyStaticMetadataFileList (in target 'ConcurrencyExtras' from project 'swift-concurrency-extras')
    cd /Users/nicolas/Library/Developer/Xcode/DerivedData/AgendaHOF-bvieputxojihcqchgwytombtvhqx/SourcePackages/checkouts/swift-concurrency-extras
    write-file /Users/nicolas/Library/Developer/Xcode/DerivedData/AgendaHOF-bvieputxojihcqchgwytombtvhqx/Build/Intermediates.noindex/swift-concurrency-extras.build/Debug-iphonesimulator/ConcurrencyExtras.build/ConcurrencyExtras.DependencyStaticMetadataFileList

Copy /Users/nicolas/Library/Developer/Xcode/DerivedData/AgendaHOF-bvieputxojihcqchgwytombtvhqx/Build/Intermediates.noindex/GeneratedModuleMaps-iphonesimulator/Crypto.modulemap /Users/nicolas/Library/Developer/Xcode/DerivedData/AgendaHOF-bvieputxojihcqchgwytombtvhqx/Build/Intermediates.noindex/swift-crypto.build/Debug-iphonesimulator/Crypto.build/Crypto.modulemap (in target 'Crypto' from project 'swift-crypto')
    cd /Users/nicolas/Library/Developer/Xcode/DerivedData/AgendaHOF-bvieputxojihcqchgwytombtvhqx/SourcePackages/checkouts/swift-crypto
    builtin-copy -exclude .DS_Store -exclude CVS -exclude .svn -exclude .git -exclude .hg -resolve-src-symlinks /Users/nicolas/Library/Developer/Xcode/DerivedData/AgendaHOF-bvieputxojihcqchgwytombtvhqx/Build/Intermediates.noindex/swift-crypto.build/Debug-iphonesimulator/Crypto.build/Crypto.modulemap /Users/nicolas/Library/Developer/Xcode/DerivedData/AgendaHOF-bvieputxojihcqchgwytombtvhqx/Build/Intermediates.noindex/GeneratedModuleMaps-iphonesimulator

WriteAuxiliaryFile /Users/nicolas/Library/Developer/Xcode/DerivedData/AgendaHOF-bvieputxojihcqchgwytombtvhqx/Build/Intermediates.noindex/swift-concurrency-extras.build/Debug-iphonesimulator/ConcurrencyExtras.build/ConcurrencyExtras.DependencyMetadataFileList (in target 'ConcurrencyExtras' from project 'swift-concurrency-extras')
    cd /Users/nicolas/Library/Developer/Xcode/DerivedData/AgendaHOF-bvieputxojihcqchgwytombtvhqx/SourcePackages/checkouts/swift-concurrency-extras
    write-file /Users/nicolas/Library/Developer/Xcode/DerivedData/AgendaHOF-bvieputxojihcqchgwytombtvhqx/Build/Intermediates.noindex/swift-concurrency-extras.build/Debug-iphonesimulator/ConcurrencyExtras.build/ConcurrencyExtras.DependencyMetadataFileList

WriteAuxiliaryFile /Users/nicolas/Library/Developer/Xcode/DerivedData/AgendaHOF-bvieputxojihcqchgwytombtvhqx/Build/Intermediates.noindex/swift-clocks.build/Debug-iphonesimulator/Clocks.build/Objects-normal/arm64/Clocks_const_extract_protocols.json (in target 'Clocks' from project 'swift-clocks')
    cd /Users/nicolas/Library/Developer/Xcode/DerivedData/AgendaHOF-bvieputxojihcqchgwytombtvhqx/SourcePackages/checkouts/swift-clocks
    write-file /Users/nicolas/Library/Developer/Xcode/DerivedData/AgendaHOF-bvieputxojihcqchgwytombtvhqx/Build/Intermediates.noindex/swift-clocks.build/Debug-iphonesimulator/Clocks.build/Objects-normal/arm64/Clocks_const_extract_protocols.json

WriteAuxiliaryFile /Users/nicolas/Library/Developer/Xcode/DerivedData/AgendaHOF-bvieputxojihcqchgwytombtvhqx/Build/Intermediates.noindex/swift-clocks.build/Debug-iphonesimulator/Clocks.build/Objects-normal/arm64/Clocks.SwiftFileList (in target 'Clocks' from project 'swift-clocks')
    cd /Users/nicolas/Library/Developer/Xcode/DerivedData/AgendaHOF-bvieputxojihcqchgwytombtvhqx/SourcePackages/checkouts/swift-clocks
    write-file /Users/nicolas/Library/Developer/Xcode/DerivedData/AgendaHOF-bvieputxojihcqchgwytombtvhqx/Build/Intermediates.noindex/swift-clocks.build/Debug-iphonesimulator/Clocks.build/Objects-normal/arm64/Clocks.SwiftFileList

WriteAuxiliaryFile /Users/nicolas/Library/Developer/Xcode/DerivedData/AgendaHOF-bvieputxojihcqchgwytombtvhqx/Build/Intermediates.noindex/swift-clocks.build/Debug-iphonesimulator/Clocks.build/Objects-normal/arm64/Clocks.SwiftConstValuesFileList (in target 'Clocks' from project 'swift-clocks')
    cd /Users/nicolas/Library/Developer/Xcode/DerivedData/AgendaHOF-bvieputxojihcqchgwytombtvhqx/SourcePackages/checkouts/swift-clocks
    write-file /Users/nicolas/Library/Developer/Xcode/DerivedData/AgendaHOF-bvieputxojihcqchgwytombtvhqx/Build/Intermediates.noindex/swift-clocks.build/Debug-iphonesimulator/Clocks.build/Objects-normal/arm64/Clocks.SwiftConstValuesFileList

WriteAuxiliaryFile /Users/nicolas/Library/Developer/Xcode/DerivedData/AgendaHOF-bvieputxojihcqchgwytombtvhqx/Build/Intermediates.noindex/swift-clocks.build/Debug-iphonesimulator/Clocks.build/Objects-normal/arm64/Clocks.LinkFileList (in target 'Clocks' from project 'swift-clocks')
    cd /Users/nicolas/Library/Developer/Xcode/DerivedData/AgendaHOF-bvieputxojihcqchgwytombtvhqx/SourcePackages/checkouts/swift-clocks
    write-file /Users/nicolas/Library/Developer/Xcode/DerivedData/AgendaHOF-bvieputxojihcqchgwytombtvhqx/Build/Intermediates.noindex/swift-clocks.build/Debug-iphonesimulator/Clocks.build/Objects-normal/arm64/Clocks.LinkFileList

WriteAuxiliaryFile /Users/nicolas/Library/Developer/Xcode/DerivedData/AgendaHOF-bvieputxojihcqchgwytombtvhqx/Build/Intermediates.noindex/swift-clocks.build/Debug-iphonesimulator/Clocks.build/Objects-normal/arm64/Clocks-OutputFileMap.json (in target 'Clocks' from project 'swift-clocks')
    cd /Users/nicolas/Library/Developer/Xcode/DerivedData/AgendaHOF-bvieputxojihcqchgwytombtvhqx/SourcePackages/checkouts/swift-clocks
    write-file /Users/nicolas/Library/Developer/Xcode/DerivedData/AgendaHOF-bvieputxojihcqchgwytombtvhqx/Build/Intermediates.noindex/swift-clocks.build/Debug-iphonesimulator/Clocks.build/Objects-normal/arm64/Clocks-OutputFileMap.json

WriteAuxiliaryFile /Users/nicolas/Library/Developer/Xcode/DerivedData/AgendaHOF-bvieputxojihcqchgwytombtvhqx/Build/Intermediates.noindex/swift-clocks.build/Debug-iphonesimulator/Clocks.build/Clocks.modulemap (in target 'Clocks' from project 'swift-clocks')
    cd /Users/nicolas/Library/Developer/Xcode/DerivedData/AgendaHOF-bvieputxojihcqchgwytombtvhqx/SourcePackages/checkouts/swift-clocks
    write-file /Users/nicolas/Library/Developer/Xcode/DerivedData/AgendaHOF-bvieputxojihcqchgwytombtvhqx/Build/Intermediates.noindex/swift-clocks.build/Debug-iphonesimulator/Clocks.build/Clocks.modulemap

WriteAuxiliaryFile /Users/nicolas/Library/Developer/Xcode/DerivedData/AgendaHOF-bvieputxojihcqchgwytombtvhqx/Build/Intermediates.noindex/swift-clocks.build/Debug-iphonesimulator/Clocks.build/Clocks.DependencyStaticMetadataFileList (in target 'Clocks' from project 'swift-clocks')
    cd /Users/nicolas/Library/Developer/Xcode/DerivedData/AgendaHOF-bvieputxojihcqchgwytombtvhqx/SourcePackages/checkouts/swift-clocks
    write-file /Users/nicolas/Library/Developer/Xcode/DerivedData/AgendaHOF-bvieputxojihcqchgwytombtvhqx/Build/Intermediates.noindex/swift-clocks.build/Debug-iphonesimulator/Clocks.build/Clocks.DependencyStaticMetadataFileList

Copy /Users/nicolas/Library/Developer/Xcode/DerivedData/AgendaHOF-bvieputxojihcqchgwytombtvhqx/Build/Intermediates.noindex/GeneratedModuleMaps-iphonesimulator/ConcurrencyExtras.modulemap /Users/nicolas/Library/Developer/Xcode/DerivedData/AgendaHOF-bvieputxojihcqchgwytombtvhqx/Build/Intermediates.noindex/swift-concurrency-extras.build/Debug-iphonesimulator/ConcurrencyExtras.build/ConcurrencyExtras.modulemap (in target 'ConcurrencyExtras' from project 'swift-concurrency-extras')
    cd /Users/nicolas/Library/Developer/Xcode/DerivedData/AgendaHOF-bvieputxojihcqchgwytombtvhqx/SourcePackages/checkouts/swift-concurrency-extras
    builtin-copy -exclude .DS_Store -exclude CVS -exclude .svn -exclude .git -exclude .hg -resolve-src-symlinks /Users/nicolas/Library/Developer/Xcode/DerivedData/AgendaHOF-bvieputxojihcqchgwytombtvhqx/Build/Intermediates.noindex/swift-concurrency-extras.build/Debug-iphonesimulator/ConcurrencyExtras.build/ConcurrencyExtras.modulemap /Users/nicolas/Library/Developer/Xcode/DerivedData/AgendaHOF-bvieputxojihcqchgwytombtvhqx/Build/Intermediates.noindex/GeneratedModuleMaps-iphonesimulator

WriteAuxiliaryFile /Users/nicolas/Library/Developer/Xcode/DerivedData/AgendaHOF-bvieputxojihcqchgwytombtvhqx/Build/Intermediates.noindex/swift-clocks.build/Debug-iphonesimulator/Clocks.build/Clocks.DependencyMetadataFileList (in target 'Clocks' from project 'swift-clocks')
    cd /Users/nicolas/Library/Developer/Xcode/DerivedData/AgendaHOF-bvieputxojihcqchgwytombtvhqx/SourcePackages/checkouts/swift-clocks
    write-file /Users/nicolas/Library/Developer/Xcode/DerivedData/AgendaHOF-bvieputxojihcqchgwytombtvhqx/Build/Intermediates.noindex/swift-clocks.build/Debug-iphonesimulator/Clocks.build/Clocks.DependencyMetadataFileList

WriteAuxiliaryFile /Users/nicolas/Library/Developer/Xcode/DerivedData/AgendaHOF-bvieputxojihcqchgwytombtvhqx/Build/Intermediates.noindex/Supabase.build/Debug-iphonesimulator/Auth.build/Objects-normal/arm64/Auth.SwiftFileList (in target 'Auth' from project 'Supabase')
    cd /Users/nicolas/Library/Developer/Xcode/DerivedData/AgendaHOF-bvieputxojihcqchgwytombtvhqx/SourcePackages/checkouts/supabase-swift
    write-file /Users/nicolas/Library/Developer/Xcode/DerivedData/AgendaHOF-bvieputxojihcqchgwytombtvhqx/Build/Intermediates.noindex/Supabase.build/Debug-iphonesimulator/Auth.build/Objects-normal/arm64/Auth.SwiftFileList

WriteAuxiliaryFile /Users/nicolas/Library/Developer/Xcode/DerivedData/AgendaHOF-bvieputxojihcqchgwytombtvhqx/Build/Intermediates.noindex/Supabase.build/Debug-iphonesimulator/Auth.build/Objects-normal/arm64/Auth_const_extract_protocols.json (in target 'Auth' from project 'Supabase')
    cd /Users/nicolas/Library/Developer/Xcode/DerivedData/AgendaHOF-bvieputxojihcqchgwytombtvhqx/SourcePackages/checkouts/supabase-swift
    write-file /Users/nicolas/Library/Developer/Xcode/DerivedData/AgendaHOF-bvieputxojihcqchgwytombtvhqx/Build/Intermediates.noindex/Supabase.build/Debug-iphonesimulator/Auth.build/Objects-normal/arm64/Auth_const_extract_protocols.json

WriteAuxiliaryFile /Users/nicolas/Library/Developer/Xcode/DerivedData/AgendaHOF-bvieputxojihcqchgwytombtvhqx/Build/Intermediates.noindex/Supabase.build/Debug-iphonesimulator/Auth.build/Objects-normal/arm64/Auth.LinkFileList (in target 'Auth' from project 'Supabase')
    cd /Users/nicolas/Library/Developer/Xcode/DerivedData/AgendaHOF-bvieputxojihcqchgwytombtvhqx/SourcePackages/checkouts/supabase-swift
    write-file /Users/nicolas/Library/Developer/Xcode/DerivedData/AgendaHOF-bvieputxojihcqchgwytombtvhqx/Build/Intermediates.noindex/Supabase.build/Debug-iphonesimulator/Auth.build/Objects-normal/arm64/Auth.LinkFileList

WriteAuxiliaryFile /Users/nicolas/Library/Developer/Xcode/DerivedData/AgendaHOF-bvieputxojihcqchgwytombtvhqx/Build/Intermediates.noindex/Supabase.build/Debug-iphonesimulator/Auth.build/Objects-normal/arm64/Auth.SwiftConstValuesFileList (in target 'Auth' from project 'Supabase')
    cd /Users/nicolas/Library/Developer/Xcode/DerivedData/AgendaHOF-bvieputxojihcqchgwytombtvhqx/SourcePackages/checkouts/supabase-swift
    write-file /Users/nicolas/Library/Developer/Xcode/DerivedData/AgendaHOF-bvieputxojihcqchgwytombtvhqx/Build/Intermediates.noindex/Supabase.build/Debug-iphonesimulator/Auth.build/Objects-normal/arm64/Auth.SwiftConstValuesFileList

WriteAuxiliaryFile /Users/nicolas/Library/Developer/Xcode/DerivedData/AgendaHOF-bvieputxojihcqchgwytombtvhqx/Build/Intermediates.noindex/Supabase.build/Debug-iphonesimulator/Auth.build/Objects-normal/arm64/Auth-OutputFileMap.json (in target 'Auth' from project 'Supabase')
    cd /Users/nicolas/Library/Developer/Xcode/DerivedData/AgendaHOF-bvieputxojihcqchgwytombtvhqx/SourcePackages/checkouts/supabase-swift
    write-file /Users/nicolas/Library/Developer/Xcode/DerivedData/AgendaHOF-bvieputxojihcqchgwytombtvhqx/Build/Intermediates.noindex/Supabase.build/Debug-iphonesimulator/Auth.build/Objects-normal/arm64/Auth-OutputFileMap.json

WriteAuxiliaryFile /Users/nicolas/Library/Developer/Xcode/DerivedData/AgendaHOF-bvieputxojihcqchgwytombtvhqx/Build/Intermediates.noindex/Supabase.build/Debug-iphonesimulator/Auth.build/Auth.modulemap (in target 'Auth' from project 'Supabase')
    cd /Users/nicolas/Library/Developer/Xcode/DerivedData/AgendaHOF-bvieputxojihcqchgwytombtvhqx/SourcePackages/checkouts/supabase-swift
    write-file /Users/nicolas/Library/Developer/Xcode/DerivedData/AgendaHOF-bvieputxojihcqchgwytombtvhqx/Build/Intermediates.noindex/Supabase.build/Debug-iphonesimulator/Auth.build/Auth.modulemap

WriteAuxiliaryFile /Users/nicolas/Library/Developer/Xcode/DerivedData/AgendaHOF-bvieputxojihcqchgwytombtvhqx/Build/Intermediates.noindex/Supabase.build/Debug-iphonesimulator/Auth.build/Auth.DependencyStaticMetadataFileList (in target 'Auth' from project 'Supabase')
    cd /Users/nicolas/Library/Developer/Xcode/DerivedData/AgendaHOF-bvieputxojihcqchgwytombtvhqx/SourcePackages/checkouts/supabase-swift
    write-file /Users/nicolas/Library/Developer/Xcode/DerivedData/AgendaHOF-bvieputxojihcqchgwytombtvhqx/Build/Intermediates.noindex/Supabase.build/Debug-iphonesimulator/Auth.build/Auth.DependencyStaticMetadataFileList

Copy /Users/nicolas/Library/Developer/Xcode/DerivedData/AgendaHOF-bvieputxojihcqchgwytombtvhqx/Build/Intermediates.noindex/GeneratedModuleMaps-iphonesimulator/Clocks.modulemap /Users/nicolas/Library/Developer/Xcode/DerivedData/AgendaHOF-bvieputxojihcqchgwytombtvhqx/Build/Intermediates.noindex/swift-clocks.build/Debug-iphonesimulator/Clocks.build/Clocks.modulemap (in target 'Clocks' from project 'swift-clocks')
    cd /Users/nicolas/Library/Developer/Xcode/DerivedData/AgendaHOF-bvieputxojihcqchgwytombtvhqx/SourcePackages/checkouts/swift-clocks
    builtin-copy -exclude .DS_Store -exclude CVS -exclude .svn -exclude .git -exclude .hg -resolve-src-symlinks /Users/nicolas/Library/Developer/Xcode/DerivedData/AgendaHOF-bvieputxojihcqchgwytombtvhqx/Build/Intermediates.noindex/swift-clocks.build/Debug-iphonesimulator/Clocks.build/Clocks.modulemap /Users/nicolas/Library/Developer/Xcode/DerivedData/AgendaHOF-bvieputxojihcqchgwytombtvhqx/Build/Intermediates.noindex/GeneratedModuleMaps-iphonesimulator

WriteAuxiliaryFile /Users/nicolas/Library/Developer/Xcode/DerivedData/AgendaHOF-bvieputxojihcqchgwytombtvhqx/Build/Intermediates.noindex/Supabase.build/Debug-iphonesimulator/Auth.build/Auth.DependencyMetadataFileList (in target 'Auth' from project 'Supabase')
    cd /Users/nicolas/Library/Developer/Xcode/DerivedData/AgendaHOF-bvieputxojihcqchgwytombtvhqx/SourcePackages/checkouts/supabase-swift
    write-file /Users/nicolas/Library/Developer/Xcode/DerivedData/AgendaHOF-bvieputxojihcqchgwytombtvhqx/Build/Intermediates.noindex/Supabase.build/Debug-iphonesimulator/Auth.build/Auth.DependencyMetadataFileList

WriteAuxiliaryFile /Users/nicolas/Library/Developer/Xcode/DerivedData/AgendaHOF-bvieputxojihcqchgwytombtvhqx/Build/Intermediates.noindex/AgendaHOF.build/Debug-iphonesimulator/AgendaWidgetExtension.build/Objects-normal/arm64/AgendaWidgetExtension.SwiftConstValuesFileList (in target 'AgendaWidgetExtension' from project 'AgendaHOF')
    cd /Users/nicolas/Documents/aplicativos-sites/AgendaHOF-iOS
    write-file /Users/nicolas/Library/Developer/Xcode/DerivedData/AgendaHOF-bvieputxojihcqchgwytombtvhqx/Build/Intermediates.noindex/AgendaHOF.build/Debug-iphonesimulator/AgendaWidgetExtension.build/Objects-normal/arm64/AgendaWidgetExtension.SwiftConstValuesFileList

WriteAuxiliaryFile /Users/nicolas/Library/Developer/Xcode/DerivedData/AgendaHOF-bvieputxojihcqchgwytombtvhqx/Build/Intermediates.noindex/AgendaHOF.build/Debug-iphonesimulator/AgendaWidgetExtension.build/Objects-normal/arm64/AgendaWidgetExtension.SwiftFileList (in target 'AgendaWidgetExtension' from project 'AgendaHOF')
    cd /Users/nicolas/Documents/aplicativos-sites/AgendaHOF-iOS
    write-file /Users/nicolas/Library/Developer/Xcode/DerivedData/AgendaHOF-bvieputxojihcqchgwytombtvhqx/Build/Intermediates.noindex/AgendaHOF.build/Debug-iphonesimulator/AgendaWidgetExtension.build/Objects-normal/arm64/AgendaWidgetExtension.SwiftFileList

WriteAuxiliaryFile /Users/nicolas/Library/Developer/Xcode/DerivedData/AgendaHOF-bvieputxojihcqchgwytombtvhqx/Build/Intermediates.noindex/AgendaHOF.build/Debug-iphonesimulator/AgendaWidgetExtension.build/Objects-normal/arm64/AgendaWidgetExtension_const_extract_protocols.json (in target 'AgendaWidgetExtension' from project 'AgendaHOF')
    cd /Users/nicolas/Documents/aplicativos-sites/AgendaHOF-iOS
    write-file /Users/nicolas/Library/Developer/Xcode/DerivedData/AgendaHOF-bvieputxojihcqchgwytombtvhqx/Build/Intermediates.noindex/AgendaHOF.build/Debug-iphonesimulator/AgendaWidgetExtension.build/Objects-normal/arm64/AgendaWidgetExtension_const_extract_protocols.json

WriteAuxiliaryFile /Users/nicolas/Library/Developer/Xcode/DerivedData/AgendaHOF-bvieputxojihcqchgwytombtvhqx/Build/Intermediates.noindex/AgendaHOF.build/Debug-iphonesimulator/AgendaWidgetExtension.build/Objects-normal/arm64/AgendaWidgetExtension.LinkFileList (in target 'AgendaWidgetExtension' from project 'AgendaHOF')
    cd /Users/nicolas/Documents/aplicativos-sites/AgendaHOF-iOS
    write-file /Users/nicolas/Library/Developer/Xcode/DerivedData/AgendaHOF-bvieputxojihcqchgwytombtvhqx/Build/Intermediates.noindex/AgendaHOF.build/Debug-iphonesimulator/AgendaWidgetExtension.build/Objects-normal/arm64/AgendaWidgetExtension.LinkFileList

WriteAuxiliaryFile /Users/nicolas/Library/Developer/Xcode/DerivedData/AgendaHOF-bvieputxojihcqchgwytombtvhqx/Build/Intermediates.noindex/AgendaHOF.build/Debug-iphonesimulator/AgendaWidgetExtension.build/Objects-normal/arm64/AgendaWidgetExtension-OutputFileMap.json (in target 'AgendaWidgetExtension' from project 'AgendaHOF')
    cd /Users/nicolas/Documents/aplicativos-sites/AgendaHOF-iOS
    write-file /Users/nicolas/Library/Developer/Xcode/DerivedData/AgendaHOF-bvieputxojihcqchgwytombtvhqx/Build/Intermediates.noindex/AgendaHOF.build/Debug-iphonesimulator/AgendaWidgetExtension.build/Objects-normal/arm64/AgendaWidgetExtension-OutputFileMap.json

WriteAuxiliaryFile /Users/nicolas/Library/Developer/Xcode/DerivedData/AgendaHOF-bvieputxojihcqchgwytombtvhqx/Build/Intermediates.noindex/AgendaHOF.build/Debug-iphonesimulator/AgendaWidgetExtension.build/DerivedSources/Entitlements-Simulated.plist (in target 'AgendaWidgetExtension' from project 'AgendaHOF')
    cd /Users/nicolas/Documents/aplicativos-sites/AgendaHOF-iOS
    write-file /Users/nicolas/Library/Developer/Xcode/DerivedData/AgendaHOF-bvieputxojihcqchgwytombtvhqx/Build/Intermediates.noindex/AgendaHOF.build/Debug-iphonesimulator/AgendaWidgetExtension.build/DerivedSources/Entitlements-Simulated.plist

Copy /Users/nicolas/Library/Developer/Xcode/DerivedData/AgendaHOF-bvieputxojihcqchgwytombtvhqx/Build/Intermediates.noindex/GeneratedModuleMaps-iphonesimulator/Auth.modulemap /Users/nicolas/Library/Developer/Xcode/DerivedData/AgendaHOF-bvieputxojihcqchgwytombtvhqx/Build/Intermediates.noindex/Supabase.build/Debug-iphonesimulator/Auth.build/Auth.modulemap (in target 'Auth' from project 'Supabase')
    cd /Users/nicolas/Library/Developer/Xcode/DerivedData/AgendaHOF-bvieputxojihcqchgwytombtvhqx/SourcePackages/checkouts/supabase-swift
    builtin-copy -exclude .DS_Store -exclude CVS -exclude .svn -exclude .git -exclude .hg -resolve-src-symlinks /Users/nicolas/Library/Developer/Xcode/DerivedData/AgendaHOF-bvieputxojihcqchgwytombtvhqx/Build/Intermediates.noindex/Supabase.build/Debug-iphonesimulator/Auth.build/Auth.modulemap /Users/nicolas/Library/Developer/Xcode/DerivedData/AgendaHOF-bvieputxojihcqchgwytombtvhqx/Build/Intermediates.noindex/GeneratedModuleMaps-iphonesimulator

WriteAuxiliaryFile /Users/nicolas/Library/Developer/Xcode/DerivedData/AgendaHOF-bvieputxojihcqchgwytombtvhqx/Build/Intermediates.noindex/AgendaHOF.build/Debug-iphonesimulator/AgendaWidgetExtension.build/AgendaWidgetExtension.hmap (in target 'AgendaWidgetExtension' from project 'AgendaHOF')
    cd /Users/nicolas/Documents/aplicativos-sites/AgendaHOF-iOS
    write-file /Users/nicolas/Library/Developer/Xcode/DerivedData/AgendaHOF-bvieputxojihcqchgwytombtvhqx/Build/Intermediates.noindex/AgendaHOF.build/Debug-iphonesimulator/AgendaWidgetExtension.build/AgendaWidgetExtension.hmap

WriteAuxiliaryFile /Users/nicolas/Library/Developer/Xcode/DerivedData/AgendaHOF-bvieputxojihcqchgwytombtvhqx/Build/Intermediates.noindex/AgendaHOF.build/Debug-iphonesimulator/AgendaWidgetExtension.build/AgendaWidgetExtension.DependencyStaticMetadataFileList (in target 'AgendaWidgetExtension' from project 'AgendaHOF')
    cd /Users/nicolas/Documents/aplicativos-sites/AgendaHOF-iOS
    write-file /Users/nicolas/Library/Developer/Xcode/DerivedData/AgendaHOF-bvieputxojihcqchgwytombtvhqx/Build/Intermediates.noindex/AgendaHOF.build/Debug-iphonesimulator/AgendaWidgetExtension.build/AgendaWidgetExtension.DependencyStaticMetadataFileList

WriteAuxiliaryFile /Users/nicolas/Library/Developer/Xcode/DerivedData/AgendaHOF-bvieputxojihcqchgwytombtvhqx/Build/Intermediates.noindex/AgendaHOF.build/Debug-iphonesimulator/AgendaWidgetExtension.build/AgendaWidgetExtension.DependencyMetadataFileList (in target 'AgendaWidgetExtension' from project 'AgendaHOF')
    cd /Users/nicolas/Documents/aplicativos-sites/AgendaHOF-iOS
    write-file /Users/nicolas/Library/Developer/Xcode/DerivedData/AgendaHOF-bvieputxojihcqchgwytombtvhqx/Build/Intermediates.noindex/AgendaHOF.build/Debug-iphonesimulator/AgendaWidgetExtension.build/AgendaWidgetExtension.DependencyMetadataFileList

WriteAuxiliaryFile /Users/nicolas/Library/Developer/Xcode/DerivedData/AgendaHOF-bvieputxojihcqchgwytombtvhqx/Build/Intermediates.noindex/AgendaHOF.build/Debug-iphonesimulator/AgendaWidgetExtension.build/AgendaWidgetExtension-own-target-headers.hmap (in target 'AgendaWidgetExtension' from project 'AgendaHOF')
    cd /Users/nicolas/Documents/aplicativos-sites/AgendaHOF-iOS
    write-file /Users/nicolas/Library/Developer/Xcode/DerivedData/AgendaHOF-bvieputxojihcqchgwytombtvhqx/Build/Intermediates.noindex/AgendaHOF.build/Debug-iphonesimulator/AgendaWidgetExtension.build/AgendaWidgetExtension-own-target-headers.hmap

WriteAuxiliaryFile /Users/nicolas/Library/Developer/Xcode/DerivedData/AgendaHOF-bvieputxojihcqchgwytombtvhqx/Build/Intermediates.noindex/AgendaHOF.build/Debug-iphonesimulator/AgendaWidgetExtension.build/AgendaWidgetExtension-project-headers.hmap (in target 'AgendaWidgetExtension' from project 'AgendaHOF')
    cd /Users/nicolas/Documents/aplicativos-sites/AgendaHOF-iOS
    write-file /Users/nicolas/Library/Developer/Xcode/DerivedData/AgendaHOF-bvieputxojihcqchgwytombtvhqx/Build/Intermediates.noindex/AgendaHOF.build/Debug-iphonesimulator/AgendaWidgetExtension.build/AgendaWidgetExtension-project-headers.hmap

WriteAuxiliaryFile /Users/nicolas/Library/Developer/Xcode/DerivedData/AgendaHOF-bvieputxojihcqchgwytombtvhqx/Build/Intermediates.noindex/AgendaHOF.build/Debug-iphonesimulator/AgendaWidgetExtension.build/AgendaWidgetExtension-generated-files.hmap (in target 'AgendaWidgetExtension' from project 'AgendaHOF')
    cd /Users/nicolas/Documents/aplicativos-sites/AgendaHOF-iOS
    write-file /Users/nicolas/Library/Developer/Xcode/DerivedData/AgendaHOF-bvieputxojihcqchgwytombtvhqx/Build/Intermediates.noindex/AgendaHOF.build/Debug-iphonesimulator/AgendaWidgetExtension.build/AgendaWidgetExtension-generated-files.hmap

WriteAuxiliaryFile /Users/nicolas/Library/Developer/Xcode/DerivedData/AgendaHOF-bvieputxojihcqchgwytombtvhqx/Build/Intermediates.noindex/AgendaHOF.build/Debug-iphonesimulator/AgendaWidgetExtension.build/AgendaWidgetExtension-all-target-headers.hmap (in target 'AgendaWidgetExtension' from project 'AgendaHOF')
    cd /Users/nicolas/Documents/aplicativos-sites/AgendaHOF-iOS
    write-file /Users/nicolas/Library/Developer/Xcode/DerivedData/AgendaHOF-bvieputxojihcqchgwytombtvhqx/Build/Intermediates.noindex/AgendaHOF.build/Debug-iphonesimulator/AgendaWidgetExtension.build/AgendaWidgetExtension-all-target-headers.hmap

WriteAuxiliaryFile /Users/nicolas/Library/Developer/Xcode/DerivedData/AgendaHOF-bvieputxojihcqchgwytombtvhqx/Build/Intermediates.noindex/AgendaHOF.build/Debug-iphonesimulator/AgendaWidgetExtension.build/AgendaWidgetExtension-all-non-framework-target-headers.hmap (in target 'AgendaWidgetExtension' from project 'AgendaHOF')
    cd /Users/nicolas/Documents/aplicativos-sites/AgendaHOF-iOS
    write-file /Users/nicolas/Library/Developer/Xcode/DerivedData/AgendaHOF-bvieputxojihcqchgwytombtvhqx/Build/Intermediates.noindex/AgendaHOF.build/Debug-iphonesimulator/AgendaWidgetExtension.build/AgendaWidgetExtension-all-non-framework-target-headers.hmap

WriteAuxiliaryFile /Users/nicolas/Library/Developer/Xcode/DerivedData/AgendaHOF-bvieputxojihcqchgwytombtvhqx/Build/Intermediates.noindex/AgendaHOF.build/Debug-iphonesimulator/AgendaWidgetExtension.build/AgendaWidgetExtension-DebugEntryPoint-normal-arm64.txt (in target 'AgendaWidgetExtension' from project 'AgendaHOF')
    cd /Users/nicolas/Documents/aplicativos-sites/AgendaHOF-iOS
    write-file /Users/nicolas/Library/Developer/Xcode/DerivedData/AgendaHOF-bvieputxojihcqchgwytombtvhqx/Build/Intermediates.noindex/AgendaHOF.build/Debug-iphonesimulator/AgendaWidgetExtension.build/AgendaWidgetExtension-DebugEntryPoint-normal-arm64.txt

WriteAuxiliaryFile /Users/nicolas/Library/Developer/Xcode/DerivedData/AgendaHOF-bvieputxojihcqchgwytombtvhqx/Build/Intermediates.noindex/AgendaHOF.build/Debug-iphonesimulator/AgendaWidgetExtension.build/AgendaWidgetExtension-DebugDylibInstallName-normal-arm64.txt (in target 'AgendaWidgetExtension' from project 'AgendaHOF')
    cd /Users/nicolas/Documents/aplicativos-sites/AgendaHOF-iOS
    write-file /Users/nicolas/Library/Developer/Xcode/DerivedData/AgendaHOF-bvieputxojihcqchgwytombtvhqx/Build/Intermediates.noindex/AgendaHOF.build/Debug-iphonesimulator/AgendaWidgetExtension.build/AgendaWidgetExtension-DebugDylibInstallName-normal-arm64.txt

WriteAuxiliaryFile /Users/nicolas/Library/Developer/Xcode/DerivedData/AgendaHOF-bvieputxojihcqchgwytombtvhqx/Build/Intermediates.noindex/AgendaHOF.build/Debug-iphonesimulator/AgendaWidgetExtension.build/AgendaWidgetExtension-DebugDylibPath-normal-arm64.txt (in target 'AgendaWidgetExtension' from project 'AgendaHOF')
    cd /Users/nicolas/Documents/aplicativos-sites/AgendaHOF-iOS
    write-file /Users/nicolas/Library/Developer/Xcode/DerivedData/AgendaHOF-bvieputxojihcqchgwytombtvhqx/Build/Intermediates.noindex/AgendaHOF.build/Debug-iphonesimulator/AgendaWidgetExtension.build/AgendaWidgetExtension-DebugDylibPath-normal-arm64.txt

WriteAuxiliaryFile /Users/nicolas/Library/Developer/Xcode/DerivedData/AgendaHOF-bvieputxojihcqchgwytombtvhqx/Build/Intermediates.noindex/AgendaHOF.build/Debug-iphonesimulator/AgendaHOF.build/Objects-normal/arm64/AgendaHOF-OutputFileMap.json (in target 'AgendaHOF' from project 'AgendaHOF')
    cd /Users/nicolas/Documents/aplicativos-sites/AgendaHOF-iOS
    write-file /Users/nicolas/Library/Developer/Xcode/DerivedData/AgendaHOF-bvieputxojihcqchgwytombtvhqx/Build/Intermediates.noindex/AgendaHOF.build/Debug-iphonesimulator/AgendaHOF.build/Objects-normal/arm64/AgendaHOF-OutputFileMap.json

WriteAuxiliaryFile /Users/nicolas/Library/Developer/Xcode/DerivedData/AgendaHOF-bvieputxojihcqchgwytombtvhqx/Build/Intermediates.noindex/AgendaHOF.build/Debug-iphonesimulator/AgendaHOF.build/Objects-normal/arm64/AgendaHOF.LinkFileList (in target 'AgendaHOF' from project 'AgendaHOF')
    cd /Users/nicolas/Documents/aplicativos-sites/AgendaHOF-iOS
    write-file /Users/nicolas/Library/Developer/Xcode/DerivedData/AgendaHOF-bvieputxojihcqchgwytombtvhqx/Build/Intermediates.noindex/AgendaHOF.build/Debug-iphonesimulator/AgendaHOF.build/Objects-normal/arm64/AgendaHOF.LinkFileList

WriteAuxiliaryFile /Users/nicolas/Library/Developer/Xcode/DerivedData/AgendaHOF-bvieputxojihcqchgwytombtvhqx/Build/Intermediates.noindex/AgendaHOF.build/Debug-iphonesimulator/AgendaHOF.build/Objects-normal/arm64/AgendaHOF.SwiftFileList (in target 'AgendaHOF' from project 'AgendaHOF')
    cd /Users/nicolas/Documents/aplicativos-sites/AgendaHOF-iOS
    write-file /Users/nicolas/Library/Developer/Xcode/DerivedData/AgendaHOF-bvieputxojihcqchgwytombtvhqx/Build/Intermediates.noindex/AgendaHOF.build/Debug-iphonesimulator/AgendaHOF.build/Objects-normal/arm64/AgendaHOF.SwiftFileList

WriteAuxiliaryFile /Users/nicolas/Library/Developer/Xcode/DerivedData/AgendaHOF-bvieputxojihcqchgwytombtvhqx/Build/Intermediates.noindex/AgendaHOF.build/Debug-iphonesimulator/AgendaHOF.build/Objects-normal/arm64/AgendaHOF.SwiftConstValuesFileList (in target 'AgendaHOF' from project 'AgendaHOF')
    cd /Users/nicolas/Documents/aplicativos-sites/AgendaHOF-iOS
    write-file /Users/nicolas/Library/Developer/Xcode/DerivedData/AgendaHOF-bvieputxojihcqchgwytombtvhqx/Build/Intermediates.noindex/AgendaHOF.build/Debug-iphonesimulator/AgendaHOF.build/Objects-normal/arm64/AgendaHOF.SwiftConstValuesFileList

WriteAuxiliaryFile /Users/nicolas/Library/Developer/Xcode/DerivedData/AgendaHOF-bvieputxojihcqchgwytombtvhqx/Build/Intermediates.noindex/AgendaHOF.build/Debug-iphonesimulator/AgendaHOF.build/Objects-normal/arm64/AgendaHOF_const_extract_protocols.json (in target 'AgendaHOF' from project 'AgendaHOF')
    cd /Users/nicolas/Documents/aplicativos-sites/AgendaHOF-iOS
    write-file /Users/nicolas/Library/Developer/Xcode/DerivedData/AgendaHOF-bvieputxojihcqchgwytombtvhqx/Build/Intermediates.noindex/AgendaHOF.build/Debug-iphonesimulator/AgendaHOF.build/Objects-normal/arm64/AgendaHOF_const_extract_protocols.json

WriteAuxiliaryFile /Users/nicolas/Library/Developer/Xcode/DerivedData/AgendaHOF-bvieputxojihcqchgwytombtvhqx/Build/Intermediates.noindex/AgendaHOF.build/Debug-iphonesimulator/AgendaHOF.build/DerivedSources/Entitlements-Simulated.plist (in target 'AgendaHOF' from project 'AgendaHOF')
    cd /Users/nicolas/Documents/aplicativos-sites/AgendaHOF-iOS
    write-file /Users/nicolas/Library/Developer/Xcode/DerivedData/AgendaHOF-bvieputxojihcqchgwytombtvhqx/Build/Intermediates.noindex/AgendaHOF.build/Debug-iphonesimulator/AgendaHOF.build/DerivedSources/Entitlements-Simulated.plist

WriteAuxiliaryFile /Users/nicolas/Library/Developer/Xcode/DerivedData/AgendaHOF-bvieputxojihcqchgwytombtvhqx/Build/Intermediates.noindex/AgendaHOF.build/Debug-iphonesimulator/AgendaHOF.build/AgendaHOF.hmap (in target 'AgendaHOF' from project 'AgendaHOF')
    cd /Users/nicolas/Documents/aplicativos-sites/AgendaHOF-iOS
    write-file /Users/nicolas/Library/Developer/Xcode/DerivedData/AgendaHOF-bvieputxojihcqchgwytombtvhqx/Build/Intermediates.noindex/AgendaHOF.build/Debug-iphonesimulator/AgendaHOF.build/AgendaHOF.hmap

WriteAuxiliaryFile /Users/nicolas/Library/Developer/Xcode/DerivedData/AgendaHOF-bvieputxojihcqchgwytombtvhqx/Build/Intermediates.noindex/AgendaHOF.build/Debug-iphonesimulator/AgendaHOF.build/AgendaHOF.DependencyStaticMetadataFileList (in target 'AgendaHOF' from project 'AgendaHOF')
    cd /Users/nicolas/Documents/aplicativos-sites/AgendaHOF-iOS
    write-file /Users/nicolas/Library/Developer/Xcode/DerivedData/AgendaHOF-bvieputxojihcqchgwytombtvhqx/Build/Intermediates.noindex/AgendaHOF.build/Debug-iphonesimulator/AgendaHOF.build/AgendaHOF.DependencyStaticMetadataFileList

WriteAuxiliaryFile /Users/nicolas/Library/Developer/Xcode/DerivedData/AgendaHOF-bvieputxojihcqchgwytombtvhqx/Build/Intermediates.noindex/AgendaHOF.build/Debug-iphonesimulator/AgendaHOF.build/AgendaHOF.DependencyMetadataFileList (in target 'AgendaHOF' from project 'AgendaHOF')
    cd /Users/nicolas/Documents/aplicativos-sites/AgendaHOF-iOS
    write-file /Users/nicolas/Library/Developer/Xcode/DerivedData/AgendaHOF-bvieputxojihcqchgwytombtvhqx/Build/Intermediates.noindex/AgendaHOF.build/Debug-iphonesimulator/AgendaHOF.build/AgendaHOF.DependencyMetadataFileList

WriteAuxiliaryFile /Users/nicolas/Library/Developer/Xcode/DerivedData/AgendaHOF-bvieputxojihcqchgwytombtvhqx/Build/Intermediates.noindex/AgendaHOF.build/Debug-iphonesimulator/AgendaHOF.build/AgendaHOF-project-headers.hmap (in target 'AgendaHOF' from project 'AgendaHOF')
    cd /Users/nicolas/Documents/aplicativos-sites/AgendaHOF-iOS
    write-file /Users/nicolas/Library/Developer/Xcode/DerivedData/AgendaHOF-bvieputxojihcqchgwytombtvhqx/Build/Intermediates.noindex/AgendaHOF.build/Debug-iphonesimulator/AgendaHOF.build/AgendaHOF-project-headers.hmap

WriteAuxiliaryFile /Users/nicolas/Library/Developer/Xcode/DerivedData/AgendaHOF-bvieputxojihcqchgwytombtvhqx/Build/Intermediates.noindex/AgendaHOF.build/Debug-iphonesimulator/AgendaHOF.build/AgendaHOF-own-target-headers.hmap (in target 'AgendaHOF' from project 'AgendaHOF')
    cd /Users/nicolas/Documents/aplicativos-sites/AgendaHOF-iOS
    write-file /Users/nicolas/Library/Developer/Xcode/DerivedData/AgendaHOF-bvieputxojihcqchgwytombtvhqx/Build/Intermediates.noindex/AgendaHOF.build/Debug-iphonesimulator/AgendaHOF.build/AgendaHOF-own-target-headers.hmap

WriteAuxiliaryFile /Users/nicolas/Library/Developer/Xcode/DerivedData/AgendaHOF-bvieputxojihcqchgwytombtvhqx/Build/Intermediates.noindex/AgendaHOF.build/Debug-iphonesimulator/AgendaHOF.build/AgendaHOF-generated-files.hmap (in target 'AgendaHOF' from project 'AgendaHOF')
    cd /Users/nicolas/Documents/aplicativos-sites/AgendaHOF-iOS
    write-file /Users/nicolas/Library/Developer/Xcode/DerivedData/AgendaHOF-bvieputxojihcqchgwytombtvhqx/Build/Intermediates.noindex/AgendaHOF.build/Debug-iphonesimulator/AgendaHOF.build/AgendaHOF-generated-files.hmap

WriteAuxiliaryFile /Users/nicolas/Library/Developer/Xcode/DerivedData/AgendaHOF-bvieputxojihcqchgwytombtvhqx/Build/Intermediates.noindex/AgendaHOF.build/Debug-iphonesimulator/AgendaHOF.build/AgendaHOF-all-target-headers.hmap (in target 'AgendaHOF' from project 'AgendaHOF')
    cd /Users/nicolas/Documents/aplicativos-sites/AgendaHOF-iOS
    write-file /Users/nicolas/Library/Developer/Xcode/DerivedData/AgendaHOF-bvieputxojihcqchgwytombtvhqx/Build/Intermediates.noindex/AgendaHOF.build/Debug-iphonesimulator/AgendaHOF.build/AgendaHOF-all-target-headers.hmap

WriteAuxiliaryFile /Users/nicolas/Library/Developer/Xcode/DerivedData/AgendaHOF-bvieputxojihcqchgwytombtvhqx/Build/Intermediates.noindex/AgendaHOF.build/Debug-iphonesimulator/AgendaHOF.build/AgendaHOF-all-non-framework-target-headers.hmap (in target 'AgendaHOF' from project 'AgendaHOF')
    cd /Users/nicolas/Documents/aplicativos-sites/AgendaHOF-iOS
    write-file /Users/nicolas/Library/Developer/Xcode/DerivedData/AgendaHOF-bvieputxojihcqchgwytombtvhqx/Build/Intermediates.noindex/AgendaHOF.build/Debug-iphonesimulator/AgendaHOF.build/AgendaHOF-all-non-framework-target-headers.hmap

WriteAuxiliaryFile /Users/nicolas/Library/Developer/Xcode/DerivedData/AgendaHOF-bvieputxojihcqchgwytombtvhqx/Build/Intermediates.noindex/AgendaHOF.build/Debug-iphonesimulator/AgendaHOF.build/AgendaHOF-DebugDylibPath-normal-arm64.txt (in target 'AgendaHOF' from project 'AgendaHOF')
    cd /Users/nicolas/Documents/aplicativos-sites/AgendaHOF-iOS
    write-file /Users/nicolas/Library/Developer/Xcode/DerivedData/AgendaHOF-bvieputxojihcqchgwytombtvhqx/Build/Intermediates.noindex/AgendaHOF.build/Debug-iphonesimulator/AgendaHOF.build/AgendaHOF-DebugDylibPath-normal-arm64.txt

WriteAuxiliaryFile /Users/nicolas/Library/Developer/Xcode/DerivedData/AgendaHOF-bvieputxojihcqchgwytombtvhqx/Build/Intermediates.noindex/AgendaHOF.build/Debug-iphonesimulator/AgendaHOF.build/AgendaHOF-DebugDylibInstallName-normal-arm64.txt (in target 'AgendaHOF' from project 'AgendaHOF')
    cd /Users/nicolas/Documents/aplicativos-sites/AgendaHOF-iOS
    write-file /Users/nicolas/Library/Developer/Xcode/DerivedData/AgendaHOF-bvieputxojihcqchgwytombtvhqx/Build/Intermediates.noindex/AgendaHOF.build/Debug-iphonesimulator/AgendaHOF.build/AgendaHOF-DebugDylibInstallName-normal-arm64.txt

MkDir /Users/nicolas/Library/Developer/Xcode/DerivedData/AgendaHOF-bvieputxojihcqchgwytombtvhqx/Build/Products/Debug-iphonesimulator/AgendaWidgetExtension.appex (in target 'AgendaWidgetExtension' from project 'AgendaHOF')
    cd /Users/nicolas/Documents/aplicativos-sites/AgendaHOF-iOS
    /bin/mkdir -p /Users/nicolas/Library/Developer/Xcode/DerivedData/AgendaHOF-bvieputxojihcqchgwytombtvhqx/Build/Products/Debug-iphonesimulator/AgendaWidgetExtension.appex

MkDir /Users/nicolas/Library/Developer/Xcode/DerivedData/AgendaHOF-bvieputxojihcqchgwytombtvhqx/Build/Products/Debug-iphonesimulator/AgendaHOF.app (in target 'AgendaHOF' from project 'AgendaHOF')
    cd /Users/nicolas/Documents/aplicativos-sites/AgendaHOF-iOS
    /bin/mkdir -p /Users/nicolas/Library/Developer/Xcode/DerivedData/AgendaHOF-bvieputxojihcqchgwytombtvhqx/Build/Products/Debug-iphonesimulator/AgendaHOF.app

MkDir /Users/nicolas/Library/Developer/Xcode/DerivedData/AgendaHOF-bvieputxojihcqchgwytombtvhqx/Build/Products/Debug-iphonesimulator/AgendaHOF.app/PlugIns (in target 'AgendaHOF' from project 'AgendaHOF')
    cd /Users/nicolas/Documents/aplicativos-sites/AgendaHOF-iOS
    /bin/mkdir -p /Users/nicolas/Library/Developer/Xcode/DerivedData/AgendaHOF-bvieputxojihcqchgwytombtvhqx/Build/Products/Debug-iphonesimulator/AgendaHOF.app/PlugIns

ValidateDevelopmentAssets /Users/nicolas/Library/Developer/Xcode/DerivedData/AgendaHOF-bvieputxojihcqchgwytombtvhqx/Build/Intermediates.noindex/AgendaHOF.build/Debug-iphonesimulator/AgendaWidgetExtension.build (in target 'AgendaWidgetExtension' from project 'AgendaHOF')
    cd /Users/nicolas/Documents/aplicativos-sites/AgendaHOF-iOS
    builtin-validate-development-assets --validate YES_ERROR /Users/nicolas/Documents/aplicativos-sites/AgendaHOF-iOS/Preview\ Content

ProcessProductPackaging /Users/nicolas/Documents/aplicativos-sites/AgendaHOF-iOS/AgendaWidgetExtension.entitlements /Users/nicolas/Library/Developer/Xcode/DerivedData/AgendaHOF-bvieputxojihcqchgwytombtvhqx/Build/Intermediates.noindex/AgendaHOF.build/Debug-iphonesimulator/AgendaWidgetExtension.build/AgendaWidgetExtension.appex.xcent (in target 'AgendaWidgetExtension' from project 'AgendaHOF')
    cd /Users/nicolas/Documents/aplicativos-sites/AgendaHOF-iOS
    
    Entitlements:
    
    {
}
    
    builtin-productPackagingUtility /Users/nicolas/Documents/aplicativos-sites/AgendaHOF-iOS/AgendaWidgetExtension.entitlements -entitlements -format xml -o /Users/nicolas/Library/Developer/Xcode/DerivedData/AgendaHOF-bvieputxojihcqchgwytombtvhqx/Build/Intermediates.noindex/AgendaHOF.build/Debug-iphonesimulator/AgendaWidgetExtension.build/AgendaWidgetExtension.appex.xcent

ProcessProductPackaging /Users/nicolas/Documents/aplicativos-sites/AgendaHOF-iOS/AgendaWidgetExtension.entitlements /Users/nicolas/Library/Developer/Xcode/DerivedData/AgendaHOF-bvieputxojihcqchgwytombtvhqx/Build/Intermediates.noindex/AgendaHOF.build/Debug-iphonesimulator/AgendaWidgetExtension.build/AgendaWidgetExtension.appex-Simulated.xcent (in target 'AgendaWidgetExtension' from project 'AgendaHOF')
    cd /Users/nicolas/Documents/aplicativos-sites/AgendaHOF-iOS
    
    Entitlements:
    
    {
    "application-identifier" = "J5YU2V26FV.com.agendahof.swift.AgendaWidget";
    "com.apple.security.application-groups" =     (
        "group.com.agendahof.shared"
    );
}
    
    builtin-productPackagingUtility /Users/nicolas/Documents/aplicativos-sites/AgendaHOF-iOS/AgendaWidgetExtension.entitlements -entitlements -format xml -o /Users/nicolas/Library/Developer/Xcode/DerivedData/AgendaHOF-bvieputxojihcqchgwytombtvhqx/Build/Intermediates.noindex/AgendaHOF.build/Debug-iphonesimulator/AgendaWidgetExtension.build/AgendaWidgetExtension.appex-Simulated.xcent

CpResource /Users/nicolas/Library/Developer/Xcode/DerivedData/AgendaHOF-bvieputxojihcqchgwytombtvhqx/Build/Products/Debug-iphonesimulator/swift-crypto_Crypto.bundle/PrivacyInfo.xcprivacy /Users/nicolas/Library/Developer/Xcode/DerivedData/AgendaHOF-bvieputxojihcqchgwytombtvhqx/SourcePackages/checkouts/swift-crypto/Sources/Crypto/PrivacyInfo.xcprivacy (in target 'swift-crypto_Crypto' from project 'swift-crypto')
    cd /Users/nicolas/Library/Developer/Xcode/DerivedData/AgendaHOF-bvieputxojihcqchgwytombtvhqx/SourcePackages/checkouts/swift-crypto
    builtin-copy -exclude .DS_Store -exclude CVS -exclude .svn -exclude .git -exclude .hg -resolve-src-symlinks /Users/nicolas/Library/Developer/Xcode/DerivedData/AgendaHOF-bvieputxojihcqchgwytombtvhqx/SourcePackages/checkouts/swift-crypto/Sources/Crypto/PrivacyInfo.xcprivacy /Users/nicolas/Library/Developer/Xcode/DerivedData/AgendaHOF-bvieputxojihcqchgwytombtvhqx/Build/Products/Debug-iphonesimulator/swift-crypto_Crypto.bundle

ProcessInfoPlistFile /Users/nicolas/Library/Developer/Xcode/DerivedData/AgendaHOF-bvieputxojihcqchgwytombtvhqx/Build/Products/Debug-iphonesimulator/swift-crypto_Crypto.bundle/Info.plist /Users/nicolas/Library/Developer/Xcode/DerivedData/AgendaHOF-bvieputxojihcqchgwytombtvhqx/Build/Intermediates.noindex/swift-crypto.build/Debug-iphonesimulator/swift-crypto_Crypto.build/empty-swift-crypto_Crypto.plist (in target 'swift-crypto_Crypto' from project 'swift-crypto')
    cd /Users/nicolas/Library/Developer/Xcode/DerivedData/AgendaHOF-bvieputxojihcqchgwytombtvhqx/SourcePackages/checkouts/swift-crypto
    builtin-infoPlistUtility /Users/nicolas/Library/Developer/Xcode/DerivedData/AgendaHOF-bvieputxojihcqchgwytombtvhqx/Build/Intermediates.noindex/swift-crypto.build/Debug-iphonesimulator/swift-crypto_Crypto.build/empty-swift-crypto_Crypto.plist -producttype com.apple.product-type.bundle -expandbuildsettings -format binary -platform iphonesimulator -o /Users/nicolas/Library/Developer/Xcode/DerivedData/AgendaHOF-bvieputxojihcqchgwytombtvhqx/Build/Products/Debug-iphonesimulator/swift-crypto_Crypto.bundle/Info.plist

ProcessProductPackagingDER /Users/nicolas/Library/Developer/Xcode/DerivedData/AgendaHOF-bvieputxojihcqchgwytombtvhqx/Build/Intermediates.noindex/AgendaHOF.build/Debug-iphonesimulator/AgendaWidgetExtension.build/AgendaWidgetExtension.appex.xcent /Users/nicolas/Library/Developer/Xcode/DerivedData/AgendaHOF-bvieputxojihcqchgwytombtvhqx/Build/Intermediates.noindex/AgendaHOF.build/Debug-iphonesimulator/AgendaWidgetExtension.build/AgendaWidgetExtension.appex.xcent.der (in target 'AgendaWidgetExtension' from project 'AgendaHOF')
    cd /Users/nicolas/Documents/aplicativos-sites/AgendaHOF-iOS
    /usr/bin/derq query -f xml -i /Users/nicolas/Library/Developer/Xcode/DerivedData/AgendaHOF-bvieputxojihcqchgwytombtvhqx/Build/Intermediates.noindex/AgendaHOF.build/Debug-iphonesimulator/AgendaWidgetExtension.build/AgendaWidgetExtension.appex.xcent -o /Users/nicolas/Library/Developer/Xcode/DerivedData/AgendaHOF-bvieputxojihcqchgwytombtvhqx/Build/Intermediates.noindex/AgendaHOF.build/Debug-iphonesimulator/AgendaWidgetExtension.build/AgendaWidgetExtension.appex.xcent.der --raw

ProcessProductPackagingDER /Users/nicolas/Library/Developer/Xcode/DerivedData/AgendaHOF-bvieputxojihcqchgwytombtvhqx/Build/Intermediates.noindex/AgendaHOF.build/Debug-iphonesimulator/AgendaWidgetExtension.build/AgendaWidgetExtension.appex-Simulated.xcent /Users/nicolas/Library/Developer/Xcode/DerivedData/AgendaHOF-bvieputxojihcqchgwytombtvhqx/Build/Intermediates.noindex/AgendaHOF.build/Debug-iphonesimulator/AgendaWidgetExtension.build/AgendaWidgetExtension.appex-Simulated.xcent.der (in target 'AgendaWidgetExtension' from project 'AgendaHOF')
    cd /Users/nicolas/Documents/aplicativos-sites/AgendaHOF-iOS
    /usr/bin/derq query -f xml -i /Users/nicolas/Library/Developer/Xcode/DerivedData/AgendaHOF-bvieputxojihcqchgwytombtvhqx/Build/Intermediates.noindex/AgendaHOF.build/Debug-iphonesimulator/AgendaWidgetExtension.build/AgendaWidgetExtension.appex-Simulated.xcent -o /Users/nicolas/Library/Developer/Xcode/DerivedData/AgendaHOF-bvieputxojihcqchgwytombtvhqx/Build/Intermediates.noindex/AgendaHOF.build/Debug-iphonesimulator/AgendaWidgetExtension.build/AgendaWidgetExtension.appex-Simulated.xcent.der --raw

CodeSign /Users/nicolas/Library/Developer/Xcode/DerivedData/AgendaHOF-bvieputxojihcqchgwytombtvhqx/Build/Products/Debug-iphonesimulator/swift-crypto_Crypto.bundle (in target 'swift-crypto_Crypto' from project 'swift-crypto')
    cd /Users/nicolas/Library/Developer/Xcode/DerivedData/AgendaHOF-bvieputxojihcqchgwytombtvhqx/SourcePackages/checkouts/swift-crypto
    
    Signing Identity:     "Sign to Run Locally"
    
    /usr/bin/codesign --force --sign - --timestamp\=none --generate-entitlement-der /Users/nicolas/Library/Developer/Xcode/DerivedData/AgendaHOF-bvieputxojihcqchgwytombtvhqx/Build/Products/Debug-iphonesimulator/swift-crypto_Crypto.bundle

Ld /Users/nicolas/Library/Developer/Xcode/DerivedData/AgendaHOF-bvieputxojihcqchgwytombtvhqx/Build/Products/Debug-iphonesimulator/AgendaWidgetExtension.appex/__preview.dylib normal (in target 'AgendaWidgetExtension' from project 'AgendaHOF')
    cd /Users/nicolas/Documents/aplicativos-sites/AgendaHOF-iOS
    /Applications/Xcode.app/Contents/Developer/Toolchains/XcodeDefault.xctoolchain/usr/bin/clang -Xlinker -reproducible -target arm64-apple-ios18.4-simulator -dynamiclib -isysroot /Applications/Xcode.app/Contents/Developer/Platforms/iPhoneSimulator.platform/Developer/SDKs/iPhoneSimulator26.2.sdk -O0 -L/Users/nicolas/Library/Developer/Xcode/DerivedData/AgendaHOF-bvieputxojihcqchgwytombtvhqx/Build/Products/Debug-iphonesimulator -F/Users/nicolas/Library/Developer/Xcode/DerivedData/AgendaHOF-bvieputxojihcqchgwytombtvhqx/Build/Products/Debug-iphonesimulator -install_name @rpath/AgendaWidgetExtension.debug.dylib -dead_strip -rdynamic -Xlinker -no_deduplicate -Xlinker -objc_abi_version -Xlinker 2 -Xlinker -debug_variant -Xlinker -dependency_info -Xlinker /Users/nicolas/Library/Developer/Xcode/DerivedData/AgendaHOF-bvieputxojihcqchgwytombtvhqx/Build/Intermediates.noindex/AgendaHOF.build/Debug-iphonesimulator/AgendaWidgetExtension.build/Objects-normal/arm64/AgendaWidgetExtension_dependency_info.dat -Xlinker -sectcreate -Xlinker __TEXT -Xlinker __entitlements -Xlinker /Users/nicolas/Library/Developer/Xcode/DerivedData/AgendaHOF-bvieputxojihcqchgwytombtvhqx/Build/Intermediates.noindex/AgendaHOF.build/Debug-iphonesimulator/AgendaWidgetExtension.build/AgendaWidgetExtension.appex-Simulated.xcent -Xlinker -sectcreate -Xlinker __TEXT -Xlinker __ents_der -Xlinker /Users/nicolas/Library/Developer/Xcode/DerivedData/AgendaHOF-bvieputxojihcqchgwytombtvhqx/Build/Intermediates.noindex/AgendaHOF.build/Debug-iphonesimulator/AgendaWidgetExtension.build/AgendaWidgetExtension.appex-Simulated.xcent.der -Xlinker -no_adhoc_codesign -o /Users/nicolas/Library/Developer/Xcode/DerivedData/AgendaHOF-bvieputxojihcqchgwytombtvhqx/Build/Products/Debug-iphonesimulator/AgendaWidgetExtension.appex/__preview.dylib

ProcessInfoPlistFile /Users/nicolas/Library/Developer/Xcode/DerivedData/AgendaHOF-bvieputxojihcqchgwytombtvhqx/Build/Products/Debug-iphonesimulator/AgendaWidgetExtension.appex/Info.plist /Users/nicolas/Documents/aplicativos-sites/AgendaHOF-iOS/AgendaWidget/Info.plist (in target 'AgendaWidgetExtension' from project 'AgendaHOF')
    cd /Users/nicolas/Documents/aplicativos-sites/AgendaHOF-iOS
    builtin-infoPlistUtility /Users/nicolas/Documents/aplicativos-sites/AgendaHOF-iOS/AgendaWidget/Info.plist -producttype com.apple.product-type.app-extension -expandbuildsettings -format binary -platform iphonesimulator -o /Users/nicolas/Library/Developer/Xcode/DerivedData/AgendaHOF-bvieputxojihcqchgwytombtvhqx/Build/Products/Debug-iphonesimulator/AgendaWidgetExtension.appex/Info.plist

RegisterExecutionPolicyException /Users/nicolas/Library/Developer/Xcode/DerivedData/AgendaHOF-bvieputxojihcqchgwytombtvhqx/Build/Products/Debug-iphonesimulator/swift-crypto_Crypto.bundle (in target 'swift-crypto_Crypto' from project 'swift-crypto')
    cd /Users/nicolas/Library/Developer/Xcode/DerivedData/AgendaHOF-bvieputxojihcqchgwytombtvhqx/SourcePackages/checkouts/swift-crypto
    builtin-RegisterExecutionPolicyException /Users/nicolas/Library/Developer/Xcode/DerivedData/AgendaHOF-bvieputxojihcqchgwytombtvhqx/Build/Products/Debug-iphonesimulator/swift-crypto_Crypto.bundle

Touch /Users/nicolas/Library/Developer/Xcode/DerivedData/AgendaHOF-bvieputxojihcqchgwytombtvhqx/Build/Products/Debug-iphonesimulator/swift-crypto_Crypto.bundle (in target 'swift-crypto_Crypto' from project 'swift-crypto')
    cd /Users/nicolas/Library/Developer/Xcode/DerivedData/AgendaHOF-bvieputxojihcqchgwytombtvhqx/SourcePackages/checkouts/swift-crypto
    /usr/bin/touch -c /Users/nicolas/Library/Developer/Xcode/DerivedData/AgendaHOF-bvieputxojihcqchgwytombtvhqx/Build/Products/Debug-iphonesimulator/swift-crypto_Crypto.bundle

SwiftDriver IssueReportingPackageSupport normal arm64 com.apple.xcode.tools.swift.compiler (in target 'IssueReportingPackageSupport' from project 'xctest-dynamic-overlay')
    cd /Users/nicolas/Documents/aplicativos-sites/AgendaHOF-iOS/AgendaHOF.xcodeproj
    builtin-SwiftDriver -- /Applications/Xcode.app/Contents/Developer/Toolchains/XcodeDefault.xctoolchain/usr/bin/swiftc -module-name IssueReportingPackageSupport -Onone -enforce-exclusivity\=checked @/Users/nicolas/Library/Developer/Xcode/DerivedData/AgendaHOF-bvieputxojihcqchgwytombtvhqx/Build/Intermediates.noindex/xctest-dynamic-overlay.build/Debug-iphonesimulator/IssueReportingPackageSupport.build/Objects-normal/arm64/IssueReportingPackageSupport.SwiftFileList -DSWIFT_PACKAGE -DDEBUG -DSWIFT_MODULE_RESOURCE_BUNDLE_UNAVAILABLE -DXcode -plugin-path /Applications/Xcode.app/Contents/Developer/Toolchains/XcodeDefault.xctoolchain/usr/lib/swift/host/plugins/testing -enable-experimental-feature DebugDescriptionMacro -sdk /Applications/Xcode.app/Contents/Developer/Platforms/iPhoneSimulator.platform/Developer/SDKs/iPhoneSimulator26.2.sdk -target arm64-apple-ios13.0-simulator -g -module-cache-path /Users/nicolas/Library/Developer/Xcode/DerivedData/ModuleCache.noindex -Xfrontend -serialize-debugging-options -profile-coverage-mapping -profile-generate -enable-testing -suppress-warnings -index-store-path /Users/nicolas/Library/Developer/Xcode/DerivedData/AgendaHOF-bvieputxojihcqchgwytombtvhqx/Index.noindex/DataStore -Xcc -D_LIBCPP_HARDENING_MODE\=_LIBCPP_HARDENING_MODE_DEBUG -swift-version 6 -I /Users/nicolas/Library/Developer/Xcode/DerivedData/AgendaHOF-bvieputxojihcqchgwytombtvhqx/Build/Products/Debug-iphonesimulator -Isystem /Applications/Xcode.app/Contents/Developer/Platforms/iPhoneSimulator.platform/Developer/usr/lib -F /Users/nicolas/Library/Developer/Xcode/DerivedData/AgendaHOF-bvieputxojihcqchgwytombtvhqx/Build/Products/Debug-iphonesimulator -F /Applications/Xcode.app/Contents/Developer/Platforms/iPhoneSimulator.platform/Developer/Library/Frameworks -F /Applications/Xcode.app/Contents/Developer/Platforms/iPhoneSimulator.platform/Developer/SDKs/iPhoneSimulator26.2.sdk/Developer/Library/Frameworks -parse-as-library -c -j10 -enable-batch-mode -incremental -Xcc -ivfsstatcache -Xcc /Users/nicolas/Library/Developer/Xcode/DerivedData/SDKStatCaches.noindex/iphonesimulator26.2-23C53-7d00a8b37fbd7999ea79df8ebc024bf0.sdkstatcache -output-file-map /Users/nicolas/Library/Developer/Xcode/DerivedData/AgendaHOF-bvieputxojihcqchgwytombtvhqx/Build/Intermediates.noindex/xctest-dynamic-overlay.build/Debug-iphonesimulator/IssueReportingPackageSupport.build/Objects-normal/arm64/IssueReportingPackageSupport-OutputFileMap.json -use-frontend-parseable-output -save-temps -no-color-diagnostics -explicit-module-build -module-cache-path /Users/nicolas/Library/Developer/Xcode/DerivedData/AgendaHOF-bvieputxojihcqchgwytombtvhqx/Build/Intermediates.noindex/SwiftExplicitPrecompiledModules -clang-scanner-module-cache-path /Users/nicolas/Library/Developer/Xcode/DerivedData/ModuleCache.noindex -sdk-module-cache-path /Users/nicolas/Library/Developer/Xcode/DerivedData/ModuleCache.noindex -serialize-diagnostics -emit-dependencies -emit-module -emit-module-path /Users/nicolas/Library/Developer/Xcode/DerivedData/AgendaHOF-bvieputxojihcqchgwytombtvhqx/Build/Intermediates.noindex/xctest-dynamic-overlay.build/Debug-iphonesimulator/IssueReportingPackageSupport.build/Objects-normal/arm64/IssueReportingPackageSupport.swiftmodule -user-module-version 1.8.0 -validate-clang-modules-once -clang-build-session-file /Users/nicolas/Library/Developer/Xcode/DerivedData/ModuleCache.noindex/Session.modulevalidation -package-name xctest_dynamic_overlay -Xcc -I/Users/nicolas/Library/Developer/Xcode/DerivedData/AgendaHOF-bvieputxojihcqchgwytombtvhqx/Build/Intermediates.noindex/xctest-dynamic-overlay.build/Debug-iphonesimulator/IssueReportingPackageSupport.build/swift-overrides.hmap -emit-const-values -Xfrontend -const-gather-protocols-file -Xfrontend /Users/nicolas/Library/Developer/Xcode/DerivedData/AgendaHOF-bvieputxojihcqchgwytombtvhqx/Build/Intermediates.noindex/xctest-dynamic-overlay.build/Debug-iphonesimulator/IssueReportingPackageSupport.build/Objects-normal/arm64/IssueReportingPackageSupport_const_extract_protocols.json -Xcc -I/Users/nicolas/Library/Developer/Xcode/DerivedData/AgendaHOF-bvieputxojihcqchgwytombtvhqx/Build/Products/Debug-iphonesimulator/include -Xcc -I/Users/nicolas/Library/Developer/Xcode/DerivedData/AgendaHOF-bvieputxojihcqchgwytombtvhqx/Build/Intermediates.noindex/xctest-dynamic-overlay.build/Debug-iphonesimulator/IssueReportingPackageSupport.build/DerivedSources-normal/arm64 -Xcc -I/Users/nicolas/Library/Developer/Xcode/DerivedData/AgendaHOF-bvieputxojihcqchgwytombtvhqx/Build/Intermediates.noindex/xctest-dynamic-overlay.build/Debug-iphonesimulator/IssueReportingPackageSupport.build/DerivedSources/arm64 -Xcc -I/Users/nicolas/Library/Developer/Xcode/DerivedData/AgendaHOF-bvieputxojihcqchgwytombtvhqx/Build/Intermediates.noindex/xctest-dynamic-overlay.build/Debug-iphonesimulator/IssueReportingPackageSupport.build/DerivedSources -Xcc -DSWIFT_PACKAGE -Xcc -DDEBUG\=1 -emit-objc-header -emit-objc-header-path /Users/nicolas/Library/Developer/Xcode/DerivedData/AgendaHOF-bvieputxojihcqchgwytombtvhqx/Build/Intermediates.noindex/xctest-dynamic-overlay.build/Debug-iphonesimulator/IssueReportingPackageSupport.build/Objects-normal/arm64/IssueReportingPackageSupport-Swift.h -working-directory /Users/nicolas/Documents/aplicativos-sites/AgendaHOF-iOS/AgendaHOF.xcodeproj -experimental-emit-module-separately -disable-cmo

SwiftDriver HTTPTypes normal arm64 com.apple.xcode.tools.swift.compiler (in target 'HTTPTypes' from project 'swift-http-types')
    cd /Users/nicolas/Documents/aplicativos-sites/AgendaHOF-iOS/AgendaHOF.xcodeproj
    builtin-SwiftDriver -- /Applications/Xcode.app/Contents/Developer/Toolchains/XcodeDefault.xctoolchain/usr/bin/swiftc -module-name HTTPTypes -Onone -enforce-exclusivity\=checked @/Users/nicolas/Library/Developer/Xcode/DerivedData/AgendaHOF-bvieputxojihcqchgwytombtvhqx/Build/Intermediates.noindex/swift-http-types.build/Debug-iphonesimulator/HTTPTypes.build/Objects-normal/arm64/HTTPTypes.SwiftFileList -DSWIFT_PACKAGE -DDEBUG -DSWIFT_MODULE_RESOURCE_BUNDLE_UNAVAILABLE -DXcode -enable-experimental-feature StrictConcurrency\=complete -enable-upcoming-feature MemberImportVisibility -plugin-path /Applications/Xcode.app/Contents/Developer/Toolchains/XcodeDefault.xctoolchain/usr/lib/swift/host/plugins/testing -enable-experimental-feature DebugDescriptionMacro -sdk /Applications/Xcode.app/Contents/Developer/Platforms/iPhoneSimulator.platform/Developer/SDKs/iPhoneSimulator26.2.sdk -target arm64-apple-ios12.0-simulator -g -module-cache-path /Users/nicolas/Library/Developer/Xcode/DerivedData/ModuleCache.noindex -Xfrontend -serialize-debugging-options -profile-coverage-mapping -profile-generate -enable-testing -suppress-warnings -index-store-path /Users/nicolas/Library/Developer/Xcode/DerivedData/AgendaHOF-bvieputxojihcqchgwytombtvhqx/Index.noindex/DataStore -Xcc -D_LIBCPP_HARDENING_MODE\=_LIBCPP_HARDENING_MODE_DEBUG -swift-version 5 -I /Users/nicolas/Library/Developer/Xcode/DerivedData/AgendaHOF-bvieputxojihcqchgwytombtvhqx/Build/Products/Debug-iphonesimulator -Isystem /Applications/Xcode.app/Contents/Developer/Platforms/iPhoneSimulator.platform/Developer/usr/lib -F /Users/nicolas/Library/Developer/Xcode/DerivedData/AgendaHOF-bvieputxojihcqchgwytombtvhqx/Build/Products/Debug-iphonesimulator -F /Applications/Xcode.app/Contents/Developer/Platforms/iPhoneSimulator.platform/Developer/Library/Frameworks -F /Applications/Xcode.app/Contents/Developer/Platforms/iPhoneSimulator.platform/Developer/SDKs/iPhoneSimulator26.2.sdk/Developer/Library/Frameworks -c -j10 -enable-batch-mode -incremental -Xcc -ivfsstatcache -Xcc /Users/nicolas/Library/Developer/Xcode/DerivedData/SDKStatCaches.noindex/iphonesimulator26.2-23C53-7d00a8b37fbd7999ea79df8ebc024bf0.sdkstatcache -output-file-map /Users/nicolas/Library/Developer/Xcode/DerivedData/AgendaHOF-bvieputxojihcqchgwytombtvhqx/Build/Intermediates.noindex/swift-http-types.build/Debug-iphonesimulator/HTTPTypes.build/Objects-normal/arm64/HTTPTypes-OutputFileMap.json -use-frontend-parseable-output -save-temps -no-color-diagnostics -explicit-module-build -module-cache-path /Users/nicolas/Library/Developer/Xcode/DerivedData/AgendaHOF-bvieputxojihcqchgwytombtvhqx/Build/Intermediates.noindex/SwiftExplicitPrecompiledModules -clang-scanner-module-cache-path /Users/nicolas/Library/Developer/Xcode/DerivedData/ModuleCache.noindex -sdk-module-cache-path /Users/nicolas/Library/Developer/Xcode/DerivedData/ModuleCache.noindex -serialize-diagnostics -emit-dependencies -emit-module -emit-module-path /Users/nicolas/Library/Developer/Xcode/DerivedData/AgendaHOF-bvieputxojihcqchgwytombtvhqx/Build/Intermediates.noindex/swift-http-types.build/Debug-iphonesimulator/HTTPTypes.build/Objects-normal/arm64/HTTPTypes.swiftmodule -validate-clang-modules-once -clang-build-session-file /Users/nicolas/Library/Developer/Xcode/DerivedData/ModuleCache.noindex/Session.modulevalidation -package-name swift_http_types -Xcc -I/Users/nicolas/Library/Developer/Xcode/DerivedData/AgendaHOF-bvieputxojihcqchgwytombtvhqx/Build/Intermediates.noindex/swift-http-types.build/Debug-iphonesimulator/HTTPTypes.build/swift-overrides.hmap -emit-const-values -Xfrontend -const-gather-protocols-file -Xfrontend /Users/nicolas/Library/Developer/Xcode/DerivedData/AgendaHOF-bvieputxojihcqchgwytombtvhqx/Build/Intermediates.noindex/swift-http-types.build/Debug-iphonesimulator/HTTPTypes.build/Objects-normal/arm64/HTTPTypes_const_extract_protocols.json -Xcc -I/Users/nicolas/Library/Developer/Xcode/DerivedData/AgendaHOF-bvieputxojihcqchgwytombtvhqx/Build/Products/Debug-iphonesimulator/include -Xcc -I/Users/nicolas/Library/Developer/Xcode/DerivedData/AgendaHOF-bvieputxojihcqchgwytombtvhqx/Build/Intermediates.noindex/swift-http-types.build/Debug-iphonesimulator/HTTPTypes.build/DerivedSources-normal/arm64 -Xcc -I/Users/nicolas/Library/Developer/Xcode/DerivedData/AgendaHOF-bvieputxojihcqchgwytombtvhqx/Build/Intermediates.noindex/swift-http-types.build/Debug-iphonesimulator/HTTPTypes.build/DerivedSources/arm64 -Xcc -I/Users/nicolas/Library/Developer/Xcode/DerivedData/AgendaHOF-bvieputxojihcqchgwytombtvhqx/Build/Intermediates.noindex/swift-http-types.build/Debug-iphonesimulator/HTTPTypes.build/DerivedSources -Xcc -DSWIFT_PACKAGE -Xcc -DDEBUG\=1 -emit-objc-header -emit-objc-header-path /Users/nicolas/Library/Developer/Xcode/DerivedData/AgendaHOF-bvieputxojihcqchgwytombtvhqx/Build/Intermediates.noindex/swift-http-types.build/Debug-iphonesimulator/HTTPTypes.build/Objects-normal/arm64/HTTPTypes-Swift.h -working-directory /Users/nicolas/Documents/aplicativos-sites/AgendaHOF-iOS/AgendaHOF.xcodeproj -experimental-emit-module-separately -disable-cmo

SwiftDriver Crypto normal arm64 com.apple.xcode.tools.swift.compiler (in target 'Crypto' from project 'swift-crypto')
    cd /Users/nicolas/Documents/aplicativos-sites/AgendaHOF-iOS/AgendaHOF.xcodeproj
    builtin-SwiftDriver -- /Applications/Xcode.app/Contents/Developer/Toolchains/XcodeDefault.xctoolchain/usr/bin/swiftc -module-name Crypto -Onone -enforce-exclusivity\=checked @/Users/nicolas/Library/Developer/Xcode/DerivedData/AgendaHOF-bvieputxojihcqchgwytombtvhqx/Build/Intermediates.noindex/swift-crypto.build/Debug-iphonesimulator/Crypto.build/Objects-normal/arm64/Crypto.SwiftFileList -DSWIFT_PACKAGE -DDEBUG -DSWIFT_MODULE_RESOURCE_BUNDLE_AVAILABLE -DCRYPTO_IN_SWIFTPM -DXcode -enable-upcoming-feature MemberImportVisibility -plugin-path /Applications/Xcode.app/Contents/Developer/Toolchains/XcodeDefault.xctoolchain/usr/lib/swift/host/plugins/testing -enable-experimental-feature DebugDescriptionMacro -sdk /Applications/Xcode.app/Contents/Developer/Platforms/iPhoneSimulator.platform/Developer/SDKs/iPhoneSimulator26.2.sdk -target arm64-apple-ios12.0-simulator -g -module-cache-path /Users/nicolas/Library/Developer/Xcode/DerivedData/ModuleCache.noindex -Xfrontend -serialize-debugging-options -profile-coverage-mapping -profile-generate -enable-testing -suppress-warnings -index-store-path /Users/nicolas/Library/Developer/Xcode/DerivedData/AgendaHOF-bvieputxojihcqchgwytombtvhqx/Index.noindex/DataStore -Xcc -D_LIBCPP_HARDENING_MODE\=_LIBCPP_HARDENING_MODE_DEBUG -swift-version 6 -I /Users/nicolas/Library/Developer/Xcode/DerivedData/AgendaHOF-bvieputxojihcqchgwytombtvhqx/Build/Products/Debug-iphonesimulator -Isystem /Applications/Xcode.app/Contents/Developer/Platforms/iPhoneSimulator.platform/Developer/usr/lib -F /Users/nicolas/Library/Developer/Xcode/DerivedData/AgendaHOF-bvieputxojihcqchgwytombtvhqx/Build/Products/Debug-iphonesimulator -F /Applications/Xcode.app/Contents/Developer/Platforms/iPhoneSimulator.platform/Developer/Library/Frameworks -F /Applications/Xcode.app/Contents/Developer/Platforms/iPhoneSimulator.platform/Developer/SDKs/iPhoneSimulator26.2.sdk/Developer/Library/Frameworks -c -j10 -enable-batch-mode -incremental -Xcc -ivfsstatcache -Xcc /Users/nicolas/Library/Developer/Xcode/DerivedData/SDKStatCaches.noindex/iphonesimulator26.2-23C53-7d00a8b37fbd7999ea79df8ebc024bf0.sdkstatcache -output-file-map /Users/nicolas/Library/Developer/Xcode/DerivedData/AgendaHOF-bvieputxojihcqchgwytombtvhqx/Build/Intermediates.noindex/swift-crypto.build/Debug-iphonesimulator/Crypto.build/Objects-normal/arm64/Crypto-OutputFileMap.json -use-frontend-parseable-output -save-temps -no-color-diagnostics -explicit-module-build -module-cache-path /Users/nicolas/Library/Developer/Xcode/DerivedData/AgendaHOF-bvieputxojihcqchgwytombtvhqx/Build/Intermediates.noindex/SwiftExplicitPrecompiledModules -clang-scanner-module-cache-path /Users/nicolas/Library/Developer/Xcode/DerivedData/ModuleCache.noindex -sdk-module-cache-path /Users/nicolas/Library/Developer/Xcode/DerivedData/ModuleCache.noindex -serialize-diagnostics -emit-dependencies -emit-module -emit-module-path /Users/nicolas/Library/Developer/Xcode/DerivedData/AgendaHOF-bvieputxojihcqchgwytombtvhqx/Build/Intermediates.noindex/swift-crypto.build/Debug-iphonesimulator/Crypto.build/Objects-normal/arm64/Crypto.swiftmodule -user-module-version 4.2.0 -validate-clang-modules-once -clang-build-session-file /Users/nicolas/Library/Developer/Xcode/DerivedData/ModuleCache.noindex/Session.modulevalidation -package-name swift_crypto -Xcc -I/Users/nicolas/Library/Developer/Xcode/DerivedData/AgendaHOF-bvieputxojihcqchgwytombtvhqx/Build/Intermediates.noindex/swift-crypto.build/Debug-iphonesimulator/Crypto.build/swift-overrides.hmap -emit-const-values -Xfrontend -const-gather-protocols-file -Xfrontend /Users/nicolas/Library/Developer/Xcode/DerivedData/AgendaHOF-bvieputxojihcqchgwytombtvhqx/Build/Intermediates.noindex/swift-crypto.build/Debug-iphonesimulator/Crypto.build/Objects-normal/arm64/Crypto_const_extract_protocols.json -Xcc -I/Users/nicolas/Library/Developer/Xcode/DerivedData/AgendaHOF-bvieputxojihcqchgwytombtvhqx/Build/Products/Debug-iphonesimulator/include -Xcc -I/Users/nicolas/Library/Developer/Xcode/DerivedData/AgendaHOF-bvieputxojihcqchgwytombtvhqx/Build/Intermediates.noindex/swift-crypto.build/Debug-iphonesimulator/Crypto.build/DerivedSources-normal/arm64 -Xcc -I/Users/nicolas/Library/Developer/Xcode/DerivedData/AgendaHOF-bvieputxojihcqchgwytombtvhqx/Build/Intermediates.noindex/swift-crypto.build/Debug-iphonesimulator/Crypto.build/DerivedSources/arm64 -Xcc -I/Users/nicolas/Library/Developer/Xcode/DerivedData/AgendaHOF-bvieputxojihcqchgwytombtvhqx/Build/Intermediates.noindex/swift-crypto.build/Debug-iphonesimulator/Crypto.build/DerivedSources -Xcc -DSWIFT_PACKAGE -Xcc -DDEBUG\=1 -emit-objc-header -emit-objc-header-path /Users/nicolas/Library/Developer/Xcode/DerivedData/AgendaHOF-bvieputxojihcqchgwytombtvhqx/Build/Intermediates.noindex/swift-crypto.build/Debug-iphonesimulator/Crypto.build/Objects-normal/arm64/Crypto-Swift.h -working-directory /Users/nicolas/Documents/aplicativos-sites/AgendaHOF-iOS/AgendaHOF.xcodeproj -experimental-emit-module-separately -disable-cmo

SwiftDriver ConcurrencyExtras normal arm64 com.apple.xcode.tools.swift.compiler (in target 'ConcurrencyExtras' from project 'swift-concurrency-extras')
    cd /Users/nicolas/Documents/aplicativos-sites/AgendaHOF-iOS/AgendaHOF.xcodeproj
    builtin-SwiftDriver -- /Applications/Xcode.app/Contents/Developer/Toolchains/XcodeDefault.xctoolchain/usr/bin/swiftc -module-name ConcurrencyExtras -Onone -enforce-exclusivity\=checked @/Users/nicolas/Library/Developer/Xcode/DerivedData/AgendaHOF-bvieputxojihcqchgwytombtvhqx/Build/Intermediates.noindex/swift-concurrency-extras.build/Debug-iphonesimulator/ConcurrencyExtras.build/Objects-normal/arm64/ConcurrencyExtras.SwiftFileList -DSWIFT_PACKAGE -DDEBUG -DSWIFT_MODULE_RESOURCE_BUNDLE_UNAVAILABLE -DXcode -plugin-path /Applications/Xcode.app/Contents/Developer/Toolchains/XcodeDefault.xctoolchain/usr/lib/swift/host/plugins/testing -enable-experimental-feature DebugDescriptionMacro -sdk /Applications/Xcode.app/Contents/Developer/Platforms/iPhoneSimulator.platform/Developer/SDKs/iPhoneSimulator26.2.sdk -target arm64-apple-ios13.0-simulator -g -module-cache-path /Users/nicolas/Library/Developer/Xcode/DerivedData/ModuleCache.noindex -Xfrontend -serialize-debugging-options -profile-coverage-mapping -profile-generate -enable-testing -suppress-warnings -index-store-path /Users/nicolas/Library/Developer/Xcode/DerivedData/AgendaHOF-bvieputxojihcqchgwytombtvhqx/Index.noindex/DataStore -Xcc -D_LIBCPP_HARDENING_MODE\=_LIBCPP_HARDENING_MODE_DEBUG -swift-version 6 -I /Users/nicolas/Library/Developer/Xcode/DerivedData/AgendaHOF-bvieputxojihcqchgwytombtvhqx/Build/Products/Debug-iphonesimulator -Isystem /Applications/Xcode.app/Contents/Developer/Platforms/iPhoneSimulator.platform/Developer/usr/lib -F /Users/nicolas/Library/Developer/Xcode/DerivedData/AgendaHOF-bvieputxojihcqchgwytombtvhqx/Build/Products/Debug-iphonesimulator -F /Applications/Xcode.app/Contents/Developer/Platforms/iPhoneSimulator.platform/Developer/Library/Frameworks -F /Applications/Xcode.app/Contents/Developer/Platforms/iPhoneSimulator.platform/Developer/SDKs/iPhoneSimulator26.2.sdk/Developer/Library/Frameworks -c -j10 -enable-batch-mode -incremental -Xcc -ivfsstatcache -Xcc /Users/nicolas/Library/Developer/Xcode/DerivedData/SDKStatCaches.noindex/iphonesimulator26.2-23C53-7d00a8b37fbd7999ea79df8ebc024bf0.sdkstatcache -output-file-map /Users/nicolas/Library/Developer/Xcode/DerivedData/AgendaHOF-bvieputxojihcqchgwytombtvhqx/Build/Intermediates.noindex/swift-concurrency-extras.build/Debug-iphonesimulator/ConcurrencyExtras.build/Objects-normal/arm64/ConcurrencyExtras-OutputFileMap.json -use-frontend-parseable-output -save-temps -no-color-diagnostics -explicit-module-build -module-cache-path /Users/nicolas/Library/Developer/Xcode/DerivedData/AgendaHOF-bvieputxojihcqchgwytombtvhqx/Build/Intermediates.noindex/SwiftExplicitPrecompiledModules -clang-scanner-module-cache-path /Users/nicolas/Library/Developer/Xcode/DerivedData/ModuleCache.noindex -sdk-module-cache-path /Users/nicolas/Library/Developer/Xcode/DerivedData/ModuleCache.noindex -serialize-diagnostics -emit-dependencies -emit-module -emit-module-path /Users/nicolas/Library/Developer/Xcode/DerivedData/AgendaHOF-bvieputxojihcqchgwytombtvhqx/Build/Intermediates.noindex/swift-concurrency-extras.build/Debug-iphonesimulator/ConcurrencyExtras.build/Objects-normal/arm64/ConcurrencyExtras.swiftmodule -user-module-version 1.3.2 -validate-clang-modules-once -clang-build-session-file /Users/nicolas/Library/Developer/Xcode/DerivedData/ModuleCache.noindex/Session.modulevalidation -package-name swift_concurrency_extras -Xcc -I/Users/nicolas/Library/Developer/Xcode/DerivedData/AgendaHOF-bvieputxojihcqchgwytombtvhqx/Build/Intermediates.noindex/swift-concurrency-extras.build/Debug-iphonesimulator/ConcurrencyExtras.build/swift-overrides.hmap -emit-const-values -Xfrontend -const-gather-protocols-file -Xfrontend /Users/nicolas/Library/Developer/Xcode/DerivedData/AgendaHOF-bvieputxojihcqchgwytombtvhqx/Build/Intermediates.noindex/swift-concurrency-extras.build/Debug-iphonesimulator/ConcurrencyExtras.build/Objects-normal/arm64/ConcurrencyExtras_const_extract_protocols.json -Xcc -I/Users/nicolas/Library/Developer/Xcode/DerivedData/AgendaHOF-bvieputxojihcqchgwytombtvhqx/Build/Products/Debug-iphonesimulator/include -Xcc -I/Users/nicolas/Library/Developer/Xcode/DerivedData/AgendaHOF-bvieputxojihcqchgwytombtvhqx/Build/Intermediates.noindex/swift-concurrency-extras.build/Debug-iphonesimulator/ConcurrencyExtras.build/DerivedSources-normal/arm64 -Xcc -I/Users/nicolas/Library/Developer/Xcode/DerivedData/AgendaHOF-bvieputxojihcqchgwytombtvhqx/Build/Intermediates.noindex/swift-concurrency-extras.build/Debug-iphonesimulator/ConcurrencyExtras.build/DerivedSources/arm64 -Xcc -I/Users/nicolas/Library/Developer/Xcode/DerivedData/AgendaHOF-bvieputxojihcqchgwytombtvhqx/Build/Intermediates.noindex/swift-concurrency-extras.build/Debug-iphonesimulator/ConcurrencyExtras.build/DerivedSources -Xcc -DSWIFT_PACKAGE -Xcc -DDEBUG\=1 -emit-objc-header -emit-objc-header-path /Users/nicolas/Library/Developer/Xcode/DerivedData/AgendaHOF-bvieputxojihcqchgwytombtvhqx/Build/Intermediates.noindex/swift-concurrency-extras.build/Debug-iphonesimulator/ConcurrencyExtras.build/Objects-normal/arm64/ConcurrencyExtras-Swift.h -working-directory /Users/nicolas/Documents/aplicativos-sites/AgendaHOF-iOS/AgendaHOF.xcodeproj -experimental-emit-module-separately -disable-cmo

SwiftDriver AgendaWidgetExtension normal arm64 com.apple.xcode.tools.swift.compiler (in target 'AgendaWidgetExtension' from project 'AgendaHOF')
    cd /Users/nicolas/Documents/aplicativos-sites/AgendaHOF-iOS
    builtin-SwiftDriver -- /Applications/Xcode.app/Contents/Developer/Toolchains/XcodeDefault.xctoolchain/usr/bin/swiftc -module-name AgendaWidgetExtension -Onone -enforce-exclusivity\=checked @/Users/nicolas/Library/Developer/Xcode/DerivedData/AgendaHOF-bvieputxojihcqchgwytombtvhqx/Build/Intermediates.noindex/AgendaHOF.build/Debug-iphonesimulator/AgendaWidgetExtension.build/Objects-normal/arm64/AgendaWidgetExtension.SwiftFileList -DDEBUG -DDEBUG -enable-bare-slash-regex -enable-experimental-feature DebugDescriptionMacro -sdk /Applications/Xcode.app/Contents/Developer/Platforms/iPhoneSimulator.platform/Developer/SDKs/iPhoneSimulator26.2.sdk -target arm64-apple-ios18.4-simulator -g -module-cache-path /Users/nicolas/Library/Developer/Xcode/DerivedData/ModuleCache.noindex -Xfrontend -serialize-debugging-options -application-extension -profile-coverage-mapping -profile-generate -enable-testing -index-store-path /Users/nicolas/Library/Developer/Xcode/DerivedData/AgendaHOF-bvieputxojihcqchgwytombtvhqx/Index.noindex/DataStore -Xcc -D_LIBCPP_HARDENING_MODE\=_LIBCPP_HARDENING_MODE_DEBUG -swift-version 5 -I /Users/nicolas/Library/Developer/Xcode/DerivedData/AgendaHOF-bvieputxojihcqchgwytombtvhqx/Build/Products/Debug-iphonesimulator -F /Users/nicolas/Library/Developer/Xcode/DerivedData/AgendaHOF-bvieputxojihcqchgwytombtvhqx/Build/Products/Debug-iphonesimulator -emit-localized-strings -emit-localized-strings-path /Users/nicolas/Library/Developer/Xcode/DerivedData/AgendaHOF-bvieputxojihcqchgwytombtvhqx/Build/Intermediates.noindex/AgendaHOF.build/Debug-iphonesimulator/AgendaWidgetExtension.build/Objects-normal/arm64 -c -j10 -enable-batch-mode -incremental -Xcc -ivfsstatcache -Xcc /Users/nicolas/Library/Developer/Xcode/DerivedData/SDKStatCaches.noindex/iphonesimulator26.2-23C53-7d00a8b37fbd7999ea79df8ebc024bf0.sdkstatcache -output-file-map /Users/nicolas/Library/Developer/Xcode/DerivedData/AgendaHOF-bvieputxojihcqchgwytombtvhqx/Build/Intermediates.noindex/AgendaHOF.build/Debug-iphonesimulator/AgendaWidgetExtension.build/Objects-normal/arm64/AgendaWidgetExtension-OutputFileMap.json -use-frontend-parseable-output -save-temps -no-color-diagnostics -explicit-module-build -module-cache-path /Users/nicolas/Library/Developer/Xcode/DerivedData/AgendaHOF-bvieputxojihcqchgwytombtvhqx/Build/Intermediates.noindex/SwiftExplicitPrecompiledModules -clang-scanner-module-cache-path /Users/nicolas/Library/Developer/Xcode/DerivedData/ModuleCache.noindex -sdk-module-cache-path /Users/nicolas/Library/Developer/Xcode/DerivedData/ModuleCache.noindex -serialize-diagnostics -emit-dependencies -emit-module -emit-module-path /Users/nicolas/Library/Developer/Xcode/DerivedData/AgendaHOF-bvieputxojihcqchgwytombtvhqx/Build/Intermediates.noindex/AgendaHOF.build/Debug-iphonesimulator/AgendaWidgetExtension.build/Objects-normal/arm64/AgendaWidgetExtension.swiftmodule -validate-clang-modules-once -clang-build-session-file /Users/nicolas/Library/Developer/Xcode/DerivedData/ModuleCache.noindex/Session.modulevalidation -Xcc -I/Users/nicolas/Library/Developer/Xcode/DerivedData/AgendaHOF-bvieputxojihcqchgwytombtvhqx/Build/Intermediates.noindex/AgendaHOF.build/Debug-iphonesimulator/AgendaWidgetExtension.build/swift-overrides.hmap -emit-const-values -Xfrontend -const-gather-protocols-file -Xfrontend /Users/nicolas/Library/Developer/Xcode/DerivedData/AgendaHOF-bvieputxojihcqchgwytombtvhqx/Build/Intermediates.noindex/AgendaHOF.build/Debug-iphonesimulator/AgendaWidgetExtension.build/Objects-normal/arm64/AgendaWidgetExtension_const_extract_protocols.json -Xcc -iquote -Xcc /Users/nicolas/Library/Developer/Xcode/DerivedData/AgendaHOF-bvieputxojihcqchgwytombtvhqx/Build/Intermediates.noindex/AgendaHOF.build/Debug-iphonesimulator/AgendaWidgetExtension.build/AgendaWidgetExtension-generated-files.hmap -Xcc -I/Users/nicolas/Library/Developer/Xcode/DerivedData/AgendaHOF-bvieputxojihcqchgwytombtvhqx/Build/Intermediates.noindex/AgendaHOF.build/Debug-iphonesimulator/AgendaWidgetExtension.build/AgendaWidgetExtension-own-target-headers.hmap -Xcc -I/Users/nicolas/Library/Developer/Xcode/DerivedData/AgendaHOF-bvieputxojihcqchgwytombtvhqx/Build/Intermediates.noindex/AgendaHOF.build/Debug-iphonesimulator/AgendaWidgetExtension.build/AgendaWidgetExtension-all-non-framework-target-headers.hmap -Xcc -ivfsoverlay -Xcc /Users/nicolas/Library/Developer/Xcode/DerivedData/AgendaHOF-bvieputxojihcqchgwytombtvhqx/Build/Intermediates.noindex/AgendaHOF.build/Debug-iphonesimulator/AgendaHOF-cb7e7301b7fbf424cf8053c1d7d82895-VFS-iphonesimulator/all-product-headers.yaml -Xcc -iquote -Xcc /Users/nicolas/Library/Developer/Xcode/DerivedData/AgendaHOF-bvieputxojihcqchgwytombtvhqx/Build/Intermediates.noindex/AgendaHOF.build/Debug-iphonesimulator/AgendaWidgetExtension.build/AgendaWidgetExtension-project-headers.hmap -Xcc -I/Users/nicolas/Library/Developer/Xcode/DerivedData/AgendaHOF-bvieputxojihcqchgwytombtvhqx/Build/Products/Debug-iphonesimulator/include -Xcc -I/Users/nicolas/Library/Developer/Xcode/DerivedData/AgendaHOF-bvieputxojihcqchgwytombtvhqx/Build/Intermediates.noindex/AgendaHOF.build/Debug-iphonesimulator/AgendaWidgetExtension.build/DerivedSources-normal/arm64 -Xcc -I/Users/nicolas/Library/Developer/Xcode/DerivedData/AgendaHOF-bvieputxojihcqchgwytombtvhqx/Build/Intermediates.noindex/AgendaHOF.build/Debug-iphonesimulator/AgendaWidgetExtension.build/DerivedSources/arm64 -Xcc -I/Users/nicolas/Library/Developer/Xcode/DerivedData/AgendaHOF-bvieputxojihcqchgwytombtvhqx/Build/Intermediates.noindex/AgendaHOF.build/Debug-iphonesimulator/AgendaWidgetExtension.build/DerivedSources -Xcc -DDEBUG\=1 -Xcc -DDEBUG\=1 -emit-objc-header -emit-objc-header-path /Users/nicolas/Library/Developer/Xcode/DerivedData/AgendaHOF-bvieputxojihcqchgwytombtvhqx/Build/Intermediates.noindex/AgendaHOF.build/Debug-iphonesimulator/AgendaWidgetExtension.build/Objects-normal/arm64/AgendaWidgetExtension-Swift.h -working-directory /Users/nicolas/Documents/aplicativos-sites/AgendaHOF-iOS -experimental-emit-module-separately -disable-cmo

SwiftEmitModule normal arm64 Emitting\ module\ for\ IssueReportingPackageSupport (in target 'IssueReportingPackageSupport' from project 'xctest-dynamic-overlay')

SwiftCompile normal arm64 /Users/nicolas/Library/Developer/Xcode/DerivedData/AgendaHOF-bvieputxojihcqchgwytombtvhqx/SourcePackages/checkouts/xctest-dynamic-overlay/Sources/IssueReportingPackageSupport/_Test.swift (in target 'IssueReportingPackageSupport' from project 'xctest-dynamic-overlay')
    cd /Users/nicolas/Documents/aplicativos-sites/AgendaHOF-iOS/AgendaHOF.xcodeproj
    

SwiftCompile normal arm64 Compiling\ _Test.swift /Users/nicolas/Library/Developer/Xcode/DerivedData/AgendaHOF-bvieputxojihcqchgwytombtvhqx/SourcePackages/checkouts/xctest-dynamic-overlay/Sources/IssueReportingPackageSupport/_Test.swift (in target 'IssueReportingPackageSupport' from project 'xctest-dynamic-overlay')

SwiftCompile normal arm64 /Users/nicolas/Library/Developer/Xcode/DerivedData/AgendaHOF-bvieputxojihcqchgwytombtvhqx/SourcePackages/checkouts/xctest-dynamic-overlay/Sources/IssueReportingPackageSupport/_Test.swift (in target 'IssueReportingPackageSupport' from project 'xctest-dynamic-overlay')
    cd /Users/nicolas/Documents/aplicativos-sites/AgendaHOF-iOS/AgendaHOF.xcodeproj
    

SwiftDriverJobDiscovery normal arm64 Compiling _Test.swift (in target 'IssueReportingPackageSupport' from project 'xctest-dynamic-overlay')

SwiftDriverJobDiscovery normal arm64 Emitting module for IssueReportingPackageSupport (in target 'IssueReportingPackageSupport' from project 'xctest-dynamic-overlay')

SwiftDriver\ Compilation IssueReportingPackageSupport normal arm64 com.apple.xcode.tools.swift.compiler (in target 'IssueReportingPackageSupport' from project 'xctest-dynamic-overlay')
    cd /Users/nicolas/Documents/aplicativos-sites/AgendaHOF-iOS/AgendaHOF.xcodeproj
    builtin-Swift-Compilation -- /Applications/Xcode.app/Contents/Developer/Toolchains/XcodeDefault.xctoolchain/usr/bin/swiftc -module-name IssueReportingPackageSupport -Onone -enforce-exclusivity\=checked @/Users/nicolas/Library/Developer/Xcode/DerivedData/AgendaHOF-bvieputxojihcqchgwytombtvhqx/Build/Intermediates.noindex/xctest-dynamic-overlay.build/Debug-iphonesimulator/IssueReportingPackageSupport.build/Objects-normal/arm64/IssueReportingPackageSupport.SwiftFileList -DSWIFT_PACKAGE -DDEBUG -DSWIFT_MODULE_RESOURCE_BUNDLE_UNAVAILABLE -DXcode -plugin-path /Applications/Xcode.app/Contents/Developer/Toolchains/XcodeDefault.xctoolchain/usr/lib/swift/host/plugins/testing -enable-experimental-feature DebugDescriptionMacro -sdk /Applications/Xcode.app/Contents/Developer/Platforms/iPhoneSimulator.platform/Developer/SDKs/iPhoneSimulator26.2.sdk -target arm64-apple-ios13.0-simulator -g -module-cache-path /Users/nicolas/Library/Developer/Xcode/DerivedData/ModuleCache.noindex -Xfrontend -serialize-debugging-options -profile-coverage-mapping -profile-generate -enable-testing -suppress-warnings -index-store-path /Users/nicolas/Library/Developer/Xcode/DerivedData/AgendaHOF-bvieputxojihcqchgwytombtvhqx/Index.noindex/DataStore -Xcc -D_LIBCPP_HARDENING_MODE\=_LIBCPP_HARDENING_MODE_DEBUG -swift-version 6 -I /Users/nicolas/Library/Developer/Xcode/DerivedData/AgendaHOF-bvieputxojihcqchgwytombtvhqx/Build/Products/Debug-iphonesimulator -Isystem /Applications/Xcode.app/Contents/Developer/Platforms/iPhoneSimulator.platform/Developer/usr/lib -F /Users/nicolas/Library/Developer/Xcode/DerivedData/AgendaHOF-bvieputxojihcqchgwytombtvhqx/Build/Products/Debug-iphonesimulator -F /Applications/Xcode.app/Contents/Developer/Platforms/iPhoneSimulator.platform/Developer/Library/Frameworks -F /Applications/Xcode.app/Contents/Developer/Platforms/iPhoneSimulator.platform/Developer/SDKs/iPhoneSimulator26.2.sdk/Developer/Library/Frameworks -parse-as-library -c -j10 -enable-batch-mode -incremental -Xcc -ivfsstatcache -Xcc /Users/nicolas/Library/Developer/Xcode/DerivedData/SDKStatCaches.noindex/iphonesimulator26.2-23C53-7d00a8b37fbd7999ea79df8ebc024bf0.sdkstatcache -output-file-map /Users/nicolas/Library/Developer/Xcode/DerivedData/AgendaHOF-bvieputxojihcqchgwytombtvhqx/Build/Intermediates.noindex/xctest-dynamic-overlay.build/Debug-iphonesimulator/IssueReportingPackageSupport.build/Objects-normal/arm64/IssueReportingPackageSupport-OutputFileMap.json -use-frontend-parseable-output -save-temps -no-color-diagnostics -explicit-module-build -module-cache-path /Users/nicolas/Library/Developer/Xcode/DerivedData/AgendaHOF-bvieputxojihcqchgwytombtvhqx/Build/Intermediates.noindex/SwiftExplicitPrecompiledModules -clang-scanner-module-cache-path /Users/nicolas/Library/Developer/Xcode/DerivedData/ModuleCache.noindex -sdk-module-cache-path /Users/nicolas/Library/Developer/Xcode/DerivedData/ModuleCache.noindex -serialize-diagnostics -emit-dependencies -emit-module -emit-module-path /Users/nicolas/Library/Developer/Xcode/DerivedData/AgendaHOF-bvieputxojihcqchgwytombtvhqx/Build/Intermediates.noindex/xctest-dynamic-overlay.build/Debug-iphonesimulator/IssueReportingPackageSupport.build/Objects-normal/arm64/IssueReportingPackageSupport.swiftmodule -user-module-version 1.8.0 -validate-clang-modules-once -clang-build-session-file /Users/nicolas/Library/Developer/Xcode/DerivedData/ModuleCache.noindex/Session.modulevalidation -package-name xctest_dynamic_overlay -Xcc -I/Users/nicolas/Library/Developer/Xcode/DerivedData/AgendaHOF-bvieputxojihcqchgwytombtvhqx/Build/Intermediates.noindex/xctest-dynamic-overlay.build/Debug-iphonesimulator/IssueReportingPackageSupport.build/swift-overrides.hmap -emit-const-values -Xfrontend -const-gather-protocols-file -Xfrontend /Users/nicolas/Library/Developer/Xcode/DerivedData/AgendaHOF-bvieputxojihcqchgwytombtvhqx/Build/Intermediates.noindex/xctest-dynamic-overlay.build/Debug-iphonesimulator/IssueReportingPackageSupport.build/Objects-normal/arm64/IssueReportingPackageSupport_const_extract_protocols.json -Xcc -I/Users/nicolas/Library/Developer/Xcode/DerivedData/AgendaHOF-bvieputxojihcqchgwytombtvhqx/Build/Products/Debug-iphonesimulator/include -Xcc -I/Users/nicolas/Library/Developer/Xcode/DerivedData/AgendaHOF-bvieputxojihcqchgwytombtvhqx/Build/Intermediates.noindex/xctest-dynamic-overlay.build/Debug-iphonesimulator/IssueReportingPackageSupport.build/DerivedSources-normal/arm64 -Xcc -I/Users/nicolas/Library/Developer/Xcode/DerivedData/AgendaHOF-bvieputxojihcqchgwytombtvhqx/Build/Intermediates.noindex/xctest-dynamic-overlay.build/Debug-iphonesimulator/IssueReportingPackageSupport.build/DerivedSources/arm64 -Xcc -I/Users/nicolas/Library/Developer/Xcode/DerivedData/AgendaHOF-bvieputxojihcqchgwytombtvhqx/Build/Intermediates.noindex/xctest-dynamic-overlay.build/Debug-iphonesimulator/IssueReportingPackageSupport.build/DerivedSources -Xcc -DSWIFT_PACKAGE -Xcc -DDEBUG\=1 -emit-objc-header -emit-objc-header-path /Users/nicolas/Library/Developer/Xcode/DerivedData/AgendaHOF-bvieputxojihcqchgwytombtvhqx/Build/Intermediates.noindex/xctest-dynamic-overlay.build/Debug-iphonesimulator/IssueReportingPackageSupport.build/Objects-normal/arm64/IssueReportingPackageSupport-Swift.h -working-directory /Users/nicolas/Documents/aplicativos-sites/AgendaHOF-iOS/AgendaHOF.xcodeproj -experimental-emit-module-separately -disable-cmo

SwiftDriver\ Compilation\ Requirements IssueReportingPackageSupport normal arm64 com.apple.xcode.tools.swift.compiler (in target 'IssueReportingPackageSupport' from project 'xctest-dynamic-overlay')
    cd /Users/nicolas/Documents/aplicativos-sites/AgendaHOF-iOS/AgendaHOF.xcodeproj
    builtin-Swift-Compilation-Requirements -- /Applications/Xcode.app/Contents/Developer/Toolchains/XcodeDefault.xctoolchain/usr/bin/swiftc -module-name IssueReportingPackageSupport -Onone -enforce-exclusivity\=checked @/Users/nicolas/Library/Developer/Xcode/DerivedData/AgendaHOF-bvieputxojihcqchgwytombtvhqx/Build/Intermediates.noindex/xctest-dynamic-overlay.build/Debug-iphonesimulator/IssueReportingPackageSupport.build/Objects-normal/arm64/IssueReportingPackageSupport.SwiftFileList -DSWIFT_PACKAGE -DDEBUG -DSWIFT_MODULE_RESOURCE_BUNDLE_UNAVAILABLE -DXcode -plugin-path /Applications/Xcode.app/Contents/Developer/Toolchains/XcodeDefault.xctoolchain/usr/lib/swift/host/plugins/testing -enable-experimental-feature DebugDescriptionMacro -sdk /Applications/Xcode.app/Contents/Developer/Platforms/iPhoneSimulator.platform/Developer/SDKs/iPhoneSimulator26.2.sdk -target arm64-apple-ios13.0-simulator -g -module-cache-path /Users/nicolas/Library/Developer/Xcode/DerivedData/ModuleCache.noindex -Xfrontend -serialize-debugging-options -profile-coverage-mapping -profile-generate -enable-testing -suppress-warnings -index-store-path /Users/nicolas/Library/Developer/Xcode/DerivedData/AgendaHOF-bvieputxojihcqchgwytombtvhqx/Index.noindex/DataStore -Xcc -D_LIBCPP_HARDENING_MODE\=_LIBCPP_HARDENING_MODE_DEBUG -swift-version 6 -I /Users/nicolas/Library/Developer/Xcode/DerivedData/AgendaHOF-bvieputxojihcqchgwytombtvhqx/Build/Products/Debug-iphonesimulator -Isystem /Applications/Xcode.app/Contents/Developer/Platforms/iPhoneSimulator.platform/Developer/usr/lib -F /Users/nicolas/Library/Developer/Xcode/DerivedData/AgendaHOF-bvieputxojihcqchgwytombtvhqx/Build/Products/Debug-iphonesimulator -F /Applications/Xcode.app/Contents/Developer/Platforms/iPhoneSimulator.platform/Developer/Library/Frameworks -F /Applications/Xcode.app/Contents/Developer/Platforms/iPhoneSimulator.platform/Developer/SDKs/iPhoneSimulator26.2.sdk/Developer/Library/Frameworks -parse-as-library -c -j10 -enable-batch-mode -incremental -Xcc -ivfsstatcache -Xcc /Users/nicolas/Library/Developer/Xcode/DerivedData/SDKStatCaches.noindex/iphonesimulator26.2-23C53-7d00a8b37fbd7999ea79df8ebc024bf0.sdkstatcache -output-file-map /Users/nicolas/Library/Developer/Xcode/DerivedData/AgendaHOF-bvieputxojihcqchgwytombtvhqx/Build/Intermediates.noindex/xctest-dynamic-overlay.build/Debug-iphonesimulator/IssueReportingPackageSupport.build/Objects-normal/arm64/IssueReportingPackageSupport-OutputFileMap.json -use-frontend-parseable-output -save-temps -no-color-diagnostics -explicit-module-build -module-cache-path /Users/nicolas/Library/Developer/Xcode/DerivedData/AgendaHOF-bvieputxojihcqchgwytombtvhqx/Build/Intermediates.noindex/SwiftExplicitPrecompiledModules -clang-scanner-module-cache-path /Users/nicolas/Library/Developer/Xcode/DerivedData/ModuleCache.noindex -sdk-module-cache-path /Users/nicolas/Library/Developer/Xcode/DerivedData/ModuleCache.noindex -serialize-diagnostics -emit-dependencies -emit-module -emit-module-path /Users/nicolas/Library/Developer/Xcode/DerivedData/AgendaHOF-bvieputxojihcqchgwytombtvhqx/Build/Intermediates.noindex/xctest-dynamic-overlay.build/Debug-iphonesimulator/IssueReportingPackageSupport.build/Objects-normal/arm64/IssueReportingPackageSupport.swiftmodule -user-module-version 1.8.0 -validate-clang-modules-once -clang-build-session-file /Users/nicolas/Library/Developer/Xcode/DerivedData/ModuleCache.noindex/Session.modulevalidation -package-name xctest_dynamic_overlay -Xcc -I/Users/nicolas/Library/Developer/Xcode/DerivedData/AgendaHOF-bvieputxojihcqchgwytombtvhqx/Build/Intermediates.noindex/xctest-dynamic-overlay.build/Debug-iphonesimulator/IssueReportingPackageSupport.build/swift-overrides.hmap -emit-const-values -Xfrontend -const-gather-protocols-file -Xfrontend /Users/nicolas/Library/Developer/Xcode/DerivedData/AgendaHOF-bvieputxojihcqchgwytombtvhqx/Build/Intermediates.noindex/xctest-dynamic-overlay.build/Debug-iphonesimulator/IssueReportingPackageSupport.build/Objects-normal/arm64/IssueReportingPackageSupport_const_extract_protocols.json -Xcc -I/Users/nicolas/Library/Developer/Xcode/DerivedData/AgendaHOF-bvieputxojihcqchgwytombtvhqx/Build/Products/Debug-iphonesimulator/include -Xcc -I/Users/nicolas/Library/Developer/Xcode/DerivedData/AgendaHOF-bvieputxojihcqchgwytombtvhqx/Build/Intermediates.noindex/xctest-dynamic-overlay.build/Debug-iphonesimulator/IssueReportingPackageSupport.build/DerivedSources-normal/arm64 -Xcc -I/Users/nicolas/Library/Developer/Xcode/DerivedData/AgendaHOF-bvieputxojihcqchgwytombtvhqx/Build/Intermediates.noindex/xctest-dynamic-overlay.build/Debug-iphonesimulator/IssueReportingPackageSupport.build/DerivedSources/arm64 -Xcc -I/Users/nicolas/Library/Developer/Xcode/DerivedData/AgendaHOF-bvieputxojihcqchgwytombtvhqx/Build/Intermediates.noindex/xctest-dynamic-overlay.build/Debug-iphonesimulator/IssueReportingPackageSupport.build/DerivedSources -Xcc -DSWIFT_PACKAGE -Xcc -DDEBUG\=1 -emit-objc-header -emit-objc-header-path /Users/nicolas/Library/Developer/Xcode/DerivedData/AgendaHOF-bvieputxojihcqchgwytombtvhqx/Build/Intermediates.noindex/xctest-dynamic-overlay.build/Debug-iphonesimulator/IssueReportingPackageSupport.build/Objects-normal/arm64/IssueReportingPackageSupport-Swift.h -working-directory /Users/nicolas/Documents/aplicativos-sites/AgendaHOF-iOS/AgendaHOF.xcodeproj -experimental-emit-module-separately -disable-cmo

SwiftMergeGeneratedHeaders /Users/nicolas/Library/Developer/Xcode/DerivedData/AgendaHOF-bvieputxojihcqchgwytombtvhqx/Build/Intermediates.noindex/GeneratedModuleMaps-iphonesimulator/IssueReportingPackageSupport-Swift.h /Users/nicolas/Library/Developer/Xcode/DerivedData/AgendaHOF-bvieputxojihcqchgwytombtvhqx/Build/Intermediates.noindex/xctest-dynamic-overlay.build/Debug-iphonesimulator/IssueReportingPackageSupport.build/Objects-normal/arm64/IssueReportingPackageSupport-Swift.h (in target 'IssueReportingPackageSupport' from project 'xctest-dynamic-overlay')
    cd /Users/nicolas/Library/Developer/Xcode/DerivedData/AgendaHOF-bvieputxojihcqchgwytombtvhqx/SourcePackages/checkouts/xctest-dynamic-overlay
    builtin-swiftHeaderTool -arch arm64 /Users/nicolas/Library/Developer/Xcode/DerivedData/AgendaHOF-bvieputxojihcqchgwytombtvhqx/Build/Intermediates.noindex/xctest-dynamic-overlay.build/Debug-iphonesimulator/IssueReportingPackageSupport.build/Objects-normal/arm64/IssueReportingPackageSupport-Swift.h -o /Users/nicolas/Library/Developer/Xcode/DerivedData/AgendaHOF-bvieputxojihcqchgwytombtvhqx/Build/Intermediates.noindex/GeneratedModuleMaps-iphonesimulator/IssueReportingPackageSupport-Swift.h

Copy /Users/nicolas/Library/Developer/Xcode/DerivedData/AgendaHOF-bvieputxojihcqchgwytombtvhqx/Build/Products/Debug-iphonesimulator/IssueReportingPackageSupport.swiftmodule/arm64-apple-ios-simulator.swiftdoc /Users/nicolas/Library/Developer/Xcode/DerivedData/AgendaHOF-bvieputxojihcqchgwytombtvhqx/Build/Intermediates.noindex/xctest-dynamic-overlay.build/Debug-iphonesimulator/IssueReportingPackageSupport.build/Objects-normal/arm64/IssueReportingPackageSupport.swiftdoc (in target 'IssueReportingPackageSupport' from project 'xctest-dynamic-overlay')
    cd /Users/nicolas/Library/Developer/Xcode/DerivedData/AgendaHOF-bvieputxojihcqchgwytombtvhqx/SourcePackages/checkouts/xctest-dynamic-overlay
    builtin-copy -exclude .DS_Store -exclude CVS -exclude .svn -exclude .git -exclude .hg -resolve-src-symlinks -rename /Users/nicolas/Library/Developer/Xcode/DerivedData/AgendaHOF-bvieputxojihcqchgwytombtvhqx/Build/Intermediates.noindex/xctest-dynamic-overlay.build/Debug-iphonesimulator/IssueReportingPackageSupport.build/Objects-normal/arm64/IssueReportingPackageSupport.swiftdoc /Users/nicolas/Library/Developer/Xcode/DerivedData/AgendaHOF-bvieputxojihcqchgwytombtvhqx/Build/Products/Debug-iphonesimulator/IssueReportingPackageSupport.swiftmodule/arm64-apple-ios-simulator.swiftdoc

Copy /Users/nicolas/Library/Developer/Xcode/DerivedData/AgendaHOF-bvieputxojihcqchgwytombtvhqx/Build/Products/Debug-iphonesimulator/IssueReportingPackageSupport.swiftmodule/arm64-apple-ios-simulator.swiftmodule /Users/nicolas/Library/Developer/Xcode/DerivedData/AgendaHOF-bvieputxojihcqchgwytombtvhqx/Build/Intermediates.noindex/xctest-dynamic-overlay.build/Debug-iphonesimulator/IssueReportingPackageSupport.build/Objects-normal/arm64/IssueReportingPackageSupport.swiftmodule (in target 'IssueReportingPackageSupport' from project 'xctest-dynamic-overlay')
    cd /Users/nicolas/Library/Developer/Xcode/DerivedData/AgendaHOF-bvieputxojihcqchgwytombtvhqx/SourcePackages/checkouts/xctest-dynamic-overlay
    builtin-copy -exclude .DS_Store -exclude CVS -exclude .svn -exclude .git -exclude .hg -resolve-src-symlinks -rename /Users/nicolas/Library/Developer/Xcode/DerivedData/AgendaHOF-bvieputxojihcqchgwytombtvhqx/Build/Intermediates.noindex/xctest-dynamic-overlay.build/Debug-iphonesimulator/IssueReportingPackageSupport.build/Objects-normal/arm64/IssueReportingPackageSupport.swiftmodule /Users/nicolas/Library/Developer/Xcode/DerivedData/AgendaHOF-bvieputxojihcqchgwytombtvhqx/Build/Products/Debug-iphonesimulator/IssueReportingPackageSupport.swiftmodule/arm64-apple-ios-simulator.swiftmodule

Copy /Users/nicolas/Library/Developer/Xcode/DerivedData/AgendaHOF-bvieputxojihcqchgwytombtvhqx/Build/Products/Debug-iphonesimulator/IssueReportingPackageSupport.swiftmodule/arm64-apple-ios-simulator.abi.json /Users/nicolas/Library/Developer/Xcode/DerivedData/AgendaHOF-bvieputxojihcqchgwytombtvhqx/Build/Intermediates.noindex/xctest-dynamic-overlay.build/Debug-iphonesimulator/IssueReportingPackageSupport.build/Objects-normal/arm64/IssueReportingPackageSupport.abi.json (in target 'IssueReportingPackageSupport' from project 'xctest-dynamic-overlay')
    cd /Users/nicolas/Library/Developer/Xcode/DerivedData/AgendaHOF-bvieputxojihcqchgwytombtvhqx/SourcePackages/checkouts/xctest-dynamic-overlay
    builtin-copy -exclude .DS_Store -exclude CVS -exclude .svn -exclude .git -exclude .hg -resolve-src-symlinks -rename /Users/nicolas/Library/Developer/Xcode/DerivedData/AgendaHOF-bvieputxojihcqchgwytombtvhqx/Build/Intermediates.noindex/xctest-dynamic-overlay.build/Debug-iphonesimulator/IssueReportingPackageSupport.build/Objects-normal/arm64/IssueReportingPackageSupport.abi.json /Users/nicolas/Library/Developer/Xcode/DerivedData/AgendaHOF-bvieputxojihcqchgwytombtvhqx/Build/Products/Debug-iphonesimulator/IssueReportingPackageSupport.swiftmodule/arm64-apple-ios-simulator.abi.json

Copy /Users/nicolas/Library/Developer/Xcode/DerivedData/AgendaHOF-bvieputxojihcqchgwytombtvhqx/Build/Products/Debug-iphonesimulator/IssueReportingPackageSupport.swiftmodule/Project/arm64-apple-ios-simulator.swiftsourceinfo /Users/nicolas/Library/Developer/Xcode/DerivedData/AgendaHOF-bvieputxojihcqchgwytombtvhqx/Build/Intermediates.noindex/xctest-dynamic-overlay.build/Debug-iphonesimulator/IssueReportingPackageSupport.build/Objects-normal/arm64/IssueReportingPackageSupport.swiftsourceinfo (in target 'IssueReportingPackageSupport' from project 'xctest-dynamic-overlay')
    cd /Users/nicolas/Library/Developer/Xcode/DerivedData/AgendaHOF-bvieputxojihcqchgwytombtvhqx/SourcePackages/checkouts/xctest-dynamic-overlay
    builtin-copy -exclude .DS_Store -exclude CVS -exclude .svn -exclude .git -exclude .hg -resolve-src-symlinks -rename /Users/nicolas/Library/Developer/Xcode/DerivedData/AgendaHOF-bvieputxojihcqchgwytombtvhqx/Build/Intermediates.noindex/xctest-dynamic-overlay.build/Debug-iphonesimulator/IssueReportingPackageSupport.build/Objects-normal/arm64/IssueReportingPackageSupport.swiftsourceinfo /Users/nicolas/Library/Developer/Xcode/DerivedData/AgendaHOF-bvieputxojihcqchgwytombtvhqx/Build/Products/Debug-iphonesimulator/IssueReportingPackageSupport.swiftmodule/Project/arm64-apple-ios-simulator.swiftsourceinfo

Ld /Users/nicolas/Library/Developer/Xcode/DerivedData/AgendaHOF-bvieputxojihcqchgwytombtvhqx/Build/Products/Debug-iphonesimulator/IssueReportingPackageSupport.o normal (in target 'IssueReportingPackageSupport' from project 'xctest-dynamic-overlay')
    cd /Users/nicolas/Library/Developer/Xcode/DerivedData/AgendaHOF-bvieputxojihcqchgwytombtvhqx/SourcePackages/checkouts/xctest-dynamic-overlay
    /Applications/Xcode.app/Contents/Developer/Toolchains/XcodeDefault.xctoolchain/usr/bin/clang -Xlinker -reproducible -target arm64-apple-ios13.0-simulator -r -isysroot /Applications/Xcode.app/Contents/Developer/Platforms/iPhoneSimulator.platform/Developer/SDKs/iPhoneSimulator26.2.sdk -O0 -w -L/Users/nicolas/Library/Developer/Xcode/DerivedData/AgendaHOF-bvieputxojihcqchgwytombtvhqx/Build/Intermediates.noindex/EagerLinkingTBDs/Debug-iphonesimulator -L/Users/nicolas/Library/Developer/Xcode/DerivedData/AgendaHOF-bvieputxojihcqchgwytombtvhqx/Build/Products/Debug-iphonesimulator -L/Applications/Xcode.app/Contents/Developer/Platforms/iPhoneSimulator.platform/Developer/usr/lib -F/Users/nicolas/Library/Developer/Xcode/DerivedData/AgendaHOF-bvieputxojihcqchgwytombtvhqx/Build/Intermediates.noindex/EagerLinkingTBDs/Debug-iphonesimulator -F/Users/nicolas/Library/Developer/Xcode/DerivedData/AgendaHOF-bvieputxojihcqchgwytombtvhqx/Build/Products/Debug-iphonesimulator -iframework /Applications/Xcode.app/Contents/Developer/Platforms/iPhoneSimulator.platform/Developer/Library/Frameworks -iframework /Applications/Xcode.app/Contents/Developer/Platforms/iPhoneSimulator.platform/Developer/SDKs/iPhoneSimulator26.2.sdk/Developer/Library/Frameworks -filelist /Users/nicolas/Library/Developer/Xcode/DerivedData/AgendaHOF-bvieputxojihcqchgwytombtvhqx/Build/Intermediates.noindex/xctest-dynamic-overlay.build/Debug-iphonesimulator/IssueReportingPackageSupport.build/Objects-normal/arm64/IssueReportingPackageSupport.LinkFileList -nostdlib -Xlinker -object_path_lto -Xlinker /Users/nicolas/Library/Developer/Xcode/DerivedData/AgendaHOF-bvieputxojihcqchgwytombtvhqx/Build/Intermediates.noindex/xctest-dynamic-overlay.build/Debug-iphonesimulator/IssueReportingPackageSupport.build/Objects-normal/arm64/IssueReportingPackageSupport_lto.o -rdynamic -Xlinker -no_deduplicate -Xlinker -objc_abi_version -Xlinker 2 -Xlinker -debug_variant -Xlinker -dependency_info -Xlinker /Users/nicolas/Library/Developer/Xcode/DerivedData/AgendaHOF-bvieputxojihcqchgwytombtvhqx/Build/Intermediates.noindex/xctest-dynamic-overlay.build/Debug-iphonesimulator/IssueReportingPackageSupport.build/Objects-normal/arm64/IssueReportingPackageSupport_dependency_info.dat -fobjc-link-runtime -L/Applications/Xcode.app/Contents/Developer/Toolchains/XcodeDefault.xctoolchain/usr/lib/swift/iphonesimulator -L/usr/lib/swift -Xlinker -add_ast_path -Xlinker /Users/nicolas/Library/Developer/Xcode/DerivedData/AgendaHOF-bvieputxojihcqchgwytombtvhqx/Build/Intermediates.noindex/xctest-dynamic-overlay.build/Debug-iphonesimulator/IssueReportingPackageSupport.build/Objects-normal/arm64/IssueReportingPackageSupport.swiftmodule @/Users/nicolas/Library/Developer/Xcode/DerivedData/AgendaHOF-bvieputxojihcqchgwytombtvhqx/Build/Intermediates.noindex/xctest-dynamic-overlay.build/Debug-iphonesimulator/IssueReportingPackageSupport.build/Objects-normal/arm64/IssueReportingPackageSupport-linker-args.resp -o /Users/nicolas/Library/Developer/Xcode/DerivedData/AgendaHOF-bvieputxojihcqchgwytombtvhqx/Build/Products/Debug-iphonesimulator/IssueReportingPackageSupport.o

SwiftDriver IssueReporting normal arm64 com.apple.xcode.tools.swift.compiler (in target 'IssueReporting' from project 'xctest-dynamic-overlay')
    cd /Users/nicolas/Documents/aplicativos-sites/AgendaHOF-iOS/AgendaHOF.xcodeproj
    builtin-SwiftDriver -- /Applications/Xcode.app/Contents/Developer/Toolchains/XcodeDefault.xctoolchain/usr/bin/swiftc -module-name IssueReporting -Onone -enforce-exclusivity\=checked @/Users/nicolas/Library/Developer/Xcode/DerivedData/AgendaHOF-bvieputxojihcqchgwytombtvhqx/Build/Intermediates.noindex/xctest-dynamic-overlay.build/Debug-iphonesimulator/IssueReporting.build/Objects-normal/arm64/IssueReporting.SwiftFileList -DSWIFT_PACKAGE -DDEBUG -DSWIFT_MODULE_RESOURCE_BUNDLE_UNAVAILABLE -DXcode -plugin-path /Applications/Xcode.app/Contents/Developer/Toolchains/XcodeDefault.xctoolchain/usr/lib/swift/host/plugins/testing -enable-experimental-feature DebugDescriptionMacro -sdk /Applications/Xcode.app/Contents/Developer/Platforms/iPhoneSimulator.platform/Developer/SDKs/iPhoneSimulator26.2.sdk -target arm64-apple-ios13.0-simulator -g -module-cache-path /Users/nicolas/Library/Developer/Xcode/DerivedData/ModuleCache.noindex -Xfrontend -serialize-debugging-options -profile-coverage-mapping -profile-generate -enable-testing -suppress-warnings -index-store-path /Users/nicolas/Library/Developer/Xcode/DerivedData/AgendaHOF-bvieputxojihcqchgwytombtvhqx/Index.noindex/DataStore -Xcc -D_LIBCPP_HARDENING_MODE\=_LIBCPP_HARDENING_MODE_DEBUG -swift-version 6 -I /Users/nicolas/Library/Developer/Xcode/DerivedData/AgendaHOF-bvieputxojihcqchgwytombtvhqx/Build/Products/Debug-iphonesimulator -Isystem /Applications/Xcode.app/Contents/Developer/Platforms/iPhoneSimulator.platform/Developer/usr/lib -F /Users/nicolas/Library/Developer/Xcode/DerivedData/AgendaHOF-bvieputxojihcqchgwytombtvhqx/Build/Products/Debug-iphonesimulator/PackageFrameworks -F /Users/nicolas/Library/Developer/Xcode/DerivedData/AgendaHOF-bvieputxojihcqchgwytombtvhqx/Build/Products/Debug-iphonesimulator -F /Applications/Xcode.app/Contents/Developer/Platforms/iPhoneSimulator.platform/Developer/Library/Frameworks -F /Applications/Xcode.app/Contents/Developer/Platforms/iPhoneSimulator.platform/Developer/SDKs/iPhoneSimulator26.2.sdk/Developer/Library/Frameworks -c -j10 -enable-batch-mode -incremental -Xcc -ivfsstatcache -Xcc /Users/nicolas/Library/Developer/Xcode/DerivedData/SDKStatCaches.noindex/iphonesimulator26.2-23C53-7d00a8b37fbd7999ea79df8ebc024bf0.sdkstatcache -output-file-map /Users/nicolas/Library/Developer/Xcode/DerivedData/AgendaHOF-bvieputxojihcqchgwytombtvhqx/Build/Intermediates.noindex/xctest-dynamic-overlay.build/Debug-iphonesimulator/IssueReporting.build/Objects-normal/arm64/IssueReporting-OutputFileMap.json -use-frontend-parseable-output -save-temps -no-color-diagnostics -explicit-module-build -module-cache-path /Users/nicolas/Library/Developer/Xcode/DerivedData/AgendaHOF-bvieputxojihcqchgwytombtvhqx/Build/Intermediates.noindex/SwiftExplicitPrecompiledModules -clang-scanner-module-cache-path /Users/nicolas/Library/Developer/Xcode/DerivedData/ModuleCache.noindex -sdk-module-cache-path /Users/nicolas/Library/Developer/Xcode/DerivedData/ModuleCache.noindex -serialize-diagnostics -emit-dependencies -emit-module -emit-module-path /Users/nicolas/Library/Developer/Xcode/DerivedData/AgendaHOF-bvieputxojihcqchgwytombtvhqx/Build/Intermediates.noindex/xctest-dynamic-overlay.build/Debug-iphonesimulator/IssueReporting.build/Objects-normal/arm64/IssueReporting.swiftmodule -user-module-version 1.8.0 -validate-clang-modules-once -clang-build-session-file /Users/nicolas/Library/Developer/Xcode/DerivedData/ModuleCache.noindex/Session.modulevalidation -package-name xctest_dynamic_overlay -Xcc -I/Users/nicolas/Library/Developer/Xcode/DerivedData/AgendaHOF-bvieputxojihcqchgwytombtvhqx/Build/Intermediates.noindex/xctest-dynamic-overlay.build/Debug-iphonesimulator/IssueReporting.build/swift-overrides.hmap -emit-const-values -Xfrontend -const-gather-protocols-file -Xfrontend /Users/nicolas/Library/Developer/Xcode/DerivedData/AgendaHOF-bvieputxojihcqchgwytombtvhqx/Build/Intermediates.noindex/xctest-dynamic-overlay.build/Debug-iphonesimulator/IssueReporting.build/Objects-normal/arm64/IssueReporting_const_extract_protocols.json -Xcc -I/Users/nicolas/Library/Developer/Xcode/DerivedData/AgendaHOF-bvieputxojihcqchgwytombtvhqx/Build/Products/Debug-iphonesimulator/include -Xcc -I/Users/nicolas/Library/Developer/Xcode/DerivedData/AgendaHOF-bvieputxojihcqchgwytombtvhqx/Build/Intermediates.noindex/xctest-dynamic-overlay.build/Debug-iphonesimulator/IssueReporting.build/DerivedSources-normal/arm64 -Xcc -I/Users/nicolas/Library/Developer/Xcode/DerivedData/AgendaHOF-bvieputxojihcqchgwytombtvhqx/Build/Intermediates.noindex/xctest-dynamic-overlay.build/Debug-iphonesimulator/IssueReporting.build/DerivedSources/arm64 -Xcc -I/Users/nicolas/Library/Developer/Xcode/DerivedData/AgendaHOF-bvieputxojihcqchgwytombtvhqx/Build/Intermediates.noindex/xctest-dynamic-overlay.build/Debug-iphonesimulator/IssueReporting.build/DerivedSources -Xcc -DSWIFT_PACKAGE -Xcc -DDEBUG\=1 -emit-objc-header -emit-objc-header-path /Users/nicolas/Library/Developer/Xcode/DerivedData/AgendaHOF-bvieputxojihcqchgwytombtvhqx/Build/Intermediates.noindex/xctest-dynamic-overlay.build/Debug-iphonesimulator/IssueReporting.build/Objects-normal/arm64/IssueReporting-Swift.h -working-directory /Users/nicolas/Documents/aplicativos-sites/AgendaHOF-iOS/AgendaHOF.xcodeproj -experimental-emit-module-separately -disable-cmo

ExtractAppIntentsMetadata (in target 'IssueReportingPackageSupport' from project 'xctest-dynamic-overlay')
    cd /Users/nicolas/Library/Developer/Xcode/DerivedData/AgendaHOF-bvieputxojihcqchgwytombtvhqx/SourcePackages/checkouts/xctest-dynamic-overlay
    /Applications/Xcode.app/Contents/Developer/Toolchains/XcodeDefault.xctoolchain/usr/bin/appintentsmetadataprocessor --toolchain-dir /Applications/Xcode.app/Contents/Developer/Toolchains/XcodeDefault.xctoolchain --module-name IssueReportingPackageSupport --sdk-root /Applications/Xcode.app/Contents/Developer/Platforms/iPhoneSimulator.platform/Developer/SDKs/iPhoneSimulator26.2.sdk --xcode-version 17C52 --platform-family iOS --deployment-target 13.0 --bundle-identifier xctest-dynamic-overlay.IssueReportingPackageSupport --output /Users/nicolas/Library/Developer/Xcode/DerivedData/AgendaHOF-bvieputxojihcqchgwytombtvhqx/Build/Products/Debug-iphonesimulator/IssueReportingPackageSupport.appintents --target-triple arm64-apple-ios13.0-simulator --binary-file /Users/nicolas/Library/Developer/Xcode/DerivedData/AgendaHOF-bvieputxojihcqchgwytombtvhqx/Build/Products/Debug-iphonesimulator/IssueReportingPackageSupport.o --dependency-file /Users/nicolas/Library/Developer/Xcode/DerivedData/AgendaHOF-bvieputxojihcqchgwytombtvhqx/Build/Intermediates.noindex/xctest-dynamic-overlay.build/Debug-iphonesimulator/IssueReportingPackageSupport.build/Objects-normal/arm64/IssueReportingPackageSupport_dependency_info.dat --stringsdata-file /Users/nicolas/Library/Developer/Xcode/DerivedData/AgendaHOF-bvieputxojihcqchgwytombtvhqx/Build/Intermediates.noindex/xctest-dynamic-overlay.build/Debug-iphonesimulator/IssueReportingPackageSupport.build/Objects-normal/arm64/ExtractedAppShortcutsMetadata.stringsdata --source-file-list /Users/nicolas/Library/Developer/Xcode/DerivedData/AgendaHOF-bvieputxojihcqchgwytombtvhqx/Build/Intermediates.noindex/xctest-dynamic-overlay.build/Debug-iphonesimulator/IssueReportingPackageSupport.build/Objects-normal/arm64/IssueReportingPackageSupport.SwiftFileList --metadata-file-list /Users/nicolas/Library/Developer/Xcode/DerivedData/AgendaHOF-bvieputxojihcqchgwytombtvhqx/Build/Intermediates.noindex/xctest-dynamic-overlay.build/Debug-iphonesimulator/IssueReportingPackageSupport.build/IssueReportingPackageSupport.DependencyMetadataFileList --static-metadata-file-list /Users/nicolas/Library/Developer/Xcode/DerivedData/AgendaHOF-bvieputxojihcqchgwytombtvhqx/Build/Intermediates.noindex/xctest-dynamic-overlay.build/Debug-iphonesimulator/IssueReportingPackageSupport.build/IssueReportingPackageSupport.DependencyStaticMetadataFileList --swift-const-vals-list /Users/nicolas/Library/Developer/Xcode/DerivedData/AgendaHOF-bvieputxojihcqchgwytombtvhqx/Build/Intermediates.noindex/xctest-dynamic-overlay.build/Debug-iphonesimulator/IssueReportingPackageSupport.build/Objects-normal/arm64/IssueReportingPackageSupport.SwiftConstValuesFileList --force --compile-time-extraction --deployment-aware-processing --validate-assistant-intents --no-app-shortcuts-localization
2026-01-03 23:43:38.199 appintentsmetadataprocessor[19192:183796] Starting appintentsmetadataprocessor export
2026-01-03 23:43:38.361 appintentsmetadataprocessor[19192:183796] Extracted no relevant App Intents symbols, skipping writing output

SwiftCompile normal arm64 Compiling\ HTTPField.swift /Users/nicolas/Library/Developer/Xcode/DerivedData/AgendaHOF-bvieputxojihcqchgwytombtvhqx/SourcePackages/checkouts/swift-http-types/Sources/HTTPTypes/HTTPField.swift (in target 'HTTPTypes' from project 'swift-http-types')
SwiftCompile normal arm64 /Users/nicolas/Library/Developer/Xcode/DerivedData/AgendaHOF-bvieputxojihcqchgwytombtvhqx/SourcePackages/checkouts/swift-http-types/Sources/HTTPTypes/HTTPField.swift (in target 'HTTPTypes' from project 'swift-http-types')
    cd /Users/nicolas/Documents/aplicativos-sites/AgendaHOF-iOS/AgendaHOF.xcodeproj
    

SwiftCompile normal arm64 Compiling\ HTTPFields.swift /Users/nicolas/Library/Developer/Xcode/DerivedData/AgendaHOF-bvieputxojihcqchgwytombtvhqx/SourcePackages/checkouts/swift-http-types/Sources/HTTPTypes/HTTPFields.swift (in target 'HTTPTypes' from project 'swift-http-types')
SwiftCompile normal arm64 /Users/nicolas/Library/Developer/Xcode/DerivedData/AgendaHOF-bvieputxojihcqchgwytombtvhqx/SourcePackages/checkouts/swift-http-types/Sources/HTTPTypes/HTTPFields.swift (in target 'HTTPTypes' from project 'swift-http-types')
    cd /Users/nicolas/Documents/aplicativos-sites/AgendaHOF-iOS/AgendaHOF.xcodeproj
    

SwiftCompile normal arm64 Compiling\ HTTPFieldName.swift /Users/nicolas/Library/Developer/Xcode/DerivedData/AgendaHOF-bvieputxojihcqchgwytombtvhqx/SourcePackages/checkouts/swift-http-types/Sources/HTTPTypes/HTTPFieldName.swift (in target 'HTTPTypes' from project 'swift-http-types')

SwiftCompile normal arm64 /Users/nicolas/Library/Developer/Xcode/DerivedData/AgendaHOF-bvieputxojihcqchgwytombtvhqx/SourcePackages/checkouts/swift-http-types/Sources/HTTPTypes/HTTPFieldName.swift (in target 'HTTPTypes' from project 'swift-http-types')
    cd /Users/nicolas/Documents/aplicativos-sites/AgendaHOF-iOS/AgendaHOF.xcodeproj
    

SwiftCompile normal arm64 Compiling\ HTTPRequest+URL.swift /Users/nicolas/Library/Developer/Xcode/DerivedData/AgendaHOF-bvieputxojihcqchgwytombtvhqx/SourcePackages/checkouts/swift-http-types/Sources/HTTPTypes/HTTPRequest+URL.swift (in target 'HTTPTypes' from project 'swift-http-types')

SwiftCompile normal arm64 /Users/nicolas/Library/Developer/Xcode/DerivedData/AgendaHOF-bvieputxojihcqchgwytombtvhqx/SourcePackages/checkouts/swift-http-types/Sources/HTTPTypes/HTTPRequest+URL.swift (in target 'HTTPTypes' from project 'swift-http-types')
    cd /Users/nicolas/Documents/aplicativos-sites/AgendaHOF-iOS/AgendaHOF.xcodeproj
    

SwiftCompile normal arm64 Compiling\ HTTPResponse.swift /Users/nicolas/Library/Developer/Xcode/DerivedData/AgendaHOF-bvieputxojihcqchgwytombtvhqx/SourcePackages/checkouts/swift-http-types/Sources/HTTPTypes/HTTPResponse.swift (in target 'HTTPTypes' from project 'swift-http-types')

SwiftCompile normal arm64 /Users/nicolas/Library/Developer/Xcode/DerivedData/AgendaHOF-bvieputxojihcqchgwytombtvhqx/SourcePackages/checkouts/swift-http-types/Sources/HTTPTypes/HTTPResponse.swift (in target 'HTTPTypes' from project 'swift-http-types')
    cd /Users/nicolas/Documents/aplicativos-sites/AgendaHOF-iOS/AgendaHOF.xcodeproj
    

SwiftEmitModule normal arm64 Emitting\ module\ for\ HTTPTypes (in target 'HTTPTypes' from project 'swift-http-types')

EmitSwiftModule normal arm64 (in target 'HTTPTypes' from project 'swift-http-types')
    cd /Users/nicolas/Documents/aplicativos-sites/AgendaHOF-iOS/AgendaHOF.xcodeproj
    

SwiftEmitModule normal arm64 Emitting\ module\ for\ ConcurrencyExtras (in target 'ConcurrencyExtras' from project 'swift-concurrency-extras')

EmitSwiftModule normal arm64 (in target 'ConcurrencyExtras' from project 'swift-concurrency-extras')
    cd /Users/nicolas/Documents/aplicativos-sites/AgendaHOF-iOS/AgendaHOF.xcodeproj
    

SwiftEmitModule normal arm64 Emitting\ module\ for\ IssueReporting (in target 'IssueReporting' from project 'xctest-dynamic-overlay')

EmitSwiftModule normal arm64 (in target 'IssueReporting' from project 'xctest-dynamic-overlay')
    cd /Users/nicolas/Documents/aplicativos-sites/AgendaHOF-iOS/AgendaHOF.xcodeproj
    

SwiftEmitModule normal arm64 Emitting\ module\ for\ Crypto (in target 'Crypto' from project 'swift-crypto')

EmitSwiftModule normal arm64 (in target 'Crypto' from project 'swift-crypto')
    cd /Users/nicolas/Documents/aplicativos-sites/AgendaHOF-iOS/AgendaHOF.xcodeproj
    

SwiftCompile normal arm64 Compiling\ WithExpectedIssue.swift,\ WithIssueContext.swift /Users/nicolas/Library/Developer/Xcode/DerivedData/AgendaHOF-bvieputxojihcqchgwytombtvhqx/SourcePackages/checkouts/xctest-dynamic-overlay/Sources/IssueReporting/WithExpectedIssue.swift /Users/nicolas/Library/Developer/Xcode/DerivedData/AgendaHOF-bvieputxojihcqchgwytombtvhqx/SourcePackages/checkouts/xctest-dynamic-overlay/Sources/IssueReporting/WithIssueContext.swift (in target 'IssueReporting' from project 'xctest-dynamic-overlay')

SwiftCompile normal arm64 /Users/nicolas/Library/Developer/Xcode/DerivedData/AgendaHOF-bvieputxojihcqchgwytombtvhqx/SourcePackages/checkouts/xctest-dynamic-overlay/Sources/IssueReporting/WithExpectedIssue.swift (in target 'IssueReporting' from project 'xctest-dynamic-overlay')
    cd /Users/nicolas/Documents/aplicativos-sites/AgendaHOF-iOS/AgendaHOF.xcodeproj
    

SwiftCompile normal arm64 /Users/nicolas/Library/Developer/Xcode/DerivedData/AgendaHOF-bvieputxojihcqchgwytombtvhqx/SourcePackages/checkouts/xctest-dynamic-overlay/Sources/IssueReporting/WithIssueContext.swift (in target 'IssueReporting' from project 'xctest-dynamic-overlay')
    cd /Users/nicolas/Documents/aplicativos-sites/AgendaHOF-iOS/AgendaHOF.xcodeproj
    

SwiftEmitModule normal arm64 Emitting\ module\ for\ AgendaWidgetExtension (in target 'AgendaWidgetExtension' from project 'AgendaHOF')

EmitSwiftModule normal arm64 (in target 'AgendaWidgetExtension' from project 'AgendaHOF')
    cd /Users/nicolas/Documents/aplicativos-sites/AgendaHOF-iOS
    

SwiftDriverJobDiscovery normal arm64 Emitting module for ConcurrencyExtras (in target 'ConcurrencyExtras' from project 'swift-concurrency-extras')

SwiftDriver\ Compilation\ Requirements ConcurrencyExtras normal arm64 com.apple.xcode.tools.swift.compiler (in target 'ConcurrencyExtras' from project 'swift-concurrency-extras')
    cd /Users/nicolas/Documents/aplicativos-sites/AgendaHOF-iOS/AgendaHOF.xcodeproj
    builtin-Swift-Compilation-Requirements -- /Applications/Xcode.app/Contents/Developer/Toolchains/XcodeDefault.xctoolchain/usr/bin/swiftc -module-name ConcurrencyExtras -Onone -enforce-exclusivity\=checked @/Users/nicolas/Library/Developer/Xcode/DerivedData/AgendaHOF-bvieputxojihcqchgwytombtvhqx/Build/Intermediates.noindex/swift-concurrency-extras.build/Debug-iphonesimulator/ConcurrencyExtras.build/Objects-normal/arm64/ConcurrencyExtras.SwiftFileList -DSWIFT_PACKAGE -DDEBUG -DSWIFT_MODULE_RESOURCE_BUNDLE_UNAVAILABLE -DXcode -plugin-path /Applications/Xcode.app/Contents/Developer/Toolchains/XcodeDefault.xctoolchain/usr/lib/swift/host/plugins/testing -enable-experimental-feature DebugDescriptionMacro -sdk /Applications/Xcode.app/Contents/Developer/Platforms/iPhoneSimulator.platform/Developer/SDKs/iPhoneSimulator26.2.sdk -target arm64-apple-ios13.0-simulator -g -module-cache-path /Users/nicolas/Library/Developer/Xcode/DerivedData/ModuleCache.noindex -Xfrontend -serialize-debugging-options -profile-coverage-mapping -profile-generate -enable-testing -suppress-warnings -index-store-path /Users/nicolas/Library/Developer/Xcode/DerivedData/AgendaHOF-bvieputxojihcqchgwytombtvhqx/Index.noindex/DataStore -Xcc -D_LIBCPP_HARDENING_MODE\=_LIBCPP_HARDENING_MODE_DEBUG -swift-version 6 -I /Users/nicolas/Library/Developer/Xcode/DerivedData/AgendaHOF-bvieputxojihcqchgwytombtvhqx/Build/Products/Debug-iphonesimulator -Isystem /Applications/Xcode.app/Contents/Developer/Platforms/iPhoneSimulator.platform/Developer/usr/lib -F /Users/nicolas/Library/Developer/Xcode/DerivedData/AgendaHOF-bvieputxojihcqchgwytombtvhqx/Build/Products/Debug-iphonesimulator -F /Applications/Xcode.app/Contents/Developer/Platforms/iPhoneSimulator.platform/Developer/Library/Frameworks -F /Applications/Xcode.app/Contents/Developer/Platforms/iPhoneSimulator.platform/Developer/SDKs/iPhoneSimulator26.2.sdk/Developer/Library/Frameworks -c -j10 -enable-batch-mode -incremental -Xcc -ivfsstatcache -Xcc /Users/nicolas/Library/Developer/Xcode/DerivedData/SDKStatCaches.noindex/iphonesimulator26.2-23C53-7d00a8b37fbd7999ea79df8ebc024bf0.sdkstatcache -output-file-map /Users/nicolas/Library/Developer/Xcode/DerivedData/AgendaHOF-bvieputxojihcqchgwytombtvhqx/Build/Intermediates.noindex/swift-concurrency-extras.build/Debug-iphonesimulator/ConcurrencyExtras.build/Objects-normal/arm64/ConcurrencyExtras-OutputFileMap.json -use-frontend-parseable-output -save-temps -no-color-diagnostics -explicit-module-build -module-cache-path /Users/nicolas/Library/Developer/Xcode/DerivedData/AgendaHOF-bvieputxojihcqchgwytombtvhqx/Build/Intermediates.noindex/SwiftExplicitPrecompiledModules -clang-scanner-module-cache-path /Users/nicolas/Library/Developer/Xcode/DerivedData/ModuleCache.noindex -sdk-module-cache-path /Users/nicolas/Library/Developer/Xcode/DerivedData/ModuleCache.noindex -serialize-diagnostics -emit-dependencies -emit-module -emit-module-path /Users/nicolas/Library/Developer/Xcode/DerivedData/AgendaHOF-bvieputxojihcqchgwytombtvhqx/Build/Intermediates.noindex/swift-concurrency-extras.build/Debug-iphonesimulator/ConcurrencyExtras.build/Objects-normal/arm64/ConcurrencyExtras.swiftmodule -user-module-version 1.3.2 -validate-clang-modules-once -clang-build-session-file /Users/nicolas/Library/Developer/Xcode/DerivedData/ModuleCache.noindex/Session.modulevalidation -package-name swift_concurrency_extras -Xcc -I/Users/nicolas/Library/Developer/Xcode/DerivedData/AgendaHOF-bvieputxojihcqchgwytombtvhqx/Build/Intermediates.noindex/swift-concurrency-extras.build/Debug-iphonesimulator/ConcurrencyExtras.build/swift-overrides.hmap -emit-const-values -Xfrontend -const-gather-protocols-file -Xfrontend /Users/nicolas/Library/Developer/Xcode/DerivedData/AgendaHOF-bvieputxojihcqchgwytombtvhqx/Build/Intermediates.noindex/swift-concurrency-extras.build/Debug-iphonesimulator/ConcurrencyExtras.build/Objects-normal/arm64/ConcurrencyExtras_const_extract_protocols.json -Xcc -I/Users/nicolas/Library/Developer/Xcode/DerivedData/AgendaHOF-bvieputxojihcqchgwytombtvhqx/Build/Products/Debug-iphonesimulator/include -Xcc -I/Users/nicolas/Library/Developer/Xcode/DerivedData/AgendaHOF-bvieputxojihcqchgwytombtvhqx/Build/Intermediates.noindex/swift-concurrency-extras.build/Debug-iphonesimulator/ConcurrencyExtras.build/DerivedSources-normal/arm64 -Xcc -I/Users/nicolas/Library/Developer/Xcode/DerivedData/AgendaHOF-bvieputxojihcqchgwytombtvhqx/Build/Intermediates.noindex/swift-concurrency-extras.build/Debug-iphonesimulator/ConcurrencyExtras.build/DerivedSources/arm64 -Xcc -I/Users/nicolas/Library/Developer/Xcode/DerivedData/AgendaHOF-bvieputxojihcqchgwytombtvhqx/Build/Intermediates.noindex/swift-concurrency-extras.build/Debug-iphonesimulator/ConcurrencyExtras.build/DerivedSources -Xcc -DSWIFT_PACKAGE -Xcc -DDEBUG\=1 -emit-objc-header -emit-objc-header-path /Users/nicolas/Library/Developer/Xcode/DerivedData/AgendaHOF-bvieputxojihcqchgwytombtvhqx/Build/Intermediates.noindex/swift-concurrency-extras.build/Debug-iphonesimulator/ConcurrencyExtras.build/Objects-normal/arm64/ConcurrencyExtras-Swift.h -working-directory /Users/nicolas/Documents/aplicativos-sites/AgendaHOF-iOS/AgendaHOF.xcodeproj -experimental-emit-module-separately -disable-cmo

SwiftDriverJobDiscovery normal arm64 Compiling HTTPFieldName.swift (in target 'HTTPTypes' from project 'swift-http-types')

SwiftCompile normal arm64 Compiling\ FatalErrorReporter.swift,\ ReportIssue.swift /Users/nicolas/Library/Developer/Xcode/DerivedData/AgendaHOF-bvieputxojihcqchgwytombtvhqx/SourcePackages/checkouts/xctest-dynamic-overlay/Sources/IssueReporting/IssueReporters/FatalErrorReporter.swift /Users/nicolas/Library/Developer/Xcode/DerivedData/AgendaHOF-bvieputxojihcqchgwytombtvhqx/SourcePackages/checkouts/xctest-dynamic-overlay/Sources/IssueReporting/ReportIssue.swift (in target 'IssueReporting' from project 'xctest-dynamic-overlay')

SwiftCompile normal arm64 /Users/nicolas/Library/Developer/Xcode/DerivedData/AgendaHOF-bvieputxojihcqchgwytombtvhqx/SourcePackages/checkouts/xctest-dynamic-overlay/Sources/IssueReporting/IssueReporters/FatalErrorReporter.swift (in target 'IssueReporting' from project 'xctest-dynamic-overlay')
    cd /Users/nicolas/Documents/aplicativos-sites/AgendaHOF-iOS/AgendaHOF.xcodeproj
    

SwiftCompile normal arm64 /Users/nicolas/Library/Developer/Xcode/DerivedData/AgendaHOF-bvieputxojihcqchgwytombtvhqx/SourcePackages/checkouts/xctest-dynamic-overlay/Sources/IssueReporting/ReportIssue.swift (in target 'IssueReporting' from project 'xctest-dynamic-overlay')
    cd /Users/nicolas/Documents/aplicativos-sites/AgendaHOF-iOS/AgendaHOF.xcodeproj
    

SwiftMergeGeneratedHeaders /Users/nicolas/Library/Developer/Xcode/DerivedData/AgendaHOF-bvieputxojihcqchgwytombtvhqx/Build/Intermediates.noindex/GeneratedModuleMaps-iphonesimulator/ConcurrencyExtras-Swift.h /Users/nicolas/Library/Developer/Xcode/DerivedData/AgendaHOF-bvieputxojihcqchgwytombtvhqx/Build/Intermediates.noindex/swift-concurrency-extras.build/Debug-iphonesimulator/ConcurrencyExtras.build/Objects-normal/arm64/ConcurrencyExtras-Swift.h (in target 'ConcurrencyExtras' from project 'swift-concurrency-extras')
    cd /Users/nicolas/Library/Developer/Xcode/DerivedData/AgendaHOF-bvieputxojihcqchgwytombtvhqx/SourcePackages/checkouts/swift-concurrency-extras
    builtin-swiftHeaderTool -arch arm64 /Users/nicolas/Library/Developer/Xcode/DerivedData/AgendaHOF-bvieputxojihcqchgwytombtvhqx/Build/Intermediates.noindex/swift-concurrency-extras.build/Debug-iphonesimulator/ConcurrencyExtras.build/Objects-normal/arm64/ConcurrencyExtras-Swift.h -o /Users/nicolas/Library/Developer/Xcode/DerivedData/AgendaHOF-bvieputxojihcqchgwytombtvhqx/Build/Intermediates.noindex/GeneratedModuleMaps-iphonesimulator/ConcurrencyExtras-Swift.h

SwiftDriverJobDiscovery normal arm64 Compiling HTTPRequest+URL.swift (in target 'HTTPTypes' from project 'swift-http-types')

Copy /Users/nicolas/Library/Developer/Xcode/DerivedData/AgendaHOF-bvieputxojihcqchgwytombtvhqx/Build/Products/Debug-iphonesimulator/ConcurrencyExtras.swiftmodule/arm64-apple-ios-simulator.swiftmodule /Users/nicolas/Library/Developer/Xcode/DerivedData/AgendaHOF-bvieputxojihcqchgwytombtvhqx/Build/Intermediates.noindex/swift-concurrency-extras.build/Debug-iphonesimulator/ConcurrencyExtras.build/Objects-normal/arm64/ConcurrencyExtras.swiftmodule (in target 'ConcurrencyExtras' from project 'swift-concurrency-extras')
    cd /Users/nicolas/Library/Developer/Xcode/DerivedData/AgendaHOF-bvieputxojihcqchgwytombtvhqx/SourcePackages/checkouts/swift-concurrency-extras
    builtin-copy -exclude .DS_Store -exclude CVS -exclude .svn -exclude .git -exclude .hg -resolve-src-symlinks -rename /Users/nicolas/Library/Developer/Xcode/DerivedData/AgendaHOF-bvieputxojihcqchgwytombtvhqx/Build/Intermediates.noindex/swift-concurrency-extras.build/Debug-iphonesimulator/ConcurrencyExtras.build/Objects-normal/arm64/ConcurrencyExtras.swiftmodule /Users/nicolas/Library/Developer/Xcode/DerivedData/AgendaHOF-bvieputxojihcqchgwytombtvhqx/Build/Products/Debug-iphonesimulator/ConcurrencyExtras.swiftmodule/arm64-apple-ios-simulator.swiftmodule

Copy /Users/nicolas/Library/Developer/Xcode/DerivedData/AgendaHOF-bvieputxojihcqchgwytombtvhqx/Build/Products/Debug-iphonesimulator/ConcurrencyExtras.swiftmodule/arm64-apple-ios-simulator.swiftdoc /Users/nicolas/Library/Developer/Xcode/DerivedData/AgendaHOF-bvieputxojihcqchgwytombtvhqx/Build/Intermediates.noindex/swift-concurrency-extras.build/Debug-iphonesimulator/ConcurrencyExtras.build/Objects-normal/arm64/ConcurrencyExtras.swiftdoc (in target 'ConcurrencyExtras' from project 'swift-concurrency-extras')
    cd /Users/nicolas/Library/Developer/Xcode/DerivedData/AgendaHOF-bvieputxojihcqchgwytombtvhqx/SourcePackages/checkouts/swift-concurrency-extras
    builtin-copy -exclude .DS_Store -exclude CVS -exclude .svn -exclude .git -exclude .hg -resolve-src-symlinks -rename /Users/nicolas/Library/Developer/Xcode/DerivedData/AgendaHOF-bvieputxojihcqchgwytombtvhqx/Build/Intermediates.noindex/swift-concurrency-extras.build/Debug-iphonesimulator/ConcurrencyExtras.build/Objects-normal/arm64/ConcurrencyExtras.swiftdoc /Users/nicolas/Library/Developer/Xcode/DerivedData/AgendaHOF-bvieputxojihcqchgwytombtvhqx/Build/Products/Debug-iphonesimulator/ConcurrencyExtras.swiftmodule/arm64-apple-ios-simulator.swiftdoc

Copy /Users/nicolas/Library/Developer/Xcode/DerivedData/AgendaHOF-bvieputxojihcqchgwytombtvhqx/Build/Products/Debug-iphonesimulator/ConcurrencyExtras.swiftmodule/arm64-apple-ios-simulator.abi.json /Users/nicolas/Library/Developer/Xcode/DerivedData/AgendaHOF-bvieputxojihcqchgwytombtvhqx/Build/Intermediates.noindex/swift-concurrency-extras.build/Debug-iphonesimulator/ConcurrencyExtras.build/Objects-normal/arm64/ConcurrencyExtras.abi.json (in target 'ConcurrencyExtras' from project 'swift-concurrency-extras')
    cd /Users/nicolas/Library/Developer/Xcode/DerivedData/AgendaHOF-bvieputxojihcqchgwytombtvhqx/SourcePackages/checkouts/swift-concurrency-extras
    builtin-copy -exclude .DS_Store -exclude CVS -exclude .svn -exclude .git -exclude .hg -resolve-src-symlinks -rename /Users/nicolas/Library/Developer/Xcode/DerivedData/AgendaHOF-bvieputxojihcqchgwytombtvhqx/Build/Intermediates.noindex/swift-concurrency-extras.build/Debug-iphonesimulator/ConcurrencyExtras.build/Objects-normal/arm64/ConcurrencyExtras.abi.json /Users/nicolas/Library/Developer/Xcode/DerivedData/AgendaHOF-bvieputxojihcqchgwytombtvhqx/Build/Products/Debug-iphonesimulator/ConcurrencyExtras.swiftmodule/arm64-apple-ios-simulator.abi.json

SwiftDriverJobDiscovery normal arm64 Emitting module for HTTPTypes (in target 'HTTPTypes' from project 'swift-http-types')

SwiftDriver\ Compilation\ Requirements HTTPTypes normal arm64 com.apple.xcode.tools.swift.compiler (in target 'HTTPTypes' from project 'swift-http-types')
    cd /Users/nicolas/Documents/aplicativos-sites/AgendaHOF-iOS/AgendaHOF.xcodeproj
    builtin-Swift-Compilation-Requirements -- /Applications/Xcode.app/Contents/Developer/Toolchains/XcodeDefault.xctoolchain/usr/bin/swiftc -module-name HTTPTypes -Onone -enforce-exclusivity\=checked @/Users/nicolas/Library/Developer/Xcode/DerivedData/AgendaHOF-bvieputxojihcqchgwytombtvhqx/Build/Intermediates.noindex/swift-http-types.build/Debug-iphonesimulator/HTTPTypes.build/Objects-normal/arm64/HTTPTypes.SwiftFileList -DSWIFT_PACKAGE -DDEBUG -DSWIFT_MODULE_RESOURCE_BUNDLE_UNAVAILABLE -DXcode -enable-experimental-feature StrictConcurrency\=complete -enable-upcoming-feature MemberImportVisibility -plugin-path /Applications/Xcode.app/Contents/Developer/Toolchains/XcodeDefault.xctoolchain/usr/lib/swift/host/plugins/testing -enable-experimental-feature DebugDescriptionMacro -sdk /Applications/Xcode.app/Contents/Developer/Platforms/iPhoneSimulator.platform/Developer/SDKs/iPhoneSimulator26.2.sdk -target arm64-apple-ios12.0-simulator -g -module-cache-path /Users/nicolas/Library/Developer/Xcode/DerivedData/ModuleCache.noindex -Xfrontend -serialize-debugging-options -profile-coverage-mapping -profile-generate -enable-testing -suppress-warnings -index-store-path /Users/nicolas/Library/Developer/Xcode/DerivedData/AgendaHOF-bvieputxojihcqchgwytombtvhqx/Index.noindex/DataStore -Xcc -D_LIBCPP_HARDENING_MODE\=_LIBCPP_HARDENING_MODE_DEBUG -swift-version 5 -I /Users/nicolas/Library/Developer/Xcode/DerivedData/AgendaHOF-bvieputxojihcqchgwytombtvhqx/Build/Products/Debug-iphonesimulator -Isystem /Applications/Xcode.app/Contents/Developer/Platforms/iPhoneSimulator.platform/Developer/usr/lib -F /Users/nicolas/Library/Developer/Xcode/DerivedData/AgendaHOF-bvieputxojihcqchgwytombtvhqx/Build/Products/Debug-iphonesimulator -F /Applications/Xcode.app/Contents/Developer/Platforms/iPhoneSimulator.platform/Developer/Library/Frameworks -F /Applications/Xcode.app/Contents/Developer/Platforms/iPhoneSimulator.platform/Developer/SDKs/iPhoneSimulator26.2.sdk/Developer/Library/Frameworks -c -j10 -enable-batch-mode -incremental -Xcc -ivfsstatcache -Xcc /Users/nicolas/Library/Developer/Xcode/DerivedData/SDKStatCaches.noindex/iphonesimulator26.2-23C53-7d00a8b37fbd7999ea79df8ebc024bf0.sdkstatcache -output-file-map /Users/nicolas/Library/Developer/Xcode/DerivedData/AgendaHOF-bvieputxojihcqchgwytombtvhqx/Build/Intermediates.noindex/swift-http-types.build/Debug-iphonesimulator/HTTPTypes.build/Objects-normal/arm64/HTTPTypes-OutputFileMap.json -use-frontend-parseable-output -save-temps -no-color-diagnostics -explicit-module-build -module-cache-path /Users/nicolas/Library/Developer/Xcode/DerivedData/AgendaHOF-bvieputxojihcqchgwytombtvhqx/Build/Intermediates.noindex/SwiftExplicitPrecompiledModules -clang-scanner-module-cache-path /Users/nicolas/Library/Developer/Xcode/DerivedData/ModuleCache.noindex -sdk-module-cache-path /Users/nicolas/Library/Developer/Xcode/DerivedData/ModuleCache.noindex -serialize-diagnostics -emit-dependencies -emit-module -emit-module-path /Users/nicolas/Library/Developer/Xcode/DerivedData/AgendaHOF-bvieputxojihcqchgwytombtvhqx/Build/Intermediates.noindex/swift-http-types.build/Debug-iphonesimulator/HTTPTypes.build/Objects-normal/arm64/HTTPTypes.swiftmodule -validate-clang-modules-once -clang-build-session-file /Users/nicolas/Library/Developer/Xcode/DerivedData/ModuleCache.noindex/Session.modulevalidation -package-name swift_http_types -Xcc -I/Users/nicolas/Library/Developer/Xcode/DerivedData/AgendaHOF-bvieputxojihcqchgwytombtvhqx/Build/Intermediates.noindex/swift-http-types.build/Debug-iphonesimulator/HTTPTypes.build/swift-overrides.hmap -emit-const-values -Xfrontend -const-gather-protocols-file -Xfrontend /Users/nicolas/Library/Developer/Xcode/DerivedData/AgendaHOF-bvieputxojihcqchgwytombtvhqx/Build/Intermediates.noindex/swift-http-types.build/Debug-iphonesimulator/HTTPTypes.build/Objects-normal/arm64/HTTPTypes_const_extract_protocols.json -Xcc -I/Users/nicolas/Library/Developer/Xcode/DerivedData/AgendaHOF-bvieputxojihcqchgwytombtvhqx/Build/Products/Debug-iphonesimulator/include -Xcc -I/Users/nicolas/Library/Developer/Xcode/DerivedData/AgendaHOF-bvieputxojihcqchgwytombtvhqx/Build/Intermediates.noindex/swift-http-types.build/Debug-iphonesimulator/HTTPTypes.build/DerivedSources-normal/arm64 -Xcc -I/Users/nicolas/Library/Developer/Xcode/DerivedData/AgendaHOF-bvieputxojihcqchgwytombtvhqx/Build/Intermediates.noindex/swift-http-types.build/Debug-iphonesimulator/HTTPTypes.build/DerivedSources/arm64 -Xcc -I/Users/nicolas/Library/Developer/Xcode/DerivedData/AgendaHOF-bvieputxojihcqchgwytombtvhqx/Build/Intermediates.noindex/swift-http-types.build/Debug-iphonesimulator/HTTPTypes.build/DerivedSources -Xcc -DSWIFT_PACKAGE -Xcc -DDEBUG\=1 -emit-objc-header -emit-objc-header-path /Users/nicolas/Library/Developer/Xcode/DerivedData/AgendaHOF-bvieputxojihcqchgwytombtvhqx/Build/Intermediates.noindex/swift-http-types.build/Debug-iphonesimulator/HTTPTypes.build/Objects-normal/arm64/HTTPTypes-Swift.h -working-directory /Users/nicolas/Documents/aplicativos-sites/AgendaHOF-iOS/AgendaHOF.xcodeproj -experimental-emit-module-separately -disable-cmo

Copy /Users/nicolas/Library/Developer/Xcode/DerivedData/AgendaHOF-bvieputxojihcqchgwytombtvhqx/Build/Products/Debug-iphonesimulator/ConcurrencyExtras.swiftmodule/Project/arm64-apple-ios-simulator.swiftsourceinfo /Users/nicolas/Library/Developer/Xcode/DerivedData/AgendaHOF-bvieputxojihcqchgwytombtvhqx/Build/Intermediates.noindex/swift-concurrency-extras.build/Debug-iphonesimulator/ConcurrencyExtras.build/Objects-normal/arm64/ConcurrencyExtras.swiftsourceinfo (in target 'ConcurrencyExtras' from project 'swift-concurrency-extras')
    cd /Users/nicolas/Library/Developer/Xcode/DerivedData/AgendaHOF-bvieputxojihcqchgwytombtvhqx/SourcePackages/checkouts/swift-concurrency-extras
    builtin-copy -exclude .DS_Store -exclude CVS -exclude .svn -exclude .git -exclude .hg -resolve-src-symlinks -rename /Users/nicolas/Library/Developer/Xcode/DerivedData/AgendaHOF-bvieputxojihcqchgwytombtvhqx/Build/Intermediates.noindex/swift-concurrency-extras.build/Debug-iphonesimulator/ConcurrencyExtras.build/Objects-normal/arm64/ConcurrencyExtras.swiftsourceinfo /Users/nicolas/Library/Developer/Xcode/DerivedData/AgendaHOF-bvieputxojihcqchgwytombtvhqx/Build/Products/Debug-iphonesimulator/ConcurrencyExtras.swiftmodule/Project/arm64-apple-ios-simulator.swiftsourceinfo

SwiftCompile normal arm64 Compiling\ Warn.swift,\ XCTest.swift /Users/nicolas/Library/Developer/Xcode/DerivedData/AgendaHOF-bvieputxojihcqchgwytombtvhqx/SourcePackages/checkouts/xctest-dynamic-overlay/Sources/IssueReporting/Internal/Warn.swift /Users/nicolas/Library/Developer/Xcode/DerivedData/AgendaHOF-bvieputxojihcqchgwytombtvhqx/SourcePackages/checkouts/xctest-dynamic-overlay/Sources/IssueReporting/Internal/XCTest.swift (in target 'IssueReporting' from project 'xctest-dynamic-overlay')

SwiftCompile normal arm64 /Users/nicolas/Library/Developer/Xcode/DerivedData/AgendaHOF-bvieputxojihcqchgwytombtvhqx/SourcePackages/checkouts/xctest-dynamic-overlay/Sources/IssueReporting/Internal/Warn.swift (in target 'IssueReporting' from project 'xctest-dynamic-overlay')
    cd /Users/nicolas/Documents/aplicativos-sites/AgendaHOF-iOS/AgendaHOF.xcodeproj
    

SwiftCompile normal arm64 /Users/nicolas/Library/Developer/Xcode/DerivedData/AgendaHOF-bvieputxojihcqchgwytombtvhqx/SourcePackages/checkouts/xctest-dynamic-overlay/Sources/IssueReporting/Internal/XCTest.swift (in target 'IssueReporting' from project 'xctest-dynamic-overlay')
    cd /Users/nicolas/Documents/aplicativos-sites/AgendaHOF-iOS/AgendaHOF.xcodeproj
    

SwiftMergeGeneratedHeaders /Users/nicolas/Library/Developer/Xcode/DerivedData/AgendaHOF-bvieputxojihcqchgwytombtvhqx/Build/Intermediates.noindex/GeneratedModuleMaps-iphonesimulator/HTTPTypes-Swift.h /Users/nicolas/Library/Developer/Xcode/DerivedData/AgendaHOF-bvieputxojihcqchgwytombtvhqx/Build/Intermediates.noindex/swift-http-types.build/Debug-iphonesimulator/HTTPTypes.build/Objects-normal/arm64/HTTPTypes-Swift.h (in target 'HTTPTypes' from project 'swift-http-types')
    cd /Users/nicolas/Library/Developer/Xcode/DerivedData/AgendaHOF-bvieputxojihcqchgwytombtvhqx/SourcePackages/checkouts/swift-http-types
    builtin-swiftHeaderTool -arch arm64 /Users/nicolas/Library/Developer/Xcode/DerivedData/AgendaHOF-bvieputxojihcqchgwytombtvhqx/Build/Intermediates.noindex/swift-http-types.build/Debug-iphonesimulator/HTTPTypes.build/Objects-normal/arm64/HTTPTypes-Swift.h -o /Users/nicolas/Library/Developer/Xcode/DerivedData/AgendaHOF-bvieputxojihcqchgwytombtvhqx/Build/Intermediates.noindex/GeneratedModuleMaps-iphonesimulator/HTTPTypes-Swift.h

Copy /Users/nicolas/Library/Developer/Xcode/DerivedData/AgendaHOF-bvieputxojihcqchgwytombtvhqx/Build/Products/Debug-iphonesimulator/HTTPTypes.swiftmodule/arm64-apple-ios-simulator.swiftmodule /Users/nicolas/Library/Developer/Xcode/DerivedData/AgendaHOF-bvieputxojihcqchgwytombtvhqx/Build/Intermediates.noindex/swift-http-types.build/Debug-iphonesimulator/HTTPTypes.build/Objects-normal/arm64/HTTPTypes.swiftmodule (in target 'HTTPTypes' from project 'swift-http-types')
    cd /Users/nicolas/Library/Developer/Xcode/DerivedData/AgendaHOF-bvieputxojihcqchgwytombtvhqx/SourcePackages/checkouts/swift-http-types
    builtin-copy -exclude .DS_Store -exclude CVS -exclude .svn -exclude .git -exclude .hg -resolve-src-symlinks -rename /Users/nicolas/Library/Developer/Xcode/DerivedData/AgendaHOF-bvieputxojihcqchgwytombtvhqx/Build/Intermediates.noindex/swift-http-types.build/Debug-iphonesimulator/HTTPTypes.build/Objects-normal/arm64/HTTPTypes.swiftmodule /Users/nicolas/Library/Developer/Xcode/DerivedData/AgendaHOF-bvieputxojihcqchgwytombtvhqx/Build/Products/Debug-iphonesimulator/HTTPTypes.swiftmodule/arm64-apple-ios-simulator.swiftmodule

Copy /Users/nicolas/Library/Developer/Xcode/DerivedData/AgendaHOF-bvieputxojihcqchgwytombtvhqx/Build/Products/Debug-iphonesimulator/HTTPTypes.swiftmodule/arm64-apple-ios-simulator.swiftdoc /Users/nicolas/Library/Developer/Xcode/DerivedData/AgendaHOF-bvieputxojihcqchgwytombtvhqx/Build/Intermediates.noindex/swift-http-types.build/Debug-iphonesimulator/HTTPTypes.build/Objects-normal/arm64/HTTPTypes.swiftdoc (in target 'HTTPTypes' from project 'swift-http-types')
    cd /Users/nicolas/Library/Developer/Xcode/DerivedData/AgendaHOF-bvieputxojihcqchgwytombtvhqx/SourcePackages/checkouts/swift-http-types
    builtin-copy -exclude .DS_Store -exclude CVS -exclude .svn -exclude .git -exclude .hg -resolve-src-symlinks -rename /Users/nicolas/Library/Developer/Xcode/DerivedData/AgendaHOF-bvieputxojihcqchgwytombtvhqx/Build/Intermediates.noindex/swift-http-types.build/Debug-iphonesimulator/HTTPTypes.build/Objects-normal/arm64/HTTPTypes.swiftdoc /Users/nicolas/Library/Developer/Xcode/DerivedData/AgendaHOF-bvieputxojihcqchgwytombtvhqx/Build/Products/Debug-iphonesimulator/HTTPTypes.swiftmodule/arm64-apple-ios-simulator.swiftdoc

Copy /Users/nicolas/Library/Developer/Xcode/DerivedData/AgendaHOF-bvieputxojihcqchgwytombtvhqx/Build/Products/Debug-iphonesimulator/HTTPTypes.swiftmodule/arm64-apple-ios-simulator.abi.json /Users/nicolas/Library/Developer/Xcode/DerivedData/AgendaHOF-bvieputxojihcqchgwytombtvhqx/Build/Intermediates.noindex/swift-http-types.build/Debug-iphonesimulator/HTTPTypes.build/Objects-normal/arm64/HTTPTypes.abi.json (in target 'HTTPTypes' from project 'swift-http-types')
    cd /Users/nicolas/Library/Developer/Xcode/DerivedData/AgendaHOF-bvieputxojihcqchgwytombtvhqx/SourcePackages/checkouts/swift-http-types
    builtin-copy -exclude .DS_Store -exclude CVS -exclude .svn -exclude .git -exclude .hg -resolve-src-symlinks -rename /Users/nicolas/Library/Developer/Xcode/DerivedData/AgendaHOF-bvieputxojihcqchgwytombtvhqx/Build/Intermediates.noindex/swift-http-types.build/Debug-iphonesimulator/HTTPTypes.build/Objects-normal/arm64/HTTPTypes.abi.json /Users/nicolas/Library/Developer/Xcode/DerivedData/AgendaHOF-bvieputxojihcqchgwytombtvhqx/Build/Products/Debug-iphonesimulator/HTTPTypes.swiftmodule/arm64-apple-ios-simulator.abi.json

SwiftCompile normal arm64 Compiling\ IsTesting.swift,\ IssueReporter.swift /Users/nicolas/Library/Developer/Xcode/DerivedData/AgendaHOF-bvieputxojihcqchgwytombtvhqx/SourcePackages/checkouts/xctest-dynamic-overlay/Sources/IssueReporting/IsTesting.swift /Users/nicolas/Library/Developer/Xcode/DerivedData/AgendaHOF-bvieputxojihcqchgwytombtvhqx/SourcePackages/checkouts/xctest-dynamic-overlay/Sources/IssueReporting/IssueReporter.swift (in target 'IssueReporting' from project 'xctest-dynamic-overlay')

SwiftCompile normal arm64 /Users/nicolas/Library/Developer/Xcode/DerivedData/AgendaHOF-bvieputxojihcqchgwytombtvhqx/SourcePackages/checkouts/xctest-dynamic-overlay/Sources/IssueReporting/IsTesting.swift (in target 'IssueReporting' from project 'xctest-dynamic-overlay')
    cd /Users/nicolas/Documents/aplicativos-sites/AgendaHOF-iOS/AgendaHOF.xcodeproj
    

SwiftCompile normal arm64 /Users/nicolas/Library/Developer/Xcode/DerivedData/AgendaHOF-bvieputxojihcqchgwytombtvhqx/SourcePackages/checkouts/xctest-dynamic-overlay/Sources/IssueReporting/IssueReporter.swift (in target 'IssueReporting' from project 'xctest-dynamic-overlay')
    cd /Users/nicolas/Documents/aplicativos-sites/AgendaHOF-iOS/AgendaHOF.xcodeproj
    

Copy /Users/nicolas/Library/Developer/Xcode/DerivedData/AgendaHOF-bvieputxojihcqchgwytombtvhqx/Build/Products/Debug-iphonesimulator/HTTPTypes.swiftmodule/Project/arm64-apple-ios-simulator.swiftsourceinfo /Users/nicolas/Library/Developer/Xcode/DerivedData/AgendaHOF-bvieputxojihcqchgwytombtvhqx/Build/Intermediates.noindex/swift-http-types.build/Debug-iphonesimulator/HTTPTypes.build/Objects-normal/arm64/HTTPTypes.swiftsourceinfo (in target 'HTTPTypes' from project 'swift-http-types')
    cd /Users/nicolas/Library/Developer/Xcode/DerivedData/AgendaHOF-bvieputxojihcqchgwytombtvhqx/SourcePackages/checkouts/swift-http-types
    builtin-copy -exclude .DS_Store -exclude CVS -exclude .svn -exclude .git -exclude .hg -resolve-src-symlinks -rename /Users/nicolas/Library/Developer/Xcode/DerivedData/AgendaHOF-bvieputxojihcqchgwytombtvhqx/Build/Intermediates.noindex/swift-http-types.build/Debug-iphonesimulator/HTTPTypes.build/Objects-normal/arm64/HTTPTypes.swiftsourceinfo /Users/nicolas/Library/Developer/Xcode/DerivedData/AgendaHOF-bvieputxojihcqchgwytombtvhqx/Build/Products/Debug-iphonesimulator/HTTPTypes.swiftmodule/Project/arm64-apple-ios-simulator.swiftsourceinfo

SwiftDriverJobDiscovery normal arm64 Compiling HTTPField.swift (in target 'HTTPTypes' from project 'swift-http-types')

SwiftCompile normal arm64 Compiling\ BreakpointReporter.swift,\ DefaultReporter.swift /Users/nicolas/Library/Developer/Xcode/DerivedData/AgendaHOF-bvieputxojihcqchgwytombtvhqx/SourcePackages/checkouts/xctest-dynamic-overlay/Sources/IssueReporting/IssueReporters/BreakpointReporter.swift /Users/nicolas/Library/Developer/Xcode/DerivedData/AgendaHOF-bvieputxojihcqchgwytombtvhqx/SourcePackages/checkouts/xctest-dynamic-overlay/Sources/IssueReporting/IssueReporters/DefaultReporter.swift (in target 'IssueReporting' from project 'xctest-dynamic-overlay')
SwiftCompile normal arm64 /Users/nicolas/Library/Developer/Xcode/DerivedData/AgendaHOF-bvieputxojihcqchgwytombtvhqx/SourcePackages/checkouts/xctest-dynamic-overlay/Sources/IssueReporting/IssueReporters/BreakpointReporter.swift (in target 'IssueReporting' from project 'xctest-dynamic-overlay')
    cd /Users/nicolas/Documents/aplicativos-sites/AgendaHOF-iOS/AgendaHOF.xcodeproj
    

SwiftCompile normal arm64 /Users/nicolas/Library/Developer/Xcode/DerivedData/AgendaHOF-bvieputxojihcqchgwytombtvhqx/SourcePackages/checkouts/xctest-dynamic-overlay/Sources/IssueReporting/IssueReporters/DefaultReporter.swift (in target 'IssueReporting' from project 'xctest-dynamic-overlay')
    cd /Users/nicolas/Documents/aplicativos-sites/AgendaHOF-iOS/AgendaHOF.xcodeproj
    

SwiftCompile normal arm64 Compiling\ Deprecations.swift,\ FailureObserver.swift /Users/nicolas/Library/Developer/Xcode/DerivedData/AgendaHOF-bvieputxojihcqchgwytombtvhqx/SourcePackages/checkouts/xctest-dynamic-overlay/Sources/IssueReporting/Internal/Deprecations.swift /Users/nicolas/Library/Developer/Xcode/DerivedData/AgendaHOF-bvieputxojihcqchgwytombtvhqx/SourcePackages/checkouts/xctest-dynamic-overlay/Sources/IssueReporting/Internal/FailureObserver.swift (in target 'IssueReporting' from project 'xctest-dynamic-overlay')

SwiftCompile normal arm64 /Users/nicolas/Library/Developer/Xcode/DerivedData/AgendaHOF-bvieputxojihcqchgwytombtvhqx/SourcePackages/checkouts/xctest-dynamic-overlay/Sources/IssueReporting/Internal/Deprecations.swift (in target 'IssueReporting' from project 'xctest-dynamic-overlay')
    cd /Users/nicolas/Documents/aplicativos-sites/AgendaHOF-iOS/AgendaHOF.xcodeproj
    

SwiftCompile normal arm64 /Users/nicolas/Library/Developer/Xcode/DerivedData/AgendaHOF-bvieputxojihcqchgwytombtvhqx/SourcePackages/checkouts/xctest-dynamic-overlay/Sources/IssueReporting/Internal/FailureObserver.swift (in target 'IssueReporting' from project 'xctest-dynamic-overlay')
    cd /Users/nicolas/Documents/aplicativos-sites/AgendaHOF-iOS/AgendaHOF.xcodeproj
    

SwiftDriverJobDiscovery normal arm64 Emitting module for Crypto (in target 'Crypto' from project 'swift-crypto')

SwiftDriver\ Compilation\ Requirements Crypto normal arm64 com.apple.xcode.tools.swift.compiler (in target 'Crypto' from project 'swift-crypto')
    cd /Users/nicolas/Documents/aplicativos-sites/AgendaHOF-iOS/AgendaHOF.xcodeproj
    builtin-Swift-Compilation-Requirements -- /Applications/Xcode.app/Contents/Developer/Toolchains/XcodeDefault.xctoolchain/usr/bin/swiftc -module-name Crypto -Onone -enforce-exclusivity\=checked @/Users/nicolas/Library/Developer/Xcode/DerivedData/AgendaHOF-bvieputxojihcqchgwytombtvhqx/Build/Intermediates.noindex/swift-crypto.build/Debug-iphonesimulator/Crypto.build/Objects-normal/arm64/Crypto.SwiftFileList -DSWIFT_PACKAGE -DDEBUG -DSWIFT_MODULE_RESOURCE_BUNDLE_AVAILABLE -DCRYPTO_IN_SWIFTPM -DXcode -enable-upcoming-feature MemberImportVisibility -plugin-path /Applications/Xcode.app/Contents/Developer/Toolchains/XcodeDefault.xctoolchain/usr/lib/swift/host/plugins/testing -enable-experimental-feature DebugDescriptionMacro -sdk /Applications/Xcode.app/Contents/Developer/Platforms/iPhoneSimulator.platform/Developer/SDKs/iPhoneSimulator26.2.sdk -target arm64-apple-ios12.0-simulator -g -module-cache-path /Users/nicolas/Library/Developer/Xcode/DerivedData/ModuleCache.noindex -Xfrontend -serialize-debugging-options -profile-coverage-mapping -profile-generate -enable-testing -suppress-warnings -index-store-path /Users/nicolas/Library/Developer/Xcode/DerivedData/AgendaHOF-bvieputxojihcqchgwytombtvhqx/Index.noindex/DataStore -Xcc -D_LIBCPP_HARDENING_MODE\=_LIBCPP_HARDENING_MODE_DEBUG -swift-version 6 -I /Users/nicolas/Library/Developer/Xcode/DerivedData/AgendaHOF-bvieputxojihcqchgwytombtvhqx/Build/Products/Debug-iphonesimulator -Isystem /Applications/Xcode.app/Contents/Developer/Platforms/iPhoneSimulator.platform/Developer/usr/lib -F /Users/nicolas/Library/Developer/Xcode/DerivedData/AgendaHOF-bvieputxojihcqchgwytombtvhqx/Build/Products/Debug-iphonesimulator -F /Applications/Xcode.app/Contents/Developer/Platforms/iPhoneSimulator.platform/Developer/Library/Frameworks -F /Applications/Xcode.app/Contents/Developer/Platforms/iPhoneSimulator.platform/Developer/SDKs/iPhoneSimulator26.2.sdk/Developer/Library/Frameworks -c -j10 -enable-batch-mode -incremental -Xcc -ivfsstatcache -Xcc /Users/nicolas/Library/Developer/Xcode/DerivedData/SDKStatCaches.noindex/iphonesimulator26.2-23C53-7d00a8b37fbd7999ea79df8ebc024bf0.sdkstatcache -output-file-map /Users/nicolas/Library/Developer/Xcode/DerivedData/AgendaHOF-bvieputxojihcqchgwytombtvhqx/Build/Intermediates.noindex/swift-crypto.build/Debug-iphonesimulator/Crypto.build/Objects-normal/arm64/Crypto-OutputFileMap.json -use-frontend-parseable-output -save-temps -no-color-diagnostics -explicit-module-build -module-cache-path /Users/nicolas/Library/Developer/Xcode/DerivedData/AgendaHOF-bvieputxojihcqchgwytombtvhqx/Build/Intermediates.noindex/SwiftExplicitPrecompiledModules -clang-scanner-module-cache-path /Users/nicolas/Library/Developer/Xcode/DerivedData/ModuleCache.noindex -sdk-module-cache-path /Users/nicolas/Library/Developer/Xcode/DerivedData/ModuleCache.noindex -serialize-diagnostics -emit-dependencies -emit-module -emit-module-path /Users/nicolas/Library/Developer/Xcode/DerivedData/AgendaHOF-bvieputxojihcqchgwytombtvhqx/Build/Intermediates.noindex/swift-crypto.build/Debug-iphonesimulator/Crypto.build/Objects-normal/arm64/Crypto.swiftmodule -user-module-version 4.2.0 -validate-clang-modules-once -clang-build-session-file /Users/nicolas/Library/Developer/Xcode/DerivedData/ModuleCache.noindex/Session.modulevalidation -package-name swift_crypto -Xcc -I/Users/nicolas/Library/Developer/Xcode/DerivedData/AgendaHOF-bvieputxojihcqchgwytombtvhqx/Build/Intermediates.noindex/swift-crypto.build/Debug-iphonesimulator/Crypto.build/swift-overrides.hmap -emit-const-values -Xfrontend -const-gather-protocols-file -Xfrontend /Users/nicolas/Library/Developer/Xcode/DerivedData/AgendaHOF-bvieputxojihcqchgwytombtvhqx/Build/Intermediates.noindex/swift-crypto.build/Debug-iphonesimulator/Crypto.build/Objects-normal/arm64/Crypto_const_extract_protocols.json -Xcc -I/Users/nicolas/Library/Developer/Xcode/DerivedData/AgendaHOF-bvieputxojihcqchgwytombtvhqx/Build/Products/Debug-iphonesimulator/include -Xcc -I/Users/nicolas/Library/Developer/Xcode/DerivedData/AgendaHOF-bvieputxojihcqchgwytombtvhqx/Build/Intermediates.noindex/swift-crypto.build/Debug-iphonesimulator/Crypto.build/DerivedSources-normal/arm64 -Xcc -I/Users/nicolas/Library/Developer/Xcode/DerivedData/AgendaHOF-bvieputxojihcqchgwytombtvhqx/Build/Intermediates.noindex/swift-crypto.build/Debug-iphonesimulator/Crypto.build/DerivedSources/arm64 -Xcc -I/Users/nicolas/Library/Developer/Xcode/DerivedData/AgendaHOF-bvieputxojihcqchgwytombtvhqx/Build/Intermediates.noindex/swift-crypto.build/Debug-iphonesimulator/Crypto.build/DerivedSources -Xcc -DSWIFT_PACKAGE -Xcc -DDEBUG\=1 -emit-objc-header -emit-objc-header-path /Users/nicolas/Library/Developer/Xcode/DerivedData/AgendaHOF-bvieputxojihcqchgwytombtvhqx/Build/Intermediates.noindex/swift-crypto.build/Debug-iphonesimulator/Crypto.build/Objects-normal/arm64/Crypto-Swift.h -working-directory /Users/nicolas/Documents/aplicativos-sites/AgendaHOF-iOS/AgendaHOF.xcodeproj -experimental-emit-module-separately -disable-cmo

SwiftDriverJobDiscovery normal arm64 Compiling FatalErrorReporter.swift, ReportIssue.swift (in target 'IssueReporting' from project 'xctest-dynamic-overlay')

SwiftCompile normal arm64 Compiling\ ErrorReporting.swift,\ AppHostWarning.swift /Users/nicolas/Library/Developer/Xcode/DerivedData/AgendaHOF-bvieputxojihcqchgwytombtvhqx/SourcePackages/checkouts/xctest-dynamic-overlay/Sources/IssueReporting/ErrorReporting.swift /Users/nicolas/Library/Developer/Xcode/DerivedData/AgendaHOF-bvieputxojihcqchgwytombtvhqx/SourcePackages/checkouts/xctest-dynamic-overlay/Sources/IssueReporting/Internal/AppHostWarning.swift (in target 'IssueReporting' from project 'xctest-dynamic-overlay')

SwiftCompile normal arm64 /Users/nicolas/Library/Developer/Xcode/DerivedData/AgendaHOF-bvieputxojihcqchgwytombtvhqx/SourcePackages/checkouts/xctest-dynamic-overlay/Sources/IssueReporting/ErrorReporting.swift (in target 'IssueReporting' from project 'xctest-dynamic-overlay')
    cd /Users/nicolas/Documents/aplicativos-sites/AgendaHOF-iOS/AgendaHOF.xcodeproj
    

SwiftCompile normal arm64 /Users/nicolas/Library/Developer/Xcode/DerivedData/AgendaHOF-bvieputxojihcqchgwytombtvhqx/SourcePackages/checkouts/xctest-dynamic-overlay/Sources/IssueReporting/Internal/AppHostWarning.swift (in target 'IssueReporting' from project 'xctest-dynamic-overlay')
    cd /Users/nicolas/Documents/aplicativos-sites/AgendaHOF-iOS/AgendaHOF.xcodeproj
    

SwiftMergeGeneratedHeaders /Users/nicolas/Library/Developer/Xcode/DerivedData/AgendaHOF-bvieputxojihcqchgwytombtvhqx/Build/Intermediates.noindex/GeneratedModuleMaps-iphonesimulator/Crypto-Swift.h /Users/nicolas/Library/Developer/Xcode/DerivedData/AgendaHOF-bvieputxojihcqchgwytombtvhqx/Build/Intermediates.noindex/swift-crypto.build/Debug-iphonesimulator/Crypto.build/Objects-normal/arm64/Crypto-Swift.h (in target 'Crypto' from project 'swift-crypto')
    cd /Users/nicolas/Library/Developer/Xcode/DerivedData/AgendaHOF-bvieputxojihcqchgwytombtvhqx/SourcePackages/checkouts/swift-crypto
    builtin-swiftHeaderTool -arch arm64 /Users/nicolas/Library/Developer/Xcode/DerivedData/AgendaHOF-bvieputxojihcqchgwytombtvhqx/Build/Intermediates.noindex/swift-crypto.build/Debug-iphonesimulator/Crypto.build/Objects-normal/arm64/Crypto-Swift.h -o /Users/nicolas/Library/Developer/Xcode/DerivedData/AgendaHOF-bvieputxojihcqchgwytombtvhqx/Build/Intermediates.noindex/GeneratedModuleMaps-iphonesimulator/Crypto-Swift.h

SwiftDriverJobDiscovery normal arm64 Emitting module for AgendaWidgetExtension (in target 'AgendaWidgetExtension' from project 'AgendaHOF')

SwiftDriverJobDiscovery normal arm64 Compiling Deprecations.swift, FailureObserver.swift (in target 'IssueReporting' from project 'xctest-dynamic-overlay')

Copy /Users/nicolas/Library/Developer/Xcode/DerivedData/AgendaHOF-bvieputxojihcqchgwytombtvhqx/Build/Products/Debug-iphonesimulator/Crypto.swiftmodule/arm64-apple-ios-simulator.swiftmodule /Users/nicolas/Library/Developer/Xcode/DerivedData/AgendaHOF-bvieputxojihcqchgwytombtvhqx/Build/Intermediates.noindex/swift-crypto.build/Debug-iphonesimulator/Crypto.build/Objects-normal/arm64/Crypto.swiftmodule (in target 'Crypto' from project 'swift-crypto')
    cd /Users/nicolas/Library/Developer/Xcode/DerivedData/AgendaHOF-bvieputxojihcqchgwytombtvhqx/SourcePackages/checkouts/swift-crypto
    builtin-copy -exclude .DS_Store -exclude CVS -exclude .svn -exclude .git -exclude .hg -resolve-src-symlinks -rename /Users/nicolas/Library/Developer/Xcode/DerivedData/AgendaHOF-bvieputxojihcqchgwytombtvhqx/Build/Intermediates.noindex/swift-crypto.build/Debug-iphonesimulator/Crypto.build/Objects-normal/arm64/Crypto.swiftmodule /Users/nicolas/Library/Developer/Xcode/DerivedData/AgendaHOF-bvieputxojihcqchgwytombtvhqx/Build/Products/Debug-iphonesimulator/Crypto.swiftmodule/arm64-apple-ios-simulator.swiftmodule

Copy /Users/nicolas/Library/Developer/Xcode/DerivedData/AgendaHOF-bvieputxojihcqchgwytombtvhqx/Build/Products/Debug-iphonesimulator/Crypto.swiftmodule/arm64-apple-ios-simulator.swiftdoc /Users/nicolas/Library/Developer/Xcode/DerivedData/AgendaHOF-bvieputxojihcqchgwytombtvhqx/Build/Intermediates.noindex/swift-crypto.build/Debug-iphonesimulator/Crypto.build/Objects-normal/arm64/Crypto.swiftdoc (in target 'Crypto' from project 'swift-crypto')
    cd /Users/nicolas/Library/Developer/Xcode/DerivedData/AgendaHOF-bvieputxojihcqchgwytombtvhqx/SourcePackages/checkouts/swift-crypto
    builtin-copy -exclude .DS_Store -exclude CVS -exclude .svn -exclude .git -exclude .hg -resolve-src-symlinks -rename /Users/nicolas/Library/Developer/Xcode/DerivedData/AgendaHOF-bvieputxojihcqchgwytombtvhqx/Build/Intermediates.noindex/swift-crypto.build/Debug-iphonesimulator/Crypto.build/Objects-normal/arm64/Crypto.swiftdoc /Users/nicolas/Library/Developer/Xcode/DerivedData/AgendaHOF-bvieputxojihcqchgwytombtvhqx/Build/Products/Debug-iphonesimulator/Crypto.swiftmodule/arm64-apple-ios-simulator.swiftdoc

Copy /Users/nicolas/Library/Developer/Xcode/DerivedData/AgendaHOF-bvieputxojihcqchgwytombtvhqx/Build/Products/Debug-iphonesimulator/Crypto.swiftmodule/arm64-apple-ios-simulator.abi.json /Users/nicolas/Library/Developer/Xcode/DerivedData/AgendaHOF-bvieputxojihcqchgwytombtvhqx/Build/Intermediates.noindex/swift-crypto.build/Debug-iphonesimulator/Crypto.build/Objects-normal/arm64/Crypto.abi.json (in target 'Crypto' from project 'swift-crypto')
    cd /Users/nicolas/Library/Developer/Xcode/DerivedData/AgendaHOF-bvieputxojihcqchgwytombtvhqx/SourcePackages/checkouts/swift-crypto
    builtin-copy -exclude .DS_Store -exclude CVS -exclude .svn -exclude .git -exclude .hg -resolve-src-symlinks -rename /Users/nicolas/Library/Developer/Xcode/DerivedData/AgendaHOF-bvieputxojihcqchgwytombtvhqx/Build/Intermediates.noindex/swift-crypto.build/Debug-iphonesimulator/Crypto.build/Objects-normal/arm64/Crypto.abi.json /Users/nicolas/Library/Developer/Xcode/DerivedData/AgendaHOF-bvieputxojihcqchgwytombtvhqx/Build/Products/Debug-iphonesimulator/Crypto.swiftmodule/arm64-apple-ios-simulator.abi.json

Copy /Users/nicolas/Library/Developer/Xcode/DerivedData/AgendaHOF-bvieputxojihcqchgwytombtvhqx/Build/Products/Debug-iphonesimulator/Crypto.swiftmodule/Project/arm64-apple-ios-simulator.swiftsourceinfo /Users/nicolas/Library/Developer/Xcode/DerivedData/AgendaHOF-bvieputxojihcqchgwytombtvhqx/Build/Intermediates.noindex/swift-crypto.build/Debug-iphonesimulator/Crypto.build/Objects-normal/arm64/Crypto.swiftsourceinfo (in target 'Crypto' from project 'swift-crypto')
    cd /Users/nicolas/Library/Developer/Xcode/DerivedData/AgendaHOF-bvieputxojihcqchgwytombtvhqx/SourcePackages/checkouts/swift-crypto
    builtin-copy -exclude .DS_Store -exclude CVS -exclude .svn -exclude .git -exclude .hg -resolve-src-symlinks -rename /Users/nicolas/Library/Developer/Xcode/DerivedData/AgendaHOF-bvieputxojihcqchgwytombtvhqx/Build/Intermediates.noindex/swift-crypto.build/Debug-iphonesimulator/Crypto.build/Objects-normal/arm64/Crypto.swiftsourceinfo /Users/nicolas/Library/Developer/Xcode/DerivedData/AgendaHOF-bvieputxojihcqchgwytombtvhqx/Build/Products/Debug-iphonesimulator/Crypto.swiftmodule/Project/arm64-apple-ios-simulator.swiftsourceinfo

SwiftDriver\ Compilation\ Requirements AgendaWidgetExtension normal arm64 com.apple.xcode.tools.swift.compiler (in target 'AgendaWidgetExtension' from project 'AgendaHOF')
    cd /Users/nicolas/Documents/aplicativos-sites/AgendaHOF-iOS
    builtin-Swift-Compilation-Requirements -- /Applications/Xcode.app/Contents/Developer/Toolchains/XcodeDefault.xctoolchain/usr/bin/swiftc -module-name AgendaWidgetExtension -Onone -enforce-exclusivity\=checked @/Users/nicolas/Library/Developer/Xcode/DerivedData/AgendaHOF-bvieputxojihcqchgwytombtvhqx/Build/Intermediates.noindex/AgendaHOF.build/Debug-iphonesimulator/AgendaWidgetExtension.build/Objects-normal/arm64/AgendaWidgetExtension.SwiftFileList -DDEBUG -DDEBUG -enable-bare-slash-regex -enable-experimental-feature DebugDescriptionMacro -sdk /Applications/Xcode.app/Contents/Developer/Platforms/iPhoneSimulator.platform/Developer/SDKs/iPhoneSimulator26.2.sdk -target arm64-apple-ios18.4-simulator -g -module-cache-path /Users/nicolas/Library/Developer/Xcode/DerivedData/ModuleCache.noindex -Xfrontend -serialize-debugging-options -application-extension -profile-coverage-mapping -profile-generate -enable-testing -index-store-path /Users/nicolas/Library/Developer/Xcode/DerivedData/AgendaHOF-bvieputxojihcqchgwytombtvhqx/Index.noindex/DataStore -Xcc -D_LIBCPP_HARDENING_MODE\=_LIBCPP_HARDENING_MODE_DEBUG -swift-version 5 -I /Users/nicolas/Library/Developer/Xcode/DerivedData/AgendaHOF-bvieputxojihcqchgwytombtvhqx/Build/Products/Debug-iphonesimulator -F /Users/nicolas/Library/Developer/Xcode/DerivedData/AgendaHOF-bvieputxojihcqchgwytombtvhqx/Build/Products/Debug-iphonesimulator -emit-localized-strings -emit-localized-strings-path /Users/nicolas/Library/Developer/Xcode/DerivedData/AgendaHOF-bvieputxojihcqchgwytombtvhqx/Build/Intermediates.noindex/AgendaHOF.build/Debug-iphonesimulator/AgendaWidgetExtension.build/Objects-normal/arm64 -c -j10 -enable-batch-mode -incremental -Xcc -ivfsstatcache -Xcc /Users/nicolas/Library/Developer/Xcode/DerivedData/SDKStatCaches.noindex/iphonesimulator26.2-23C53-7d00a8b37fbd7999ea79df8ebc024bf0.sdkstatcache -output-file-map /Users/nicolas/Library/Developer/Xcode/DerivedData/AgendaHOF-bvieputxojihcqchgwytombtvhqx/Build/Intermediates.noindex/AgendaHOF.build/Debug-iphonesimulator/AgendaWidgetExtension.build/Objects-normal/arm64/AgendaWidgetExtension-OutputFileMap.json -use-frontend-parseable-output -save-temps -no-color-diagnostics -explicit-module-build -module-cache-path /Users/nicolas/Library/Developer/Xcode/DerivedData/AgendaHOF-bvieputxojihcqchgwytombtvhqx/Build/Intermediates.noindex/SwiftExplicitPrecompiledModules -clang-scanner-module-cache-path /Users/nicolas/Library/Developer/Xcode/DerivedData/ModuleCache.noindex -sdk-module-cache-path /Users/nicolas/Library/Developer/Xcode/DerivedData/ModuleCache.noindex -serialize-diagnostics -emit-dependencies -emit-module -emit-module-path /Users/nicolas/Library/Developer/Xcode/DerivedData/AgendaHOF-bvieputxojihcqchgwytombtvhqx/Build/Intermediates.noindex/AgendaHOF.build/Debug-iphonesimulator/AgendaWidgetExtension.build/Objects-normal/arm64/AgendaWidgetExtension.swiftmodule -validate-clang-modules-once -clang-build-session-file /Users/nicolas/Library/Developer/Xcode/DerivedData/ModuleCache.noindex/Session.modulevalidation -Xcc -I/Users/nicolas/Library/Developer/Xcode/DerivedData/AgendaHOF-bvieputxojihcqchgwytombtvhqx/Build/Intermediates.noindex/AgendaHOF.build/Debug-iphonesimulator/AgendaWidgetExtension.build/swift-overrides.hmap -emit-const-values -Xfrontend -const-gather-protocols-file -Xfrontend /Users/nicolas/Library/Developer/Xcode/DerivedData/AgendaHOF-bvieputxojihcqchgwytombtvhqx/Build/Intermediates.noindex/AgendaHOF.build/Debug-iphonesimulator/AgendaWidgetExtension.build/Objects-normal/arm64/AgendaWidgetExtension_const_extract_protocols.json -Xcc -iquote -Xcc /Users/nicolas/Library/Developer/Xcode/DerivedData/AgendaHOF-bvieputxojihcqchgwytombtvhqx/Build/Intermediates.noindex/AgendaHOF.build/Debug-iphonesimulator/AgendaWidgetExtension.build/AgendaWidgetExtension-generated-files.hmap -Xcc -I/Users/nicolas/Library/Developer/Xcode/DerivedData/AgendaHOF-bvieputxojihcqchgwytombtvhqx/Build/Intermediates.noindex/AgendaHOF.build/Debug-iphonesimulator/AgendaWidgetExtension.build/AgendaWidgetExtension-own-target-headers.hmap -Xcc -I/Users/nicolas/Library/Developer/Xcode/DerivedData/AgendaHOF-bvieputxojihcqchgwytombtvhqx/Build/Intermediates.noindex/AgendaHOF.build/Debug-iphonesimulator/AgendaWidgetExtension.build/AgendaWidgetExtension-all-non-framework-target-headers.hmap -Xcc -ivfsoverlay -Xcc /Users/nicolas/Library/Developer/Xcode/DerivedData/AgendaHOF-bvieputxojihcqchgwytombtvhqx/Build/Intermediates.noindex/AgendaHOF.build/Debug-iphonesimulator/AgendaHOF-cb7e7301b7fbf424cf8053c1d7d82895-VFS-iphonesimulator/all-product-headers.yaml -Xcc -iquote -Xcc /Users/nicolas/Library/Developer/Xcode/DerivedData/AgendaHOF-bvieputxojihcqchgwytombtvhqx/Build/Intermediates.noindex/AgendaHOF.build/Debug-iphonesimulator/AgendaWidgetExtension.build/AgendaWidgetExtension-project-headers.hmap -Xcc -I/Users/nicolas/Library/Developer/Xcode/DerivedData/AgendaHOF-bvieputxojihcqchgwytombtvhqx/Build/Products/Debug-iphonesimulator/include -Xcc -I/Users/nicolas/Library/Developer/Xcode/DerivedData/AgendaHOF-bvieputxojihcqchgwytombtvhqx/Build/Intermediates.noindex/AgendaHOF.build/Debug-iphonesimulator/AgendaWidgetExtension.build/DerivedSources-normal/arm64 -Xcc -I/Users/nicolas/Library/Developer/Xcode/DerivedData/AgendaHOF-bvieputxojihcqchgwytombtvhqx/Build/Intermediates.noindex/AgendaHOF.build/Debug-iphonesimulator/AgendaWidgetExtension.build/DerivedSources/arm64 -Xcc -I/Users/nicolas/Library/Developer/Xcode/DerivedData/AgendaHOF-bvieputxojihcqchgwytombtvhqx/Build/Intermediates.noindex/AgendaHOF.build/Debug-iphonesimulator/AgendaWidgetExtension.build/DerivedSources -Xcc -DDEBUG\=1 -Xcc -DDEBUG\=1 -emit-objc-header -emit-objc-header-path /Users/nicolas/Library/Developer/Xcode/DerivedData/AgendaHOF-bvieputxojihcqchgwytombtvhqx/Build/Intermediates.noindex/AgendaHOF.build/Debug-iphonesimulator/AgendaWidgetExtension.build/Objects-normal/arm64/AgendaWidgetExtension-Swift.h -working-directory /Users/nicolas/Documents/aplicativos-sites/AgendaHOF-iOS -experimental-emit-module-separately -disable-cmo

SwiftCompile normal arm64 Compiling\ LockIsolated.swift,\ Rethrows.swift /Users/nicolas/Library/Developer/Xcode/DerivedData/AgendaHOF-bvieputxojihcqchgwytombtvhqx/SourcePackages/checkouts/xctest-dynamic-overlay/Sources/IssueReporting/Internal/LockIsolated.swift /Users/nicolas/Library/Developer/Xcode/DerivedData/AgendaHOF-bvieputxojihcqchgwytombtvhqx/SourcePackages/checkouts/xctest-dynamic-overlay/Sources/IssueReporting/Internal/Rethrows.swift (in target 'IssueReporting' from project 'xctest-dynamic-overlay')

SwiftCompile normal arm64 /Users/nicolas/Library/Developer/Xcode/DerivedData/AgendaHOF-bvieputxojihcqchgwytombtvhqx/SourcePackages/checkouts/xctest-dynamic-overlay/Sources/IssueReporting/Internal/LockIsolated.swift (in target 'IssueReporting' from project 'xctest-dynamic-overlay')
    cd /Users/nicolas/Documents/aplicativos-sites/AgendaHOF-iOS/AgendaHOF.xcodeproj
    

SwiftCompile normal arm64 /Users/nicolas/Library/Developer/Xcode/DerivedData/AgendaHOF-bvieputxojihcqchgwytombtvhqx/SourcePackages/checkouts/xctest-dynamic-overlay/Sources/IssueReporting/Internal/Rethrows.swift (in target 'IssueReporting' from project 'xctest-dynamic-overlay')
    cd /Users/nicolas/Documents/aplicativos-sites/AgendaHOF-iOS/AgendaHOF.xcodeproj
    

SwiftCompile normal arm64 Compiling\ SwiftTesting.swift,\ UncheckedSendable.swift /Users/nicolas/Library/Developer/Xcode/DerivedData/AgendaHOF-bvieputxojihcqchgwytombtvhqx/SourcePackages/checkouts/xctest-dynamic-overlay/Sources/IssueReporting/Internal/SwiftTesting.swift /Users/nicolas/Library/Developer/Xcode/DerivedData/AgendaHOF-bvieputxojihcqchgwytombtvhqx/SourcePackages/checkouts/xctest-dynamic-overlay/Sources/IssueReporting/Internal/UncheckedSendable.swift (in target 'IssueReporting' from project 'xctest-dynamic-overlay')
SwiftCompile normal arm64 /Users/nicolas/Library/Developer/Xcode/DerivedData/AgendaHOF-bvieputxojihcqchgwytombtvhqx/SourcePackages/checkouts/xctest-dynamic-overlay/Sources/IssueReporting/Internal/SwiftTesting.swift (in target 'IssueReporting' from project 'xctest-dynamic-overlay')
    cd /Users/nicolas/Documents/aplicativos-sites/AgendaHOF-iOS/AgendaHOF.xcodeproj
    

SwiftCompile normal arm64 /Users/nicolas/Library/Developer/Xcode/DerivedData/AgendaHOF-bvieputxojihcqchgwytombtvhqx/SourcePackages/checkouts/xctest-dynamic-overlay/Sources/IssueReporting/Internal/UncheckedSendable.swift (in target 'IssueReporting' from project 'xctest-dynamic-overlay')
    cd /Users/nicolas/Documents/aplicativos-sites/AgendaHOF-iOS/AgendaHOF.xcodeproj
    

SwiftMergeGeneratedHeaders /Users/nicolas/Library/Developer/Xcode/DerivedData/AgendaHOF-bvieputxojihcqchgwytombtvhqx/Build/Intermediates.noindex/AgendaHOF.build/Debug-iphonesimulator/AgendaWidgetExtension.build/DerivedSources/AgendaWidgetExtension-Swift.h /Users/nicolas/Library/Developer/Xcode/DerivedData/AgendaHOF-bvieputxojihcqchgwytombtvhqx/Build/Intermediates.noindex/AgendaHOF.build/Debug-iphonesimulator/AgendaWidgetExtension.build/Objects-normal/arm64/AgendaWidgetExtension-Swift.h (in target 'AgendaWidgetExtension' from project 'AgendaHOF')
    cd /Users/nicolas/Documents/aplicativos-sites/AgendaHOF-iOS
    builtin-swiftHeaderTool -arch arm64 /Users/nicolas/Library/Developer/Xcode/DerivedData/AgendaHOF-bvieputxojihcqchgwytombtvhqx/Build/Intermediates.noindex/AgendaHOF.build/Debug-iphonesimulator/AgendaWidgetExtension.build/Objects-normal/arm64/AgendaWidgetExtension-Swift.h -o /Users/nicolas/Library/Developer/Xcode/DerivedData/AgendaHOF-bvieputxojihcqchgwytombtvhqx/Build/Intermediates.noindex/AgendaHOF.build/Debug-iphonesimulator/AgendaWidgetExtension.build/DerivedSources/AgendaWidgetExtension-Swift.h

SwiftDriverJobDiscovery normal arm64 Compiling Warn.swift, XCTest.swift (in target 'IssueReporting' from project 'xctest-dynamic-overlay')

Copy /Users/nicolas/Library/Developer/Xcode/DerivedData/AgendaHOF-bvieputxojihcqchgwytombtvhqx/Build/Products/Debug-iphonesimulator/AgendaWidgetExtension.swiftmodule/arm64-apple-ios-simulator.swiftmodule /Users/nicolas/Library/Developer/Xcode/DerivedData/AgendaHOF-bvieputxojihcqchgwytombtvhqx/Build/Intermediates.noindex/AgendaHOF.build/Debug-iphonesimulator/AgendaWidgetExtension.build/Objects-normal/arm64/AgendaWidgetExtension.swiftmodule (in target 'AgendaWidgetExtension' from project 'AgendaHOF')
    cd /Users/nicolas/Documents/aplicativos-sites/AgendaHOF-iOS
    builtin-copy -exclude .DS_Store -exclude CVS -exclude .svn -exclude .git -exclude .hg -resolve-src-symlinks -rename /Users/nicolas/Library/Developer/Xcode/DerivedData/AgendaHOF-bvieputxojihcqchgwytombtvhqx/Build/Intermediates.noindex/AgendaHOF.build/Debug-iphonesimulator/AgendaWidgetExtension.build/Objects-normal/arm64/AgendaWidgetExtension.swiftmodule /Users/nicolas/Library/Developer/Xcode/DerivedData/AgendaHOF-bvieputxojihcqchgwytombtvhqx/Build/Products/Debug-iphonesimulator/AgendaWidgetExtension.swiftmodule/arm64-apple-ios-simulator.swiftmodule

Copy /Users/nicolas/Library/Developer/Xcode/DerivedData/AgendaHOF-bvieputxojihcqchgwytombtvhqx/Build/Products/Debug-iphonesimulator/AgendaWidgetExtension.swiftmodule/arm64-apple-ios-simulator.swiftdoc /Users/nicolas/Library/Developer/Xcode/DerivedData/AgendaHOF-bvieputxojihcqchgwytombtvhqx/Build/Intermediates.noindex/AgendaHOF.build/Debug-iphonesimulator/AgendaWidgetExtension.build/Objects-normal/arm64/AgendaWidgetExtension.swiftdoc (in target 'AgendaWidgetExtension' from project 'AgendaHOF')
    cd /Users/nicolas/Documents/aplicativos-sites/AgendaHOF-iOS
    builtin-copy -exclude .DS_Store -exclude CVS -exclude .svn -exclude .git -exclude .hg -resolve-src-symlinks -rename /Users/nicolas/Library/Developer/Xcode/DerivedData/AgendaHOF-bvieputxojihcqchgwytombtvhqx/Build/Intermediates.noindex/AgendaHOF.build/Debug-iphonesimulator/AgendaWidgetExtension.build/Objects-normal/arm64/AgendaWidgetExtension.swiftdoc /Users/nicolas/Library/Developer/Xcode/DerivedData/AgendaHOF-bvieputxojihcqchgwytombtvhqx/Build/Products/Debug-iphonesimulator/AgendaWidgetExtension.swiftmodule/arm64-apple-ios-simulator.swiftdoc

Copy /Users/nicolas/Library/Developer/Xcode/DerivedData/AgendaHOF-bvieputxojihcqchgwytombtvhqx/Build/Products/Debug-iphonesimulator/AgendaWidgetExtension.swiftmodule/arm64-apple-ios-simulator.abi.json /Users/nicolas/Library/Developer/Xcode/DerivedData/AgendaHOF-bvieputxojihcqchgwytombtvhqx/Build/Intermediates.noindex/AgendaHOF.build/Debug-iphonesimulator/AgendaWidgetExtension.build/Objects-normal/arm64/AgendaWidgetExtension.abi.json (in target 'AgendaWidgetExtension' from project 'AgendaHOF')
    cd /Users/nicolas/Documents/aplicativos-sites/AgendaHOF-iOS
    builtin-copy -exclude .DS_Store -exclude CVS -exclude .svn -exclude .git -exclude .hg -resolve-src-symlinks -rename /Users/nicolas/Library/Developer/Xcode/DerivedData/AgendaHOF-bvieputxojihcqchgwytombtvhqx/Build/Intermediates.noindex/AgendaHOF.build/Debug-iphonesimulator/AgendaWidgetExtension.build/Objects-normal/arm64/AgendaWidgetExtension.abi.json /Users/nicolas/Library/Developer/Xcode/DerivedData/AgendaHOF-bvieputxojihcqchgwytombtvhqx/Build/Products/Debug-iphonesimulator/AgendaWidgetExtension.swiftmodule/arm64-apple-ios-simulator.abi.json

Copy /Users/nicolas/Library/Developer/Xcode/DerivedData/AgendaHOF-bvieputxojihcqchgwytombtvhqx/Build/Products/Debug-iphonesimulator/AgendaWidgetExtension.swiftmodule/Project/arm64-apple-ios-simulator.swiftsourceinfo /Users/nicolas/Library/Developer/Xcode/DerivedData/AgendaHOF-bvieputxojihcqchgwytombtvhqx/Build/Intermediates.noindex/AgendaHOF.build/Debug-iphonesimulator/AgendaWidgetExtension.build/Objects-normal/arm64/AgendaWidgetExtension.swiftsourceinfo (in target 'AgendaWidgetExtension' from project 'AgendaHOF')
    cd /Users/nicolas/Documents/aplicativos-sites/AgendaHOF-iOS
    builtin-copy -exclude .DS_Store -exclude CVS -exclude .svn -exclude .git -exclude .hg -resolve-src-symlinks -rename /Users/nicolas/Library/Developer/Xcode/DerivedData/AgendaHOF-bvieputxojihcqchgwytombtvhqx/Build/Intermediates.noindex/AgendaHOF.build/Debug-iphonesimulator/AgendaWidgetExtension.build/Objects-normal/arm64/AgendaWidgetExtension.swiftsourceinfo /Users/nicolas/Library/Developer/Xcode/DerivedData/AgendaHOF-bvieputxojihcqchgwytombtvhqx/Build/Products/Debug-iphonesimulator/AgendaWidgetExtension.swiftmodule/Project/arm64-apple-ios-simulator.swiftsourceinfo

SwiftCompile normal arm64 Compiling\ TestContext.swift,\ Unimplemented.swift /Users/nicolas/Library/Developer/Xcode/DerivedData/AgendaHOF-bvieputxojihcqchgwytombtvhqx/SourcePackages/checkouts/xctest-dynamic-overlay/Sources/IssueReporting/TestContext.swift /Users/nicolas/Library/Developer/Xcode/DerivedData/AgendaHOF-bvieputxojihcqchgwytombtvhqx/SourcePackages/checkouts/xctest-dynamic-overlay/Sources/IssueReporting/Unimplemented.swift (in target 'IssueReporting' from project 'xctest-dynamic-overlay')

SwiftCompile normal arm64 /Users/nicolas/Library/Developer/Xcode/DerivedData/AgendaHOF-bvieputxojihcqchgwytombtvhqx/SourcePackages/checkouts/xctest-dynamic-overlay/Sources/IssueReporting/TestContext.swift (in target 'IssueReporting' from project 'xctest-dynamic-overlay')
    cd /Users/nicolas/Documents/aplicativos-sites/AgendaHOF-iOS/AgendaHOF.xcodeproj
    

SwiftCompile normal arm64 /Users/nicolas/Library/Developer/Xcode/DerivedData/AgendaHOF-bvieputxojihcqchgwytombtvhqx/SourcePackages/checkouts/xctest-dynamic-overlay/Sources/IssueReporting/Unimplemented.swift (in target 'IssueReporting' from project 'xctest-dynamic-overlay')
    cd /Users/nicolas/Documents/aplicativos-sites/AgendaHOF-iOS/AgendaHOF.xcodeproj
    

SwiftCompile normal arm64 Compiling\ NIOLock.swift /Users/nicolas/Library/Developer/Xcode/DerivedData/AgendaHOF-bvieputxojihcqchgwytombtvhqx/SourcePackages/checkouts/swift-http-types/Sources/HTTPTypes/NIOLock.swift (in target 'HTTPTypes' from project 'swift-http-types')

SwiftCompile normal arm64 /Users/nicolas/Library/Developer/Xcode/DerivedData/AgendaHOF-bvieputxojihcqchgwytombtvhqx/SourcePackages/checkouts/swift-http-types/Sources/HTTPTypes/NIOLock.swift (in target 'HTTPTypes' from project 'swift-http-types')
    cd /Users/nicolas/Documents/aplicativos-sites/AgendaHOF-iOS/AgendaHOF.xcodeproj
    

SwiftDriverJobDiscovery normal arm64 Emitting module for IssueReporting (in target 'IssueReporting' from project 'xctest-dynamic-overlay')

SwiftDriver\ Compilation\ Requirements IssueReporting normal arm64 com.apple.xcode.tools.swift.compiler (in target 'IssueReporting' from project 'xctest-dynamic-overlay')
    cd /Users/nicolas/Documents/aplicativos-sites/AgendaHOF-iOS/AgendaHOF.xcodeproj
    builtin-Swift-Compilation-Requirements -- /Applications/Xcode.app/Contents/Developer/Toolchains/XcodeDefault.xctoolchain/usr/bin/swiftc -module-name IssueReporting -Onone -enforce-exclusivity\=checked @/Users/nicolas/Library/Developer/Xcode/DerivedData/AgendaHOF-bvieputxojihcqchgwytombtvhqx/Build/Intermediates.noindex/xctest-dynamic-overlay.build/Debug-iphonesimulator/IssueReporting.build/Objects-normal/arm64/IssueReporting.SwiftFileList -DSWIFT_PACKAGE -DDEBUG -DSWIFT_MODULE_RESOURCE_BUNDLE_UNAVAILABLE -DXcode -plugin-path /Applications/Xcode.app/Contents/Developer/Toolchains/XcodeDefault.xctoolchain/usr/lib/swift/host/plugins/testing -enable-experimental-feature DebugDescriptionMacro -sdk /Applications/Xcode.app/Contents/Developer/Platforms/iPhoneSimulator.platform/Developer/SDKs/iPhoneSimulator26.2.sdk -target arm64-apple-ios13.0-simulator -g -module-cache-path /Users/nicolas/Library/Developer/Xcode/DerivedData/ModuleCache.noindex -Xfrontend -serialize-debugging-options -profile-coverage-mapping -profile-generate -enable-testing -suppress-warnings -index-store-path /Users/nicolas/Library/Developer/Xcode/DerivedData/AgendaHOF-bvieputxojihcqchgwytombtvhqx/Index.noindex/DataStore -Xcc -D_LIBCPP_HARDENING_MODE\=_LIBCPP_HARDENING_MODE_DEBUG -swift-version 6 -I /Users/nicolas/Library/Developer/Xcode/DerivedData/AgendaHOF-bvieputxojihcqchgwytombtvhqx/Build/Products/Debug-iphonesimulator -Isystem /Applications/Xcode.app/Contents/Developer/Platforms/iPhoneSimulator.platform/Developer/usr/lib -F /Users/nicolas/Library/Developer/Xcode/DerivedData/AgendaHOF-bvieputxojihcqchgwytombtvhqx/Build/Products/Debug-iphonesimulator/PackageFrameworks -F /Users/nicolas/Library/Developer/Xcode/DerivedData/AgendaHOF-bvieputxojihcqchgwytombtvhqx/Build/Products/Debug-iphonesimulator -F /Applications/Xcode.app/Contents/Developer/Platforms/iPhoneSimulator.platform/Developer/Library/Frameworks -F /Applications/Xcode.app/Contents/Developer/Platforms/iPhoneSimulator.platform/Developer/SDKs/iPhoneSimulator26.2.sdk/Developer/Library/Frameworks -c -j10 -enable-batch-mode -incremental -Xcc -ivfsstatcache -Xcc /Users/nicolas/Library/Developer/Xcode/DerivedData/SDKStatCaches.noindex/iphonesimulator26.2-23C53-7d00a8b37fbd7999ea79df8ebc024bf0.sdkstatcache -output-file-map /Users/nicolas/Library/Developer/Xcode/DerivedData/AgendaHOF-bvieputxojihcqchgwytombtvhqx/Build/Intermediates.noindex/xctest-dynamic-overlay.build/Debug-iphonesimulator/IssueReporting.build/Objects-normal/arm64/IssueReporting-OutputFileMap.json -use-frontend-parseable-output -save-temps -no-color-diagnostics -explicit-module-build -module-cache-path /Users/nicolas/Library/Developer/Xcode/DerivedData/AgendaHOF-bvieputxojihcqchgwytombtvhqx/Build/Intermediates.noindex/SwiftExplicitPrecompiledModules -clang-scanner-module-cache-path /Users/nicolas/Library/Developer/Xcode/DerivedData/ModuleCache.noindex -sdk-module-cache-path /Users/nicolas/Library/Developer/Xcode/DerivedData/ModuleCache.noindex -serialize-diagnostics -emit-dependencies -emit-module -emit-module-path /Users/nicolas/Library/Developer/Xcode/DerivedData/AgendaHOF-bvieputxojihcqchgwytombtvhqx/Build/Intermediates.noindex/xctest-dynamic-overlay.build/Debug-iphonesimulator/IssueReporting.build/Objects-normal/arm64/IssueReporting.swiftmodule -user-module-version 1.8.0 -validate-clang-modules-once -clang-build-session-file /Users/nicolas/Library/Developer/Xcode/DerivedData/ModuleCache.noindex/Session.modulevalidation -package-name xctest_dynamic_overlay -Xcc -I/Users/nicolas/Library/Developer/Xcode/DerivedData/AgendaHOF-bvieputxojihcqchgwytombtvhqx/Build/Intermediates.noindex/xctest-dynamic-overlay.build/Debug-iphonesimulator/IssueReporting.build/swift-overrides.hmap -emit-const-values -Xfrontend -const-gather-protocols-file -Xfrontend /Users/nicolas/Library/Developer/Xcode/DerivedData/AgendaHOF-bvieputxojihcqchgwytombtvhqx/Build/Intermediates.noindex/xctest-dynamic-overlay.build/Debug-iphonesimulator/IssueReporting.build/Objects-normal/arm64/IssueReporting_const_extract_protocols.json -Xcc -I/Users/nicolas/Library/Developer/Xcode/DerivedData/AgendaHOF-bvieputxojihcqchgwytombtvhqx/Build/Products/Debug-iphonesimulator/include -Xcc -I/Users/nicolas/Library/Developer/Xcode/DerivedData/AgendaHOF-bvieputxojihcqchgwytombtvhqx/Build/Intermediates.noindex/xctest-dynamic-overlay.build/Debug-iphonesimulator/IssueReporting.build/DerivedSources-normal/arm64 -Xcc -I/Users/nicolas/Library/Developer/Xcode/DerivedData/AgendaHOF-bvieputxojihcqchgwytombtvhqx/Build/Intermediates.noindex/xctest-dynamic-overlay.build/Debug-iphonesimulator/IssueReporting.build/DerivedSources/arm64 -Xcc -I/Users/nicolas/Library/Developer/Xcode/DerivedData/AgendaHOF-bvieputxojihcqchgwytombtvhqx/Build/Intermediates.noindex/xctest-dynamic-overlay.build/Debug-iphonesimulator/IssueReporting.build/DerivedSources -Xcc -DSWIFT_PACKAGE -Xcc -DDEBUG\=1 -emit-objc-header -emit-objc-header-path /Users/nicolas/Library/Developer/Xcode/DerivedData/AgendaHOF-bvieputxojihcqchgwytombtvhqx/Build/Intermediates.noindex/xctest-dynamic-overlay.build/Debug-iphonesimulator/IssueReporting.build/Objects-normal/arm64/IssueReporting-Swift.h -working-directory /Users/nicolas/Documents/aplicativos-sites/AgendaHOF-iOS/AgendaHOF.xcodeproj -experimental-emit-module-separately -disable-cmo

SwiftDriverJobDiscovery normal arm64 Compiling IsTesting.swift, IssueReporter.swift (in target 'IssueReporting' from project 'xctest-dynamic-overlay')

SwiftCompile normal arm64 Compiling\ HTTPParsedFields.swift /Users/nicolas/Library/Developer/Xcode/DerivedData/AgendaHOF-bvieputxojihcqchgwytombtvhqx/SourcePackages/checkouts/swift-http-types/Sources/HTTPTypes/HTTPParsedFields.swift (in target 'HTTPTypes' from project 'swift-http-types')

SwiftCompile normal arm64 /Users/nicolas/Library/Developer/Xcode/DerivedData/AgendaHOF-bvieputxojihcqchgwytombtvhqx/SourcePackages/checkouts/swift-http-types/Sources/HTTPTypes/HTTPParsedFields.swift (in target 'HTTPTypes' from project 'swift-http-types')
    cd /Users/nicolas/Documents/aplicativos-sites/AgendaHOF-iOS/AgendaHOF.xcodeproj
    

SwiftMergeGeneratedHeaders /Users/nicolas/Library/Developer/Xcode/DerivedData/AgendaHOF-bvieputxojihcqchgwytombtvhqx/Build/Intermediates.noindex/GeneratedModuleMaps-iphonesimulator/IssueReporting-Swift.h /Users/nicolas/Library/Developer/Xcode/DerivedData/AgendaHOF-bvieputxojihcqchgwytombtvhqx/Build/Intermediates.noindex/xctest-dynamic-overlay.build/Debug-iphonesimulator/IssueReporting.build/Objects-normal/arm64/IssueReporting-Swift.h (in target 'IssueReporting' from project 'xctest-dynamic-overlay')
    cd /Users/nicolas/Library/Developer/Xcode/DerivedData/AgendaHOF-bvieputxojihcqchgwytombtvhqx/SourcePackages/checkouts/xctest-dynamic-overlay
    builtin-swiftHeaderTool -arch arm64 /Users/nicolas/Library/Developer/Xcode/DerivedData/AgendaHOF-bvieputxojihcqchgwytombtvhqx/Build/Intermediates.noindex/xctest-dynamic-overlay.build/Debug-iphonesimulator/IssueReporting.build/Objects-normal/arm64/IssueReporting-Swift.h -o /Users/nicolas/Library/Developer/Xcode/DerivedData/AgendaHOF-bvieputxojihcqchgwytombtvhqx/Build/Intermediates.noindex/GeneratedModuleMaps-iphonesimulator/IssueReporting-Swift.h

SwiftDriverJobDiscovery normal arm64 Compiling WithExpectedIssue.swift, WithIssueContext.swift (in target 'IssueReporting' from project 'xctest-dynamic-overlay')

Copy /Users/nicolas/Library/Developer/Xcode/DerivedData/AgendaHOF-bvieputxojihcqchgwytombtvhqx/Build/Products/Debug-iphonesimulator/IssueReporting.swiftmodule/arm64-apple-ios-simulator.swiftmodule /Users/nicolas/Library/Developer/Xcode/DerivedData/AgendaHOF-bvieputxojihcqchgwytombtvhqx/Build/Intermediates.noindex/xctest-dynamic-overlay.build/Debug-iphonesimulator/IssueReporting.build/Objects-normal/arm64/IssueReporting.swiftmodule (in target 'IssueReporting' from project 'xctest-dynamic-overlay')
    cd /Users/nicolas/Library/Developer/Xcode/DerivedData/AgendaHOF-bvieputxojihcqchgwytombtvhqx/SourcePackages/checkouts/xctest-dynamic-overlay
    builtin-copy -exclude .DS_Store -exclude CVS -exclude .svn -exclude .git -exclude .hg -resolve-src-symlinks -rename /Users/nicolas/Library/Developer/Xcode/DerivedData/AgendaHOF-bvieputxojihcqchgwytombtvhqx/Build/Intermediates.noindex/xctest-dynamic-overlay.build/Debug-iphonesimulator/IssueReporting.build/Objects-normal/arm64/IssueReporting.swiftmodule /Users/nicolas/Library/Developer/Xcode/DerivedData/AgendaHOF-bvieputxojihcqchgwytombtvhqx/Build/Products/Debug-iphonesimulator/IssueReporting.swiftmodule/arm64-apple-ios-simulator.swiftmodule

Copy /Users/nicolas/Library/Developer/Xcode/DerivedData/AgendaHOF-bvieputxojihcqchgwytombtvhqx/Build/Products/Debug-iphonesimulator/IssueReporting.swiftmodule/arm64-apple-ios-simulator.swiftdoc /Users/nicolas/Library/Developer/Xcode/DerivedData/AgendaHOF-bvieputxojihcqchgwytombtvhqx/Build/Intermediates.noindex/xctest-dynamic-overlay.build/Debug-iphonesimulator/IssueReporting.build/Objects-normal/arm64/IssueReporting.swiftdoc (in target 'IssueReporting' from project 'xctest-dynamic-overlay')
    cd /Users/nicolas/Library/Developer/Xcode/DerivedData/AgendaHOF-bvieputxojihcqchgwytombtvhqx/SourcePackages/checkouts/xctest-dynamic-overlay
    builtin-copy -exclude .DS_Store -exclude CVS -exclude .svn -exclude .git -exclude .hg -resolve-src-symlinks -rename /Users/nicolas/Library/Developer/Xcode/DerivedData/AgendaHOF-bvieputxojihcqchgwytombtvhqx/Build/Intermediates.noindex/xctest-dynamic-overlay.build/Debug-iphonesimulator/IssueReporting.build/Objects-normal/arm64/IssueReporting.swiftdoc /Users/nicolas/Library/Developer/Xcode/DerivedData/AgendaHOF-bvieputxojihcqchgwytombtvhqx/Build/Products/Debug-iphonesimulator/IssueReporting.swiftmodule/arm64-apple-ios-simulator.swiftdoc

Copy /Users/nicolas/Library/Developer/Xcode/DerivedData/AgendaHOF-bvieputxojihcqchgwytombtvhqx/Build/Products/Debug-iphonesimulator/IssueReporting.swiftmodule/arm64-apple-ios-simulator.abi.json /Users/nicolas/Library/Developer/Xcode/DerivedData/AgendaHOF-bvieputxojihcqchgwytombtvhqx/Build/Intermediates.noindex/xctest-dynamic-overlay.build/Debug-iphonesimulator/IssueReporting.build/Objects-normal/arm64/IssueReporting.abi.json (in target 'IssueReporting' from project 'xctest-dynamic-overlay')
    cd /Users/nicolas/Library/Developer/Xcode/DerivedData/AgendaHOF-bvieputxojihcqchgwytombtvhqx/SourcePackages/checkouts/xctest-dynamic-overlay
    builtin-copy -exclude .DS_Store -exclude CVS -exclude .svn -exclude .git -exclude .hg -resolve-src-symlinks -rename /Users/nicolas/Library/Developer/Xcode/DerivedData/AgendaHOF-bvieputxojihcqchgwytombtvhqx/Build/Intermediates.noindex/xctest-dynamic-overlay.build/Debug-iphonesimulator/IssueReporting.build/Objects-normal/arm64/IssueReporting.abi.json /Users/nicolas/Library/Developer/Xcode/DerivedData/AgendaHOF-bvieputxojihcqchgwytombtvhqx/Build/Products/Debug-iphonesimulator/IssueReporting.swiftmodule/arm64-apple-ios-simulator.abi.json

Copy /Users/nicolas/Library/Developer/Xcode/DerivedData/AgendaHOF-bvieputxojihcqchgwytombtvhqx/Build/Products/Debug-iphonesimulator/IssueReporting.swiftmodule/Project/arm64-apple-ios-simulator.swiftsourceinfo /Users/nicolas/Library/Developer/Xcode/DerivedData/AgendaHOF-bvieputxojihcqchgwytombtvhqx/Build/Intermediates.noindex/xctest-dynamic-overlay.build/Debug-iphonesimulator/IssueReporting.build/Objects-normal/arm64/IssueReporting.swiftsourceinfo (in target 'IssueReporting' from project 'xctest-dynamic-overlay')
    cd /Users/nicolas/Library/Developer/Xcode/DerivedData/AgendaHOF-bvieputxojihcqchgwytombtvhqx/SourcePackages/checkouts/xctest-dynamic-overlay
    builtin-copy -exclude .DS_Store -exclude CVS -exclude .svn -exclude .git -exclude .hg -resolve-src-symlinks -rename /Users/nicolas/Library/Developer/Xcode/DerivedData/AgendaHOF-bvieputxojihcqchgwytombtvhqx/Build/Intermediates.noindex/xctest-dynamic-overlay.build/Debug-iphonesimulator/IssueReporting.build/Objects-normal/arm64/IssueReporting.swiftsourceinfo /Users/nicolas/Library/Developer/Xcode/DerivedData/AgendaHOF-bvieputxojihcqchgwytombtvhqx/Build/Products/Debug-iphonesimulator/IssueReporting.swiftmodule/Project/arm64-apple-ios-simulator.swiftsourceinfo

SwiftCompile normal arm64 Compiling\ ISOLatin1String.swift /Users/nicolas/Library/Developer/Xcode/DerivedData/AgendaHOF-bvieputxojihcqchgwytombtvhqx/SourcePackages/checkouts/swift-http-types/Sources/HTTPTypes/ISOLatin1String.swift (in target 'HTTPTypes' from project 'swift-http-types')

SwiftCompile normal arm64 /Users/nicolas/Library/Developer/Xcode/DerivedData/AgendaHOF-bvieputxojihcqchgwytombtvhqx/SourcePackages/checkouts/swift-http-types/Sources/HTTPTypes/ISOLatin1String.swift (in target 'HTTPTypes' from project 'swift-http-types')
    cd /Users/nicolas/Documents/aplicativos-sites/AgendaHOF-iOS/AgendaHOF.xcodeproj
    

SwiftDriverJobDiscovery normal arm64 Compiling LockIsolated.swift, Rethrows.swift (in target 'IssueReporting' from project 'xctest-dynamic-overlay')

SwiftCompile normal arm64 Compiling\ HTTPRequest.swift /Users/nicolas/Library/Developer/Xcode/DerivedData/AgendaHOF-bvieputxojihcqchgwytombtvhqx/SourcePackages/checkouts/swift-http-types/Sources/HTTPTypes/HTTPRequest.swift (in target 'HTTPTypes' from project 'swift-http-types')

SwiftCompile normal arm64 /Users/nicolas/Library/Developer/Xcode/DerivedData/AgendaHOF-bvieputxojihcqchgwytombtvhqx/SourcePackages/checkouts/swift-http-types/Sources/HTTPTypes/HTTPRequest.swift (in target 'HTTPTypes' from project 'swift-http-types')
    cd /Users/nicolas/Documents/aplicativos-sites/AgendaHOF-iOS/AgendaHOF.xcodeproj
    

SwiftDriverJobDiscovery normal arm64 Compiling HTTPResponse.swift (in target 'HTTPTypes' from project 'swift-http-types')

SwiftCompile normal arm64 Compiling\ Curve25519.swift,\ Ed25519Keys.swift,\ NISTCurvesKeys.swift,\ X25519Keys.swift,\ SymmetricKeys.swift,\ HMAC.swift,\ MACFunctions.swift,\ MessageAuthenticationCode.swift,\ AES.swift /Users/nicolas/Library/Developer/Xcode/DerivedData/AgendaHOF-bvieputxojihcqchgwytombtvhqx/SourcePackages/checkouts/swift-crypto/Sources/Crypto/Keys/EC/Curve25519.swift /Users/nicolas/Library/Developer/Xcode/DerivedData/AgendaHOF-bvieputxojihcqchgwytombtvhqx/SourcePackages/checkouts/swift-crypto/Sources/Crypto/Keys/EC/Ed25519Keys.swift /Users/nicolas/Library/Developer/Xcode/DerivedData/AgendaHOF-bvieputxojihcqchgwytombtvhqx/SourcePackages/checkouts/swift-crypto/Sources/Crypto/Keys/EC/NISTCurvesKeys.swift /Users/nicolas/Library/Developer/Xcode/DerivedData/AgendaHOF-bvieputxojihcqchgwytombtvhqx/SourcePackages/checkouts/swift-crypto/Sources/Crypto/Keys/EC/X25519Keys.swift /Users/nicolas/Library/Developer/Xcode/DerivedData/AgendaHOF-bvieputxojihcqchgwytombtvhqx/SourcePackages/checkouts/swift-crypto/Sources/Crypto/Keys/Symmetric/SymmetricKeys.swift /Users/nicolas/Library/Developer/Xcode/DerivedData/AgendaHOF-bvieputxojihcqchgwytombtvhqx/SourcePackages/checkouts/swift-crypto/Sources/Crypto/Message\ Authentication\ Codes/HMAC/HMAC.swift /Users/nicolas/Library/Developer/Xcode/DerivedData/AgendaHOF-bvieputxojihcqchgwytombtvhqx/SourcePackages/checkouts/swift-crypto/Sources/Crypto/Message\ Authentication\ Codes/MACFunctions.swift /Users/nicolas/Library/Developer/Xcode/DerivedData/AgendaHOF-bvieputxojihcqchgwytombtvhqx/SourcePackages/checkouts/swift-crypto/Sources/Crypto/Message\ Authentication\ Codes/MessageAuthenticationCode.swift /Users/nicolas/Library/Developer/Xcode/DerivedData/AgendaHOF-bvieputxojihcqchgwytombtvhqx/SourcePackages/checkouts/swift-crypto/Sources/Crypto/PRF/AES.swift (in target 'Crypto' from project 'swift-crypto')

SwiftCompile normal arm64 /Users/nicolas/Library/Developer/Xcode/DerivedData/AgendaHOF-bvieputxojihcqchgwytombtvhqx/SourcePackages/checkouts/swift-crypto/Sources/Crypto/Keys/EC/Curve25519.swift (in target 'Crypto' from project 'swift-crypto')
    cd /Users/nicolas/Documents/aplicativos-sites/AgendaHOF-iOS/AgendaHOF.xcodeproj
    

SwiftCompile normal arm64 /Users/nicolas/Library/Developer/Xcode/DerivedData/AgendaHOF-bvieputxojihcqchgwytombtvhqx/SourcePackages/checkouts/swift-crypto/Sources/Crypto/Keys/EC/Ed25519Keys.swift (in target 'Crypto' from project 'swift-crypto')
    cd /Users/nicolas/Documents/aplicativos-sites/AgendaHOF-iOS/AgendaHOF.xcodeproj
    

SwiftCompile normal arm64 /Users/nicolas/Library/Developer/Xcode/DerivedData/AgendaHOF-bvieputxojihcqchgwytombtvhqx/SourcePackages/checkouts/swift-crypto/Sources/Crypto/Keys/EC/NISTCurvesKeys.swift (in target 'Crypto' from project 'swift-crypto')
    cd /Users/nicolas/Documents/aplicativos-sites/AgendaHOF-iOS/AgendaHOF.xcodeproj
    

SwiftCompile normal arm64 /Users/nicolas/Library/Developer/Xcode/DerivedData/AgendaHOF-bvieputxojihcqchgwytombtvhqx/SourcePackages/checkouts/swift-crypto/Sources/Crypto/Keys/EC/X25519Keys.swift (in target 'Crypto' from project 'swift-crypto')
    cd /Users/nicolas/Documents/aplicativos-sites/AgendaHOF-iOS/AgendaHOF.xcodeproj
    

SwiftCompile normal arm64 /Users/nicolas/Library/Developer/Xcode/DerivedData/AgendaHOF-bvieputxojihcqchgwytombtvhqx/SourcePackages/checkouts/swift-crypto/Sources/Crypto/Keys/Symmetric/SymmetricKeys.swift (in target 'Crypto' from project 'swift-crypto')
    cd /Users/nicolas/Documents/aplicativos-sites/AgendaHOF-iOS/AgendaHOF.xcodeproj
    

SwiftCompile normal arm64 /Users/nicolas/Library/Developer/Xcode/DerivedData/AgendaHOF-bvieputxojihcqchgwytombtvhqx/SourcePackages/checkouts/swift-crypto/Sources/Crypto/Message\ Authentication\ Codes/HMAC/HMAC.swift (in target 'Crypto' from project 'swift-crypto')
    cd /Users/nicolas/Documents/aplicativos-sites/AgendaHOF-iOS/AgendaHOF.xcodeproj
    

SwiftCompile normal arm64 /Users/nicolas/Library/Developer/Xcode/DerivedData/AgendaHOF-bvieputxojihcqchgwytombtvhqx/SourcePackages/checkouts/swift-crypto/Sources/Crypto/Message\ Authentication\ Codes/MACFunctions.swift (in target 'Crypto' from project 'swift-crypto')
    cd /Users/nicolas/Documents/aplicativos-sites/AgendaHOF-iOS/AgendaHOF.xcodeproj
    

SwiftCompile normal arm64 /Users/nicolas/Library/Developer/Xcode/DerivedData/AgendaHOF-bvieputxojihcqchgwytombtvhqx/SourcePackages/checkouts/swift-crypto/Sources/Crypto/Message\ Authentication\ Codes/MessageAuthenticationCode.swift (in target 'Crypto' from project 'swift-crypto')
    cd /Users/nicolas/Documents/aplicativos-sites/AgendaHOF-iOS/AgendaHOF.xcodeproj
    

SwiftCompile normal arm64 /Users/nicolas/Library/Developer/Xcode/DerivedData/AgendaHOF-bvieputxojihcqchgwytombtvhqx/SourcePackages/checkouts/swift-crypto/Sources/Crypto/PRF/AES.swift (in target 'Crypto' from project 'swift-crypto')
    cd /Users/nicolas/Documents/aplicativos-sites/AgendaHOF-iOS/AgendaHOF.xcodeproj
    

SwiftDriverJobDiscovery normal arm64 Compiling ErrorReporting.swift, AppHostWarning.swift (in target 'IssueReporting' from project 'xctest-dynamic-overlay')

SwiftCompile normal arm64 Compiling\ HashFunctions_SHA2.swift,\ HashFunctions_SHA3.swift,\ Digest_xkcp.swift,\ HPKE-AEAD.swift,\ HPKE-Ciphersuite.swift,\ HPKE-KDF.swift,\ HPKE-KexKeyDerivation.swift,\ HPKE-LabeledExtract.swift,\ HPKE-Utils.swift,\ DHKEM.swift /Users/nicolas/Library/Developer/Xcode/DerivedData/AgendaHOF-bvieputxojihcqchgwytombtvhqx/SourcePackages/checkouts/swift-crypto/Sources/Crypto/Digests/HashFunctions_SHA2.swift /Users/nicolas/Library/Developer/Xcode/DerivedData/AgendaHOF-bvieputxojihcqchgwytombtvhqx/SourcePackages/checkouts/swift-crypto/Sources/Crypto/Digests/HashFunctions_SHA3.swift /Users/nicolas/Library/Developer/Xcode/DerivedData/AgendaHOF-bvieputxojihcqchgwytombtvhqx/SourcePackages/checkouts/swift-crypto/Sources/Crypto/Digests/XKCP/Digest_xkcp.swift /Users/nicolas/Library/Developer/Xcode/DerivedData/AgendaHOF-bvieputxojihcqchgwytombtvhqx/SourcePackages/checkouts/swift-crypto/Sources/Crypto/HPKE/Ciphersuite/HPKE-AEAD.swift /Users/nicolas/Library/Developer/Xcode/DerivedData/AgendaHOF-bvieputxojihcqchgwytombtvhqx/SourcePackages/checkouts/swift-crypto/Sources/Crypto/HPKE/Ciphersuite/HPKE-Ciphersuite.swift /Users/nicolas/Library/Developer/Xcode/DerivedData/AgendaHOF-bvieputxojihcqchgwytombtvhqx/SourcePackages/checkouts/swift-crypto/Sources/Crypto/HPKE/Ciphersuite/HPKE-KDF.swift /Users/nicolas/Library/Developer/Xcode/DerivedData/AgendaHOF-bvieputxojihcqchgwytombtvhqx/SourcePackages/checkouts/swift-crypto/Sources/Crypto/HPKE/Ciphersuite/HPKE-KexKeyDerivation.swift /Users/nicolas/Library/Developer/Xcode/DerivedData/AgendaHOF-bvieputxojihcqchgwytombtvhqx/SourcePackages/checkouts/swift-crypto/Sources/Crypto/HPKE/Ciphersuite/HPKE-LabeledExtract.swift /Users/nicolas/Library/Developer/Xcode/DerivedData/AgendaHOF-bvieputxojihcqchgwytombtvhqx/SourcePackages/checkouts/swift-crypto/Sources/Crypto/HPKE/Ciphersuite/HPKE-Utils.swift /Users/nicolas/Library/Developer/Xcode/DerivedData/AgendaHOF-bvieputxojihcqchgwytombtvhqx/SourcePackages/checkouts/swift-crypto/Sources/Crypto/HPKE/Ciphersuite/KEM/Conformances/DHKEM.swift (in target 'Crypto' from project 'swift-crypto')

SwiftCompile normal arm64 /Users/nicolas/Library/Developer/Xcode/DerivedData/AgendaHOF-bvieputxojihcqchgwytombtvhqx/SourcePackages/checkouts/swift-crypto/Sources/Crypto/Digests/HashFunctions_SHA2.swift (in target 'Crypto' from project 'swift-crypto')
    cd /Users/nicolas/Documents/aplicativos-sites/AgendaHOF-iOS/AgendaHOF.xcodeproj
    

SwiftCompile normal arm64 /Users/nicolas/Library/Developer/Xcode/DerivedData/AgendaHOF-bvieputxojihcqchgwytombtvhqx/SourcePackages/checkouts/swift-crypto/Sources/Crypto/Digests/HashFunctions_SHA3.swift (in target 'Crypto' from project 'swift-crypto')
    cd /Users/nicolas/Documents/aplicativos-sites/AgendaHOF-iOS/AgendaHOF.xcodeproj
    

SwiftCompile normal arm64 /Users/nicolas/Library/Developer/Xcode/DerivedData/AgendaHOF-bvieputxojihcqchgwytombtvhqx/SourcePackages/checkouts/swift-crypto/Sources/Crypto/Digests/XKCP/Digest_xkcp.swift (in target 'Crypto' from project 'swift-crypto')
    cd /Users/nicolas/Documents/aplicativos-sites/AgendaHOF-iOS/AgendaHOF.xcodeproj
    

SwiftCompile normal arm64 /Users/nicolas/Library/Developer/Xcode/DerivedData/AgendaHOF-bvieputxojihcqchgwytombtvhqx/SourcePackages/checkouts/swift-crypto/Sources/Crypto/HPKE/Ciphersuite/HPKE-AEAD.swift (in target 'Crypto' from project 'swift-crypto')
    cd /Users/nicolas/Documents/aplicativos-sites/AgendaHOF-iOS/AgendaHOF.xcodeproj
    

SwiftCompile normal arm64 /Users/nicolas/Library/Developer/Xcode/DerivedData/AgendaHOF-bvieputxojihcqchgwytombtvhqx/SourcePackages/checkouts/swift-crypto/Sources/Crypto/HPKE/Ciphersuite/HPKE-Ciphersuite.swift (in target 'Crypto' from project 'swift-crypto')
    cd /Users/nicolas/Documents/aplicativos-sites/AgendaHOF-iOS/AgendaHOF.xcodeproj
    

SwiftCompile normal arm64 /Users/nicolas/Library/Developer/Xcode/DerivedData/AgendaHOF-bvieputxojihcqchgwytombtvhqx/SourcePackages/checkouts/swift-crypto/Sources/Crypto/HPKE/Ciphersuite/HPKE-KDF.swift (in target 'Crypto' from project 'swift-crypto')
    cd /Users/nicolas/Documents/aplicativos-sites/AgendaHOF-iOS/AgendaHOF.xcodeproj
    

SwiftCompile normal arm64 /Users/nicolas/Library/Developer/Xcode/DerivedData/AgendaHOF-bvieputxojihcqchgwytombtvhqx/SourcePackages/checkouts/swift-crypto/Sources/Crypto/HPKE/Ciphersuite/HPKE-KexKeyDerivation.swift (in target 'Crypto' from project 'swift-crypto')
    cd /Users/nicolas/Documents/aplicativos-sites/AgendaHOF-iOS/AgendaHOF.xcodeproj
    

SwiftCompile normal arm64 /Users/nicolas/Library/Developer/Xcode/DerivedData/AgendaHOF-bvieputxojihcqchgwytombtvhqx/SourcePackages/checkouts/swift-crypto/Sources/Crypto/HPKE/Ciphersuite/HPKE-LabeledExtract.swift (in target 'Crypto' from project 'swift-crypto')
    cd /Users/nicolas/Documents/aplicativos-sites/AgendaHOF-iOS/AgendaHOF.xcodeproj
    

SwiftCompile normal arm64 /Users/nicolas/Library/Developer/Xcode/DerivedData/AgendaHOF-bvieputxojihcqchgwytombtvhqx/SourcePackages/checkouts/swift-crypto/Sources/Crypto/HPKE/Ciphersuite/HPKE-Utils.swift (in target 'Crypto' from project 'swift-crypto')
    cd /Users/nicolas/Documents/aplicativos-sites/AgendaHOF-iOS/AgendaHOF.xcodeproj
    

SwiftCompile normal arm64 /Users/nicolas/Library/Developer/Xcode/DerivedData/AgendaHOF-bvieputxojihcqchgwytombtvhqx/SourcePackages/checkouts/swift-crypto/Sources/Crypto/HPKE/Ciphersuite/KEM/Conformances/DHKEM.swift (in target 'Crypto' from project 'swift-crypto')
    cd /Users/nicolas/Documents/aplicativos-sites/AgendaHOF-iOS/AgendaHOF.xcodeproj
    

SwiftCompile normal arm64 Compiling\ HPKE-KEM-Curve25519.swift,\ HPKE-NIST-EC-KEMs.swift,\ HPKE-KEM.swift,\ HPKE-Errors.swift,\ HPKE.swift,\ HPKE-Context.swift,\ HPKE-KeySchedule.swift,\ HPKE-Modes.swift,\ Insecure.swift /Users/nicolas/Library/Developer/Xcode/DerivedData/AgendaHOF-bvieputxojihcqchgwytombtvhqx/SourcePackages/checkouts/swift-crypto/Sources/Crypto/HPKE/Ciphersuite/KEM/Conformances/HPKE-KEM-Curve25519.swift /Users/nicolas/Library/Developer/Xcode/DerivedData/AgendaHOF-bvieputxojihcqchgwytombtvhqx/SourcePackages/checkouts/swift-crypto/Sources/Crypto/HPKE/Ciphersuite/KEM/Conformances/HPKE-NIST-EC-KEMs.swift /Users/nicolas/Library/Developer/Xcode/DerivedData/AgendaHOF-bvieputxojihcqchgwytombtvhqx/SourcePackages/checkouts/swift-crypto/Sources/Crypto/HPKE/Ciphersuite/KEM/HPKE-KEM.swift /Users/nicolas/Library/Developer/Xcode/DerivedData/AgendaHOF-bvieputxojihcqchgwytombtvhqx/SourcePackages/checkouts/swift-crypto/Sources/Crypto/HPKE/HPKE-Errors.swift /Users/nicolas/Library/Developer/Xcode/DerivedData/AgendaHOF-bvieputxojihcqchgwytombtvhqx/SourcePackages/checkouts/swift-crypto/Sources/Crypto/HPKE/HPKE.swift /Users/nicolas/Library/Developer/Xcode/DerivedData/AgendaHOF-bvieputxojihcqchgwytombtvhqx/SourcePackages/checkouts/swift-crypto/Sources/Crypto/HPKE/Key\ Schedule/HPKE-Context.swift /Users/nicolas/Library/Developer/Xcode/DerivedData/AgendaHOF-bvieputxojihcqchgwytombtvhqx/SourcePackages/checkouts/swift-crypto/Sources/Crypto/HPKE/Key\ Schedule/HPKE-KeySchedule.swift /Users/nicolas/Library/Developer/Xcode/DerivedData/AgendaHOF-bvieputxojihcqchgwytombtvhqx/SourcePackages/checkouts/swift-crypto/Sources/Crypto/HPKE/Modes/HPKE-Modes.swift /Users/nicolas/Library/Developer/Xcode/DerivedData/AgendaHOF-bvieputxojihcqchgwytombtvhqx/SourcePackages/checkouts/swift-crypto/Sources/Crypto/Insecure/Insecure.swift (in target 'Crypto' from project 'swift-crypto')

SwiftCompile normal arm64 /Users/nicolas/Library/Developer/Xcode/DerivedData/AgendaHOF-bvieputxojihcqchgwytombtvhqx/SourcePackages/checkouts/swift-crypto/Sources/Crypto/HPKE/Ciphersuite/KEM/Conformances/HPKE-KEM-Curve25519.swift (in target 'Crypto' from project 'swift-crypto')
    cd /Users/nicolas/Documents/aplicativos-sites/AgendaHOF-iOS/AgendaHOF.xcodeproj
    

SwiftCompile normal arm64 /Users/nicolas/Library/Developer/Xcode/DerivedData/AgendaHOF-bvieputxojihcqchgwytombtvhqx/SourcePackages/checkouts/swift-crypto/Sources/Crypto/HPKE/Ciphersuite/KEM/Conformances/HPKE-NIST-EC-KEMs.swift (in target 'Crypto' from project 'swift-crypto')
    cd /Users/nicolas/Documents/aplicativos-sites/AgendaHOF-iOS/AgendaHOF.xcodeproj
    

SwiftCompile normal arm64 /Users/nicolas/Library/Developer/Xcode/DerivedData/AgendaHOF-bvieputxojihcqchgwytombtvhqx/SourcePackages/checkouts/swift-crypto/Sources/Crypto/HPKE/Ciphersuite/KEM/HPKE-KEM.swift (in target 'Crypto' from project 'swift-crypto')
    cd /Users/nicolas/Documents/aplicativos-sites/AgendaHOF-iOS/AgendaHOF.xcodeproj
    

SwiftCompile normal arm64 /Users/nicolas/Library/Developer/Xcode/DerivedData/AgendaHOF-bvieputxojihcqchgwytombtvhqx/SourcePackages/checkouts/swift-crypto/Sources/Crypto/HPKE/HPKE-Errors.swift (in target 'Crypto' from project 'swift-crypto')
    cd /Users/nicolas/Documents/aplicativos-sites/AgendaHOF-iOS/AgendaHOF.xcodeproj
    

SwiftCompile normal arm64 /Users/nicolas/Library/Developer/Xcode/DerivedData/AgendaHOF-bvieputxojihcqchgwytombtvhqx/SourcePackages/checkouts/swift-crypto/Sources/Crypto/HPKE/HPKE.swift (in target 'Crypto' from project 'swift-crypto')
    cd /Users/nicolas/Documents/aplicativos-sites/AgendaHOF-iOS/AgendaHOF.xcodeproj
    

SwiftCompile normal arm64 /Users/nicolas/Library/Developer/Xcode/DerivedData/AgendaHOF-bvieputxojihcqchgwytombtvhqx/SourcePackages/checkouts/swift-crypto/Sources/Crypto/HPKE/Key\ Schedule/HPKE-Context.swift (in target 'Crypto' from project 'swift-crypto')
    cd /Users/nicolas/Documents/aplicativos-sites/AgendaHOF-iOS/AgendaHOF.xcodeproj
    

SwiftCompile normal arm64 /Users/nicolas/Library/Developer/Xcode/DerivedData/AgendaHOF-bvieputxojihcqchgwytombtvhqx/SourcePackages/checkouts/swift-crypto/Sources/Crypto/HPKE/Key\ Schedule/HPKE-KeySchedule.swift (in target 'Crypto' from project 'swift-crypto')
    cd /Users/nicolas/Documents/aplicativos-sites/AgendaHOF-iOS/AgendaHOF.xcodeproj
    

SwiftCompile normal arm64 /Users/nicolas/Library/Developer/Xcode/DerivedData/AgendaHOF-bvieputxojihcqchgwytombtvhqx/SourcePackages/checkouts/swift-crypto/Sources/Crypto/HPKE/Modes/HPKE-Modes.swift (in target 'Crypto' from project 'swift-crypto')
    cd /Users/nicolas/Documents/aplicativos-sites/AgendaHOF-iOS/AgendaHOF.xcodeproj
    

SwiftCompile normal arm64 /Users/nicolas/Library/Developer/Xcode/DerivedData/AgendaHOF-bvieputxojihcqchgwytombtvhqx/SourcePackages/checkouts/swift-crypto/Sources/Crypto/Insecure/Insecure.swift (in target 'Crypto' from project 'swift-crypto')
    cd /Users/nicolas/Documents/aplicativos-sites/AgendaHOF-iOS/AgendaHOF.xcodeproj
    

SwiftDriverJobDiscovery normal arm64 Compiling HTTPFields.swift (in target 'HTTPTypes' from project 'swift-http-types')

SwiftCompile normal arm64 Compiling\ resource_bundle_accessor.swift,\ AES-GCM.swift,\ AES-GCM_boring.swift,\ ChaChaPoly_boring.swift,\ ChaChaPoly.swift,\ Cipher.swift,\ Nonces.swift,\ ASN1.swift,\ ASN1Any.swift,\ ASN1BitString.swift /Users/nicolas/Library/Developer/Xcode/DerivedData/AgendaHOF-bvieputxojihcqchgwytombtvhqx/Build/Intermediates.noindex/swift-crypto.build/Debug-iphonesimulator/Crypto.build/DerivedSources/resource_bundle_accessor.swift /Users/nicolas/Library/Developer/Xcode/DerivedData/AgendaHOF-bvieputxojihcqchgwytombtvhqx/SourcePackages/checkouts/swift-crypto/Sources/Crypto/AEADs/AES/GCM/AES-GCM.swift /Users/nicolas/Library/Developer/Xcode/DerivedData/AgendaHOF-bvieputxojihcqchgwytombtvhqx/SourcePackages/checkouts/swift-crypto/Sources/Crypto/AEADs/AES/GCM/BoringSSL/AES-GCM_boring.swift /Users/nicolas/Library/Developer/Xcode/DerivedData/AgendaHOF-bvieputxojihcqchgwytombtvhqx/SourcePackages/checkouts/swift-crypto/Sources/Crypto/AEADs/ChachaPoly/BoringSSL/ChaChaPoly_boring.swift /Users/nicolas/Library/Developer/Xcode/DerivedData/AgendaHOF-bvieputxojihcqchgwytombtvhqx/SourcePackages/checkouts/swift-crypto/Sources/Crypto/AEADs/ChachaPoly/ChaChaPoly.swift /Users/nicolas/Library/Developer/Xcode/DerivedData/AgendaHOF-bvieputxojihcqchgwytombtvhqx/SourcePackages/checkouts/swift-crypto/Sources/Crypto/AEADs/Cipher.swift /Users/nicolas/Library/Developer/Xcode/DerivedData/AgendaHOF-bvieputxojihcqchgwytombtvhqx/SourcePackages/checkouts/swift-crypto/Sources/Crypto/AEADs/Nonces.swift /Users/nicolas/Library/Developer/Xcode/DerivedData/AgendaHOF-bvieputxojihcqchgwytombtvhqx/SourcePackages/checkouts/swift-crypto/Sources/Crypto/ASN1/ASN1.swift /Users/nicolas/Library/Developer/Xcode/DerivedData/AgendaHOF-bvieputxojihcqchgwytombtvhqx/SourcePackages/checkouts/swift-crypto/Sources/Crypto/ASN1/Basic\ ASN1\ Types/ASN1Any.swift /Users/nicolas/Library/Developer/Xcode/DerivedData/AgendaHOF-bvieputxojihcqchgwytombtvhqx/SourcePackages/checkouts/swift-crypto/Sources/Crypto/ASN1/Basic\ ASN1\ Types/ASN1BitString.swift (in target 'Crypto' from project 'swift-crypto')

SwiftCompile normal arm64 /Users/nicolas/Library/Developer/Xcode/DerivedData/AgendaHOF-bvieputxojihcqchgwytombtvhqx/Build/Intermediates.noindex/swift-crypto.build/Debug-iphonesimulator/Crypto.build/DerivedSources/resource_bundle_accessor.swift (in target 'Crypto' from project 'swift-crypto')
    cd /Users/nicolas/Documents/aplicativos-sites/AgendaHOF-iOS/AgendaHOF.xcodeproj
    

SwiftCompile normal arm64 /Users/nicolas/Library/Developer/Xcode/DerivedData/AgendaHOF-bvieputxojihcqchgwytombtvhqx/SourcePackages/checkouts/swift-crypto/Sources/Crypto/AEADs/AES/GCM/AES-GCM.swift (in target 'Crypto' from project 'swift-crypto')
    cd /Users/nicolas/Documents/aplicativos-sites/AgendaHOF-iOS/AgendaHOF.xcodeproj
    

SwiftCompile normal arm64 /Users/nicolas/Library/Developer/Xcode/DerivedData/AgendaHOF-bvieputxojihcqchgwytombtvhqx/SourcePackages/checkouts/swift-crypto/Sources/Crypto/AEADs/AES/GCM/BoringSSL/AES-GCM_boring.swift (in target 'Crypto' from project 'swift-crypto')
    cd /Users/nicolas/Documents/aplicativos-sites/AgendaHOF-iOS/AgendaHOF.xcodeproj
    

SwiftCompile normal arm64 /Users/nicolas/Library/Developer/Xcode/DerivedData/AgendaHOF-bvieputxojihcqchgwytombtvhqx/SourcePackages/checkouts/swift-crypto/Sources/Crypto/AEADs/ChachaPoly/BoringSSL/ChaChaPoly_boring.swift (in target 'Crypto' from project 'swift-crypto')
    cd /Users/nicolas/Documents/aplicativos-sites/AgendaHOF-iOS/AgendaHOF.xcodeproj
    

SwiftCompile normal arm64 /Users/nicolas/Library/Developer/Xcode/DerivedData/AgendaHOF-bvieputxojihcqchgwytombtvhqx/SourcePackages/checkouts/swift-crypto/Sources/Crypto/AEADs/ChachaPoly/ChaChaPoly.swift (in target 'Crypto' from project 'swift-crypto')
    cd /Users/nicolas/Documents/aplicativos-sites/AgendaHOF-iOS/AgendaHOF.xcodeproj
    

SwiftCompile normal arm64 /Users/nicolas/Library/Developer/Xcode/DerivedData/AgendaHOF-bvieputxojihcqchgwytombtvhqx/SourcePackages/checkouts/swift-crypto/Sources/Crypto/AEADs/Cipher.swift (in target 'Crypto' from project 'swift-crypto')
    cd /Users/nicolas/Documents/aplicativos-sites/AgendaHOF-iOS/AgendaHOF.xcodeproj
    

SwiftCompile normal arm64 /Users/nicolas/Library/Developer/Xcode/DerivedData/AgendaHOF-bvieputxojihcqchgwytombtvhqx/SourcePackages/checkouts/swift-crypto/Sources/Crypto/AEADs/Nonces.swift (in target 'Crypto' from project 'swift-crypto')
    cd /Users/nicolas/Documents/aplicativos-sites/AgendaHOF-iOS/AgendaHOF.xcodeproj
    

SwiftCompile normal arm64 /Users/nicolas/Library/Developer/Xcode/DerivedData/AgendaHOF-bvieputxojihcqchgwytombtvhqx/SourcePackages/checkouts/swift-crypto/Sources/Crypto/ASN1/ASN1.swift (in target 'Crypto' from project 'swift-crypto')
    cd /Users/nicolas/Documents/aplicativos-sites/AgendaHOF-iOS/AgendaHOF.xcodeproj
    

SwiftCompile normal arm64 /Users/nicolas/Library/Developer/Xcode/DerivedData/AgendaHOF-bvieputxojihcqchgwytombtvhqx/SourcePackages/checkouts/swift-crypto/Sources/Crypto/ASN1/Basic\ ASN1\ Types/ASN1Any.swift (in target 'Crypto' from project 'swift-crypto')
    cd /Users/nicolas/Documents/aplicativos-sites/AgendaHOF-iOS/AgendaHOF.xcodeproj
    

SwiftCompile normal arm64 /Users/nicolas/Library/Developer/Xcode/DerivedData/AgendaHOF-bvieputxojihcqchgwytombtvhqx/SourcePackages/checkouts/swift-crypto/Sources/Crypto/ASN1/Basic\ ASN1\ Types/ASN1BitString.swift (in target 'Crypto' from project 'swift-crypto')
    cd /Users/nicolas/Documents/aplicativos-sites/AgendaHOF-iOS/AgendaHOF.xcodeproj
    

SwiftDriverJobDiscovery normal arm64 Compiling BreakpointReporter.swift, DefaultReporter.swift (in target 'IssueReporting' from project 'xctest-dynamic-overlay')

SwiftCompile normal arm64 Compiling\ Insecure_HashFunctions.swift,\ MLKEM_boring.swift,\ MLKEM_wrapper.swift,\ XWing_boring.swift,\ KEM-Errors.swift,\ KEM.swift,\ MLKEM.swift,\ XWing.swift,\ ECDH_boring.swift /Users/nicolas/Library/Developer/Xcode/DerivedData/AgendaHOF-bvieputxojihcqchgwytombtvhqx/SourcePackages/checkouts/swift-crypto/Sources/Crypto/Insecure/Insecure_HashFunctions.swift /Users/nicolas/Library/Developer/Xcode/DerivedData/AgendaHOF-bvieputxojihcqchgwytombtvhqx/SourcePackages/checkouts/swift-crypto/Sources/Crypto/KEM/BoringSSL/MLKEM_boring.swift /Users/nicolas/Library/Developer/Xcode/DerivedData/AgendaHOF-bvieputxojihcqchgwytombtvhqx/SourcePackages/checkouts/swift-crypto/Sources/Crypto/KEM/BoringSSL/MLKEM_wrapper.swift /Users/nicolas/Library/Developer/Xcode/DerivedData/AgendaHOF-bvieputxojihcqchgwytombtvhqx/SourcePackages/checkouts/swift-crypto/Sources/Crypto/KEM/BoringSSL/XWing_boring.swift /Users/nicolas/Library/Developer/Xcode/DerivedData/AgendaHOF-bvieputxojihcqchgwytombtvhqx/SourcePackages/checkouts/swift-crypto/Sources/Crypto/KEM/KEM-Errors.swift /Users/nicolas/Library/Developer/Xcode/DerivedData/AgendaHOF-bvieputxojihcqchgwytombtvhqx/SourcePackages/checkouts/swift-crypto/Sources/Crypto/KEM/KEM.swift /Users/nicolas/Library/Developer/Xcode/DerivedData/AgendaHOF-bvieputxojihcqchgwytombtvhqx/SourcePackages/checkouts/swift-crypto/Sources/Crypto/KEM/MLKEM.swift /Users/nicolas/Library/Developer/Xcode/DerivedData/AgendaHOF-bvieputxojihcqchgwytombtvhqx/SourcePackages/checkouts/swift-crypto/Sources/Crypto/KEM/XWing.swift /Users/nicolas/Library/Developer/Xcode/DerivedData/AgendaHOF-bvieputxojihcqchgwytombtvhqx/SourcePackages/checkouts/swift-crypto/Sources/Crypto/Key\ Agreement/BoringSSL/ECDH_boring.swift (in target 'Crypto' from project 'swift-crypto')

SwiftCompile normal arm64 /Users/nicolas/Library/Developer/Xcode/DerivedData/AgendaHOF-bvieputxojihcqchgwytombtvhqx/SourcePackages/checkouts/swift-crypto/Sources/Crypto/Insecure/Insecure_HashFunctions.swift (in target 'Crypto' from project 'swift-crypto')
    cd /Users/nicolas/Documents/aplicativos-sites/AgendaHOF-iOS/AgendaHOF.xcodeproj
    

SwiftCompile normal arm64 /Users/nicolas/Library/Developer/Xcode/DerivedData/AgendaHOF-bvieputxojihcqchgwytombtvhqx/SourcePackages/checkouts/swift-crypto/Sources/Crypto/KEM/BoringSSL/MLKEM_boring.swift (in target 'Crypto' from project 'swift-crypto')
    cd /Users/nicolas/Documents/aplicativos-sites/AgendaHOF-iOS/AgendaHOF.xcodeproj
    

SwiftCompile normal arm64 /Users/nicolas/Library/Developer/Xcode/DerivedData/AgendaHOF-bvieputxojihcqchgwytombtvhqx/SourcePackages/checkouts/swift-crypto/Sources/Crypto/KEM/BoringSSL/MLKEM_wrapper.swift (in target 'Crypto' from project 'swift-crypto')
    cd /Users/nicolas/Documents/aplicativos-sites/AgendaHOF-iOS/AgendaHOF.xcodeproj
    

SwiftCompile normal arm64 /Users/nicolas/Library/Developer/Xcode/DerivedData/AgendaHOF-bvieputxojihcqchgwytombtvhqx/SourcePackages/checkouts/swift-crypto/Sources/Crypto/KEM/BoringSSL/XWing_boring.swift (in target 'Crypto' from project 'swift-crypto')
    cd /Users/nicolas/Documents/aplicativos-sites/AgendaHOF-iOS/AgendaHOF.xcodeproj
    

SwiftCompile normal arm64 /Users/nicolas/Library/Developer/Xcode/DerivedData/AgendaHOF-bvieputxojihcqchgwytombtvhqx/SourcePackages/checkouts/swift-crypto/Sources/Crypto/KEM/KEM-Errors.swift (in target 'Crypto' from project 'swift-crypto')
    cd /Users/nicolas/Documents/aplicativos-sites/AgendaHOF-iOS/AgendaHOF.xcodeproj
    

SwiftCompile normal arm64 /Users/nicolas/Library/Developer/Xcode/DerivedData/AgendaHOF-bvieputxojihcqchgwytombtvhqx/SourcePackages/checkouts/swift-crypto/Sources/Crypto/KEM/KEM.swift (in target 'Crypto' from project 'swift-crypto')
    cd /Users/nicolas/Documents/aplicativos-sites/AgendaHOF-iOS/AgendaHOF.xcodeproj
    

SwiftCompile normal arm64 /Users/nicolas/Library/Developer/Xcode/DerivedData/AgendaHOF-bvieputxojihcqchgwytombtvhqx/SourcePackages/checkouts/swift-crypto/Sources/Crypto/KEM/MLKEM.swift (in target 'Crypto' from project 'swift-crypto')
    cd /Users/nicolas/Documents/aplicativos-sites/AgendaHOF-iOS/AgendaHOF.xcodeproj
    

SwiftCompile normal arm64 /Users/nicolas/Library/Developer/Xcode/DerivedData/AgendaHOF-bvieputxojihcqchgwytombtvhqx/SourcePackages/checkouts/swift-crypto/Sources/Crypto/KEM/XWing.swift (in target 'Crypto' from project 'swift-crypto')
    cd /Users/nicolas/Documents/aplicativos-sites/AgendaHOF-iOS/AgendaHOF.xcodeproj
    

SwiftCompile normal arm64 /Users/nicolas/Library/Developer/Xcode/DerivedData/AgendaHOF-bvieputxojihcqchgwytombtvhqx/SourcePackages/checkouts/swift-crypto/Sources/Crypto/Key\ Agreement/BoringSSL/ECDH_boring.swift (in target 'Crypto' from project 'swift-crypto')
    cd /Users/nicolas/Documents/aplicativos-sites/AgendaHOF-iOS/AgendaHOF.xcodeproj
    

SwiftDriverJobDiscovery normal arm64 Compiling TestContext.swift, Unimplemented.swift (in target 'IssueReporting' from project 'xctest-dynamic-overlay')

SwiftCompile normal arm64 Compiling\ ASN1Boolean.swift,\ ASN1Identifier.swift,\ ASN1Integer.swift,\ ASN1Null.swift,\ ASN1OctetString.swift,\ ASN1Strings.swift,\ ArraySliceBigint.swift,\ GeneralizedTime.swift,\ ObjectIdentifier.swift,\ ECDSASignature.swift /Users/nicolas/Library/Developer/Xcode/DerivedData/AgendaHOF-bvieputxojihcqchgwytombtvhqx/SourcePackages/checkouts/swift-crypto/Sources/Crypto/ASN1/Basic\ ASN1\ Types/ASN1Boolean.swift /Users/nicolas/Library/Developer/Xcode/DerivedData/AgendaHOF-bvieputxojihcqchgwytombtvhqx/SourcePackages/checkouts/swift-crypto/Sources/Crypto/ASN1/Basic\ ASN1\ Types/ASN1Identifier.swift /Users/nicolas/Library/Developer/Xcode/DerivedData/AgendaHOF-bvieputxojihcqchgwytombtvhqx/SourcePackages/checkouts/swift-crypto/Sources/Crypto/ASN1/Basic\ ASN1\ Types/ASN1Integer.swift /Users/nicolas/Library/Developer/Xcode/DerivedData/AgendaHOF-bvieputxojihcqchgwytombtvhqx/SourcePackages/checkouts/swift-crypto/Sources/Crypto/ASN1/Basic\ ASN1\ Types/ASN1Null.swift /Users/nicolas/Library/Developer/Xcode/DerivedData/AgendaHOF-bvieputxojihcqchgwytombtvhqx/SourcePackages/checkouts/swift-crypto/Sources/Crypto/ASN1/Basic\ ASN1\ Types/ASN1OctetString.swift /Users/nicolas/Library/Developer/Xcode/DerivedData/AgendaHOF-bvieputxojihcqchgwytombtvhqx/SourcePackages/checkouts/swift-crypto/Sources/Crypto/ASN1/Basic\ ASN1\ Types/ASN1Strings.swift /Users/nicolas/Library/Developer/Xcode/DerivedData/AgendaHOF-bvieputxojihcqchgwytombtvhqx/SourcePackages/checkouts/swift-crypto/Sources/Crypto/ASN1/Basic\ ASN1\ Types/ArraySliceBigint.swift /Users/nicolas/Library/Developer/Xcode/DerivedData/AgendaHOF-bvieputxojihcqchgwytombtvhqx/SourcePackages/checkouts/swift-crypto/Sources/Crypto/ASN1/Basic\ ASN1\ Types/GeneralizedTime.swift /Users/nicolas/Library/Developer/Xcode/DerivedData/AgendaHOF-bvieputxojihcqchgwytombtvhqx/SourcePackages/checkouts/swift-crypto/Sources/Crypto/ASN1/Basic\ ASN1\ Types/ObjectIdentifier.swift /Users/nicolas/Library/Developer/Xcode/DerivedData/AgendaHOF-bvieputxojihcqchgwytombtvhqx/SourcePackages/checkouts/swift-crypto/Sources/Crypto/ASN1/ECDSASignature.swift (in target 'Crypto' from project 'swift-crypto')

SwiftCompile normal arm64 /Users/nicolas/Library/Developer/Xcode/DerivedData/AgendaHOF-bvieputxojihcqchgwytombtvhqx/SourcePackages/checkouts/swift-crypto/Sources/Crypto/ASN1/Basic\ ASN1\ Types/ASN1Boolean.swift (in target 'Crypto' from project 'swift-crypto')
    cd /Users/nicolas/Documents/aplicativos-sites/AgendaHOF-iOS/AgendaHOF.xcodeproj
    

SwiftCompile normal arm64 /Users/nicolas/Library/Developer/Xcode/DerivedData/AgendaHOF-bvieputxojihcqchgwytombtvhqx/SourcePackages/checkouts/swift-crypto/Sources/Crypto/ASN1/Basic\ ASN1\ Types/ASN1Identifier.swift (in target 'Crypto' from project 'swift-crypto')
    cd /Users/nicolas/Documents/aplicativos-sites/AgendaHOF-iOS/AgendaHOF.xcodeproj
    

SwiftCompile normal arm64 /Users/nicolas/Library/Developer/Xcode/DerivedData/AgendaHOF-bvieputxojihcqchgwytombtvhqx/SourcePackages/checkouts/swift-crypto/Sources/Crypto/ASN1/Basic\ ASN1\ Types/ASN1Integer.swift (in target 'Crypto' from project 'swift-crypto')
    cd /Users/nicolas/Documents/aplicativos-sites/AgendaHOF-iOS/AgendaHOF.xcodeproj
    

SwiftCompile normal arm64 /Users/nicolas/Library/Developer/Xcode/DerivedData/AgendaHOF-bvieputxojihcqchgwytombtvhqx/SourcePackages/checkouts/swift-crypto/Sources/Crypto/ASN1/Basic\ ASN1\ Types/ASN1Null.swift (in target 'Crypto' from project 'swift-crypto')
    cd /Users/nicolas/Documents/aplicativos-sites/AgendaHOF-iOS/AgendaHOF.xcodeproj
    

SwiftCompile normal arm64 /Users/nicolas/Library/Developer/Xcode/DerivedData/AgendaHOF-bvieputxojihcqchgwytombtvhqx/SourcePackages/checkouts/swift-crypto/Sources/Crypto/ASN1/Basic\ ASN1\ Types/ASN1OctetString.swift (in target 'Crypto' from project 'swift-crypto')
    cd /Users/nicolas/Documents/aplicativos-sites/AgendaHOF-iOS/AgendaHOF.xcodeproj
    

SwiftCompile normal arm64 /Users/nicolas/Library/Developer/Xcode/DerivedData/AgendaHOF-bvieputxojihcqchgwytombtvhqx/SourcePackages/checkouts/swift-crypto/Sources/Crypto/ASN1/Basic\ ASN1\ Types/ASN1Strings.swift (in target 'Crypto' from project 'swift-crypto')
    cd /Users/nicolas/Documents/aplicativos-sites/AgendaHOF-iOS/AgendaHOF.xcodeproj
    

SwiftCompile normal arm64 /Users/nicolas/Library/Developer/Xcode/DerivedData/AgendaHOF-bvieputxojihcqchgwytombtvhqx/SourcePackages/checkouts/swift-crypto/Sources/Crypto/ASN1/Basic\ ASN1\ Types/ArraySliceBigint.swift (in target 'Crypto' from project 'swift-crypto')
    cd /Users/nicolas/Documents/aplicativos-sites/AgendaHOF-iOS/AgendaHOF.xcodeproj
    

SwiftCompile normal arm64 /Users/nicolas/Library/Developer/Xcode/DerivedData/AgendaHOF-bvieputxojihcqchgwytombtvhqx/SourcePackages/checkouts/swift-crypto/Sources/Crypto/ASN1/Basic\ ASN1\ Types/GeneralizedTime.swift (in target 'Crypto' from project 'swift-crypto')
    cd /Users/nicolas/Documents/aplicativos-sites/AgendaHOF-iOS/AgendaHOF.xcodeproj
    

SwiftCompile normal arm64 /Users/nicolas/Library/Developer/Xcode/DerivedData/AgendaHOF-bvieputxojihcqchgwytombtvhqx/SourcePackages/checkouts/swift-crypto/Sources/Crypto/ASN1/Basic\ ASN1\ Types/ObjectIdentifier.swift (in target 'Crypto' from project 'swift-crypto')
    cd /Users/nicolas/Documents/aplicativos-sites/AgendaHOF-iOS/AgendaHOF.xcodeproj
    

SwiftCompile normal arm64 /Users/nicolas/Library/Developer/Xcode/DerivedData/AgendaHOF-bvieputxojihcqchgwytombtvhqx/SourcePackages/checkouts/swift-crypto/Sources/Crypto/ASN1/ECDSASignature.swift (in target 'Crypto' from project 'swift-crypto')
    cd /Users/nicolas/Documents/aplicativos-sites/AgendaHOF-iOS/AgendaHOF.xcodeproj
    

SwiftDriverJobDiscovery normal arm64 Compiling NIOLock.swift (in target 'HTTPTypes' from project 'swift-http-types')

SwiftCompile normal arm64 Compiling\ ECDSASignature_boring.swift,\ ECDSA_boring.swift,\ EdDSA_boring.swift,\ MLDSA_boring.swift,\ MLDSA_wrapper.swift,\ ECDSA.swift,\ Ed25519.swift,\ MLDSA.swift,\ Signature.swift /Users/nicolas/Library/Developer/Xcode/DerivedData/AgendaHOF-bvieputxojihcqchgwytombtvhqx/SourcePackages/checkouts/swift-crypto/Sources/Crypto/Signatures/BoringSSL/ECDSASignature_boring.swift /Users/nicolas/Library/Developer/Xcode/DerivedData/AgendaHOF-bvieputxojihcqchgwytombtvhqx/SourcePackages/checkouts/swift-crypto/Sources/Crypto/Signatures/BoringSSL/ECDSA_boring.swift /Users/nicolas/Library/Developer/Xcode/DerivedData/AgendaHOF-bvieputxojihcqchgwytombtvhqx/SourcePackages/checkouts/swift-crypto/Sources/Crypto/Signatures/BoringSSL/EdDSA_boring.swift /Users/nicolas/Library/Developer/Xcode/DerivedData/AgendaHOF-bvieputxojihcqchgwytombtvhqx/SourcePackages/checkouts/swift-crypto/Sources/Crypto/Signatures/BoringSSL/MLDSA_boring.swift /Users/nicolas/Library/Developer/Xcode/DerivedData/AgendaHOF-bvieputxojihcqchgwytombtvhqx/SourcePackages/checkouts/swift-crypto/Sources/Crypto/Signatures/BoringSSL/MLDSA_wrapper.swift /Users/nicolas/Library/Developer/Xcode/DerivedData/AgendaHOF-bvieputxojihcqchgwytombtvhqx/SourcePackages/checkouts/swift-crypto/Sources/Crypto/Signatures/ECDSA.swift /Users/nicolas/Library/Developer/Xcode/DerivedData/AgendaHOF-bvieputxojihcqchgwytombtvhqx/SourcePackages/checkouts/swift-crypto/Sources/Crypto/Signatures/Ed25519.swift /Users/nicolas/Library/Developer/Xcode/DerivedData/AgendaHOF-bvieputxojihcqchgwytombtvhqx/SourcePackages/checkouts/swift-crypto/Sources/Crypto/Signatures/MLDSA.swift /Users/nicolas/Library/Developer/Xcode/DerivedData/AgendaHOF-bvieputxojihcqchgwytombtvhqx/SourcePackages/checkouts/swift-crypto/Sources/Crypto/Signatures/Signature.swift (in target 'Crypto' from project 'swift-crypto')

SwiftCompile normal arm64 /Users/nicolas/Library/Developer/Xcode/DerivedData/AgendaHOF-bvieputxojihcqchgwytombtvhqx/SourcePackages/checkouts/swift-crypto/Sources/Crypto/Signatures/BoringSSL/ECDSASignature_boring.swift (in target 'Crypto' from project 'swift-crypto')
    cd /Users/nicolas/Documents/aplicativos-sites/AgendaHOF-iOS/AgendaHOF.xcodeproj
    

SwiftCompile normal arm64 /Users/nicolas/Library/Developer/Xcode/DerivedData/AgendaHOF-bvieputxojihcqchgwytombtvhqx/SourcePackages/checkouts/swift-crypto/Sources/Crypto/Signatures/BoringSSL/ECDSA_boring.swift (in target 'Crypto' from project 'swift-crypto')
    cd /Users/nicolas/Documents/aplicativos-sites/AgendaHOF-iOS/AgendaHOF.xcodeproj
    

SwiftCompile normal arm64 /Users/nicolas/Library/Developer/Xcode/DerivedData/AgendaHOF-bvieputxojihcqchgwytombtvhqx/SourcePackages/checkouts/swift-crypto/Sources/Crypto/Signatures/BoringSSL/EdDSA_boring.swift (in target 'Crypto' from project 'swift-crypto')
    cd /Users/nicolas/Documents/aplicativos-sites/AgendaHOF-iOS/AgendaHOF.xcodeproj
    

SwiftCompile normal arm64 /Users/nicolas/Library/Developer/Xcode/DerivedData/AgendaHOF-bvieputxojihcqchgwytombtvhqx/SourcePackages/checkouts/swift-crypto/Sources/Crypto/Signatures/BoringSSL/MLDSA_boring.swift (in target 'Crypto' from project 'swift-crypto')
    cd /Users/nicolas/Documents/aplicativos-sites/AgendaHOF-iOS/AgendaHOF.xcodeproj
    

SwiftCompile normal arm64 /Users/nicolas/Library/Developer/Xcode/DerivedData/AgendaHOF-bvieputxojihcqchgwytombtvhqx/SourcePackages/checkouts/swift-crypto/Sources/Crypto/Signatures/BoringSSL/MLDSA_wrapper.swift (in target 'Crypto' from project 'swift-crypto')
    cd /Users/nicolas/Documents/aplicativos-sites/AgendaHOF-iOS/AgendaHOF.xcodeproj
    

SwiftCompile normal arm64 /Users/nicolas/Library/Developer/Xcode/DerivedData/AgendaHOF-bvieputxojihcqchgwytombtvhqx/SourcePackages/checkouts/swift-crypto/Sources/Crypto/Signatures/ECDSA.swift (in target 'Crypto' from project 'swift-crypto')
    cd /Users/nicolas/Documents/aplicativos-sites/AgendaHOF-iOS/AgendaHOF.xcodeproj
    

SwiftCompile normal arm64 /Users/nicolas/Library/Developer/Xcode/DerivedData/AgendaHOF-bvieputxojihcqchgwytombtvhqx/SourcePackages/checkouts/swift-crypto/Sources/Crypto/Signatures/Ed25519.swift (in target 'Crypto' from project 'swift-crypto')
    cd /Users/nicolas/Documents/aplicativos-sites/AgendaHOF-iOS/AgendaHOF.xcodeproj
    

SwiftCompile normal arm64 /Users/nicolas/Library/Developer/Xcode/DerivedData/AgendaHOF-bvieputxojihcqchgwytombtvhqx/SourcePackages/checkouts/swift-crypto/Sources/Crypto/Signatures/MLDSA.swift (in target 'Crypto' from project 'swift-crypto')
    cd /Users/nicolas/Documents/aplicativos-sites/AgendaHOF-iOS/AgendaHOF.xcodeproj
    

SwiftCompile normal arm64 /Users/nicolas/Library/Developer/Xcode/DerivedData/AgendaHOF-bvieputxojihcqchgwytombtvhqx/SourcePackages/checkouts/swift-crypto/Sources/Crypto/Signatures/Signature.swift (in target 'Crypto' from project 'swift-crypto')
    cd /Users/nicolas/Documents/aplicativos-sites/AgendaHOF-iOS/AgendaHOF.xcodeproj
    

SwiftDriverJobDiscovery normal arm64 Compiling Curve25519.swift, Ed25519Keys.swift, NISTCurvesKeys.swift, X25519Keys.swift, SymmetricKeys.swift, HMAC.swift, MACFunctions.swift, MessageAuthenticationCode.swift, AES.swift (in target 'Crypto' from project 'swift-crypto')

SwiftCompile normal arm64 Compiling\ PEMDocument.swift,\ PKCS8PrivateKey.swift,\ SEC1PrivateKey.swift,\ SubjectPublicKeyInfo.swift,\ CryptoError_boring.swift,\ CryptoKitErrors.swift,\ Digest_boring.swift,\ Digest.swift,\ Digests.swift,\ HashFunctions.swift /Users/nicolas/Library/Developer/Xcode/DerivedData/AgendaHOF-bvieputxojihcqchgwytombtvhqx/SourcePackages/checkouts/swift-crypto/Sources/Crypto/ASN1/PEMDocument.swift /Users/nicolas/Library/Developer/Xcode/DerivedData/AgendaHOF-bvieputxojihcqchgwytombtvhqx/SourcePackages/checkouts/swift-crypto/Sources/Crypto/ASN1/PKCS8PrivateKey.swift /Users/nicolas/Library/Developer/Xcode/DerivedData/AgendaHOF-bvieputxojihcqchgwytombtvhqx/SourcePackages/checkouts/swift-crypto/Sources/Crypto/ASN1/SEC1PrivateKey.swift /Users/nicolas/Library/Developer/Xcode/DerivedData/AgendaHOF-bvieputxojihcqchgwytombtvhqx/SourcePackages/checkouts/swift-crypto/Sources/Crypto/ASN1/SubjectPublicKeyInfo.swift /Users/nicolas/Library/Developer/Xcode/DerivedData/AgendaHOF-bvieputxojihcqchgwytombtvhqx/SourcePackages/checkouts/swift-crypto/Sources/Crypto/CryptoError_boring.swift /Users/nicolas/Library/Developer/Xcode/DerivedData/AgendaHOF-bvieputxojihcqchgwytombtvhqx/SourcePackages/checkouts/swift-crypto/Sources/Crypto/CryptoKitErrors.swift /Users/nicolas/Library/Developer/Xcode/DerivedData/AgendaHOF-bvieputxojihcqchgwytombtvhqx/SourcePackages/checkouts/swift-crypto/Sources/Crypto/Digests/BoringSSL/Digest_boring.swift /Users/nicolas/Library/Developer/Xcode/DerivedData/AgendaHOF-bvieputxojihcqchgwytombtvhqx/SourcePackages/checkouts/swift-crypto/Sources/Crypto/Digests/Digest.swift /Users/nicolas/Library/Developer/Xcode/DerivedData/AgendaHOF-bvieputxojihcqchgwytombtvhqx/SourcePackages/checkouts/swift-crypto/Sources/Crypto/Digests/Digests.swift /Users/nicolas/Library/Developer/Xcode/DerivedData/AgendaHOF-bvieputxojihcqchgwytombtvhqx/SourcePackages/checkouts/swift-crypto/Sources/Crypto/Digests/HashFunctions.swift (in target 'Crypto' from project 'swift-crypto')

SwiftCompile normal arm64 /Users/nicolas/Library/Developer/Xcode/DerivedData/AgendaHOF-bvieputxojihcqchgwytombtvhqx/SourcePackages/checkouts/swift-crypto/Sources/Crypto/ASN1/PEMDocument.swift (in target 'Crypto' from project 'swift-crypto')
    cd /Users/nicolas/Documents/aplicativos-sites/AgendaHOF-iOS/AgendaHOF.xcodeproj
    

SwiftCompile normal arm64 /Users/nicolas/Library/Developer/Xcode/DerivedData/AgendaHOF-bvieputxojihcqchgwytombtvhqx/SourcePackages/checkouts/swift-crypto/Sources/Crypto/ASN1/PKCS8PrivateKey.swift (in target 'Crypto' from project 'swift-crypto')
    cd /Users/nicolas/Documents/aplicativos-sites/AgendaHOF-iOS/AgendaHOF.xcodeproj
    

SwiftCompile normal arm64 /Users/nicolas/Library/Developer/Xcode/DerivedData/AgendaHOF-bvieputxojihcqchgwytombtvhqx/SourcePackages/checkouts/swift-crypto/Sources/Crypto/ASN1/SEC1PrivateKey.swift (in target 'Crypto' from project 'swift-crypto')
    cd /Users/nicolas/Documents/aplicativos-sites/AgendaHOF-iOS/AgendaHOF.xcodeproj
    

SwiftCompile normal arm64 /Users/nicolas/Library/Developer/Xcode/DerivedData/AgendaHOF-bvieputxojihcqchgwytombtvhqx/SourcePackages/checkouts/swift-crypto/Sources/Crypto/ASN1/SubjectPublicKeyInfo.swift (in target 'Crypto' from project 'swift-crypto')
    cd /Users/nicolas/Documents/aplicativos-sites/AgendaHOF-iOS/AgendaHOF.xcodeproj
    

SwiftCompile normal arm64 /Users/nicolas/Library/Developer/Xcode/DerivedData/AgendaHOF-bvieputxojihcqchgwytombtvhqx/SourcePackages/checkouts/swift-crypto/Sources/Crypto/CryptoError_boring.swift (in target 'Crypto' from project 'swift-crypto')
    cd /Users/nicolas/Documents/aplicativos-sites/AgendaHOF-iOS/AgendaHOF.xcodeproj
    

SwiftCompile normal arm64 /Users/nicolas/Library/Developer/Xcode/DerivedData/AgendaHOF-bvieputxojihcqchgwytombtvhqx/SourcePackages/checkouts/swift-crypto/Sources/Crypto/CryptoKitErrors.swift (in target 'Crypto' from project 'swift-crypto')
    cd /Users/nicolas/Documents/aplicativos-sites/AgendaHOF-iOS/AgendaHOF.xcodeproj
    

SwiftCompile normal arm64 /Users/nicolas/Library/Developer/Xcode/DerivedData/AgendaHOF-bvieputxojihcqchgwytombtvhqx/SourcePackages/checkouts/swift-crypto/Sources/Crypto/Digests/BoringSSL/Digest_boring.swift (in target 'Crypto' from project 'swift-crypto')
    cd /Users/nicolas/Documents/aplicativos-sites/AgendaHOF-iOS/AgendaHOF.xcodeproj
    

SwiftCompile normal arm64 /Users/nicolas/Library/Developer/Xcode/DerivedData/AgendaHOF-bvieputxojihcqchgwytombtvhqx/SourcePackages/checkouts/swift-crypto/Sources/Crypto/Digests/Digest.swift (in target 'Crypto' from project 'swift-crypto')
    cd /Users/nicolas/Documents/aplicativos-sites/AgendaHOF-iOS/AgendaHOF.xcodeproj
    

SwiftCompile normal arm64 /Users/nicolas/Library/Developer/Xcode/DerivedData/AgendaHOF-bvieputxojihcqchgwytombtvhqx/SourcePackages/checkouts/swift-crypto/Sources/Crypto/Digests/Digests.swift (in target 'Crypto' from project 'swift-crypto')
    cd /Users/nicolas/Documents/aplicativos-sites/AgendaHOF-iOS/AgendaHOF.xcodeproj
    

SwiftCompile normal arm64 /Users/nicolas/Library/Developer/Xcode/DerivedData/AgendaHOF-bvieputxojihcqchgwytombtvhqx/SourcePackages/checkouts/swift-crypto/Sources/Crypto/Digests/HashFunctions.swift (in target 'Crypto' from project 'swift-crypto')
    cd /Users/nicolas/Documents/aplicativos-sites/AgendaHOF-iOS/AgendaHOF.xcodeproj
    

SwiftDriverJobDiscovery normal arm64 Compiling ISOLatin1String.swift (in target 'HTTPTypes' from project 'swift-http-types')

SwiftCompile normal arm64 Compiling\ DH.swift,\ ECDH.swift,\ ANSIx963.swift,\ HKDF.swift,\ AESWrap.swift,\ AESWrap_boring.swift,\ Ed25519_boring.swift,\ NISTCurvesKeys_boring.swift,\ X25519Keys_boring.swift /Users/nicolas/Library/Developer/Xcode/DerivedData/AgendaHOF-bvieputxojihcqchgwytombtvhqx/SourcePackages/checkouts/swift-crypto/Sources/Crypto/Key\ Agreement/DH.swift /Users/nicolas/Library/Developer/Xcode/DerivedData/AgendaHOF-bvieputxojihcqchgwytombtvhqx/SourcePackages/checkouts/swift-crypto/Sources/Crypto/Key\ Agreement/ECDH.swift /Users/nicolas/Library/Developer/Xcode/DerivedData/AgendaHOF-bvieputxojihcqchgwytombtvhqx/SourcePackages/checkouts/swift-crypto/Sources/Crypto/Key\ Derivation/ANSIx963.swift /Users/nicolas/Library/Developer/Xcode/DerivedData/AgendaHOF-bvieputxojihcqchgwytombtvhqx/SourcePackages/checkouts/swift-crypto/Sources/Crypto/Key\ Derivation/HKDF.swift /Users/nicolas/Library/Developer/Xcode/DerivedData/AgendaHOF-bvieputxojihcqchgwytombtvhqx/SourcePackages/checkouts/swift-crypto/Sources/Crypto/Key\ Wrapping/AESWrap.swift /Users/nicolas/Library/Developer/Xcode/DerivedData/AgendaHOF-bvieputxojihcqchgwytombtvhqx/SourcePackages/checkouts/swift-crypto/Sources/Crypto/Key\ Wrapping/BoringSSL/AESWrap_boring.swift /Users/nicolas/Library/Developer/Xcode/DerivedData/AgendaHOF-bvieputxojihcqchgwytombtvhqx/SourcePackages/checkouts/swift-crypto/Sources/Crypto/Keys/EC/BoringSSL/Ed25519_boring.swift /Users/nicolas/Library/Developer/Xcode/DerivedData/AgendaHOF-bvieputxojihcqchgwytombtvhqx/SourcePackages/checkouts/swift-crypto/Sources/Crypto/Keys/EC/BoringSSL/NISTCurvesKeys_boring.swift /Users/nicolas/Library/Developer/Xcode/DerivedData/AgendaHOF-bvieputxojihcqchgwytombtvhqx/SourcePackages/checkouts/swift-crypto/Sources/Crypto/Keys/EC/BoringSSL/X25519Keys_boring.swift (in target 'Crypto' from project 'swift-crypto')

SwiftCompile normal arm64 /Users/nicolas/Library/Developer/Xcode/DerivedData/AgendaHOF-bvieputxojihcqchgwytombtvhqx/SourcePackages/checkouts/swift-crypto/Sources/Crypto/Key\ Agreement/DH.swift (in target 'Crypto' from project 'swift-crypto')
    cd /Users/nicolas/Documents/aplicativos-sites/AgendaHOF-iOS/AgendaHOF.xcodeproj
    

SwiftCompile normal arm64 /Users/nicolas/Library/Developer/Xcode/DerivedData/AgendaHOF-bvieputxojihcqchgwytombtvhqx/SourcePackages/checkouts/swift-crypto/Sources/Crypto/Key\ Agreement/ECDH.swift (in target 'Crypto' from project 'swift-crypto')
    cd /Users/nicolas/Documents/aplicativos-sites/AgendaHOF-iOS/AgendaHOF.xcodeproj
    

SwiftCompile normal arm64 /Users/nicolas/Library/Developer/Xcode/DerivedData/AgendaHOF-bvieputxojihcqchgwytombtvhqx/SourcePackages/checkouts/swift-crypto/Sources/Crypto/Key\ Derivation/ANSIx963.swift (in target 'Crypto' from project 'swift-crypto')
    cd /Users/nicolas/Documents/aplicativos-sites/AgendaHOF-iOS/AgendaHOF.xcodeproj
    

SwiftCompile normal arm64 /Users/nicolas/Library/Developer/Xcode/DerivedData/AgendaHOF-bvieputxojihcqchgwytombtvhqx/SourcePackages/checkouts/swift-crypto/Sources/Crypto/Key\ Derivation/HKDF.swift (in target 'Crypto' from project 'swift-crypto')
    cd /Users/nicolas/Documents/aplicativos-sites/AgendaHOF-iOS/AgendaHOF.xcodeproj
    

SwiftCompile normal arm64 /Users/nicolas/Library/Developer/Xcode/DerivedData/AgendaHOF-bvieputxojihcqchgwytombtvhqx/SourcePackages/checkouts/swift-crypto/Sources/Crypto/Key\ Wrapping/AESWrap.swift (in target 'Crypto' from project 'swift-crypto')
    cd /Users/nicolas/Documents/aplicativos-sites/AgendaHOF-iOS/AgendaHOF.xcodeproj
    

SwiftCompile normal arm64 /Users/nicolas/Library/Developer/Xcode/DerivedData/AgendaHOF-bvieputxojihcqchgwytombtvhqx/SourcePackages/checkouts/swift-crypto/Sources/Crypto/Key\ Wrapping/BoringSSL/AESWrap_boring.swift (in target 'Crypto' from project 'swift-crypto')
    cd /Users/nicolas/Documents/aplicativos-sites/AgendaHOF-iOS/AgendaHOF.xcodeproj
    

SwiftCompile normal arm64 /Users/nicolas/Library/Developer/Xcode/DerivedData/AgendaHOF-bvieputxojihcqchgwytombtvhqx/SourcePackages/checkouts/swift-crypto/Sources/Crypto/Keys/EC/BoringSSL/Ed25519_boring.swift (in target 'Crypto' from project 'swift-crypto')
    cd /Users/nicolas/Documents/aplicativos-sites/AgendaHOF-iOS/AgendaHOF.xcodeproj
    

SwiftCompile normal arm64 /Users/nicolas/Library/Developer/Xcode/DerivedData/AgendaHOF-bvieputxojihcqchgwytombtvhqx/SourcePackages/checkouts/swift-crypto/Sources/Crypto/Keys/EC/BoringSSL/NISTCurvesKeys_boring.swift (in target 'Crypto' from project 'swift-crypto')
    cd /Users/nicolas/Documents/aplicativos-sites/AgendaHOF-iOS/AgendaHOF.xcodeproj
    

SwiftCompile normal arm64 /Users/nicolas/Library/Developer/Xcode/DerivedData/AgendaHOF-bvieputxojihcqchgwytombtvhqx/SourcePackages/checkouts/swift-crypto/Sources/Crypto/Keys/EC/BoringSSL/X25519Keys_boring.swift (in target 'Crypto' from project 'swift-crypto')
    cd /Users/nicolas/Documents/aplicativos-sites/AgendaHOF-iOS/AgendaHOF.xcodeproj
    

SwiftDriverJobDiscovery normal arm64 Compiling HTTPParsedFields.swift (in target 'HTTPTypes' from project 'swift-http-types')

SwiftCompile normal arm64 Compiling\ CryptoKitErrors_boring.swift,\ Optional+withUnsafeBytes_boring.swift,\ RNG_boring.swift,\ SafeCompare_boring.swift,\ Zeroization_boring.swift,\ PrettyBytes.swift,\ SafeCompare.swift,\ SecureBytes.swift,\ Zeroization.swift /Users/nicolas/Library/Developer/Xcode/DerivedData/AgendaHOF-bvieputxojihcqchgwytombtvhqx/SourcePackages/checkouts/swift-crypto/Sources/Crypto/Util/BoringSSL/CryptoKitErrors_boring.swift /Users/nicolas/Library/Developer/Xcode/DerivedData/AgendaHOF-bvieputxojihcqchgwytombtvhqx/SourcePackages/checkouts/swift-crypto/Sources/Crypto/Util/BoringSSL/Optional+withUnsafeBytes_boring.swift /Users/nicolas/Library/Developer/Xcode/DerivedData/AgendaHOF-bvieputxojihcqchgwytombtvhqx/SourcePackages/checkouts/swift-crypto/Sources/Crypto/Util/BoringSSL/RNG_boring.swift /Users/nicolas/Library/Developer/Xcode/DerivedData/AgendaHOF-bvieputxojihcqchgwytombtvhqx/SourcePackages/checkouts/swift-crypto/Sources/Crypto/Util/BoringSSL/SafeCompare_boring.swift /Users/nicolas/Library/Developer/Xcode/DerivedData/AgendaHOF-bvieputxojihcqchgwytombtvhqx/SourcePackages/checkouts/swift-crypto/Sources/Crypto/Util/BoringSSL/Zeroization_boring.swift /Users/nicolas/Library/Developer/Xcode/DerivedData/AgendaHOF-bvieputxojihcqchgwytombtvhqx/SourcePackages/checkouts/swift-crypto/Sources/Crypto/Util/PrettyBytes.swift /Users/nicolas/Library/Developer/Xcode/DerivedData/AgendaHOF-bvieputxojihcqchgwytombtvhqx/SourcePackages/checkouts/swift-crypto/Sources/Crypto/Util/SafeCompare.swift /Users/nicolas/Library/Developer/Xcode/DerivedData/AgendaHOF-bvieputxojihcqchgwytombtvhqx/SourcePackages/checkouts/swift-crypto/Sources/Crypto/Util/SecureBytes.swift /Users/nicolas/Library/Developer/Xcode/DerivedData/AgendaHOF-bvieputxojihcqchgwytombtvhqx/SourcePackages/checkouts/swift-crypto/Sources/Crypto/Util/Zeroization.swift (in target 'Crypto' from project 'swift-crypto')
SwiftCompile normal arm64 /Users/nicolas/Library/Developer/Xcode/DerivedData/AgendaHOF-bvieputxojihcqchgwytombtvhqx/SourcePackages/checkouts/swift-crypto/Sources/Crypto/Util/BoringSSL/CryptoKitErrors_boring.swift (in target 'Crypto' from project 'swift-crypto')
    cd /Users/nicolas/Documents/aplicativos-sites/AgendaHOF-iOS/AgendaHOF.xcodeproj
    

SwiftCompile normal arm64 /Users/nicolas/Library/Developer/Xcode/DerivedData/AgendaHOF-bvieputxojihcqchgwytombtvhqx/SourcePackages/checkouts/swift-crypto/Sources/Crypto/Util/BoringSSL/Optional+withUnsafeBytes_boring.swift (in target 'Crypto' from project 'swift-crypto')
    cd /Users/nicolas/Documents/aplicativos-sites/AgendaHOF-iOS/AgendaHOF.xcodeproj
    

SwiftCompile normal arm64 /Users/nicolas/Library/Developer/Xcode/DerivedData/AgendaHOF-bvieputxojihcqchgwytombtvhqx/SourcePackages/checkouts/swift-crypto/Sources/Crypto/Util/BoringSSL/RNG_boring.swift (in target 'Crypto' from project 'swift-crypto')
    cd /Users/nicolas/Documents/aplicativos-sites/AgendaHOF-iOS/AgendaHOF.xcodeproj
    

SwiftCompile normal arm64 /Users/nicolas/Library/Developer/Xcode/DerivedData/AgendaHOF-bvieputxojihcqchgwytombtvhqx/SourcePackages/checkouts/swift-crypto/Sources/Crypto/Util/BoringSSL/SafeCompare_boring.swift (in target 'Crypto' from project 'swift-crypto')
    cd /Users/nicolas/Documents/aplicativos-sites/AgendaHOF-iOS/AgendaHOF.xcodeproj
    

SwiftCompile normal arm64 /Users/nicolas/Library/Developer/Xcode/DerivedData/AgendaHOF-bvieputxojihcqchgwytombtvhqx/SourcePackages/checkouts/swift-crypto/Sources/Crypto/Util/BoringSSL/Zeroization_boring.swift (in target 'Crypto' from project 'swift-crypto')
    cd /Users/nicolas/Documents/aplicativos-sites/AgendaHOF-iOS/AgendaHOF.xcodeproj
    

SwiftCompile normal arm64 /Users/nicolas/Library/Developer/Xcode/DerivedData/AgendaHOF-bvieputxojihcqchgwytombtvhqx/SourcePackages/checkouts/swift-crypto/Sources/Crypto/Util/PrettyBytes.swift (in target 'Crypto' from project 'swift-crypto')
    cd /Users/nicolas/Documents/aplicativos-sites/AgendaHOF-iOS/AgendaHOF.xcodeproj
    

SwiftCompile normal arm64 /Users/nicolas/Library/Developer/Xcode/DerivedData/AgendaHOF-bvieputxojihcqchgwytombtvhqx/SourcePackages/checkouts/swift-crypto/Sources/Crypto/Util/SafeCompare.swift (in target 'Crypto' from project 'swift-crypto')
    cd /Users/nicolas/Documents/aplicativos-sites/AgendaHOF-iOS/AgendaHOF.xcodeproj
    

SwiftCompile normal arm64 /Users/nicolas/Library/Developer/Xcode/DerivedData/AgendaHOF-bvieputxojihcqchgwytombtvhqx/SourcePackages/checkouts/swift-crypto/Sources/Crypto/Util/SecureBytes.swift (in target 'Crypto' from project 'swift-crypto')
    cd /Users/nicolas/Documents/aplicativos-sites/AgendaHOF-iOS/AgendaHOF.xcodeproj
    

SwiftCompile normal arm64 /Users/nicolas/Library/Developer/Xcode/DerivedData/AgendaHOF-bvieputxojihcqchgwytombtvhqx/SourcePackages/checkouts/swift-crypto/Sources/Crypto/Util/Zeroization.swift (in target 'Crypto' from project 'swift-crypto')
    cd /Users/nicolas/Documents/aplicativos-sites/AgendaHOF-iOS/AgendaHOF.xcodeproj
    

SwiftDriverJobDiscovery normal arm64 Compiling HPKE-KEM-Curve25519.swift, HPKE-NIST-EC-KEMs.swift, HPKE-KEM.swift, HPKE-Errors.swift, HPKE.swift, HPKE-Context.swift, HPKE-KeySchedule.swift, HPKE-Modes.swift, Insecure.swift (in target 'Crypto' from project 'swift-crypto')

SwiftDriverJobDiscovery normal arm64 Compiling HashFunctions_SHA2.swift, HashFunctions_SHA3.swift, Digest_xkcp.swift, HPKE-AEAD.swift, HPKE-Ciphersuite.swift, HPKE-KDF.swift, HPKE-KexKeyDerivation.swift, HPKE-LabeledExtract.swift, HPKE-Utils.swift, DHKEM.swift (in target 'Crypto' from project 'swift-crypto')

SwiftCompile normal arm64 Compiling\ AsyncStream.swift /Users/nicolas/Library/Developer/Xcode/DerivedData/AgendaHOF-bvieputxojihcqchgwytombtvhqx/SourcePackages/checkouts/swift-concurrency-extras/Sources/ConcurrencyExtras/AsyncStream.swift (in target 'ConcurrencyExtras' from project 'swift-concurrency-extras')

SwiftCompile normal arm64 /Users/nicolas/Library/Developer/Xcode/DerivedData/AgendaHOF-bvieputxojihcqchgwytombtvhqx/SourcePackages/checkouts/swift-concurrency-extras/Sources/ConcurrencyExtras/AsyncStream.swift (in target 'ConcurrencyExtras' from project 'swift-concurrency-extras')
    cd /Users/nicolas/Documents/aplicativos-sites/AgendaHOF-iOS/AgendaHOF.xcodeproj
    

SwiftDriverJobDiscovery normal arm64 Compiling Insecure_HashFunctions.swift, MLKEM_boring.swift, MLKEM_wrapper.swift, XWing_boring.swift, KEM-Errors.swift, KEM.swift, MLKEM.swift, XWing.swift, ECDH_boring.swift (in target 'Crypto' from project 'swift-crypto')

SwiftCompile normal arm64 Compiling\ ActorIsolated.swift,\ AnyHashableSendable.swift /Users/nicolas/Library/Developer/Xcode/DerivedData/AgendaHOF-bvieputxojihcqchgwytombtvhqx/SourcePackages/checkouts/swift-concurrency-extras/Sources/ConcurrencyExtras/ActorIsolated.swift /Users/nicolas/Library/Developer/Xcode/DerivedData/AgendaHOF-bvieputxojihcqchgwytombtvhqx/SourcePackages/checkouts/swift-concurrency-extras/Sources/ConcurrencyExtras/AnyHashableSendable.swift (in target 'ConcurrencyExtras' from project 'swift-concurrency-extras')

SwiftCompile normal arm64 /Users/nicolas/Library/Developer/Xcode/DerivedData/AgendaHOF-bvieputxojihcqchgwytombtvhqx/SourcePackages/checkouts/swift-concurrency-extras/Sources/ConcurrencyExtras/ActorIsolated.swift (in target 'ConcurrencyExtras' from project 'swift-concurrency-extras')
    cd /Users/nicolas/Documents/aplicativos-sites/AgendaHOF-iOS/AgendaHOF.xcodeproj
    

SwiftCompile normal arm64 /Users/nicolas/Library/Developer/Xcode/DerivedData/AgendaHOF-bvieputxojihcqchgwytombtvhqx/SourcePackages/checkouts/swift-concurrency-extras/Sources/ConcurrencyExtras/AnyHashableSendable.swift (in target 'ConcurrencyExtras' from project 'swift-concurrency-extras')
    cd /Users/nicolas/Documents/aplicativos-sites/AgendaHOF-iOS/AgendaHOF.xcodeproj
    

SwiftDriverJobDiscovery normal arm64 Compiling ECDSASignature_boring.swift, ECDSA_boring.swift, EdDSA_boring.swift, MLDSA_boring.swift, MLDSA_wrapper.swift, ECDSA.swift, Ed25519.swift, MLDSA.swift, Signature.swift (in target 'Crypto' from project 'swift-crypto')

SwiftCompile normal arm64 Compiling\ LockIsolated.swift /Users/nicolas/Library/Developer/Xcode/DerivedData/AgendaHOF-bvieputxojihcqchgwytombtvhqx/SourcePackages/checkouts/swift-concurrency-extras/Sources/ConcurrencyExtras/LockIsolated.swift (in target 'ConcurrencyExtras' from project 'swift-concurrency-extras')

SwiftCompile normal arm64 /Users/nicolas/Library/Developer/Xcode/DerivedData/AgendaHOF-bvieputxojihcqchgwytombtvhqx/SourcePackages/checkouts/swift-concurrency-extras/Sources/ConcurrencyExtras/LockIsolated.swift (in target 'ConcurrencyExtras' from project 'swift-concurrency-extras')
    cd /Users/nicolas/Documents/aplicativos-sites/AgendaHOF-iOS/AgendaHOF.xcodeproj
    

SwiftDriverJobDiscovery normal arm64 Compiling ASN1Boolean.swift, ASN1Identifier.swift, ASN1Integer.swift, ASN1Null.swift, ASN1OctetString.swift, ASN1Strings.swift, ArraySliceBigint.swift, GeneralizedTime.swift, ObjectIdentifier.swift, ECDSASignature.swift (in target 'Crypto' from project 'swift-crypto')

SwiftCompile normal arm64 Compiling\ AsyncThrowingStream.swift /Users/nicolas/Library/Developer/Xcode/DerivedData/AgendaHOF-bvieputxojihcqchgwytombtvhqx/SourcePackages/checkouts/swift-concurrency-extras/Sources/ConcurrencyExtras/AsyncThrowingStream.swift (in target 'ConcurrencyExtras' from project 'swift-concurrency-extras')

SwiftCompile normal arm64 /Users/nicolas/Library/Developer/Xcode/DerivedData/AgendaHOF-bvieputxojihcqchgwytombtvhqx/SourcePackages/checkouts/swift-concurrency-extras/Sources/ConcurrencyExtras/AsyncThrowingStream.swift (in target 'ConcurrencyExtras' from project 'swift-concurrency-extras')
    cd /Users/nicolas/Documents/aplicativos-sites/AgendaHOF-iOS/AgendaHOF.xcodeproj
    

SwiftCompile normal arm64 Compiling\ Task.swift /Users/nicolas/Library/Developer/Xcode/DerivedData/AgendaHOF-bvieputxojihcqchgwytombtvhqx/SourcePackages/checkouts/swift-concurrency-extras/Sources/ConcurrencyExtras/Task.swift (in target 'ConcurrencyExtras' from project 'swift-concurrency-extras')

SwiftCompile normal arm64 /Users/nicolas/Library/Developer/Xcode/DerivedData/AgendaHOF-bvieputxojihcqchgwytombtvhqx/SourcePackages/checkouts/swift-concurrency-extras/Sources/ConcurrencyExtras/Task.swift (in target 'ConcurrencyExtras' from project 'swift-concurrency-extras')
    cd /Users/nicolas/Documents/aplicativos-sites/AgendaHOF-iOS/AgendaHOF.xcodeproj
    

SwiftDriverJobDiscovery normal arm64 Compiling PEMDocument.swift, PKCS8PrivateKey.swift, SEC1PrivateKey.swift, SubjectPublicKeyInfo.swift, CryptoError_boring.swift, CryptoKitErrors.swift, Digest_boring.swift, Digest.swift, Digests.swift, HashFunctions.swift (in target 'Crypto' from project 'swift-crypto')

SwiftCompile normal arm64 Compiling\ Locking.swift /Users/nicolas/Library/Developer/Xcode/DerivedData/AgendaHOF-bvieputxojihcqchgwytombtvhqx/SourcePackages/checkouts/swift-concurrency-extras/Sources/ConcurrencyExtras/Internal/Locking.swift (in target 'ConcurrencyExtras' from project 'swift-concurrency-extras')

SwiftCompile normal arm64 /Users/nicolas/Library/Developer/Xcode/DerivedData/AgendaHOF-bvieputxojihcqchgwytombtvhqx/SourcePackages/checkouts/swift-concurrency-extras/Sources/ConcurrencyExtras/Internal/Locking.swift (in target 'ConcurrencyExtras' from project 'swift-concurrency-extras')
    cd /Users/nicolas/Documents/aplicativos-sites/AgendaHOF-iOS/AgendaHOF.xcodeproj
    

SwiftDriverJobDiscovery normal arm64 Compiling DH.swift, ECDH.swift, ANSIx963.swift, HKDF.swift, AESWrap.swift, AESWrap_boring.swift, Ed25519_boring.swift, NISTCurvesKeys_boring.swift, X25519Keys_boring.swift (in target 'Crypto' from project 'swift-crypto')

SwiftCompile normal arm64 Compiling\ MainSerialExecutor.swift /Users/nicolas/Library/Developer/Xcode/DerivedData/AgendaHOF-bvieputxojihcqchgwytombtvhqx/SourcePackages/checkouts/swift-concurrency-extras/Sources/ConcurrencyExtras/MainSerialExecutor.swift (in target 'ConcurrencyExtras' from project 'swift-concurrency-extras')

SwiftCompile normal arm64 /Users/nicolas/Library/Developer/Xcode/DerivedData/AgendaHOF-bvieputxojihcqchgwytombtvhqx/SourcePackages/checkouts/swift-concurrency-extras/Sources/ConcurrencyExtras/MainSerialExecutor.swift (in target 'ConcurrencyExtras' from project 'swift-concurrency-extras')
    cd /Users/nicolas/Documents/aplicativos-sites/AgendaHOF-iOS/AgendaHOF.xcodeproj
    

SwiftDriverJobDiscovery normal arm64 Compiling resource_bundle_accessor.swift, AES-GCM.swift, AES-GCM_boring.swift, ChaChaPoly_boring.swift, ChaChaPoly.swift, Cipher.swift, Nonces.swift, ASN1.swift, ASN1Any.swift, ASN1BitString.swift (in target 'Crypto' from project 'swift-crypto')

SwiftCompile normal arm64 Compiling\ UncheckedBox.swift /Users/nicolas/Library/Developer/Xcode/DerivedData/AgendaHOF-bvieputxojihcqchgwytombtvhqx/SourcePackages/checkouts/swift-concurrency-extras/Sources/ConcurrencyExtras/Internal/UncheckedBox.swift (in target 'ConcurrencyExtras' from project 'swift-concurrency-extras')

SwiftCompile normal arm64 /Users/nicolas/Library/Developer/Xcode/DerivedData/AgendaHOF-bvieputxojihcqchgwytombtvhqx/SourcePackages/checkouts/swift-concurrency-extras/Sources/ConcurrencyExtras/Internal/UncheckedBox.swift (in target 'ConcurrencyExtras' from project 'swift-concurrency-extras')
    cd /Users/nicolas/Documents/aplicativos-sites/AgendaHOF-iOS/AgendaHOF.xcodeproj
    

SwiftDriverJobDiscovery normal arm64 Compiling HTTPRequest.swift (in target 'HTTPTypes' from project 'swift-http-types')

SwiftCompile normal arm64 Compiling\ UncheckedSendable.swift /Users/nicolas/Library/Developer/Xcode/DerivedData/AgendaHOF-bvieputxojihcqchgwytombtvhqx/SourcePackages/checkouts/swift-concurrency-extras/Sources/ConcurrencyExtras/UncheckedSendable.swift (in target 'ConcurrencyExtras' from project 'swift-concurrency-extras')

SwiftCompile normal arm64 /Users/nicolas/Library/Developer/Xcode/DerivedData/AgendaHOF-bvieputxojihcqchgwytombtvhqx/SourcePackages/checkouts/swift-concurrency-extras/Sources/ConcurrencyExtras/UncheckedSendable.swift (in target 'ConcurrencyExtras' from project 'swift-concurrency-extras')
    cd /Users/nicolas/Documents/aplicativos-sites/AgendaHOF-iOS/AgendaHOF.xcodeproj
    

SwiftDriverJobDiscovery normal arm64 Compiling AsyncStream.swift (in target 'ConcurrencyExtras' from project 'swift-concurrency-extras')

SwiftDriver\ Compilation HTTPTypes normal arm64 com.apple.xcode.tools.swift.compiler (in target 'HTTPTypes' from project 'swift-http-types')
    cd /Users/nicolas/Documents/aplicativos-sites/AgendaHOF-iOS/AgendaHOF.xcodeproj
    builtin-Swift-Compilation -- /Applications/Xcode.app/Contents/Developer/Toolchains/XcodeDefault.xctoolchain/usr/bin/swiftc -module-name HTTPTypes -Onone -enforce-exclusivity\=checked @/Users/nicolas/Library/Developer/Xcode/DerivedData/AgendaHOF-bvieputxojihcqchgwytombtvhqx/Build/Intermediates.noindex/swift-http-types.build/Debug-iphonesimulator/HTTPTypes.build/Objects-normal/arm64/HTTPTypes.SwiftFileList -DSWIFT_PACKAGE -DDEBUG -DSWIFT_MODULE_RESOURCE_BUNDLE_UNAVAILABLE -DXcode -enable-experimental-feature StrictConcurrency\=complete -enable-upcoming-feature MemberImportVisibility -plugin-path /Applications/Xcode.app/Contents/Developer/Toolchains/XcodeDefault.xctoolchain/usr/lib/swift/host/plugins/testing -enable-experimental-feature DebugDescriptionMacro -sdk /Applications/Xcode.app/Contents/Developer/Platforms/iPhoneSimulator.platform/Developer/SDKs/iPhoneSimulator26.2.sdk -target arm64-apple-ios12.0-simulator -g -module-cache-path /Users/nicolas/Library/Developer/Xcode/DerivedData/ModuleCache.noindex -Xfrontend -serialize-debugging-options -profile-coverage-mapping -profile-generate -enable-testing -suppress-warnings -index-store-path /Users/nicolas/Library/Developer/Xcode/DerivedData/AgendaHOF-bvieputxojihcqchgwytombtvhqx/Index.noindex/DataStore -Xcc -D_LIBCPP_HARDENING_MODE\=_LIBCPP_HARDENING_MODE_DEBUG -swift-version 5 -I /Users/nicolas/Library/Developer/Xcode/DerivedData/AgendaHOF-bvieputxojihcqchgwytombtvhqx/Build/Products/Debug-iphonesimulator -Isystem /Applications/Xcode.app/Contents/Developer/Platforms/iPhoneSimulator.platform/Developer/usr/lib -F /Users/nicolas/Library/Developer/Xcode/DerivedData/AgendaHOF-bvieputxojihcqchgwytombtvhqx/Build/Products/Debug-iphonesimulator -F /Applications/Xcode.app/Contents/Developer/Platforms/iPhoneSimulator.platform/Developer/Library/Frameworks -F /Applications/Xcode.app/Contents/Developer/Platforms/iPhoneSimulator.platform/Developer/SDKs/iPhoneSimulator26.2.sdk/Developer/Library/Frameworks -c -j10 -enable-batch-mode -incremental -Xcc -ivfsstatcache -Xcc /Users/nicolas/Library/Developer/Xcode/DerivedData/SDKStatCaches.noindex/iphonesimulator26.2-23C53-7d00a8b37fbd7999ea79df8ebc024bf0.sdkstatcache -output-file-map /Users/nicolas/Library/Developer/Xcode/DerivedData/AgendaHOF-bvieputxojihcqchgwytombtvhqx/Build/Intermediates.noindex/swift-http-types.build/Debug-iphonesimulator/HTTPTypes.build/Objects-normal/arm64/HTTPTypes-OutputFileMap.json -use-frontend-parseable-output -save-temps -no-color-diagnostics -explicit-module-build -module-cache-path /Users/nicolas/Library/Developer/Xcode/DerivedData/AgendaHOF-bvieputxojihcqchgwytombtvhqx/Build/Intermediates.noindex/SwiftExplicitPrecompiledModules -clang-scanner-module-cache-path /Users/nicolas/Library/Developer/Xcode/DerivedData/ModuleCache.noindex -sdk-module-cache-path /Users/nicolas/Library/Developer/Xcode/DerivedData/ModuleCache.noindex -serialize-diagnostics -emit-dependencies -emit-module -emit-module-path /Users/nicolas/Library/Developer/Xcode/DerivedData/AgendaHOF-bvieputxojihcqchgwytombtvhqx/Build/Intermediates.noindex/swift-http-types.build/Debug-iphonesimulator/HTTPTypes.build/Objects-normal/arm64/HTTPTypes.swiftmodule -validate-clang-modules-once -clang-build-session-file /Users/nicolas/Library/Developer/Xcode/DerivedData/ModuleCache.noindex/Session.modulevalidation -package-name swift_http_types -Xcc -I/Users/nicolas/Library/Developer/Xcode/DerivedData/AgendaHOF-bvieputxojihcqchgwytombtvhqx/Build/Intermediates.noindex/swift-http-types.build/Debug-iphonesimulator/HTTPTypes.build/swift-overrides.hmap -emit-const-values -Xfrontend -const-gather-protocols-file -Xfrontend /Users/nicolas/Library/Developer/Xcode/DerivedData/AgendaHOF-bvieputxojihcqchgwytombtvhqx/Build/Intermediates.noindex/swift-http-types.build/Debug-iphonesimulator/HTTPTypes.build/Objects-normal/arm64/HTTPTypes_const_extract_protocols.json -Xcc -I/Users/nicolas/Library/Developer/Xcode/DerivedData/AgendaHOF-bvieputxojihcqchgwytombtvhqx/Build/Products/Debug-iphonesimulator/include -Xcc -I/Users/nicolas/Library/Developer/Xcode/DerivedData/AgendaHOF-bvieputxojihcqchgwytombtvhqx/Build/Intermediates.noindex/swift-http-types.build/Debug-iphonesimulator/HTTPTypes.build/DerivedSources-normal/arm64 -Xcc -I/Users/nicolas/Library/Developer/Xcode/DerivedData/AgendaHOF-bvieputxojihcqchgwytombtvhqx/Build/Intermediates.noindex/swift-http-types.build/Debug-iphonesimulator/HTTPTypes.build/DerivedSources/arm64 -Xcc -I/Users/nicolas/Library/Developer/Xcode/DerivedData/AgendaHOF-bvieputxojihcqchgwytombtvhqx/Build/Intermediates.noindex/swift-http-types.build/Debug-iphonesimulator/HTTPTypes.build/DerivedSources -Xcc -DSWIFT_PACKAGE -Xcc -DDEBUG\=1 -emit-objc-header -emit-objc-header-path /Users/nicolas/Library/Developer/Xcode/DerivedData/AgendaHOF-bvieputxojihcqchgwytombtvhqx/Build/Intermediates.noindex/swift-http-types.build/Debug-iphonesimulator/HTTPTypes.build/Objects-normal/arm64/HTTPTypes-Swift.h -working-directory /Users/nicolas/Documents/aplicativos-sites/AgendaHOF-iOS/AgendaHOF.xcodeproj -experimental-emit-module-separately -disable-cmo

SwiftDriverJobDiscovery normal arm64 Compiling SwiftTesting.swift, UncheckedSendable.swift (in target 'IssueReporting' from project 'xctest-dynamic-overlay')

SwiftCompile normal arm64 Compiling\ Result.swift /Users/nicolas/Library/Developer/Xcode/DerivedData/AgendaHOF-bvieputxojihcqchgwytombtvhqx/SourcePackages/checkouts/swift-concurrency-extras/Sources/ConcurrencyExtras/Result.swift (in target 'ConcurrencyExtras' from project 'swift-concurrency-extras')

SwiftCompile normal arm64 /Users/nicolas/Library/Developer/Xcode/DerivedData/AgendaHOF-bvieputxojihcqchgwytombtvhqx/SourcePackages/checkouts/swift-concurrency-extras/Sources/ConcurrencyExtras/Result.swift (in target 'ConcurrencyExtras' from project 'swift-concurrency-extras')
    cd /Users/nicolas/Documents/aplicativos-sites/AgendaHOF-iOS/AgendaHOF.xcodeproj
    

SwiftDriverJobDiscovery normal arm64 Compiling LockIsolated.swift (in target 'ConcurrencyExtras' from project 'swift-concurrency-extras')

SwiftDriver\ Compilation IssueReporting normal arm64 com.apple.xcode.tools.swift.compiler (in target 'IssueReporting' from project 'xctest-dynamic-overlay')
    cd /Users/nicolas/Documents/aplicativos-sites/AgendaHOF-iOS/AgendaHOF.xcodeproj
    builtin-Swift-Compilation -- /Applications/Xcode.app/Contents/Developer/Toolchains/XcodeDefault.xctoolchain/usr/bin/swiftc -module-name IssueReporting -Onone -enforce-exclusivity\=checked @/Users/nicolas/Library/Developer/Xcode/DerivedData/AgendaHOF-bvieputxojihcqchgwytombtvhqx/Build/Intermediates.noindex/xctest-dynamic-overlay.build/Debug-iphonesimulator/IssueReporting.build/Objects-normal/arm64/IssueReporting.SwiftFileList -DSWIFT_PACKAGE -DDEBUG -DSWIFT_MODULE_RESOURCE_BUNDLE_UNAVAILABLE -DXcode -plugin-path /Applications/Xcode.app/Contents/Developer/Toolchains/XcodeDefault.xctoolchain/usr/lib/swift/host/plugins/testing -enable-experimental-feature DebugDescriptionMacro -sdk /Applications/Xcode.app/Contents/Developer/Platforms/iPhoneSimulator.platform/Developer/SDKs/iPhoneSimulator26.2.sdk -target arm64-apple-ios13.0-simulator -g -module-cache-path /Users/nicolas/Library/Developer/Xcode/DerivedData/ModuleCache.noindex -Xfrontend -serialize-debugging-options -profile-coverage-mapping -profile-generate -enable-testing -suppress-warnings -index-store-path /Users/nicolas/Library/Developer/Xcode/DerivedData/AgendaHOF-bvieputxojihcqchgwytombtvhqx/Index.noindex/DataStore -Xcc -D_LIBCPP_HARDENING_MODE\=_LIBCPP_HARDENING_MODE_DEBUG -swift-version 6 -I /Users/nicolas/Library/Developer/Xcode/DerivedData/AgendaHOF-bvieputxojihcqchgwytombtvhqx/Build/Products/Debug-iphonesimulator -Isystem /Applications/Xcode.app/Contents/Developer/Platforms/iPhoneSimulator.platform/Developer/usr/lib -F /Users/nicolas/Library/Developer/Xcode/DerivedData/AgendaHOF-bvieputxojihcqchgwytombtvhqx/Build/Products/Debug-iphonesimulator/PackageFrameworks -F /Users/nicolas/Library/Developer/Xcode/DerivedData/AgendaHOF-bvieputxojihcqchgwytombtvhqx/Build/Products/Debug-iphonesimulator -F /Applications/Xcode.app/Contents/Developer/Platforms/iPhoneSimulator.platform/Developer/Library/Frameworks -F /Applications/Xcode.app/Contents/Developer/Platforms/iPhoneSimulator.platform/Developer/SDKs/iPhoneSimulator26.2.sdk/Developer/Library/Frameworks -c -j10 -enable-batch-mode -incremental -Xcc -ivfsstatcache -Xcc /Users/nicolas/Library/Developer/Xcode/DerivedData/SDKStatCaches.noindex/iphonesimulator26.2-23C53-7d00a8b37fbd7999ea79df8ebc024bf0.sdkstatcache -output-file-map /Users/nicolas/Library/Developer/Xcode/DerivedData/AgendaHOF-bvieputxojihcqchgwytombtvhqx/Build/Intermediates.noindex/xctest-dynamic-overlay.build/Debug-iphonesimulator/IssueReporting.build/Objects-normal/arm64/IssueReporting-OutputFileMap.json -use-frontend-parseable-output -save-temps -no-color-diagnostics -explicit-module-build -module-cache-path /Users/nicolas/Library/Developer/Xcode/DerivedData/AgendaHOF-bvieputxojihcqchgwytombtvhqx/Build/Intermediates.noindex/SwiftExplicitPrecompiledModules -clang-scanner-module-cache-path /Users/nicolas/Library/Developer/Xcode/DerivedData/ModuleCache.noindex -sdk-module-cache-path /Users/nicolas/Library/Developer/Xcode/DerivedData/ModuleCache.noindex -serialize-diagnostics -emit-dependencies -emit-module -emit-module-path /Users/nicolas/Library/Developer/Xcode/DerivedData/AgendaHOF-bvieputxojihcqchgwytombtvhqx/Build/Intermediates.noindex/xctest-dynamic-overlay.build/Debug-iphonesimulator/IssueReporting.build/Objects-normal/arm64/IssueReporting.swiftmodule -user-module-version 1.8.0 -validate-clang-modules-once -clang-build-session-file /Users/nicolas/Library/Developer/Xcode/DerivedData/ModuleCache.noindex/Session.modulevalidation -package-name xctest_dynamic_overlay -Xcc -I/Users/nicolas/Library/Developer/Xcode/DerivedData/AgendaHOF-bvieputxojihcqchgwytombtvhqx/Build/Intermediates.noindex/xctest-dynamic-overlay.build/Debug-iphonesimulator/IssueReporting.build/swift-overrides.hmap -emit-const-values -Xfrontend -const-gather-protocols-file -Xfrontend /Users/nicolas/Library/Developer/Xcode/DerivedData/AgendaHOF-bvieputxojihcqchgwytombtvhqx/Build/Intermediates.noindex/xctest-dynamic-overlay.build/Debug-iphonesimulator/IssueReporting.build/Objects-normal/arm64/IssueReporting_const_extract_protocols.json -Xcc -I/Users/nicolas/Library/Developer/Xcode/DerivedData/AgendaHOF-bvieputxojihcqchgwytombtvhqx/Build/Products/Debug-iphonesimulator/include -Xcc -I/Users/nicolas/Library/Developer/Xcode/DerivedData/AgendaHOF-bvieputxojihcqchgwytombtvhqx/Build/Intermediates.noindex/xctest-dynamic-overlay.build/Debug-iphonesimulator/IssueReporting.build/DerivedSources-normal/arm64 -Xcc -I/Users/nicolas/Library/Developer/Xcode/DerivedData/AgendaHOF-bvieputxojihcqchgwytombtvhqx/Build/Intermediates.noindex/xctest-dynamic-overlay.build/Debug-iphonesimulator/IssueReporting.build/DerivedSources/arm64 -Xcc -I/Users/nicolas/Library/Developer/Xcode/DerivedData/AgendaHOF-bvieputxojihcqchgwytombtvhqx/Build/Intermediates.noindex/xctest-dynamic-overlay.build/Debug-iphonesimulator/IssueReporting.build/DerivedSources -Xcc -DSWIFT_PACKAGE -Xcc -DDEBUG\=1 -emit-objc-header -emit-objc-header-path /Users/nicolas/Library/Developer/Xcode/DerivedData/AgendaHOF-bvieputxojihcqchgwytombtvhqx/Build/Intermediates.noindex/xctest-dynamic-overlay.build/Debug-iphonesimulator/IssueReporting.build/Objects-normal/arm64/IssueReporting-Swift.h -working-directory /Users/nicolas/Documents/aplicativos-sites/AgendaHOF-iOS/AgendaHOF.xcodeproj -experimental-emit-module-separately -disable-cmo

SwiftCompile normal arm64 Compiling\ SmallWidgetView.swift /Users/nicolas/Documents/aplicativos-sites/AgendaHOF-iOS/AgendaWidget/SmallWidgetView.swift (in target 'AgendaWidgetExtension' from project 'AgendaHOF')
SwiftCompile normal arm64 /Users/nicolas/Documents/aplicativos-sites/AgendaHOF-iOS/AgendaWidget/SmallWidgetView.swift (in target 'AgendaWidgetExtension' from project 'AgendaHOF')
    cd /Users/nicolas/Documents/aplicativos-sites/AgendaHOF-iOS
    

SwiftDriverJobDiscovery normal arm64 Compiling ActorIsolated.swift, AnyHashableSendable.swift (in target 'ConcurrencyExtras' from project 'swift-concurrency-extras')

SwiftCompile normal arm64 Compiling\ LargeWidgetView.swift /Users/nicolas/Documents/aplicativos-sites/AgendaHOF-iOS/AgendaWidget/LargeWidgetView.swift (in target 'AgendaWidgetExtension' from project 'AgendaHOF')
SwiftCompile normal arm64 /Users/nicolas/Documents/aplicativos-sites/AgendaHOF-iOS/AgendaWidget/LargeWidgetView.swift (in target 'AgendaWidgetExtension' from project 'AgendaHOF')
    cd /Users/nicolas/Documents/aplicativos-sites/AgendaHOF-iOS
    

SwiftDriverJobDiscovery normal arm64 Compiling Locking.swift (in target 'ConcurrencyExtras' from project 'swift-concurrency-extras')

SwiftCompile normal arm64 Compiling\ AgendaWidgetProvider.swift /Users/nicolas/Documents/aplicativos-sites/AgendaHOF-iOS/AgendaWidget/AgendaWidgetProvider.swift (in target 'AgendaWidgetExtension' from project 'AgendaHOF')

SwiftCompile normal arm64 /Users/nicolas/Documents/aplicativos-sites/AgendaHOF-iOS/AgendaWidget/AgendaWidgetProvider.swift (in target 'AgendaWidgetExtension' from project 'AgendaHOF')
    cd /Users/nicolas/Documents/aplicativos-sites/AgendaHOF-iOS
    

SwiftDriverJobDiscovery normal arm64 Compiling UncheckedBox.swift (in target 'ConcurrencyExtras' from project 'swift-concurrency-extras')

SwiftCompile normal arm64 Compiling\ WidgetAppointment.swift /Users/nicolas/Documents/aplicativos-sites/AgendaHOF-iOS/Shared/WidgetAppointment.swift (in target 'AgendaWidgetExtension' from project 'AgendaHOF')

SwiftCompile normal arm64 /Users/nicolas/Documents/aplicativos-sites/AgendaHOF-iOS/Shared/WidgetAppointment.swift (in target 'AgendaWidgetExtension' from project 'AgendaHOF')
    cd /Users/nicolas/Documents/aplicativos-sites/AgendaHOF-iOS
    

SwiftCompile normal arm64 Compiling\ AgendaWidget.swift /Users/nicolas/Documents/aplicativos-sites/AgendaHOF-iOS/AgendaWidget/AgendaWidget.swift (in target 'AgendaWidgetExtension' from project 'AgendaHOF')

SwiftCompile normal arm64 /Users/nicolas/Documents/aplicativos-sites/AgendaHOF-iOS/AgendaWidget/AgendaWidget.swift (in target 'AgendaWidgetExtension' from project 'AgendaHOF')
    cd /Users/nicolas/Documents/aplicativos-sites/AgendaHOF-iOS
    

SwiftDriverJobDiscovery normal arm64 Compiling AsyncThrowingStream.swift (in target 'ConcurrencyExtras' from project 'swift-concurrency-extras')

SwiftCompile normal arm64 Compiling\ MediumWidgetView.swift /Users/nicolas/Documents/aplicativos-sites/AgendaHOF-iOS/AgendaWidget/MediumWidgetView.swift (in target 'AgendaWidgetExtension' from project 'AgendaHOF')

SwiftCompile normal arm64 /Users/nicolas/Documents/aplicativos-sites/AgendaHOF-iOS/AgendaWidget/MediumWidgetView.swift (in target 'AgendaWidgetExtension' from project 'AgendaHOF')
    cd /Users/nicolas/Documents/aplicativos-sites/AgendaHOF-iOS
    

SwiftDriverJobDiscovery normal arm64 Compiling MainSerialExecutor.swift (in target 'ConcurrencyExtras' from project 'swift-concurrency-extras')

SwiftDriverJobDiscovery normal arm64 Compiling UncheckedSendable.swift (in target 'ConcurrencyExtras' from project 'swift-concurrency-extras')

Ld /Users/nicolas/Library/Developer/Xcode/DerivedData/AgendaHOF-bvieputxojihcqchgwytombtvhqx/Build/Products/Debug-iphonesimulator/HTTPTypes.o normal (in target 'HTTPTypes' from project 'swift-http-types')
    cd /Users/nicolas/Library/Developer/Xcode/DerivedData/AgendaHOF-bvieputxojihcqchgwytombtvhqx/SourcePackages/checkouts/swift-http-types
    /Applications/Xcode.app/Contents/Developer/Toolchains/XcodeDefault.xctoolchain/usr/bin/clang -Xlinker -reproducible -target arm64-apple-ios12.0-simulator -r -isysroot /Applications/Xcode.app/Contents/Developer/Platforms/iPhoneSimulator.platform/Developer/SDKs/iPhoneSimulator26.2.sdk -O0 -w -L/Users/nicolas/Library/Developer/Xcode/DerivedData/AgendaHOF-bvieputxojihcqchgwytombtvhqx/Build/Intermediates.noindex/EagerLinkingTBDs/Debug-iphonesimulator -L/Users/nicolas/Library/Developer/Xcode/DerivedData/AgendaHOF-bvieputxojihcqchgwytombtvhqx/Build/Products/Debug-iphonesimulator -L/Applications/Xcode.app/Contents/Developer/Platforms/iPhoneSimulator.platform/Developer/usr/lib -F/Users/nicolas/Library/Developer/Xcode/DerivedData/AgendaHOF-bvieputxojihcqchgwytombtvhqx/Build/Intermediates.noindex/EagerLinkingTBDs/Debug-iphonesimulator -F/Users/nicolas/Library/Developer/Xcode/DerivedData/AgendaHOF-bvieputxojihcqchgwytombtvhqx/Build/Products/Debug-iphonesimulator -iframework /Applications/Xcode.app/Contents/Developer/Platforms/iPhoneSimulator.platform/Developer/Library/Frameworks -iframework /Applications/Xcode.app/Contents/Developer/Platforms/iPhoneSimulator.platform/Developer/SDKs/iPhoneSimulator26.2.sdk/Developer/Library/Frameworks -filelist /Users/nicolas/Library/Developer/Xcode/DerivedData/AgendaHOF-bvieputxojihcqchgwytombtvhqx/Build/Intermediates.noindex/swift-http-types.build/Debug-iphonesimulator/HTTPTypes.build/Objects-normal/arm64/HTTPTypes.LinkFileList -nostdlib -Xlinker -object_path_lto -Xlinker /Users/nicolas/Library/Developer/Xcode/DerivedData/AgendaHOF-bvieputxojihcqchgwytombtvhqx/Build/Intermediates.noindex/swift-http-types.build/Debug-iphonesimulator/HTTPTypes.build/Objects-normal/arm64/HTTPTypes_lto.o -rdynamic -Xlinker -no_deduplicate -Xlinker -objc_abi_version -Xlinker 2 -Xlinker -debug_variant -Xlinker -dependency_info -Xlinker /Users/nicolas/Library/Developer/Xcode/DerivedData/AgendaHOF-bvieputxojihcqchgwytombtvhqx/Build/Intermediates.noindex/swift-http-types.build/Debug-iphonesimulator/HTTPTypes.build/Objects-normal/arm64/HTTPTypes_dependency_info.dat -fobjc-link-runtime -L/Applications/Xcode.app/Contents/Developer/Toolchains/XcodeDefault.xctoolchain/usr/lib/swift/iphonesimulator -L/usr/lib/swift -Xlinker -add_ast_path -Xlinker /Users/nicolas/Library/Developer/Xcode/DerivedData/AgendaHOF-bvieputxojihcqchgwytombtvhqx/Build/Intermediates.noindex/swift-http-types.build/Debug-iphonesimulator/HTTPTypes.build/Objects-normal/arm64/HTTPTypes.swiftmodule @/Users/nicolas/Library/Developer/Xcode/DerivedData/AgendaHOF-bvieputxojihcqchgwytombtvhqx/Build/Intermediates.noindex/swift-http-types.build/Debug-iphonesimulator/HTTPTypes.build/Objects-normal/arm64/HTTPTypes-linker-args.resp -o /Users/nicolas/Library/Developer/Xcode/DerivedData/AgendaHOF-bvieputxojihcqchgwytombtvhqx/Build/Products/Debug-iphonesimulator/HTTPTypes.o

SwiftDriverJobDiscovery normal arm64 Compiling Result.swift (in target 'ConcurrencyExtras' from project 'swift-concurrency-extras')

SwiftDriver XCTestDynamicOverlay normal arm64 com.apple.xcode.tools.swift.compiler (in target 'XCTestDynamicOverlay' from project 'xctest-dynamic-overlay')
    cd /Users/nicolas/Documents/aplicativos-sites/AgendaHOF-iOS/AgendaHOF.xcodeproj
    builtin-SwiftDriver -- /Applications/Xcode.app/Contents/Developer/Toolchains/XcodeDefault.xctoolchain/usr/bin/swiftc -module-name XCTestDynamicOverlay -Onone -enforce-exclusivity\=checked @/Users/nicolas/Library/Developer/Xcode/DerivedData/AgendaHOF-bvieputxojihcqchgwytombtvhqx/Build/Intermediates.noindex/xctest-dynamic-overlay.build/Debug-iphonesimulator/XCTestDynamicOverlay.build/Objects-normal/arm64/XCTestDynamicOverlay.SwiftFileList -DSWIFT_PACKAGE -DDEBUG -DSWIFT_MODULE_RESOURCE_BUNDLE_UNAVAILABLE -DXcode -plugin-path /Applications/Xcode.app/Contents/Developer/Toolchains/XcodeDefault.xctoolchain/usr/lib/swift/host/plugins/testing -enable-experimental-feature DebugDescriptionMacro -sdk /Applications/Xcode.app/Contents/Developer/Platforms/iPhoneSimulator.platform/Developer/SDKs/iPhoneSimulator26.2.sdk -target arm64-apple-ios13.0-simulator -g -module-cache-path /Users/nicolas/Library/Developer/Xcode/DerivedData/ModuleCache.noindex -Xfrontend -serialize-debugging-options -profile-coverage-mapping -profile-generate -enable-testing -suppress-warnings -index-store-path /Users/nicolas/Library/Developer/Xcode/DerivedData/AgendaHOF-bvieputxojihcqchgwytombtvhqx/Index.noindex/DataStore -Xcc -D_LIBCPP_HARDENING_MODE\=_LIBCPP_HARDENING_MODE_DEBUG -swift-version 6 -I /Users/nicolas/Library/Developer/Xcode/DerivedData/AgendaHOF-bvieputxojihcqchgwytombtvhqx/Build/Products/Debug-iphonesimulator -Isystem /Applications/Xcode.app/Contents/Developer/Platforms/iPhoneSimulator.platform/Developer/usr/lib -F /Users/nicolas/Library/Developer/Xcode/DerivedData/AgendaHOF-bvieputxojihcqchgwytombtvhqx/Build/Products/Debug-iphonesimulator/PackageFrameworks -F /Users/nicolas/Library/Developer/Xcode/DerivedData/AgendaHOF-bvieputxojihcqchgwytombtvhqx/Build/Products/Debug-iphonesimulator/PackageFrameworks -F /Users/nicolas/Library/Developer/Xcode/DerivedData/AgendaHOF-bvieputxojihcqchgwytombtvhqx/Build/Products/Debug-iphonesimulator -F /Applications/Xcode.app/Contents/Developer/Platforms/iPhoneSimulator.platform/Developer/Library/Frameworks -F /Applications/Xcode.app/Contents/Developer/Platforms/iPhoneSimulator.platform/Developer/SDKs/iPhoneSimulator26.2.sdk/Developer/Library/Frameworks -c -j10 -enable-batch-mode -incremental -Xcc -ivfsstatcache -Xcc /Users/nicolas/Library/Developer/Xcode/DerivedData/SDKStatCaches.noindex/iphonesimulator26.2-23C53-7d00a8b37fbd7999ea79df8ebc024bf0.sdkstatcache -output-file-map /Users/nicolas/Library/Developer/Xcode/DerivedData/AgendaHOF-bvieputxojihcqchgwytombtvhqx/Build/Intermediates.noindex/xctest-dynamic-overlay.build/Debug-iphonesimulator/XCTestDynamicOverlay.build/Objects-normal/arm64/XCTestDynamicOverlay-OutputFileMap.json -use-frontend-parseable-output -save-temps -no-color-diagnostics -explicit-module-build -module-cache-path /Users/nicolas/Library/Developer/Xcode/DerivedData/AgendaHOF-bvieputxojihcqchgwytombtvhqx/Build/Intermediates.noindex/SwiftExplicitPrecompiledModules -clang-scanner-module-cache-path /Users/nicolas/Library/Developer/Xcode/DerivedData/ModuleCache.noindex -sdk-module-cache-path /Users/nicolas/Library/Developer/Xcode/DerivedData/ModuleCache.noindex -serialize-diagnostics -emit-dependencies -emit-module -emit-module-path /Users/nicolas/Library/Developer/Xcode/DerivedData/AgendaHOF-bvieputxojihcqchgwytombtvhqx/Build/Intermediates.noindex/xctest-dynamic-overlay.build/Debug-iphonesimulator/XCTestDynamicOverlay.build/Objects-normal/arm64/XCTestDynamicOverlay.swiftmodule -user-module-version 1.8.0 -validate-clang-modules-once -clang-build-session-file /Users/nicolas/Library/Developer/Xcode/DerivedData/ModuleCache.noindex/Session.modulevalidation -package-name xctest_dynamic_overlay -Xcc -I/Users/nicolas/Library/Developer/Xcode/DerivedData/AgendaHOF-bvieputxojihcqchgwytombtvhqx/Build/Intermediates.noindex/xctest-dynamic-overlay.build/Debug-iphonesimulator/XCTestDynamicOverlay.build/swift-overrides.hmap -emit-const-values -Xfrontend -const-gather-protocols-file -Xfrontend /Users/nicolas/Library/Developer/Xcode/DerivedData/AgendaHOF-bvieputxojihcqchgwytombtvhqx/Build/Intermediates.noindex/xctest-dynamic-overlay.build/Debug-iphonesimulator/XCTestDynamicOverlay.build/Objects-normal/arm64/XCTestDynamicOverlay_const_extract_protocols.json -Xcc -I/Users/nicolas/Library/Developer/Xcode/DerivedData/AgendaHOF-bvieputxojihcqchgwytombtvhqx/Build/Products/Debug-iphonesimulator/include -Xcc -I/Users/nicolas/Library/Developer/Xcode/DerivedData/AgendaHOF-bvieputxojihcqchgwytombtvhqx/Build/Intermediates.noindex/xctest-dynamic-overlay.build/Debug-iphonesimulator/XCTestDynamicOverlay.build/DerivedSources-normal/arm64 -Xcc -I/Users/nicolas/Library/Developer/Xcode/DerivedData/AgendaHOF-bvieputxojihcqchgwytombtvhqx/Build/Intermediates.noindex/xctest-dynamic-overlay.build/Debug-iphonesimulator/XCTestDynamicOverlay.build/DerivedSources/arm64 -Xcc -I/Users/nicolas/Library/Developer/Xcode/DerivedData/AgendaHOF-bvieputxojihcqchgwytombtvhqx/Build/Intermediates.noindex/xctest-dynamic-overlay.build/Debug-iphonesimulator/XCTestDynamicOverlay.build/DerivedSources -Xcc -DSWIFT_PACKAGE -Xcc -DDEBUG\=1 -emit-objc-header -emit-objc-header-path /Users/nicolas/Library/Developer/Xcode/DerivedData/AgendaHOF-bvieputxojihcqchgwytombtvhqx/Build/Intermediates.noindex/xctest-dynamic-overlay.build/Debug-iphonesimulator/XCTestDynamicOverlay.build/Objects-normal/arm64/XCTestDynamicOverlay-Swift.h -working-directory /Users/nicolas/Documents/aplicativos-sites/AgendaHOF-iOS/AgendaHOF.xcodeproj -experimental-emit-module-separately -disable-cmo

SwiftDriver Clocks normal arm64 com.apple.xcode.tools.swift.compiler (in target 'Clocks' from project 'swift-clocks')
    cd /Users/nicolas/Documents/aplicativos-sites/AgendaHOF-iOS/AgendaHOF.xcodeproj
    builtin-SwiftDriver -- /Applications/Xcode.app/Contents/Developer/Toolchains/XcodeDefault.xctoolchain/usr/bin/swiftc -module-name Clocks -Onone -enforce-exclusivity\=checked @/Users/nicolas/Library/Developer/Xcode/DerivedData/AgendaHOF-bvieputxojihcqchgwytombtvhqx/Build/Intermediates.noindex/swift-clocks.build/Debug-iphonesimulator/Clocks.build/Objects-normal/arm64/Clocks.SwiftFileList -DSWIFT_PACKAGE -DDEBUG -DSWIFT_MODULE_RESOURCE_BUNDLE_UNAVAILABLE -DXcode -plugin-path /Applications/Xcode.app/Contents/Developer/Toolchains/XcodeDefault.xctoolchain/usr/lib/swift/host/plugins/testing -enable-experimental-feature DebugDescriptionMacro -sdk /Applications/Xcode.app/Contents/Developer/Platforms/iPhoneSimulator.platform/Developer/SDKs/iPhoneSimulator26.2.sdk -target arm64-apple-ios13.0-simulator -g -module-cache-path /Users/nicolas/Library/Developer/Xcode/DerivedData/ModuleCache.noindex -Xfrontend -serialize-debugging-options -profile-coverage-mapping -profile-generate -enable-testing -suppress-warnings -index-store-path /Users/nicolas/Library/Developer/Xcode/DerivedData/AgendaHOF-bvieputxojihcqchgwytombtvhqx/Index.noindex/DataStore -Xcc -D_LIBCPP_HARDENING_MODE\=_LIBCPP_HARDENING_MODE_DEBUG -swift-version 6 -I /Users/nicolas/Library/Developer/Xcode/DerivedData/AgendaHOF-bvieputxojihcqchgwytombtvhqx/Build/Products/Debug-iphonesimulator -Isystem /Applications/Xcode.app/Contents/Developer/Platforms/iPhoneSimulator.platform/Developer/usr/lib -F /Users/nicolas/Library/Developer/Xcode/DerivedData/AgendaHOF-bvieputxojihcqchgwytombtvhqx/Build/Products/Debug-iphonesimulator/PackageFrameworks -F /Users/nicolas/Library/Developer/Xcode/DerivedData/AgendaHOF-bvieputxojihcqchgwytombtvhqx/Build/Products/Debug-iphonesimulator/PackageFrameworks -F /Users/nicolas/Library/Developer/Xcode/DerivedData/AgendaHOF-bvieputxojihcqchgwytombtvhqx/Build/Products/Debug-iphonesimulator/PackageFrameworks -F /Users/nicolas/Library/Developer/Xcode/DerivedData/AgendaHOF-bvieputxojihcqchgwytombtvhqx/Build/Products/Debug-iphonesimulator -F /Applications/Xcode.app/Contents/Developer/Platforms/iPhoneSimulator.platform/Developer/Library/Frameworks -F /Applications/Xcode.app/Contents/Developer/Platforms/iPhoneSimulator.platform/Developer/SDKs/iPhoneSimulator26.2.sdk/Developer/Library/Frameworks -c -j10 -enable-batch-mode -incremental -Xcc -ivfsstatcache -Xcc /Users/nicolas/Library/Developer/Xcode/DerivedData/SDKStatCaches.noindex/iphonesimulator26.2-23C53-7d00a8b37fbd7999ea79df8ebc024bf0.sdkstatcache -output-file-map /Users/nicolas/Library/Developer/Xcode/DerivedData/AgendaHOF-bvieputxojihcqchgwytombtvhqx/Build/Intermediates.noindex/swift-clocks.build/Debug-iphonesimulator/Clocks.build/Objects-normal/arm64/Clocks-OutputFileMap.json -use-frontend-parseable-output -save-temps -no-color-diagnostics -explicit-module-build -module-cache-path /Users/nicolas/Library/Developer/Xcode/DerivedData/AgendaHOF-bvieputxojihcqchgwytombtvhqx/Build/Intermediates.noindex/SwiftExplicitPrecompiledModules -clang-scanner-module-cache-path /Users/nicolas/Library/Developer/Xcode/DerivedData/ModuleCache.noindex -sdk-module-cache-path /Users/nicolas/Library/Developer/Xcode/DerivedData/ModuleCache.noindex -serialize-diagnostics -emit-dependencies -emit-module -emit-module-path /Users/nicolas/Library/Developer/Xcode/DerivedData/AgendaHOF-bvieputxojihcqchgwytombtvhqx/Build/Intermediates.noindex/swift-clocks.build/Debug-iphonesimulator/Clocks.build/Objects-normal/arm64/Clocks.swiftmodule -user-module-version 1.0.6 -validate-clang-modules-once -clang-build-session-file /Users/nicolas/Library/Developer/Xcode/DerivedData/ModuleCache.noindex/Session.modulevalidation -package-name swift_clocks -Xcc -I/Users/nicolas/Library/Developer/Xcode/DerivedData/AgendaHOF-bvieputxojihcqchgwytombtvhqx/Build/Intermediates.noindex/swift-clocks.build/Debug-iphonesimulator/Clocks.build/swift-overrides.hmap -emit-const-values -Xfrontend -const-gather-protocols-file -Xfrontend /Users/nicolas/Library/Developer/Xcode/DerivedData/AgendaHOF-bvieputxojihcqchgwytombtvhqx/Build/Intermediates.noindex/swift-clocks.build/Debug-iphonesimulator/Clocks.build/Objects-normal/arm64/Clocks_const_extract_protocols.json -Xcc -I/Users/nicolas/Library/Developer/Xcode/DerivedData/AgendaHOF-bvieputxojihcqchgwytombtvhqx/Build/Products/Debug-iphonesimulator/include -Xcc -I/Users/nicolas/Library/Developer/Xcode/DerivedData/AgendaHOF-bvieputxojihcqchgwytombtvhqx/Build/Intermediates.noindex/swift-clocks.build/Debug-iphonesimulator/Clocks.build/DerivedSources-normal/arm64 -Xcc -I/Users/nicolas/Library/Developer/Xcode/DerivedData/AgendaHOF-bvieputxojihcqchgwytombtvhqx/Build/Intermediates.noindex/swift-clocks.build/Debug-iphonesimulator/Clocks.build/DerivedSources/arm64 -Xcc -I/Users/nicolas/Library/Developer/Xcode/DerivedData/AgendaHOF-bvieputxojihcqchgwytombtvhqx/Build/Intermediates.noindex/swift-clocks.build/Debug-iphonesimulator/Clocks.build/DerivedSources -Xcc -DSWIFT_PACKAGE -Xcc -DDEBUG\=1 -emit-objc-header -emit-objc-header-path /Users/nicolas/Library/Developer/Xcode/DerivedData/AgendaHOF-bvieputxojihcqchgwytombtvhqx/Build/Intermediates.noindex/swift-clocks.build/Debug-iphonesimulator/Clocks.build/Objects-normal/arm64/Clocks-Swift.h -working-directory /Users/nicolas/Documents/aplicativos-sites/AgendaHOF-iOS/AgendaHOF.xcodeproj -experimental-emit-module-separately -disable-cmo

SwiftDriverJobDiscovery normal arm64 Compiling Task.swift (in target 'ConcurrencyExtras' from project 'swift-concurrency-extras')

ExtractAppIntentsMetadata (in target 'HTTPTypes' from project 'swift-http-types')
    cd /Users/nicolas/Library/Developer/Xcode/DerivedData/AgendaHOF-bvieputxojihcqchgwytombtvhqx/SourcePackages/checkouts/swift-http-types
    /Applications/Xcode.app/Contents/Developer/Toolchains/XcodeDefault.xctoolchain/usr/bin/appintentsmetadataprocessor --toolchain-dir /Applications/Xcode.app/Contents/Developer/Toolchains/XcodeDefault.xctoolchain --module-name HTTPTypes --sdk-root /Applications/Xcode.app/Contents/Developer/Platforms/iPhoneSimulator.platform/Developer/SDKs/iPhoneSimulator26.2.sdk --xcode-version 17C52 --platform-family iOS --deployment-target 12.0 --bundle-identifier swift-http-types.HTTPTypes --output /Users/nicolas/Library/Developer/Xcode/DerivedData/AgendaHOF-bvieputxojihcqchgwytombtvhqx/Build/Products/Debug-iphonesimulator/HTTPTypes.appintents --target-triple arm64-apple-ios12.0-simulator --binary-file /Users/nicolas/Library/Developer/Xcode/DerivedData/AgendaHOF-bvieputxojihcqchgwytombtvhqx/Build/Products/Debug-iphonesimulator/HTTPTypes.o --dependency-file /Users/nicolas/Library/Developer/Xcode/DerivedData/AgendaHOF-bvieputxojihcqchgwytombtvhqx/Build/Intermediates.noindex/swift-http-types.build/Debug-iphonesimulator/HTTPTypes.build/Objects-normal/arm64/HTTPTypes_dependency_info.dat --stringsdata-file /Users/nicolas/Library/Developer/Xcode/DerivedData/AgendaHOF-bvieputxojihcqchgwytombtvhqx/Build/Intermediates.noindex/swift-http-types.build/Debug-iphonesimulator/HTTPTypes.build/Objects-normal/arm64/ExtractedAppShortcutsMetadata.stringsdata --source-file-list /Users/nicolas/Library/Developer/Xcode/DerivedData/AgendaHOF-bvieputxojihcqchgwytombtvhqx/Build/Intermediates.noindex/swift-http-types.build/Debug-iphonesimulator/HTTPTypes.build/Objects-normal/arm64/HTTPTypes.SwiftFileList --metadata-file-list /Users/nicolas/Library/Developer/Xcode/DerivedData/AgendaHOF-bvieputxojihcqchgwytombtvhqx/Build/Intermediates.noindex/swift-http-types.build/Debug-iphonesimulator/HTTPTypes.build/HTTPTypes.DependencyMetadataFileList --static-metadata-file-list /Users/nicolas/Library/Developer/Xcode/DerivedData/AgendaHOF-bvieputxojihcqchgwytombtvhqx/Build/Intermediates.noindex/swift-http-types.build/Debug-iphonesimulator/HTTPTypes.build/HTTPTypes.DependencyStaticMetadataFileList --swift-const-vals-list /Users/nicolas/Library/Developer/Xcode/DerivedData/AgendaHOF-bvieputxojihcqchgwytombtvhqx/Build/Intermediates.noindex/swift-http-types.build/Debug-iphonesimulator/HTTPTypes.build/Objects-normal/arm64/HTTPTypes.SwiftConstValuesFileList --force --compile-time-extraction --deployment-aware-processing --validate-assistant-intents --no-app-shortcuts-localization
2026-01-03 23:43:39.288 appintentsmetadataprocessor[19251:184076] Starting appintentsmetadataprocessor export
2026-01-03 23:43:39.488 appintentsmetadataprocessor[19251:184076] Extracted no relevant App Intents symbols, skipping writing output

SwiftDriver\ Compilation ConcurrencyExtras normal arm64 com.apple.xcode.tools.swift.compiler (in target 'ConcurrencyExtras' from project 'swift-concurrency-extras')
    cd /Users/nicolas/Documents/aplicativos-sites/AgendaHOF-iOS/AgendaHOF.xcodeproj
    builtin-Swift-Compilation -- /Applications/Xcode.app/Contents/Developer/Toolchains/XcodeDefault.xctoolchain/usr/bin/swiftc -module-name ConcurrencyExtras -Onone -enforce-exclusivity\=checked @/Users/nicolas/Library/Developer/Xcode/DerivedData/AgendaHOF-bvieputxojihcqchgwytombtvhqx/Build/Intermediates.noindex/swift-concurrency-extras.build/Debug-iphonesimulator/ConcurrencyExtras.build/Objects-normal/arm64/ConcurrencyExtras.SwiftFileList -DSWIFT_PACKAGE -DDEBUG -DSWIFT_MODULE_RESOURCE_BUNDLE_UNAVAILABLE -DXcode -plugin-path /Applications/Xcode.app/Contents/Developer/Toolchains/XcodeDefault.xctoolchain/usr/lib/swift/host/plugins/testing -enable-experimental-feature DebugDescriptionMacro -sdk /Applications/Xcode.app/Contents/Developer/Platforms/iPhoneSimulator.platform/Developer/SDKs/iPhoneSimulator26.2.sdk -target arm64-apple-ios13.0-simulator -g -module-cache-path /Users/nicolas/Library/Developer/Xcode/DerivedData/ModuleCache.noindex -Xfrontend -serialize-debugging-options -profile-coverage-mapping -profile-generate -enable-testing -suppress-warnings -index-store-path /Users/nicolas/Library/Developer/Xcode/DerivedData/AgendaHOF-bvieputxojihcqchgwytombtvhqx/Index.noindex/DataStore -Xcc -D_LIBCPP_HARDENING_MODE\=_LIBCPP_HARDENING_MODE_DEBUG -swift-version 6 -I /Users/nicolas/Library/Developer/Xcode/DerivedData/AgendaHOF-bvieputxojihcqchgwytombtvhqx/Build/Products/Debug-iphonesimulator -Isystem /Applications/Xcode.app/Contents/Developer/Platforms/iPhoneSimulator.platform/Developer/usr/lib -F /Users/nicolas/Library/Developer/Xcode/DerivedData/AgendaHOF-bvieputxojihcqchgwytombtvhqx/Build/Products/Debug-iphonesimulator -F /Applications/Xcode.app/Contents/Developer/Platforms/iPhoneSimulator.platform/Developer/Library/Frameworks -F /Applications/Xcode.app/Contents/Developer/Platforms/iPhoneSimulator.platform/Developer/SDKs/iPhoneSimulator26.2.sdk/Developer/Library/Frameworks -c -j10 -enable-batch-mode -incremental -Xcc -ivfsstatcache -Xcc /Users/nicolas/Library/Developer/Xcode/DerivedData/SDKStatCaches.noindex/iphonesimulator26.2-23C53-7d00a8b37fbd7999ea79df8ebc024bf0.sdkstatcache -output-file-map /Users/nicolas/Library/Developer/Xcode/DerivedData/AgendaHOF-bvieputxojihcqchgwytombtvhqx/Build/Intermediates.noindex/swift-concurrency-extras.build/Debug-iphonesimulator/ConcurrencyExtras.build/Objects-normal/arm64/ConcurrencyExtras-OutputFileMap.json -use-frontend-parseable-output -save-temps -no-color-diagnostics -explicit-module-build -module-cache-path /Users/nicolas/Library/Developer/Xcode/DerivedData/AgendaHOF-bvieputxojihcqchgwytombtvhqx/Build/Intermediates.noindex/SwiftExplicitPrecompiledModules -clang-scanner-module-cache-path /Users/nicolas/Library/Developer/Xcode/DerivedData/ModuleCache.noindex -sdk-module-cache-path /Users/nicolas/Library/Developer/Xcode/DerivedData/ModuleCache.noindex -serialize-diagnostics -emit-dependencies -emit-module -emit-module-path /Users/nicolas/Library/Developer/Xcode/DerivedData/AgendaHOF-bvieputxojihcqchgwytombtvhqx/Build/Intermediates.noindex/swift-concurrency-extras.build/Debug-iphonesimulator/ConcurrencyExtras.build/Objects-normal/arm64/ConcurrencyExtras.swiftmodule -user-module-version 1.3.2 -validate-clang-modules-once -clang-build-session-file /Users/nicolas/Library/Developer/Xcode/DerivedData/ModuleCache.noindex/Session.modulevalidation -package-name swift_concurrency_extras -Xcc -I/Users/nicolas/Library/Developer/Xcode/DerivedData/AgendaHOF-bvieputxojihcqchgwytombtvhqx/Build/Intermediates.noindex/swift-concurrency-extras.build/Debug-iphonesimulator/ConcurrencyExtras.build/swift-overrides.hmap -emit-const-values -Xfrontend -const-gather-protocols-file -Xfrontend /Users/nicolas/Library/Developer/Xcode/DerivedData/AgendaHOF-bvieputxojihcqchgwytombtvhqx/Build/Intermediates.noindex/swift-concurrency-extras.build/Debug-iphonesimulator/ConcurrencyExtras.build/Objects-normal/arm64/ConcurrencyExtras_const_extract_protocols.json -Xcc -I/Users/nicolas/Library/Developer/Xcode/DerivedData/AgendaHOF-bvieputxojihcqchgwytombtvhqx/Build/Products/Debug-iphonesimulator/include -Xcc -I/Users/nicolas/Library/Developer/Xcode/DerivedData/AgendaHOF-bvieputxojihcqchgwytombtvhqx/Build/Intermediates.noindex/swift-concurrency-extras.build/Debug-iphonesimulator/ConcurrencyExtras.build/DerivedSources-normal/arm64 -Xcc -I/Users/nicolas/Library/Developer/Xcode/DerivedData/AgendaHOF-bvieputxojihcqchgwytombtvhqx/Build/Intermediates.noindex/swift-concurrency-extras.build/Debug-iphonesimulator/ConcurrencyExtras.build/DerivedSources/arm64 -Xcc -I/Users/nicolas/Library/Developer/Xcode/DerivedData/AgendaHOF-bvieputxojihcqchgwytombtvhqx/Build/Intermediates.noindex/swift-concurrency-extras.build/Debug-iphonesimulator/ConcurrencyExtras.build/DerivedSources -Xcc -DSWIFT_PACKAGE -Xcc -DDEBUG\=1 -emit-objc-header -emit-objc-header-path /Users/nicolas/Library/Developer/Xcode/DerivedData/AgendaHOF-bvieputxojihcqchgwytombtvhqx/Build/Intermediates.noindex/swift-concurrency-extras.build/Debug-iphonesimulator/ConcurrencyExtras.build/Objects-normal/arm64/ConcurrencyExtras-Swift.h -working-directory /Users/nicolas/Documents/aplicativos-sites/AgendaHOF-iOS/AgendaHOF.xcodeproj -experimental-emit-module-separately -disable-cmo

SwiftDriverJobDiscovery normal arm64 Compiling AgendaWidgetProvider.swift (in target 'AgendaWidgetExtension' from project 'AgendaHOF')

Ld /Users/nicolas/Library/Developer/Xcode/DerivedData/AgendaHOF-bvieputxojihcqchgwytombtvhqx/Build/Products/Debug-iphonesimulator/ConcurrencyExtras.o normal (in target 'ConcurrencyExtras' from project 'swift-concurrency-extras')
    cd /Users/nicolas/Library/Developer/Xcode/DerivedData/AgendaHOF-bvieputxojihcqchgwytombtvhqx/SourcePackages/checkouts/swift-concurrency-extras
    /Applications/Xcode.app/Contents/Developer/Toolchains/XcodeDefault.xctoolchain/usr/bin/clang -Xlinker -reproducible -target arm64-apple-ios13.0-simulator -r -isysroot /Applications/Xcode.app/Contents/Developer/Platforms/iPhoneSimulator.platform/Developer/SDKs/iPhoneSimulator26.2.sdk -O0 -w -L/Users/nicolas/Library/Developer/Xcode/DerivedData/AgendaHOF-bvieputxojihcqchgwytombtvhqx/Build/Intermediates.noindex/EagerLinkingTBDs/Debug-iphonesimulator -L/Users/nicolas/Library/Developer/Xcode/DerivedData/AgendaHOF-bvieputxojihcqchgwytombtvhqx/Build/Products/Debug-iphonesimulator -L/Applications/Xcode.app/Contents/Developer/Platforms/iPhoneSimulator.platform/Developer/usr/lib -F/Users/nicolas/Library/Developer/Xcode/DerivedData/AgendaHOF-bvieputxojihcqchgwytombtvhqx/Build/Intermediates.noindex/EagerLinkingTBDs/Debug-iphonesimulator -F/Users/nicolas/Library/Developer/Xcode/DerivedData/AgendaHOF-bvieputxojihcqchgwytombtvhqx/Build/Products/Debug-iphonesimulator -iframework /Applications/Xcode.app/Contents/Developer/Platforms/iPhoneSimulator.platform/Developer/Library/Frameworks -iframework /Applications/Xcode.app/Contents/Developer/Platforms/iPhoneSimulator.platform/Developer/SDKs/iPhoneSimulator26.2.sdk/Developer/Library/Frameworks -filelist /Users/nicolas/Library/Developer/Xcode/DerivedData/AgendaHOF-bvieputxojihcqchgwytombtvhqx/Build/Intermediates.noindex/swift-concurrency-extras.build/Debug-iphonesimulator/ConcurrencyExtras.build/Objects-normal/arm64/ConcurrencyExtras.LinkFileList -nostdlib -Xlinker -object_path_lto -Xlinker /Users/nicolas/Library/Developer/Xcode/DerivedData/AgendaHOF-bvieputxojihcqchgwytombtvhqx/Build/Intermediates.noindex/swift-concurrency-extras.build/Debug-iphonesimulator/ConcurrencyExtras.build/Objects-normal/arm64/ConcurrencyExtras_lto.o -rdynamic -Xlinker -no_deduplicate -Xlinker -objc_abi_version -Xlinker 2 -Xlinker -debug_variant -Xlinker -dependency_info -Xlinker /Users/nicolas/Library/Developer/Xcode/DerivedData/AgendaHOF-bvieputxojihcqchgwytombtvhqx/Build/Intermediates.noindex/swift-concurrency-extras.build/Debug-iphonesimulator/ConcurrencyExtras.build/Objects-normal/arm64/ConcurrencyExtras_dependency_info.dat -fobjc-link-runtime -L/Applications/Xcode.app/Contents/Developer/Toolchains/XcodeDefault.xctoolchain/usr/lib/swift/iphonesimulator -L/usr/lib/swift -Xlinker -add_ast_path -Xlinker /Users/nicolas/Library/Developer/Xcode/DerivedData/AgendaHOF-bvieputxojihcqchgwytombtvhqx/Build/Intermediates.noindex/swift-concurrency-extras.build/Debug-iphonesimulator/ConcurrencyExtras.build/Objects-normal/arm64/ConcurrencyExtras.swiftmodule @/Users/nicolas/Library/Developer/Xcode/DerivedData/AgendaHOF-bvieputxojihcqchgwytombtvhqx/Build/Intermediates.noindex/swift-concurrency-extras.build/Debug-iphonesimulator/ConcurrencyExtras.build/Objects-normal/arm64/ConcurrencyExtras-linker-args.resp -o /Users/nicolas/Library/Developer/Xcode/DerivedData/AgendaHOF-bvieputxojihcqchgwytombtvhqx/Build/Products/Debug-iphonesimulator/ConcurrencyExtras.o

RegisterExecutionPolicyException /Users/nicolas/Library/Developer/Xcode/DerivedData/AgendaHOF-bvieputxojihcqchgwytombtvhqx/Build/Products/Debug-iphonesimulator/IssueReportingPackageSupport.o (in target 'IssueReportingPackageSupport' from project 'xctest-dynamic-overlay')
    cd /Users/nicolas/Library/Developer/Xcode/DerivedData/AgendaHOF-bvieputxojihcqchgwytombtvhqx/SourcePackages/checkouts/xctest-dynamic-overlay
    builtin-RegisterExecutionPolicyException /Users/nicolas/Library/Developer/Xcode/DerivedData/AgendaHOF-bvieputxojihcqchgwytombtvhqx/Build/Products/Debug-iphonesimulator/IssueReportingPackageSupport.o

SwiftDriverJobDiscovery normal arm64 Compiling CryptoKitErrors_boring.swift, Optional+withUnsafeBytes_boring.swift, RNG_boring.swift, SafeCompare_boring.swift, Zeroization_boring.swift, PrettyBytes.swift, SafeCompare.swift, SecureBytes.swift, Zeroization.swift (in target 'Crypto' from project 'swift-crypto')

SwiftDriver\ Compilation Crypto normal arm64 com.apple.xcode.tools.swift.compiler (in target 'Crypto' from project 'swift-crypto')
    cd /Users/nicolas/Documents/aplicativos-sites/AgendaHOF-iOS/AgendaHOF.xcodeproj
    builtin-Swift-Compilation -- /Applications/Xcode.app/Contents/Developer/Toolchains/XcodeDefault.xctoolchain/usr/bin/swiftc -module-name Crypto -Onone -enforce-exclusivity\=checked @/Users/nicolas/Library/Developer/Xcode/DerivedData/AgendaHOF-bvieputxojihcqchgwytombtvhqx/Build/Intermediates.noindex/swift-crypto.build/Debug-iphonesimulator/Crypto.build/Objects-normal/arm64/Crypto.SwiftFileList -DSWIFT_PACKAGE -DDEBUG -DSWIFT_MODULE_RESOURCE_BUNDLE_AVAILABLE -DCRYPTO_IN_SWIFTPM -DXcode -enable-upcoming-feature MemberImportVisibility -plugin-path /Applications/Xcode.app/Contents/Developer/Toolchains/XcodeDefault.xctoolchain/usr/lib/swift/host/plugins/testing -enable-experimental-feature DebugDescriptionMacro -sdk /Applications/Xcode.app/Contents/Developer/Platforms/iPhoneSimulator.platform/Developer/SDKs/iPhoneSimulator26.2.sdk -target arm64-apple-ios12.0-simulator -g -module-cache-path /Users/nicolas/Library/Developer/Xcode/DerivedData/ModuleCache.noindex -Xfrontend -serialize-debugging-options -profile-coverage-mapping -profile-generate -enable-testing -suppress-warnings -index-store-path /Users/nicolas/Library/Developer/Xcode/DerivedData/AgendaHOF-bvieputxojihcqchgwytombtvhqx/Index.noindex/DataStore -Xcc -D_LIBCPP_HARDENING_MODE\=_LIBCPP_HARDENING_MODE_DEBUG -swift-version 6 -I /Users/nicolas/Library/Developer/Xcode/DerivedData/AgendaHOF-bvieputxojihcqchgwytombtvhqx/Build/Products/Debug-iphonesimulator -Isystem /Applications/Xcode.app/Contents/Developer/Platforms/iPhoneSimulator.platform/Developer/usr/lib -F /Users/nicolas/Library/Developer/Xcode/DerivedData/AgendaHOF-bvieputxojihcqchgwytombtvhqx/Build/Products/Debug-iphonesimulator -F /Applications/Xcode.app/Contents/Developer/Platforms/iPhoneSimulator.platform/Developer/Library/Frameworks -F /Applications/Xcode.app/Contents/Developer/Platforms/iPhoneSimulator.platform/Developer/SDKs/iPhoneSimulator26.2.sdk/Developer/Library/Frameworks -c -j10 -enable-batch-mode -incremental -Xcc -ivfsstatcache -Xcc /Users/nicolas/Library/Developer/Xcode/DerivedData/SDKStatCaches.noindex/iphonesimulator26.2-23C53-7d00a8b37fbd7999ea79df8ebc024bf0.sdkstatcache -output-file-map /Users/nicolas/Library/Developer/Xcode/DerivedData/AgendaHOF-bvieputxojihcqchgwytombtvhqx/Build/Intermediates.noindex/swift-crypto.build/Debug-iphonesimulator/Crypto.build/Objects-normal/arm64/Crypto-OutputFileMap.json -use-frontend-parseable-output -save-temps -no-color-diagnostics -explicit-module-build -module-cache-path /Users/nicolas/Library/Developer/Xcode/DerivedData/AgendaHOF-bvieputxojihcqchgwytombtvhqx/Build/Intermediates.noindex/SwiftExplicitPrecompiledModules -clang-scanner-module-cache-path /Users/nicolas/Library/Developer/Xcode/DerivedData/ModuleCache.noindex -sdk-module-cache-path /Users/nicolas/Library/Developer/Xcode/DerivedData/ModuleCache.noindex -serialize-diagnostics -emit-dependencies -emit-module -emit-module-path /Users/nicolas/Library/Developer/Xcode/DerivedData/AgendaHOF-bvieputxojihcqchgwytombtvhqx/Build/Intermediates.noindex/swift-crypto.build/Debug-iphonesimulator/Crypto.build/Objects-normal/arm64/Crypto.swiftmodule -user-module-version 4.2.0 -validate-clang-modules-once -clang-build-session-file /Users/nicolas/Library/Developer/Xcode/DerivedData/ModuleCache.noindex/Session.modulevalidation -package-name swift_crypto -Xcc -I/Users/nicolas/Library/Developer/Xcode/DerivedData/AgendaHOF-bvieputxojihcqchgwytombtvhqx/Build/Intermediates.noindex/swift-crypto.build/Debug-iphonesimulator/Crypto.build/swift-overrides.hmap -emit-const-values -Xfrontend -const-gather-protocols-file -Xfrontend /Users/nicolas/Library/Developer/Xcode/DerivedData/AgendaHOF-bvieputxojihcqchgwytombtvhqx/Build/Intermediates.noindex/swift-crypto.build/Debug-iphonesimulator/Crypto.build/Objects-normal/arm64/Crypto_const_extract_protocols.json -Xcc -I/Users/nicolas/Library/Developer/Xcode/DerivedData/AgendaHOF-bvieputxojihcqchgwytombtvhqx/Build/Products/Debug-iphonesimulator/include -Xcc -I/Users/nicolas/Library/Developer/Xcode/DerivedData/AgendaHOF-bvieputxojihcqchgwytombtvhqx/Build/Intermediates.noindex/swift-crypto.build/Debug-iphonesimulator/Crypto.build/DerivedSources-normal/arm64 -Xcc -I/Users/nicolas/Library/Developer/Xcode/DerivedData/AgendaHOF-bvieputxojihcqchgwytombtvhqx/Build/Intermediates.noindex/swift-crypto.build/Debug-iphonesimulator/Crypto.build/DerivedSources/arm64 -Xcc -I/Users/nicolas/Library/Developer/Xcode/DerivedData/AgendaHOF-bvieputxojihcqchgwytombtvhqx/Build/Intermediates.noindex/swift-crypto.build/Debug-iphonesimulator/Crypto.build/DerivedSources -Xcc -DSWIFT_PACKAGE -Xcc -DDEBUG\=1 -emit-objc-header -emit-objc-header-path /Users/nicolas/Library/Developer/Xcode/DerivedData/AgendaHOF-bvieputxojihcqchgwytombtvhqx/Build/Intermediates.noindex/swift-crypto.build/Debug-iphonesimulator/Crypto.build/Objects-normal/arm64/Crypto-Swift.h -working-directory /Users/nicolas/Documents/aplicativos-sites/AgendaHOF-iOS/AgendaHOF.xcodeproj -experimental-emit-module-separately -disable-cmo

Ld /Users/nicolas/Library/Developer/Xcode/DerivedData/AgendaHOF-bvieputxojihcqchgwytombtvhqx/Build/Products/Debug-iphonesimulator/Crypto.o normal (in target 'Crypto' from project 'swift-crypto')
    cd /Users/nicolas/Library/Developer/Xcode/DerivedData/AgendaHOF-bvieputxojihcqchgwytombtvhqx/SourcePackages/checkouts/swift-crypto
    /Applications/Xcode.app/Contents/Developer/Toolchains/XcodeDefault.xctoolchain/usr/bin/clang -Xlinker -reproducible -target arm64-apple-ios12.0-simulator -r -isysroot /Applications/Xcode.app/Contents/Developer/Platforms/iPhoneSimulator.platform/Developer/SDKs/iPhoneSimulator26.2.sdk -O0 -w -L/Users/nicolas/Library/Developer/Xcode/DerivedData/AgendaHOF-bvieputxojihcqchgwytombtvhqx/Build/Intermediates.noindex/EagerLinkingTBDs/Debug-iphonesimulator -L/Users/nicolas/Library/Developer/Xcode/DerivedData/AgendaHOF-bvieputxojihcqchgwytombtvhqx/Build/Products/Debug-iphonesimulator -L/Applications/Xcode.app/Contents/Developer/Platforms/iPhoneSimulator.platform/Developer/usr/lib -F/Users/nicolas/Library/Developer/Xcode/DerivedData/AgendaHOF-bvieputxojihcqchgwytombtvhqx/Build/Intermediates.noindex/EagerLinkingTBDs/Debug-iphonesimulator -F/Users/nicolas/Library/Developer/Xcode/DerivedData/AgendaHOF-bvieputxojihcqchgwytombtvhqx/Build/Products/Debug-iphonesimulator -iframework /Applications/Xcode.app/Contents/Developer/Platforms/iPhoneSimulator.platform/Developer/Library/Frameworks -iframework /Applications/Xcode.app/Contents/Developer/Platforms/iPhoneSimulator.platform/Developer/SDKs/iPhoneSimulator26.2.sdk/Developer/Library/Frameworks -filelist /Users/nicolas/Library/Developer/Xcode/DerivedData/AgendaHOF-bvieputxojihcqchgwytombtvhqx/Build/Intermediates.noindex/swift-crypto.build/Debug-iphonesimulator/Crypto.build/Objects-normal/arm64/Crypto.LinkFileList -nostdlib -Xlinker -object_path_lto -Xlinker /Users/nicolas/Library/Developer/Xcode/DerivedData/AgendaHOF-bvieputxojihcqchgwytombtvhqx/Build/Intermediates.noindex/swift-crypto.build/Debug-iphonesimulator/Crypto.build/Objects-normal/arm64/Crypto_lto.o -rdynamic -Xlinker -no_deduplicate -Xlinker -objc_abi_version -Xlinker 2 -Xlinker -debug_variant -Xlinker -dependency_info -Xlinker /Users/nicolas/Library/Developer/Xcode/DerivedData/AgendaHOF-bvieputxojihcqchgwytombtvhqx/Build/Intermediates.noindex/swift-crypto.build/Debug-iphonesimulator/Crypto.build/Objects-normal/arm64/Crypto_dependency_info.dat -fobjc-link-runtime -L/Applications/Xcode.app/Contents/Developer/Toolchains/XcodeDefault.xctoolchain/usr/lib/swift/iphonesimulator -L/usr/lib/swift -Xlinker -add_ast_path -Xlinker /Users/nicolas/Library/Developer/Xcode/DerivedData/AgendaHOF-bvieputxojihcqchgwytombtvhqx/Build/Intermediates.noindex/swift-crypto.build/Debug-iphonesimulator/Crypto.build/Objects-normal/arm64/Crypto.swiftmodule @/Users/nicolas/Library/Developer/Xcode/DerivedData/AgendaHOF-bvieputxojihcqchgwytombtvhqx/Build/Intermediates.noindex/swift-crypto.build/Debug-iphonesimulator/Crypto.build/Objects-normal/arm64/Crypto-linker-args.resp -o /Users/nicolas/Library/Developer/Xcode/DerivedData/AgendaHOF-bvieputxojihcqchgwytombtvhqx/Build/Products/Debug-iphonesimulator/Crypto.o

ExtractAppIntentsMetadata (in target 'ConcurrencyExtras' from project 'swift-concurrency-extras')
    cd /Users/nicolas/Library/Developer/Xcode/DerivedData/AgendaHOF-bvieputxojihcqchgwytombtvhqx/SourcePackages/checkouts/swift-concurrency-extras
    /Applications/Xcode.app/Contents/Developer/Toolchains/XcodeDefault.xctoolchain/usr/bin/appintentsmetadataprocessor --toolchain-dir /Applications/Xcode.app/Contents/Developer/Toolchains/XcodeDefault.xctoolchain --module-name ConcurrencyExtras --sdk-root /Applications/Xcode.app/Contents/Developer/Platforms/iPhoneSimulator.platform/Developer/SDKs/iPhoneSimulator26.2.sdk --xcode-version 17C52 --platform-family iOS --deployment-target 13.0 --bundle-identifier swift-concurrency-extras.ConcurrencyExtras --output /Users/nicolas/Library/Developer/Xcode/DerivedData/AgendaHOF-bvieputxojihcqchgwytombtvhqx/Build/Products/Debug-iphonesimulator/ConcurrencyExtras.appintents --target-triple arm64-apple-ios13.0-simulator --binary-file /Users/nicolas/Library/Developer/Xcode/DerivedData/AgendaHOF-bvieputxojihcqchgwytombtvhqx/Build/Products/Debug-iphonesimulator/ConcurrencyExtras.o --dependency-file /Users/nicolas/Library/Developer/Xcode/DerivedData/AgendaHOF-bvieputxojihcqchgwytombtvhqx/Build/Intermediates.noindex/swift-concurrency-extras.build/Debug-iphonesimulator/ConcurrencyExtras.build/Objects-normal/arm64/ConcurrencyExtras_dependency_info.dat --stringsdata-file /Users/nicolas/Library/Developer/Xcode/DerivedData/AgendaHOF-bvieputxojihcqchgwytombtvhqx/Build/Intermediates.noindex/swift-concurrency-extras.build/Debug-iphonesimulator/ConcurrencyExtras.build/Objects-normal/arm64/ExtractedAppShortcutsMetadata.stringsdata --source-file-list /Users/nicolas/Library/Developer/Xcode/DerivedData/AgendaHOF-bvieputxojihcqchgwytombtvhqx/Build/Intermediates.noindex/swift-concurrency-extras.build/Debug-iphonesimulator/ConcurrencyExtras.build/Objects-normal/arm64/ConcurrencyExtras.SwiftFileList --metadata-file-list /Users/nicolas/Library/Developer/Xcode/DerivedData/AgendaHOF-bvieputxojihcqchgwytombtvhqx/Build/Intermediates.noindex/swift-concurrency-extras.build/Debug-iphonesimulator/ConcurrencyExtras.build/ConcurrencyExtras.DependencyMetadataFileList --static-metadata-file-list /Users/nicolas/Library/Developer/Xcode/DerivedData/AgendaHOF-bvieputxojihcqchgwytombtvhqx/Build/Intermediates.noindex/swift-concurrency-extras.build/Debug-iphonesimulator/ConcurrencyExtras.build/ConcurrencyExtras.DependencyStaticMetadataFileList --swift-const-vals-list /Users/nicolas/Library/Developer/Xcode/DerivedData/AgendaHOF-bvieputxojihcqchgwytombtvhqx/Build/Intermediates.noindex/swift-concurrency-extras.build/Debug-iphonesimulator/ConcurrencyExtras.build/Objects-normal/arm64/ConcurrencyExtras.SwiftConstValuesFileList --force --compile-time-extraction --deployment-aware-processing --validate-assistant-intents --no-app-shortcuts-localization
2026-01-03 23:43:39.421 appintentsmetadataprocessor[19257:184147] Starting appintentsmetadataprocessor export
2026-01-03 23:43:39.528 appintentsmetadataprocessor[19257:184147] Extracted no relevant App Intents symbols, skipping writing output

Ld /Users/nicolas/Library/Developer/Xcode/DerivedData/AgendaHOF-bvieputxojihcqchgwytombtvhqx/Build/Products/Debug-iphonesimulator/IssueReporting.o normal (in target 'IssueReporting' from project 'xctest-dynamic-overlay')
    cd /Users/nicolas/Library/Developer/Xcode/DerivedData/AgendaHOF-bvieputxojihcqchgwytombtvhqx/SourcePackages/checkouts/xctest-dynamic-overlay
    /Applications/Xcode.app/Contents/Developer/Toolchains/XcodeDefault.xctoolchain/usr/bin/clang -Xlinker -reproducible -target arm64-apple-ios13.0-simulator -r -isysroot /Applications/Xcode.app/Contents/Developer/Platforms/iPhoneSimulator.platform/Developer/SDKs/iPhoneSimulator26.2.sdk -O0 -w -L/Users/nicolas/Library/Developer/Xcode/DerivedData/AgendaHOF-bvieputxojihcqchgwytombtvhqx/Build/Intermediates.noindex/EagerLinkingTBDs/Debug-iphonesimulator -L/Users/nicolas/Library/Developer/Xcode/DerivedData/AgendaHOF-bvieputxojihcqchgwytombtvhqx/Build/Products/Debug-iphonesimulator -L/Applications/Xcode.app/Contents/Developer/Platforms/iPhoneSimulator.platform/Developer/usr/lib -F/Users/nicolas/Library/Developer/Xcode/DerivedData/AgendaHOF-bvieputxojihcqchgwytombtvhqx/Build/Intermediates.noindex/EagerLinkingTBDs/Debug-iphonesimulator -F/Users/nicolas/Library/Developer/Xcode/DerivedData/AgendaHOF-bvieputxojihcqchgwytombtvhqx/Build/Products/Debug-iphonesimulator/PackageFrameworks -F/Users/nicolas/Library/Developer/Xcode/DerivedData/AgendaHOF-bvieputxojihcqchgwytombtvhqx/Build/Products/Debug-iphonesimulator -iframework /Applications/Xcode.app/Contents/Developer/Platforms/iPhoneSimulator.platform/Developer/Library/Frameworks -iframework /Applications/Xcode.app/Contents/Developer/Platforms/iPhoneSimulator.platform/Developer/SDKs/iPhoneSimulator26.2.sdk/Developer/Library/Frameworks -filelist /Users/nicolas/Library/Developer/Xcode/DerivedData/AgendaHOF-bvieputxojihcqchgwytombtvhqx/Build/Intermediates.noindex/xctest-dynamic-overlay.build/Debug-iphonesimulator/IssueReporting.build/Objects-normal/arm64/IssueReporting.LinkFileList -nostdlib -Xlinker -object_path_lto -Xlinker /Users/nicolas/Library/Developer/Xcode/DerivedData/AgendaHOF-bvieputxojihcqchgwytombtvhqx/Build/Intermediates.noindex/xctest-dynamic-overlay.build/Debug-iphonesimulator/IssueReporting.build/Objects-normal/arm64/IssueReporting_lto.o -rdynamic -Xlinker -no_deduplicate -Xlinker -objc_abi_version -Xlinker 2 -Xlinker -debug_variant -Xlinker -dependency_info -Xlinker /Users/nicolas/Library/Developer/Xcode/DerivedData/AgendaHOF-bvieputxojihcqchgwytombtvhqx/Build/Intermediates.noindex/xctest-dynamic-overlay.build/Debug-iphonesimulator/IssueReporting.build/Objects-normal/arm64/IssueReporting_dependency_info.dat -fobjc-link-runtime -L/Applications/Xcode.app/Contents/Developer/Toolchains/XcodeDefault.xctoolchain/usr/lib/swift/iphonesimulator -L/usr/lib/swift -Xlinker -add_ast_path -Xlinker /Users/nicolas/Library/Developer/Xcode/DerivedData/AgendaHOF-bvieputxojihcqchgwytombtvhqx/Build/Intermediates.noindex/xctest-dynamic-overlay.build/Debug-iphonesimulator/IssueReporting.build/Objects-normal/arm64/IssueReporting.swiftmodule @/Users/nicolas/Library/Developer/Xcode/DerivedData/AgendaHOF-bvieputxojihcqchgwytombtvhqx/Build/Intermediates.noindex/xctest-dynamic-overlay.build/Debug-iphonesimulator/IssueReporting.build/Objects-normal/arm64/IssueReporting-linker-args.resp -o /Users/nicolas/Library/Developer/Xcode/DerivedData/AgendaHOF-bvieputxojihcqchgwytombtvhqx/Build/Products/Debug-iphonesimulator/IssueReporting.o

SwiftEmitModule normal arm64 Emitting\ module\ for\ XCTestDynamicOverlay (in target 'XCTestDynamicOverlay' from project 'xctest-dynamic-overlay')

EmitSwiftModule normal arm64 (in target 'XCTestDynamicOverlay' from project 'xctest-dynamic-overlay')
    cd /Users/nicolas/Documents/aplicativos-sites/AgendaHOF-iOS/AgendaHOF.xcodeproj
    

SwiftCompile normal arm64 Compiling\ Deprecations.swift /Users/nicolas/Library/Developer/Xcode/DerivedData/AgendaHOF-bvieputxojihcqchgwytombtvhqx/SourcePackages/checkouts/xctest-dynamic-overlay/Sources/XCTestDynamicOverlay/Internal/Deprecations.swift (in target 'XCTestDynamicOverlay' from project 'xctest-dynamic-overlay')
SwiftCompile normal arm64 /Users/nicolas/Library/Developer/Xcode/DerivedData/AgendaHOF-bvieputxojihcqchgwytombtvhqx/SourcePackages/checkouts/xctest-dynamic-overlay/Sources/XCTestDynamicOverlay/Internal/Deprecations.swift (in target 'XCTestDynamicOverlay' from project 'xctest-dynamic-overlay')
    cd /Users/nicolas/Documents/aplicativos-sites/AgendaHOF-iOS/AgendaHOF.xcodeproj
    

SwiftCompile normal arm64 Compiling\ Exports.swift /Users/nicolas/Library/Developer/Xcode/DerivedData/AgendaHOF-bvieputxojihcqchgwytombtvhqx/SourcePackages/checkouts/xctest-dynamic-overlay/Sources/XCTestDynamicOverlay/Internal/Exports.swift (in target 'XCTestDynamicOverlay' from project 'xctest-dynamic-overlay')

SwiftCompile normal arm64 /Users/nicolas/Library/Developer/Xcode/DerivedData/AgendaHOF-bvieputxojihcqchgwytombtvhqx/SourcePackages/checkouts/xctest-dynamic-overlay/Sources/XCTestDynamicOverlay/Internal/Exports.swift (in target 'XCTestDynamicOverlay' from project 'xctest-dynamic-overlay')
    cd /Users/nicolas/Documents/aplicativos-sites/AgendaHOF-iOS/AgendaHOF.xcodeproj
    

SwiftDriverJobDiscovery normal arm64 Compiling SmallWidgetView.swift (in target 'AgendaWidgetExtension' from project 'AgendaHOF')

ExtractAppIntentsMetadata (in target 'IssueReporting' from project 'xctest-dynamic-overlay')
    cd /Users/nicolas/Library/Developer/Xcode/DerivedData/AgendaHOF-bvieputxojihcqchgwytombtvhqx/SourcePackages/checkouts/xctest-dynamic-overlay
    /Applications/Xcode.app/Contents/Developer/Toolchains/XcodeDefault.xctoolchain/usr/bin/appintentsmetadataprocessor --toolchain-dir /Applications/Xcode.app/Contents/Developer/Toolchains/XcodeDefault.xctoolchain --module-name IssueReporting --sdk-root /Applications/Xcode.app/Contents/Developer/Platforms/iPhoneSimulator.platform/Developer/SDKs/iPhoneSimulator26.2.sdk --xcode-version 17C52 --platform-family iOS --deployment-target 13.0 --bundle-identifier xctest-dynamic-overlay.IssueReporting --output /Users/nicolas/Library/Developer/Xcode/DerivedData/AgendaHOF-bvieputxojihcqchgwytombtvhqx/Build/Products/Debug-iphonesimulator/IssueReporting.appintents --target-triple arm64-apple-ios13.0-simulator --binary-file /Users/nicolas/Library/Developer/Xcode/DerivedData/AgendaHOF-bvieputxojihcqchgwytombtvhqx/Build/Products/Debug-iphonesimulator/IssueReporting.o --dependency-file /Users/nicolas/Library/Developer/Xcode/DerivedData/AgendaHOF-bvieputxojihcqchgwytombtvhqx/Build/Intermediates.noindex/xctest-dynamic-overlay.build/Debug-iphonesimulator/IssueReporting.build/Objects-normal/arm64/IssueReporting_dependency_info.dat --stringsdata-file /Users/nicolas/Library/Developer/Xcode/DerivedData/AgendaHOF-bvieputxojihcqchgwytombtvhqx/Build/Intermediates.noindex/xctest-dynamic-overlay.build/Debug-iphonesimulator/IssueReporting.build/Objects-normal/arm64/ExtractedAppShortcutsMetadata.stringsdata --source-file-list /Users/nicolas/Library/Developer/Xcode/DerivedData/AgendaHOF-bvieputxojihcqchgwytombtvhqx/Build/Intermediates.noindex/xctest-dynamic-overlay.build/Debug-iphonesimulator/IssueReporting.build/Objects-normal/arm64/IssueReporting.SwiftFileList --metadata-file-list /Users/nicolas/Library/Developer/Xcode/DerivedData/AgendaHOF-bvieputxojihcqchgwytombtvhqx/Build/Intermediates.noindex/xctest-dynamic-overlay.build/Debug-iphonesimulator/IssueReporting.build/IssueReporting.DependencyMetadataFileList --static-metadata-file-list /Users/nicolas/Library/Developer/Xcode/DerivedData/AgendaHOF-bvieputxojihcqchgwytombtvhqx/Build/Intermediates.noindex/xctest-dynamic-overlay.build/Debug-iphonesimulator/IssueReporting.build/IssueReporting.DependencyStaticMetadataFileList --swift-const-vals-list /Users/nicolas/Library/Developer/Xcode/DerivedData/AgendaHOF-bvieputxojihcqchgwytombtvhqx/Build/Intermediates.noindex/xctest-dynamic-overlay.build/Debug-iphonesimulator/IssueReporting.build/Objects-normal/arm64/IssueReporting.SwiftConstValuesFileList --force --compile-time-extraction --deployment-aware-processing --validate-assistant-intents --no-app-shortcuts-localization
2026-01-03 23:43:39.505 appintentsmetadataprocessor[19268:184188] Starting appintentsmetadataprocessor export
2026-01-03 23:43:39.644 appintentsmetadataprocessor[19268:184188] Extracted no relevant App Intents symbols, skipping writing output

ExtractAppIntentsMetadata (in target 'Crypto' from project 'swift-crypto')
    cd /Users/nicolas/Library/Developer/Xcode/DerivedData/AgendaHOF-bvieputxojihcqchgwytombtvhqx/SourcePackages/checkouts/swift-crypto
    /Applications/Xcode.app/Contents/Developer/Toolchains/XcodeDefault.xctoolchain/usr/bin/appintentsmetadataprocessor --toolchain-dir /Applications/Xcode.app/Contents/Developer/Toolchains/XcodeDefault.xctoolchain --module-name Crypto --sdk-root /Applications/Xcode.app/Contents/Developer/Platforms/iPhoneSimulator.platform/Developer/SDKs/iPhoneSimulator26.2.sdk --xcode-version 17C52 --platform-family iOS --deployment-target 12.0 --bundle-identifier swift-crypto.Crypto --output /Users/nicolas/Library/Developer/Xcode/DerivedData/AgendaHOF-bvieputxojihcqchgwytombtvhqx/Build/Products/Debug-iphonesimulator/Crypto.appintents --target-triple arm64-apple-ios12.0-simulator --binary-file /Users/nicolas/Library/Developer/Xcode/DerivedData/AgendaHOF-bvieputxojihcqchgwytombtvhqx/Build/Products/Debug-iphonesimulator/Crypto.o --dependency-file /Users/nicolas/Library/Developer/Xcode/DerivedData/AgendaHOF-bvieputxojihcqchgwytombtvhqx/Build/Intermediates.noindex/swift-crypto.build/Debug-iphonesimulator/Crypto.build/Objects-normal/arm64/Crypto_dependency_info.dat --stringsdata-file /Users/nicolas/Library/Developer/Xcode/DerivedData/AgendaHOF-bvieputxojihcqchgwytombtvhqx/Build/Intermediates.noindex/swift-crypto.build/Debug-iphonesimulator/Crypto.build/Objects-normal/arm64/ExtractedAppShortcutsMetadata.stringsdata --source-file-list /Users/nicolas/Library/Developer/Xcode/DerivedData/AgendaHOF-bvieputxojihcqchgwytombtvhqx/Build/Intermediates.noindex/swift-crypto.build/Debug-iphonesimulator/Crypto.build/Objects-normal/arm64/Crypto.SwiftFileList --metadata-file-list /Users/nicolas/Library/Developer/Xcode/DerivedData/AgendaHOF-bvieputxojihcqchgwytombtvhqx/Build/Intermediates.noindex/swift-crypto.build/Debug-iphonesimulator/Crypto.build/Crypto.DependencyMetadataFileList --static-metadata-file-list /Users/nicolas/Library/Developer/Xcode/DerivedData/AgendaHOF-bvieputxojihcqchgwytombtvhqx/Build/Intermediates.noindex/swift-crypto.build/Debug-iphonesimulator/Crypto.build/Crypto.DependencyStaticMetadataFileList --swift-const-vals-list /Users/nicolas/Library/Developer/Xcode/DerivedData/AgendaHOF-bvieputxojihcqchgwytombtvhqx/Build/Intermediates.noindex/swift-crypto.build/Debug-iphonesimulator/Crypto.build/Objects-normal/arm64/Crypto.SwiftConstValuesFileList --force --compile-time-extraction --deployment-aware-processing --validate-assistant-intents --no-app-shortcuts-localization
2026-01-03 23:43:39.547 appintentsmetadataprocessor[19270:184195] Starting appintentsmetadataprocessor export
2026-01-03 23:43:39.674 appintentsmetadataprocessor[19270:184195] Extracted no relevant App Intents symbols, skipping writing output

SwiftDriverJobDiscovery normal arm64 Compiling WidgetAppointment.swift (in target 'AgendaWidgetExtension' from project 'AgendaHOF')

SwiftDriverJobDiscovery normal arm64 Compiling AgendaWidget.swift (in target 'AgendaWidgetExtension' from project 'AgendaHOF')

RegisterExecutionPolicyException /Users/nicolas/Library/Developer/Xcode/DerivedData/AgendaHOF-bvieputxojihcqchgwytombtvhqx/Build/Products/Debug-iphonesimulator/HTTPTypes.o (in target 'HTTPTypes' from project 'swift-http-types')
    cd /Users/nicolas/Library/Developer/Xcode/DerivedData/AgendaHOF-bvieputxojihcqchgwytombtvhqx/SourcePackages/checkouts/swift-http-types
    builtin-RegisterExecutionPolicyException /Users/nicolas/Library/Developer/Xcode/DerivedData/AgendaHOF-bvieputxojihcqchgwytombtvhqx/Build/Products/Debug-iphonesimulator/HTTPTypes.o

RegisterExecutionPolicyException /Users/nicolas/Library/Developer/Xcode/DerivedData/AgendaHOF-bvieputxojihcqchgwytombtvhqx/Build/Products/Debug-iphonesimulator/ConcurrencyExtras.o (in target 'ConcurrencyExtras' from project 'swift-concurrency-extras')
    cd /Users/nicolas/Library/Developer/Xcode/DerivedData/AgendaHOF-bvieputxojihcqchgwytombtvhqx/SourcePackages/checkouts/swift-concurrency-extras
    builtin-RegisterExecutionPolicyException /Users/nicolas/Library/Developer/Xcode/DerivedData/AgendaHOF-bvieputxojihcqchgwytombtvhqx/Build/Products/Debug-iphonesimulator/ConcurrencyExtras.o

SwiftCompile normal arm64 Compiling\ SwiftUI.swift /Users/nicolas/Library/Developer/Xcode/DerivedData/AgendaHOF-bvieputxojihcqchgwytombtvhqx/SourcePackages/checkouts/swift-clocks/Sources/Clocks/SwiftUI.swift (in target 'Clocks' from project 'swift-clocks')

SwiftCompile normal arm64 /Users/nicolas/Library/Developer/Xcode/DerivedData/AgendaHOF-bvieputxojihcqchgwytombtvhqx/SourcePackages/checkouts/swift-clocks/Sources/Clocks/SwiftUI.swift (in target 'Clocks' from project 'swift-clocks')
    cd /Users/nicolas/Documents/aplicativos-sites/AgendaHOF-iOS/AgendaHOF.xcodeproj
    

SwiftCompile normal arm64 Compiling\ _AsyncTimerSequence.swift /Users/nicolas/Library/Developer/Xcode/DerivedData/AgendaHOF-bvieputxojihcqchgwytombtvhqx/SourcePackages/checkouts/swift-clocks/Sources/Clocks/Internal/_AsyncTimerSequence.swift (in target 'Clocks' from project 'swift-clocks')

SwiftCompile normal arm64 /Users/nicolas/Library/Developer/Xcode/DerivedData/AgendaHOF-bvieputxojihcqchgwytombtvhqx/SourcePackages/checkouts/swift-clocks/Sources/Clocks/Internal/_AsyncTimerSequence.swift (in target 'Clocks' from project 'swift-clocks')
    cd /Users/nicolas/Documents/aplicativos-sites/AgendaHOF-iOS/AgendaHOF.xcodeproj
    

SwiftCompile normal arm64 Compiling\ AnyClock.swift /Users/nicolas/Library/Developer/Xcode/DerivedData/AgendaHOF-bvieputxojihcqchgwytombtvhqx/SourcePackages/checkouts/swift-clocks/Sources/Clocks/AnyClock.swift (in target 'Clocks' from project 'swift-clocks')

SwiftCompile normal arm64 /Users/nicolas/Library/Developer/Xcode/DerivedData/AgendaHOF-bvieputxojihcqchgwytombtvhqx/SourcePackages/checkouts/swift-clocks/Sources/Clocks/AnyClock.swift (in target 'Clocks' from project 'swift-clocks')
    cd /Users/nicolas/Documents/aplicativos-sites/AgendaHOF-iOS/AgendaHOF.xcodeproj
    

SwiftEmitModule normal arm64 Emitting\ module\ for\ Clocks (in target 'Clocks' from project 'swift-clocks')

EmitSwiftModule normal arm64 (in target 'Clocks' from project 'swift-clocks')
    cd /Users/nicolas/Documents/aplicativos-sites/AgendaHOF-iOS/AgendaHOF.xcodeproj
    

SwiftDriverJobDiscovery normal arm64 Compiling Exports.swift (in target 'XCTestDynamicOverlay' from project 'xctest-dynamic-overlay')

SwiftCompile normal arm64 Compiling\ TestClock.swift /Users/nicolas/Library/Developer/Xcode/DerivedData/AgendaHOF-bvieputxojihcqchgwytombtvhqx/SourcePackages/checkouts/swift-clocks/Sources/Clocks/TestClock.swift (in target 'Clocks' from project 'swift-clocks')
SwiftCompile normal arm64 /Users/nicolas/Library/Developer/Xcode/DerivedData/AgendaHOF-bvieputxojihcqchgwytombtvhqx/SourcePackages/checkouts/swift-clocks/Sources/Clocks/TestClock.swift (in target 'Clocks' from project 'swift-clocks')
    cd /Users/nicolas/Documents/aplicativos-sites/AgendaHOF-iOS/AgendaHOF.xcodeproj
    

SwiftDriverJobDiscovery normal arm64 Emitting module for XCTestDynamicOverlay (in target 'XCTestDynamicOverlay' from project 'xctest-dynamic-overlay')

SwiftDriver\ Compilation\ Requirements XCTestDynamicOverlay normal arm64 com.apple.xcode.tools.swift.compiler (in target 'XCTestDynamicOverlay' from project 'xctest-dynamic-overlay')
    cd /Users/nicolas/Documents/aplicativos-sites/AgendaHOF-iOS/AgendaHOF.xcodeproj
    builtin-Swift-Compilation-Requirements -- /Applications/Xcode.app/Contents/Developer/Toolchains/XcodeDefault.xctoolchain/usr/bin/swiftc -module-name XCTestDynamicOverlay -Onone -enforce-exclusivity\=checked @/Users/nicolas/Library/Developer/Xcode/DerivedData/AgendaHOF-bvieputxojihcqchgwytombtvhqx/Build/Intermediates.noindex/xctest-dynamic-overlay.build/Debug-iphonesimulator/XCTestDynamicOverlay.build/Objects-normal/arm64/XCTestDynamicOverlay.SwiftFileList -DSWIFT_PACKAGE -DDEBUG -DSWIFT_MODULE_RESOURCE_BUNDLE_UNAVAILABLE -DXcode -plugin-path /Applications/Xcode.app/Contents/Developer/Toolchains/XcodeDefault.xctoolchain/usr/lib/swift/host/plugins/testing -enable-experimental-feature DebugDescriptionMacro -sdk /Applications/Xcode.app/Contents/Developer/Platforms/iPhoneSimulator.platform/Developer/SDKs/iPhoneSimulator26.2.sdk -target arm64-apple-ios13.0-simulator -g -module-cache-path /Users/nicolas/Library/Developer/Xcode/DerivedData/ModuleCache.noindex -Xfrontend -serialize-debugging-options -profile-coverage-mapping -profile-generate -enable-testing -suppress-warnings -index-store-path /Users/nicolas/Library/Developer/Xcode/DerivedData/AgendaHOF-bvieputxojihcqchgwytombtvhqx/Index.noindex/DataStore -Xcc -D_LIBCPP_HARDENING_MODE\=_LIBCPP_HARDENING_MODE_DEBUG -swift-version 6 -I /Users/nicolas/Library/Developer/Xcode/DerivedData/AgendaHOF-bvieputxojihcqchgwytombtvhqx/Build/Products/Debug-iphonesimulator -Isystem /Applications/Xcode.app/Contents/Developer/Platforms/iPhoneSimulator.platform/Developer/usr/lib -F /Users/nicolas/Library/Developer/Xcode/DerivedData/AgendaHOF-bvieputxojihcqchgwytombtvhqx/Build/Products/Debug-iphonesimulator/PackageFrameworks -F /Users/nicolas/Library/Developer/Xcode/DerivedData/AgendaHOF-bvieputxojihcqchgwytombtvhqx/Build/Products/Debug-iphonesimulator/PackageFrameworks -F /Users/nicolas/Library/Developer/Xcode/DerivedData/AgendaHOF-bvieputxojihcqchgwytombtvhqx/Build/Products/Debug-iphonesimulator -F /Applications/Xcode.app/Contents/Developer/Platforms/iPhoneSimulator.platform/Developer/Library/Frameworks -F /Applications/Xcode.app/Contents/Developer/Platforms/iPhoneSimulator.platform/Developer/SDKs/iPhoneSimulator26.2.sdk/Developer/Library/Frameworks -c -j10 -enable-batch-mode -incremental -Xcc -ivfsstatcache -Xcc /Users/nicolas/Library/Developer/Xcode/DerivedData/SDKStatCaches.noindex/iphonesimulator26.2-23C53-7d00a8b37fbd7999ea79df8ebc024bf0.sdkstatcache -output-file-map /Users/nicolas/Library/Developer/Xcode/DerivedData/AgendaHOF-bvieputxojihcqchgwytombtvhqx/Build/Intermediates.noindex/xctest-dynamic-overlay.build/Debug-iphonesimulator/XCTestDynamicOverlay.build/Objects-normal/arm64/XCTestDynamicOverlay-OutputFileMap.json -use-frontend-parseable-output -save-temps -no-color-diagnostics -explicit-module-build -module-cache-path /Users/nicolas/Library/Developer/Xcode/DerivedData/AgendaHOF-bvieputxojihcqchgwytombtvhqx/Build/Intermediates.noindex/SwiftExplicitPrecompiledModules -clang-scanner-module-cache-path /Users/nicolas/Library/Developer/Xcode/DerivedData/ModuleCache.noindex -sdk-module-cache-path /Users/nicolas/Library/Developer/Xcode/DerivedData/ModuleCache.noindex -serialize-diagnostics -emit-dependencies -emit-module -emit-module-path /Users/nicolas/Library/Developer/Xcode/DerivedData/AgendaHOF-bvieputxojihcqchgwytombtvhqx/Build/Intermediates.noindex/xctest-dynamic-overlay.build/Debug-iphonesimulator/XCTestDynamicOverlay.build/Objects-normal/arm64/XCTestDynamicOverlay.swiftmodule -user-module-version 1.8.0 -validate-clang-modules-once -clang-build-session-file /Users/nicolas/Library/Developer/Xcode/DerivedData/ModuleCache.noindex/Session.modulevalidation -package-name xctest_dynamic_overlay -Xcc -I/Users/nicolas/Library/Developer/Xcode/DerivedData/AgendaHOF-bvieputxojihcqchgwytombtvhqx/Build/Intermediates.noindex/xctest-dynamic-overlay.build/Debug-iphonesimulator/XCTestDynamicOverlay.build/swift-overrides.hmap -emit-const-values -Xfrontend -const-gather-protocols-file -Xfrontend /Users/nicolas/Library/Developer/Xcode/DerivedData/AgendaHOF-bvieputxojihcqchgwytombtvhqx/Build/Intermediates.noindex/xctest-dynamic-overlay.build/Debug-iphonesimulator/XCTestDynamicOverlay.build/Objects-normal/arm64/XCTestDynamicOverlay_const_extract_protocols.json -Xcc -I/Users/nicolas/Library/Developer/Xcode/DerivedData/AgendaHOF-bvieputxojihcqchgwytombtvhqx/Build/Products/Debug-iphonesimulator/include -Xcc -I/Users/nicolas/Library/Developer/Xcode/DerivedData/AgendaHOF-bvieputxojihcqchgwytombtvhqx/Build/Intermediates.noindex/xctest-dynamic-overlay.build/Debug-iphonesimulator/XCTestDynamicOverlay.build/DerivedSources-normal/arm64 -Xcc -I/Users/nicolas/Library/Developer/Xcode/DerivedData/AgendaHOF-bvieputxojihcqchgwytombtvhqx/Build/Intermediates.noindex/xctest-dynamic-overlay.build/Debug-iphonesimulator/XCTestDynamicOverlay.build/DerivedSources/arm64 -Xcc -I/Users/nicolas/Library/Developer/Xcode/DerivedData/AgendaHOF-bvieputxojihcqchgwytombtvhqx/Build/Intermediates.noindex/xctest-dynamic-overlay.build/Debug-iphonesimulator/XCTestDynamicOverlay.build/DerivedSources -Xcc -DSWIFT_PACKAGE -Xcc -DDEBUG\=1 -emit-objc-header -emit-objc-header-path /Users/nicolas/Library/Developer/Xcode/DerivedData/AgendaHOF-bvieputxojihcqchgwytombtvhqx/Build/Intermediates.noindex/xctest-dynamic-overlay.build/Debug-iphonesimulator/XCTestDynamicOverlay.build/Objects-normal/arm64/XCTestDynamicOverlay-Swift.h -working-directory /Users/nicolas/Documents/aplicativos-sites/AgendaHOF-iOS/AgendaHOF.xcodeproj -experimental-emit-module-separately -disable-cmo

SwiftDriverJobDiscovery normal arm64 Compiling MediumWidgetView.swift (in target 'AgendaWidgetExtension' from project 'AgendaHOF')

SwiftCompile normal arm64 Compiling\ Timer.swift /Users/nicolas/Library/Developer/Xcode/DerivedData/AgendaHOF-bvieputxojihcqchgwytombtvhqx/SourcePackages/checkouts/swift-clocks/Sources/Clocks/Timer.swift (in target 'Clocks' from project 'swift-clocks')

SwiftCompile normal arm64 /Users/nicolas/Library/Developer/Xcode/DerivedData/AgendaHOF-bvieputxojihcqchgwytombtvhqx/SourcePackages/checkouts/swift-clocks/Sources/Clocks/Timer.swift (in target 'Clocks' from project 'swift-clocks')
    cd /Users/nicolas/Documents/aplicativos-sites/AgendaHOF-iOS/AgendaHOF.xcodeproj
    

SwiftMergeGeneratedHeaders /Users/nicolas/Library/Developer/Xcode/DerivedData/AgendaHOF-bvieputxojihcqchgwytombtvhqx/Build/Intermediates.noindex/GeneratedModuleMaps-iphonesimulator/XCTestDynamicOverlay-Swift.h /Users/nicolas/Library/Developer/Xcode/DerivedData/AgendaHOF-bvieputxojihcqchgwytombtvhqx/Build/Intermediates.noindex/xctest-dynamic-overlay.build/Debug-iphonesimulator/XCTestDynamicOverlay.build/Objects-normal/arm64/XCTestDynamicOverlay-Swift.h (in target 'XCTestDynamicOverlay' from project 'xctest-dynamic-overlay')
    cd /Users/nicolas/Library/Developer/Xcode/DerivedData/AgendaHOF-bvieputxojihcqchgwytombtvhqx/SourcePackages/checkouts/xctest-dynamic-overlay
    builtin-swiftHeaderTool -arch arm64 /Users/nicolas/Library/Developer/Xcode/DerivedData/AgendaHOF-bvieputxojihcqchgwytombtvhqx/Build/Intermediates.noindex/xctest-dynamic-overlay.build/Debug-iphonesimulator/XCTestDynamicOverlay.build/Objects-normal/arm64/XCTestDynamicOverlay-Swift.h -o /Users/nicolas/Library/Developer/Xcode/DerivedData/AgendaHOF-bvieputxojihcqchgwytombtvhqx/Build/Intermediates.noindex/GeneratedModuleMaps-iphonesimulator/XCTestDynamicOverlay-Swift.h

Copy /Users/nicolas/Library/Developer/Xcode/DerivedData/AgendaHOF-bvieputxojihcqchgwytombtvhqx/Build/Products/Debug-iphonesimulator/XCTestDynamicOverlay.swiftmodule/arm64-apple-ios-simulator.swiftmodule /Users/nicolas/Library/Developer/Xcode/DerivedData/AgendaHOF-bvieputxojihcqchgwytombtvhqx/Build/Intermediates.noindex/xctest-dynamic-overlay.build/Debug-iphonesimulator/XCTestDynamicOverlay.build/Objects-normal/arm64/XCTestDynamicOverlay.swiftmodule (in target 'XCTestDynamicOverlay' from project 'xctest-dynamic-overlay')
    cd /Users/nicolas/Library/Developer/Xcode/DerivedData/AgendaHOF-bvieputxojihcqchgwytombtvhqx/SourcePackages/checkouts/xctest-dynamic-overlay
    builtin-copy -exclude .DS_Store -exclude CVS -exclude .svn -exclude .git -exclude .hg -resolve-src-symlinks -rename /Users/nicolas/Library/Developer/Xcode/DerivedData/AgendaHOF-bvieputxojihcqchgwytombtvhqx/Build/Intermediates.noindex/xctest-dynamic-overlay.build/Debug-iphonesimulator/XCTestDynamicOverlay.build/Objects-normal/arm64/XCTestDynamicOverlay.swiftmodule /Users/nicolas/Library/Developer/Xcode/DerivedData/AgendaHOF-bvieputxojihcqchgwytombtvhqx/Build/Products/Debug-iphonesimulator/XCTestDynamicOverlay.swiftmodule/arm64-apple-ios-simulator.swiftmodule

Copy /Users/nicolas/Library/Developer/Xcode/DerivedData/AgendaHOF-bvieputxojihcqchgwytombtvhqx/Build/Products/Debug-iphonesimulator/XCTestDynamicOverlay.swiftmodule/arm64-apple-ios-simulator.swiftdoc /Users/nicolas/Library/Developer/Xcode/DerivedData/AgendaHOF-bvieputxojihcqchgwytombtvhqx/Build/Intermediates.noindex/xctest-dynamic-overlay.build/Debug-iphonesimulator/XCTestDynamicOverlay.build/Objects-normal/arm64/XCTestDynamicOverlay.swiftdoc (in target 'XCTestDynamicOverlay' from project 'xctest-dynamic-overlay')
    cd /Users/nicolas/Library/Developer/Xcode/DerivedData/AgendaHOF-bvieputxojihcqchgwytombtvhqx/SourcePackages/checkouts/xctest-dynamic-overlay
    builtin-copy -exclude .DS_Store -exclude CVS -exclude .svn -exclude .git -exclude .hg -resolve-src-symlinks -rename /Users/nicolas/Library/Developer/Xcode/DerivedData/AgendaHOF-bvieputxojihcqchgwytombtvhqx/Build/Intermediates.noindex/xctest-dynamic-overlay.build/Debug-iphonesimulator/XCTestDynamicOverlay.build/Objects-normal/arm64/XCTestDynamicOverlay.swiftdoc /Users/nicolas/Library/Developer/Xcode/DerivedData/AgendaHOF-bvieputxojihcqchgwytombtvhqx/Build/Products/Debug-iphonesimulator/XCTestDynamicOverlay.swiftmodule/arm64-apple-ios-simulator.swiftdoc

Copy /Users/nicolas/Library/Developer/Xcode/DerivedData/AgendaHOF-bvieputxojihcqchgwytombtvhqx/Build/Products/Debug-iphonesimulator/XCTestDynamicOverlay.swiftmodule/arm64-apple-ios-simulator.abi.json /Users/nicolas/Library/Developer/Xcode/DerivedData/AgendaHOF-bvieputxojihcqchgwytombtvhqx/Build/Intermediates.noindex/xctest-dynamic-overlay.build/Debug-iphonesimulator/XCTestDynamicOverlay.build/Objects-normal/arm64/XCTestDynamicOverlay.abi.json (in target 'XCTestDynamicOverlay' from project 'xctest-dynamic-overlay')
    cd /Users/nicolas/Library/Developer/Xcode/DerivedData/AgendaHOF-bvieputxojihcqchgwytombtvhqx/SourcePackages/checkouts/xctest-dynamic-overlay
    builtin-copy -exclude .DS_Store -exclude CVS -exclude .svn -exclude .git -exclude .hg -resolve-src-symlinks -rename /Users/nicolas/Library/Developer/Xcode/DerivedData/AgendaHOF-bvieputxojihcqchgwytombtvhqx/Build/Intermediates.noindex/xctest-dynamic-overlay.build/Debug-iphonesimulator/XCTestDynamicOverlay.build/Objects-normal/arm64/XCTestDynamicOverlay.abi.json /Users/nicolas/Library/Developer/Xcode/DerivedData/AgendaHOF-bvieputxojihcqchgwytombtvhqx/Build/Products/Debug-iphonesimulator/XCTestDynamicOverlay.swiftmodule/arm64-apple-ios-simulator.abi.json

Copy /Users/nicolas/Library/Developer/Xcode/DerivedData/AgendaHOF-bvieputxojihcqchgwytombtvhqx/Build/Products/Debug-iphonesimulator/XCTestDynamicOverlay.swiftmodule/Project/arm64-apple-ios-simulator.swiftsourceinfo /Users/nicolas/Library/Developer/Xcode/DerivedData/AgendaHOF-bvieputxojihcqchgwytombtvhqx/Build/Intermediates.noindex/xctest-dynamic-overlay.build/Debug-iphonesimulator/XCTestDynamicOverlay.build/Objects-normal/arm64/XCTestDynamicOverlay.swiftsourceinfo (in target 'XCTestDynamicOverlay' from project 'xctest-dynamic-overlay')
    cd /Users/nicolas/Library/Developer/Xcode/DerivedData/AgendaHOF-bvieputxojihcqchgwytombtvhqx/SourcePackages/checkouts/xctest-dynamic-overlay
    builtin-copy -exclude .DS_Store -exclude CVS -exclude .svn -exclude .git -exclude .hg -resolve-src-symlinks -rename /Users/nicolas/Library/Developer/Xcode/DerivedData/AgendaHOF-bvieputxojihcqchgwytombtvhqx/Build/Intermediates.noindex/xctest-dynamic-overlay.build/Debug-iphonesimulator/XCTestDynamicOverlay.build/Objects-normal/arm64/XCTestDynamicOverlay.swiftsourceinfo /Users/nicolas/Library/Developer/Xcode/DerivedData/AgendaHOF-bvieputxojihcqchgwytombtvhqx/Build/Products/Debug-iphonesimulator/XCTestDynamicOverlay.swiftmodule/Project/arm64-apple-ios-simulator.swiftsourceinfo

SwiftCompile normal arm64 Compiling\ UnimplementedClock.swift /Users/nicolas/Library/Developer/Xcode/DerivedData/AgendaHOF-bvieputxojihcqchgwytombtvhqx/SourcePackages/checkouts/swift-clocks/Sources/Clocks/UnimplementedClock.swift (in target 'Clocks' from project 'swift-clocks')

SwiftCompile normal arm64 /Users/nicolas/Library/Developer/Xcode/DerivedData/AgendaHOF-bvieputxojihcqchgwytombtvhqx/SourcePackages/checkouts/swift-clocks/Sources/Clocks/UnimplementedClock.swift (in target 'Clocks' from project 'swift-clocks')
    cd /Users/nicolas/Documents/aplicativos-sites/AgendaHOF-iOS/AgendaHOF.xcodeproj
    

SwiftCompile normal arm64 Compiling\ ImmediateClock.swift /Users/nicolas/Library/Developer/Xcode/DerivedData/AgendaHOF-bvieputxojihcqchgwytombtvhqx/SourcePackages/checkouts/swift-clocks/Sources/Clocks/ImmediateClock.swift (in target 'Clocks' from project 'swift-clocks')

SwiftCompile normal arm64 /Users/nicolas/Library/Developer/Xcode/DerivedData/AgendaHOF-bvieputxojihcqchgwytombtvhqx/SourcePackages/checkouts/swift-clocks/Sources/Clocks/ImmediateClock.swift (in target 'Clocks' from project 'swift-clocks')
    cd /Users/nicolas/Documents/aplicativos-sites/AgendaHOF-iOS/AgendaHOF.xcodeproj
    

SwiftDriverJobDiscovery normal arm64 Compiling SwiftUI.swift (in target 'Clocks' from project 'swift-clocks')

SwiftCompile normal arm64 Compiling\ Lock.swift /Users/nicolas/Library/Developer/Xcode/DerivedData/AgendaHOF-bvieputxojihcqchgwytombtvhqx/SourcePackages/checkouts/swift-clocks/Sources/Clocks/Internal/Lock.swift (in target 'Clocks' from project 'swift-clocks')

SwiftCompile normal arm64 /Users/nicolas/Library/Developer/Xcode/DerivedData/AgendaHOF-bvieputxojihcqchgwytombtvhqx/SourcePackages/checkouts/swift-clocks/Sources/Clocks/Internal/Lock.swift (in target 'Clocks' from project 'swift-clocks')
    cd /Users/nicolas/Documents/aplicativos-sites/AgendaHOF-iOS/AgendaHOF.xcodeproj
    

SwiftDriverJobDiscovery normal arm64 Compiling Timer.swift (in target 'Clocks' from project 'swift-clocks')

SwiftDriverJobDiscovery normal arm64 Compiling LargeWidgetView.swift (in target 'AgendaWidgetExtension' from project 'AgendaHOF')

SwiftDriver\ Compilation AgendaWidgetExtension normal arm64 com.apple.xcode.tools.swift.compiler (in target 'AgendaWidgetExtension' from project 'AgendaHOF')
    cd /Users/nicolas/Documents/aplicativos-sites/AgendaHOF-iOS
    builtin-Swift-Compilation -- /Applications/Xcode.app/Contents/Developer/Toolchains/XcodeDefault.xctoolchain/usr/bin/swiftc -module-name AgendaWidgetExtension -Onone -enforce-exclusivity\=checked @/Users/nicolas/Library/Developer/Xcode/DerivedData/AgendaHOF-bvieputxojihcqchgwytombtvhqx/Build/Intermediates.noindex/AgendaHOF.build/Debug-iphonesimulator/AgendaWidgetExtension.build/Objects-normal/arm64/AgendaWidgetExtension.SwiftFileList -DDEBUG -DDEBUG -enable-bare-slash-regex -enable-experimental-feature DebugDescriptionMacro -sdk /Applications/Xcode.app/Contents/Developer/Platforms/iPhoneSimulator.platform/Developer/SDKs/iPhoneSimulator26.2.sdk -target arm64-apple-ios18.4-simulator -g -module-cache-path /Users/nicolas/Library/Developer/Xcode/DerivedData/ModuleCache.noindex -Xfrontend -serialize-debugging-options -application-extension -profile-coverage-mapping -profile-generate -enable-testing -index-store-path /Users/nicolas/Library/Developer/Xcode/DerivedData/AgendaHOF-bvieputxojihcqchgwytombtvhqx/Index.noindex/DataStore -Xcc -D_LIBCPP_HARDENING_MODE\=_LIBCPP_HARDENING_MODE_DEBUG -swift-version 5 -I /Users/nicolas/Library/Developer/Xcode/DerivedData/AgendaHOF-bvieputxojihcqchgwytombtvhqx/Build/Products/Debug-iphonesimulator -F /Users/nicolas/Library/Developer/Xcode/DerivedData/AgendaHOF-bvieputxojihcqchgwytombtvhqx/Build/Products/Debug-iphonesimulator -emit-localized-strings -emit-localized-strings-path /Users/nicolas/Library/Developer/Xcode/DerivedData/AgendaHOF-bvieputxojihcqchgwytombtvhqx/Build/Intermediates.noindex/AgendaHOF.build/Debug-iphonesimulator/AgendaWidgetExtension.build/Objects-normal/arm64 -c -j10 -enable-batch-mode -incremental -Xcc -ivfsstatcache -Xcc /Users/nicolas/Library/Developer/Xcode/DerivedData/SDKStatCaches.noindex/iphonesimulator26.2-23C53-7d00a8b37fbd7999ea79df8ebc024bf0.sdkstatcache -output-file-map /Users/nicolas/Library/Developer/Xcode/DerivedData/AgendaHOF-bvieputxojihcqchgwytombtvhqx/Build/Intermediates.noindex/AgendaHOF.build/Debug-iphonesimulator/AgendaWidgetExtension.build/Objects-normal/arm64/AgendaWidgetExtension-OutputFileMap.json -use-frontend-parseable-output -save-temps -no-color-diagnostics -explicit-module-build -module-cache-path /Users/nicolas/Library/Developer/Xcode/DerivedData/AgendaHOF-bvieputxojihcqchgwytombtvhqx/Build/Intermediates.noindex/SwiftExplicitPrecompiledModules -clang-scanner-module-cache-path /Users/nicolas/Library/Developer/Xcode/DerivedData/ModuleCache.noindex -sdk-module-cache-path /Users/nicolas/Library/Developer/Xcode/DerivedData/ModuleCache.noindex -serialize-diagnostics -emit-dependencies -emit-module -emit-module-path /Users/nicolas/Library/Developer/Xcode/DerivedData/AgendaHOF-bvieputxojihcqchgwytombtvhqx/Build/Intermediates.noindex/AgendaHOF.build/Debug-iphonesimulator/AgendaWidgetExtension.build/Objects-normal/arm64/AgendaWidgetExtension.swiftmodule -validate-clang-modules-once -clang-build-session-file /Users/nicolas/Library/Developer/Xcode/DerivedData/ModuleCache.noindex/Session.modulevalidation -Xcc -I/Users/nicolas/Library/Developer/Xcode/DerivedData/AgendaHOF-bvieputxojihcqchgwytombtvhqx/Build/Intermediates.noindex/AgendaHOF.build/Debug-iphonesimulator/AgendaWidgetExtension.build/swift-overrides.hmap -emit-const-values -Xfrontend -const-gather-protocols-file -Xfrontend /Users/nicolas/Library/Developer/Xcode/DerivedData/AgendaHOF-bvieputxojihcqchgwytombtvhqx/Build/Intermediates.noindex/AgendaHOF.build/Debug-iphonesimulator/AgendaWidgetExtension.build/Objects-normal/arm64/AgendaWidgetExtension_const_extract_protocols.json -Xcc -iquote -Xcc /Users/nicolas/Library/Developer/Xcode/DerivedData/AgendaHOF-bvieputxojihcqchgwytombtvhqx/Build/Intermediates.noindex/AgendaHOF.build/Debug-iphonesimulator/AgendaWidgetExtension.build/AgendaWidgetExtension-generated-files.hmap -Xcc -I/Users/nicolas/Library/Developer/Xcode/DerivedData/AgendaHOF-bvieputxojihcqchgwytombtvhqx/Build/Intermediates.noindex/AgendaHOF.build/Debug-iphonesimulator/AgendaWidgetExtension.build/AgendaWidgetExtension-own-target-headers.hmap -Xcc -I/Users/nicolas/Library/Developer/Xcode/DerivedData/AgendaHOF-bvieputxojihcqchgwytombtvhqx/Build/Intermediates.noindex/AgendaHOF.build/Debug-iphonesimulator/AgendaWidgetExtension.build/AgendaWidgetExtension-all-non-framework-target-headers.hmap -Xcc -ivfsoverlay -Xcc /Users/nicolas/Library/Developer/Xcode/DerivedData/AgendaHOF-bvieputxojihcqchgwytombtvhqx/Build/Intermediates.noindex/AgendaHOF.build/Debug-iphonesimulator/AgendaHOF-cb7e7301b7fbf424cf8053c1d7d82895-VFS-iphonesimulator/all-product-headers.yaml -Xcc -iquote -Xcc /Users/nicolas/Library/Developer/Xcode/DerivedData/AgendaHOF-bvieputxojihcqchgwytombtvhqx/Build/Intermediates.noindex/AgendaHOF.build/Debug-iphonesimulator/AgendaWidgetExtension.build/AgendaWidgetExtension-project-headers.hmap -Xcc -I/Users/nicolas/Library/Developer/Xcode/DerivedData/AgendaHOF-bvieputxojihcqchgwytombtvhqx/Build/Products/Debug-iphonesimulator/include -Xcc -I/Users/nicolas/Library/Developer/Xcode/DerivedData/AgendaHOF-bvieputxojihcqchgwytombtvhqx/Build/Intermediates.noindex/AgendaHOF.build/Debug-iphonesimulator/AgendaWidgetExtension.build/DerivedSources-normal/arm64 -Xcc -I/Users/nicolas/Library/Developer/Xcode/DerivedData/AgendaHOF-bvieputxojihcqchgwytombtvhqx/Build/Intermediates.noindex/AgendaHOF.build/Debug-iphonesimulator/AgendaWidgetExtension.build/DerivedSources/arm64 -Xcc -I/Users/nicolas/Library/Developer/Xcode/DerivedData/AgendaHOF-bvieputxojihcqchgwytombtvhqx/Build/Intermediates.noindex/AgendaHOF.build/Debug-iphonesimulator/AgendaWidgetExtension.build/DerivedSources -Xcc -DDEBUG\=1 -Xcc -DDEBUG\=1 -emit-objc-header -emit-objc-header-path /Users/nicolas/Library/Developer/Xcode/DerivedData/AgendaHOF-bvieputxojihcqchgwytombtvhqx/Build/Intermediates.noindex/AgendaHOF.build/Debug-iphonesimulator/AgendaWidgetExtension.build/Objects-normal/arm64/AgendaWidgetExtension-Swift.h -working-directory /Users/nicolas/Documents/aplicativos-sites/AgendaHOF-iOS -experimental-emit-module-separately -disable-cmo

SwiftDriverJobDiscovery normal arm64 Compiling AnyClock.swift (in target 'Clocks' from project 'swift-clocks')

Ld /Users/nicolas/Library/Developer/Xcode/DerivedData/AgendaHOF-bvieputxojihcqchgwytombtvhqx/Build/Products/Debug-iphonesimulator/AgendaWidgetExtension.appex/AgendaWidgetExtension.debug.dylib normal (in target 'AgendaWidgetExtension' from project 'AgendaHOF')
    cd /Users/nicolas/Documents/aplicativos-sites/AgendaHOF-iOS
    /Applications/Xcode.app/Contents/Developer/Toolchains/XcodeDefault.xctoolchain/usr/bin/clang -Xlinker -reproducible -target arm64-apple-ios18.4-simulator -dynamiclib -isysroot /Applications/Xcode.app/Contents/Developer/Platforms/iPhoneSimulator.platform/Developer/SDKs/iPhoneSimulator26.2.sdk -O0 -L/Users/nicolas/Library/Developer/Xcode/DerivedData/AgendaHOF-bvieputxojihcqchgwytombtvhqx/Build/Intermediates.noindex/EagerLinkingTBDs/Debug-iphonesimulator -L/Users/nicolas/Library/Developer/Xcode/DerivedData/AgendaHOF-bvieputxojihcqchgwytombtvhqx/Build/Products/Debug-iphonesimulator -F/Users/nicolas/Library/Developer/Xcode/DerivedData/AgendaHOF-bvieputxojihcqchgwytombtvhqx/Build/Intermediates.noindex/EagerLinkingTBDs/Debug-iphonesimulator -F/Users/nicolas/Library/Developer/Xcode/DerivedData/AgendaHOF-bvieputxojihcqchgwytombtvhqx/Build/Products/Debug-iphonesimulator -filelist /Users/nicolas/Library/Developer/Xcode/DerivedData/AgendaHOF-bvieputxojihcqchgwytombtvhqx/Build/Intermediates.noindex/AgendaHOF.build/Debug-iphonesimulator/AgendaWidgetExtension.build/Objects-normal/arm64/AgendaWidgetExtension.LinkFileList -install_name @rpath/AgendaWidgetExtension.debug.dylib -Xlinker -rpath -Xlinker /usr/lib/swift -Xlinker -rpath -Xlinker @executable_path/Frameworks -Xlinker -rpath -Xlinker @executable_path/../../Frameworks -dead_strip -Xlinker -object_path_lto -Xlinker /Users/nicolas/Library/Developer/Xcode/DerivedData/AgendaHOF-bvieputxojihcqchgwytombtvhqx/Build/Intermediates.noindex/AgendaHOF.build/Debug-iphonesimulator/AgendaWidgetExtension.build/Objects-normal/arm64/AgendaWidgetExtension_lto.o -rdynamic -Xlinker -no_deduplicate -Xlinker -objc_abi_version -Xlinker 2 -Xlinker -debug_variant -Xlinker -dependency_info -Xlinker /Users/nicolas/Library/Developer/Xcode/DerivedData/AgendaHOF-bvieputxojihcqchgwytombtvhqx/Build/Intermediates.noindex/AgendaHOF.build/Debug-iphonesimulator/AgendaWidgetExtension.build/Objects-normal/arm64/AgendaWidgetExtension_dependency_info.dat -fapplication-extension -fobjc-link-runtime -fprofile-instr-generate -L/Applications/Xcode.app/Contents/Developer/Toolchains/XcodeDefault.xctoolchain/usr/lib/swift/iphonesimulator -L/usr/lib/swift -Xlinker -add_ast_path -Xlinker /Users/nicolas/Library/Developer/Xcode/DerivedData/AgendaHOF-bvieputxojihcqchgwytombtvhqx/Build/Intermediates.noindex/AgendaHOF.build/Debug-iphonesimulator/AgendaWidgetExtension.build/Objects-normal/arm64/AgendaWidgetExtension.swiftmodule @/Users/nicolas/Library/Developer/Xcode/DerivedData/AgendaHOF-bvieputxojihcqchgwytombtvhqx/Build/Intermediates.noindex/AgendaHOF.build/Debug-iphonesimulator/AgendaWidgetExtension.build/Objects-normal/arm64/AgendaWidgetExtension-linker-args.resp -Xlinker -alias -Xlinker _NSExtensionMain -Xlinker ___debug_main_executable_dylib_entry_point -framework SwiftUI -framework WidgetKit -Xlinker -no_adhoc_codesign -o /Users/nicolas/Library/Developer/Xcode/DerivedData/AgendaHOF-bvieputxojihcqchgwytombtvhqx/Build/Products/Debug-iphonesimulator/AgendaWidgetExtension.appex/AgendaWidgetExtension.debug.dylib

RegisterExecutionPolicyException /Users/nicolas/Library/Developer/Xcode/DerivedData/AgendaHOF-bvieputxojihcqchgwytombtvhqx/Build/Products/Debug-iphonesimulator/IssueReporting.o (in target 'IssueReporting' from project 'xctest-dynamic-overlay')
    cd /Users/nicolas/Library/Developer/Xcode/DerivedData/AgendaHOF-bvieputxojihcqchgwytombtvhqx/SourcePackages/checkouts/xctest-dynamic-overlay
    builtin-RegisterExecutionPolicyException /Users/nicolas/Library/Developer/Xcode/DerivedData/AgendaHOF-bvieputxojihcqchgwytombtvhqx/Build/Products/Debug-iphonesimulator/IssueReporting.o

RegisterExecutionPolicyException /Users/nicolas/Library/Developer/Xcode/DerivedData/AgendaHOF-bvieputxojihcqchgwytombtvhqx/Build/Products/Debug-iphonesimulator/Crypto.o (in target 'Crypto' from project 'swift-crypto')
    cd /Users/nicolas/Library/Developer/Xcode/DerivedData/AgendaHOF-bvieputxojihcqchgwytombtvhqx/SourcePackages/checkouts/swift-crypto
    builtin-RegisterExecutionPolicyException /Users/nicolas/Library/Developer/Xcode/DerivedData/AgendaHOF-bvieputxojihcqchgwytombtvhqx/Build/Products/Debug-iphonesimulator/Crypto.o

SwiftDriverJobDiscovery normal arm64 Compiling _AsyncTimerSequence.swift (in target 'Clocks' from project 'swift-clocks')

SwiftDriverJobDiscovery normal arm64 Emitting module for Clocks (in target 'Clocks' from project 'swift-clocks')

SwiftDriver\ Compilation\ Requirements Clocks normal arm64 com.apple.xcode.tools.swift.compiler (in target 'Clocks' from project 'swift-clocks')
    cd /Users/nicolas/Documents/aplicativos-sites/AgendaHOF-iOS/AgendaHOF.xcodeproj
    builtin-Swift-Compilation-Requirements -- /Applications/Xcode.app/Contents/Developer/Toolchains/XcodeDefault.xctoolchain/usr/bin/swiftc -module-name Clocks -Onone -enforce-exclusivity\=checked @/Users/nicolas/Library/Developer/Xcode/DerivedData/AgendaHOF-bvieputxojihcqchgwytombtvhqx/Build/Intermediates.noindex/swift-clocks.build/Debug-iphonesimulator/Clocks.build/Objects-normal/arm64/Clocks.SwiftFileList -DSWIFT_PACKAGE -DDEBUG -DSWIFT_MODULE_RESOURCE_BUNDLE_UNAVAILABLE -DXcode -plugin-path /Applications/Xcode.app/Contents/Developer/Toolchains/XcodeDefault.xctoolchain/usr/lib/swift/host/plugins/testing -enable-experimental-feature DebugDescriptionMacro -sdk /Applications/Xcode.app/Contents/Developer/Platforms/iPhoneSimulator.platform/Developer/SDKs/iPhoneSimulator26.2.sdk -target arm64-apple-ios13.0-simulator -g -module-cache-path /Users/nicolas/Library/Developer/Xcode/DerivedData/ModuleCache.noindex -Xfrontend -serialize-debugging-options -profile-coverage-mapping -profile-generate -enable-testing -suppress-warnings -index-store-path /Users/nicolas/Library/Developer/Xcode/DerivedData/AgendaHOF-bvieputxojihcqchgwytombtvhqx/Index.noindex/DataStore -Xcc -D_LIBCPP_HARDENING_MODE\=_LIBCPP_HARDENING_MODE_DEBUG -swift-version 6 -I /Users/nicolas/Library/Developer/Xcode/DerivedData/AgendaHOF-bvieputxojihcqchgwytombtvhqx/Build/Products/Debug-iphonesimulator -Isystem /Applications/Xcode.app/Contents/Developer/Platforms/iPhoneSimulator.platform/Developer/usr/lib -F /Users/nicolas/Library/Developer/Xcode/DerivedData/AgendaHOF-bvieputxojihcqchgwytombtvhqx/Build/Products/Debug-iphonesimulator/PackageFrameworks -F /Users/nicolas/Library/Developer/Xcode/DerivedData/AgendaHOF-bvieputxojihcqchgwytombtvhqx/Build/Products/Debug-iphonesimulator/PackageFrameworks -F /Users/nicolas/Library/Developer/Xcode/DerivedData/AgendaHOF-bvieputxojihcqchgwytombtvhqx/Build/Products/Debug-iphonesimulator/PackageFrameworks -F /Users/nicolas/Library/Developer/Xcode/DerivedData/AgendaHOF-bvieputxojihcqchgwytombtvhqx/Build/Products/Debug-iphonesimulator -F /Applications/Xcode.app/Contents/Developer/Platforms/iPhoneSimulator.platform/Developer/Library/Frameworks -F /Applications/Xcode.app/Contents/Developer/Platforms/iPhoneSimulator.platform/Developer/SDKs/iPhoneSimulator26.2.sdk/Developer/Library/Frameworks -c -j10 -enable-batch-mode -incremental -Xcc -ivfsstatcache -Xcc /Users/nicolas/Library/Developer/Xcode/DerivedData/SDKStatCaches.noindex/iphonesimulator26.2-23C53-7d00a8b37fbd7999ea79df8ebc024bf0.sdkstatcache -output-file-map /Users/nicolas/Library/Developer/Xcode/DerivedData/AgendaHOF-bvieputxojihcqchgwytombtvhqx/Build/Intermediates.noindex/swift-clocks.build/Debug-iphonesimulator/Clocks.build/Objects-normal/arm64/Clocks-OutputFileMap.json -use-frontend-parseable-output -save-temps -no-color-diagnostics -explicit-module-build -module-cache-path /Users/nicolas/Library/Developer/Xcode/DerivedData/AgendaHOF-bvieputxojihcqchgwytombtvhqx/Build/Intermediates.noindex/SwiftExplicitPrecompiledModules -clang-scanner-module-cache-path /Users/nicolas/Library/Developer/Xcode/DerivedData/ModuleCache.noindex -sdk-module-cache-path /Users/nicolas/Library/Developer/Xcode/DerivedData/ModuleCache.noindex -serialize-diagnostics -emit-dependencies -emit-module -emit-module-path /Users/nicolas/Library/Developer/Xcode/DerivedData/AgendaHOF-bvieputxojihcqchgwytombtvhqx/Build/Intermediates.noindex/swift-clocks.build/Debug-iphonesimulator/Clocks.build/Objects-normal/arm64/Clocks.swiftmodule -user-module-version 1.0.6 -validate-clang-modules-once -clang-build-session-file /Users/nicolas/Library/Developer/Xcode/DerivedData/ModuleCache.noindex/Session.modulevalidation -package-name swift_clocks -Xcc -I/Users/nicolas/Library/Developer/Xcode/DerivedData/AgendaHOF-bvieputxojihcqchgwytombtvhqx/Build/Intermediates.noindex/swift-clocks.build/Debug-iphonesimulator/Clocks.build/swift-overrides.hmap -emit-const-values -Xfrontend -const-gather-protocols-file -Xfrontend /Users/nicolas/Library/Developer/Xcode/DerivedData/AgendaHOF-bvieputxojihcqchgwytombtvhqx/Build/Intermediates.noindex/swift-clocks.build/Debug-iphonesimulator/Clocks.build/Objects-normal/arm64/Clocks_const_extract_protocols.json -Xcc -I/Users/nicolas/Library/Developer/Xcode/DerivedData/AgendaHOF-bvieputxojihcqchgwytombtvhqx/Build/Products/Debug-iphonesimulator/include -Xcc -I/Users/nicolas/Library/Developer/Xcode/DerivedData/AgendaHOF-bvieputxojihcqchgwytombtvhqx/Build/Intermediates.noindex/swift-clocks.build/Debug-iphonesimulator/Clocks.build/DerivedSources-normal/arm64 -Xcc -I/Users/nicolas/Library/Developer/Xcode/DerivedData/AgendaHOF-bvieputxojihcqchgwytombtvhqx/Build/Intermediates.noindex/swift-clocks.build/Debug-iphonesimulator/Clocks.build/DerivedSources/arm64 -Xcc -I/Users/nicolas/Library/Developer/Xcode/DerivedData/AgendaHOF-bvieputxojihcqchgwytombtvhqx/Build/Intermediates.noindex/swift-clocks.build/Debug-iphonesimulator/Clocks.build/DerivedSources -Xcc -DSWIFT_PACKAGE -Xcc -DDEBUG\=1 -emit-objc-header -emit-objc-header-path /Users/nicolas/Library/Developer/Xcode/DerivedData/AgendaHOF-bvieputxojihcqchgwytombtvhqx/Build/Intermediates.noindex/swift-clocks.build/Debug-iphonesimulator/Clocks.build/Objects-normal/arm64/Clocks-Swift.h -working-directory /Users/nicolas/Documents/aplicativos-sites/AgendaHOF-iOS/AgendaHOF.xcodeproj -experimental-emit-module-separately -disable-cmo

SwiftMergeGeneratedHeaders /Users/nicolas/Library/Developer/Xcode/DerivedData/AgendaHOF-bvieputxojihcqchgwytombtvhqx/Build/Intermediates.noindex/GeneratedModuleMaps-iphonesimulator/Clocks-Swift.h /Users/nicolas/Library/Developer/Xcode/DerivedData/AgendaHOF-bvieputxojihcqchgwytombtvhqx/Build/Intermediates.noindex/swift-clocks.build/Debug-iphonesimulator/Clocks.build/Objects-normal/arm64/Clocks-Swift.h (in target 'Clocks' from project 'swift-clocks')
    cd /Users/nicolas/Library/Developer/Xcode/DerivedData/AgendaHOF-bvieputxojihcqchgwytombtvhqx/SourcePackages/checkouts/swift-clocks
    builtin-swiftHeaderTool -arch arm64 /Users/nicolas/Library/Developer/Xcode/DerivedData/AgendaHOF-bvieputxojihcqchgwytombtvhqx/Build/Intermediates.noindex/swift-clocks.build/Debug-iphonesimulator/Clocks.build/Objects-normal/arm64/Clocks-Swift.h -o /Users/nicolas/Library/Developer/Xcode/DerivedData/AgendaHOF-bvieputxojihcqchgwytombtvhqx/Build/Intermediates.noindex/GeneratedModuleMaps-iphonesimulator/Clocks-Swift.h

Copy /Users/nicolas/Library/Developer/Xcode/DerivedData/AgendaHOF-bvieputxojihcqchgwytombtvhqx/Build/Products/Debug-iphonesimulator/Clocks.swiftmodule/arm64-apple-ios-simulator.swiftmodule /Users/nicolas/Library/Developer/Xcode/DerivedData/AgendaHOF-bvieputxojihcqchgwytombtvhqx/Build/Intermediates.noindex/swift-clocks.build/Debug-iphonesimulator/Clocks.build/Objects-normal/arm64/Clocks.swiftmodule (in target 'Clocks' from project 'swift-clocks')
    cd /Users/nicolas/Library/Developer/Xcode/DerivedData/AgendaHOF-bvieputxojihcqchgwytombtvhqx/SourcePackages/checkouts/swift-clocks
    builtin-copy -exclude .DS_Store -exclude CVS -exclude .svn -exclude .git -exclude .hg -resolve-src-symlinks -rename /Users/nicolas/Library/Developer/Xcode/DerivedData/AgendaHOF-bvieputxojihcqchgwytombtvhqx/Build/Intermediates.noindex/swift-clocks.build/Debug-iphonesimulator/Clocks.build/Objects-normal/arm64/Clocks.swiftmodule /Users/nicolas/Library/Developer/Xcode/DerivedData/AgendaHOF-bvieputxojihcqchgwytombtvhqx/Build/Products/Debug-iphonesimulator/Clocks.swiftmodule/arm64-apple-ios-simulator.swiftmodule

Copy /Users/nicolas/Library/Developer/Xcode/DerivedData/AgendaHOF-bvieputxojihcqchgwytombtvhqx/Build/Products/Debug-iphonesimulator/Clocks.swiftmodule/arm64-apple-ios-simulator.abi.json /Users/nicolas/Library/Developer/Xcode/DerivedData/AgendaHOF-bvieputxojihcqchgwytombtvhqx/Build/Intermediates.noindex/swift-clocks.build/Debug-iphonesimulator/Clocks.build/Objects-normal/arm64/Clocks.abi.json (in target 'Clocks' from project 'swift-clocks')
    cd /Users/nicolas/Library/Developer/Xcode/DerivedData/AgendaHOF-bvieputxojihcqchgwytombtvhqx/SourcePackages/checkouts/swift-clocks
    builtin-copy -exclude .DS_Store -exclude CVS -exclude .svn -exclude .git -exclude .hg -resolve-src-symlinks -rename /Users/nicolas/Library/Developer/Xcode/DerivedData/AgendaHOF-bvieputxojihcqchgwytombtvhqx/Build/Intermediates.noindex/swift-clocks.build/Debug-iphonesimulator/Clocks.build/Objects-normal/arm64/Clocks.abi.json /Users/nicolas/Library/Developer/Xcode/DerivedData/AgendaHOF-bvieputxojihcqchgwytombtvhqx/Build/Products/Debug-iphonesimulator/Clocks.swiftmodule/arm64-apple-ios-simulator.abi.json

Copy /Users/nicolas/Library/Developer/Xcode/DerivedData/AgendaHOF-bvieputxojihcqchgwytombtvhqx/Build/Products/Debug-iphonesimulator/Clocks.swiftmodule/arm64-apple-ios-simulator.swiftdoc /Users/nicolas/Library/Developer/Xcode/DerivedData/AgendaHOF-bvieputxojihcqchgwytombtvhqx/Build/Intermediates.noindex/swift-clocks.build/Debug-iphonesimulator/Clocks.build/Objects-normal/arm64/Clocks.swiftdoc (in target 'Clocks' from project 'swift-clocks')
    cd /Users/nicolas/Library/Developer/Xcode/DerivedData/AgendaHOF-bvieputxojihcqchgwytombtvhqx/SourcePackages/checkouts/swift-clocks
    builtin-copy -exclude .DS_Store -exclude CVS -exclude .svn -exclude .git -exclude .hg -resolve-src-symlinks -rename /Users/nicolas/Library/Developer/Xcode/DerivedData/AgendaHOF-bvieputxojihcqchgwytombtvhqx/Build/Intermediates.noindex/swift-clocks.build/Debug-iphonesimulator/Clocks.build/Objects-normal/arm64/Clocks.swiftdoc /Users/nicolas/Library/Developer/Xcode/DerivedData/AgendaHOF-bvieputxojihcqchgwytombtvhqx/Build/Products/Debug-iphonesimulator/Clocks.swiftmodule/arm64-apple-ios-simulator.swiftdoc

Copy /Users/nicolas/Library/Developer/Xcode/DerivedData/AgendaHOF-bvieputxojihcqchgwytombtvhqx/Build/Products/Debug-iphonesimulator/Clocks.swiftmodule/Project/arm64-apple-ios-simulator.swiftsourceinfo /Users/nicolas/Library/Developer/Xcode/DerivedData/AgendaHOF-bvieputxojihcqchgwytombtvhqx/Build/Intermediates.noindex/swift-clocks.build/Debug-iphonesimulator/Clocks.build/Objects-normal/arm64/Clocks.swiftsourceinfo (in target 'Clocks' from project 'swift-clocks')
    cd /Users/nicolas/Library/Developer/Xcode/DerivedData/AgendaHOF-bvieputxojihcqchgwytombtvhqx/SourcePackages/checkouts/swift-clocks
    builtin-copy -exclude .DS_Store -exclude CVS -exclude .svn -exclude .git -exclude .hg -resolve-src-symlinks -rename /Users/nicolas/Library/Developer/Xcode/DerivedData/AgendaHOF-bvieputxojihcqchgwytombtvhqx/Build/Intermediates.noindex/swift-clocks.build/Debug-iphonesimulator/Clocks.build/Objects-normal/arm64/Clocks.swiftsourceinfo /Users/nicolas/Library/Developer/Xcode/DerivedData/AgendaHOF-bvieputxojihcqchgwytombtvhqx/Build/Products/Debug-iphonesimulator/Clocks.swiftmodule/Project/arm64-apple-ios-simulator.swiftsourceinfo

SwiftDriver Helpers normal arm64 com.apple.xcode.tools.swift.compiler (in target 'Helpers' from project 'Supabase')
    cd /Users/nicolas/Documents/aplicativos-sites/AgendaHOF-iOS/AgendaHOF.xcodeproj
    builtin-SwiftDriver -- /Applications/Xcode.app/Contents/Developer/Toolchains/XcodeDefault.xctoolchain/usr/bin/swiftc -module-name Helpers -Onone -enforce-exclusivity\=checked @/Users/nicolas/Library/Developer/Xcode/DerivedData/AgendaHOF-bvieputxojihcqchgwytombtvhqx/Build/Intermediates.noindex/Supabase.build/Debug-iphonesimulator/Helpers.build/Objects-normal/arm64/Helpers.SwiftFileList -DSWIFT_PACKAGE -DDEBUG -DSWIFT_MODULE_RESOURCE_BUNDLE_UNAVAILABLE -DXcode -enable-upcoming-feature ExistentialAny -enable-experimental-feature StrictConcurrency -plugin-path /Applications/Xcode.app/Contents/Developer/Toolchains/XcodeDefault.xctoolchain/usr/lib/swift/host/plugins/testing -enable-experimental-feature DebugDescriptionMacro -sdk /Applications/Xcode.app/Contents/Developer/Platforms/iPhoneSimulator.platform/Developer/SDKs/iPhoneSimulator26.2.sdk -target arm64-apple-ios13.0-simulator -g -module-cache-path /Users/nicolas/Library/Developer/Xcode/DerivedData/ModuleCache.noindex -Xfrontend -serialize-debugging-options -profile-coverage-mapping -profile-generate -enable-testing -suppress-warnings -index-store-path /Users/nicolas/Library/Developer/Xcode/DerivedData/AgendaHOF-bvieputxojihcqchgwytombtvhqx/Index.noindex/DataStore -Xcc -D_LIBCPP_HARDENING_MODE\=_LIBCPP_HARDENING_MODE_DEBUG -swift-version 5 -I /Users/nicolas/Library/Developer/Xcode/DerivedData/AgendaHOF-bvieputxojihcqchgwytombtvhqx/Build/Products/Debug-iphonesimulator -Isystem /Applications/Xcode.app/Contents/Developer/Platforms/iPhoneSimulator.platform/Developer/usr/lib -F /Users/nicolas/Library/Developer/Xcode/DerivedData/AgendaHOF-bvieputxojihcqchgwytombtvhqx/Build/Products/Debug-iphonesimulator/PackageFrameworks -F /Users/nicolas/Library/Developer/Xcode/DerivedData/AgendaHOF-bvieputxojihcqchgwytombtvhqx/Build/Products/Debug-iphonesimulator/PackageFrameworks -F /Users/nicolas/Library/Developer/Xcode/DerivedData/AgendaHOF-bvieputxojihcqchgwytombtvhqx/Build/Products/Debug-iphonesimulator/PackageFrameworks -F /Users/nicolas/Library/Developer/Xcode/DerivedData/AgendaHOF-bvieputxojihcqchgwytombtvhqx/Build/Products/Debug-iphonesimulator/PackageFrameworks -F /Users/nicolas/Library/Developer/Xcode/DerivedData/AgendaHOF-bvieputxojihcqchgwytombtvhqx/Build/Products/Debug-iphonesimulator/PackageFrameworks -F /Users/nicolas/Library/Developer/Xcode/DerivedData/AgendaHOF-bvieputxojihcqchgwytombtvhqx/Build/Products/Debug-iphonesimulator/PackageFrameworks -F /Users/nicolas/Library/Developer/Xcode/DerivedData/AgendaHOF-bvieputxojihcqchgwytombtvhqx/Build/Products/Debug-iphonesimulator -F /Applications/Xcode.app/Contents/Developer/Platforms/iPhoneSimulator.platform/Developer/Library/Frameworks -F /Applications/Xcode.app/Contents/Developer/Platforms/iPhoneSimulator.platform/Developer/SDKs/iPhoneSimulator26.2.sdk/Developer/Library/Frameworks -c -j10 -enable-batch-mode -incremental -Xcc -ivfsstatcache -Xcc /Users/nicolas/Library/Developer/Xcode/DerivedData/SDKStatCaches.noindex/iphonesimulator26.2-23C53-7d00a8b37fbd7999ea79df8ebc024bf0.sdkstatcache -output-file-map /Users/nicolas/Library/Developer/Xcode/DerivedData/AgendaHOF-bvieputxojihcqchgwytombtvhqx/Build/Intermediates.noindex/Supabase.build/Debug-iphonesimulator/Helpers.build/Objects-normal/arm64/Helpers-OutputFileMap.json -use-frontend-parseable-output -save-temps -no-color-diagnostics -explicit-module-build -module-cache-path /Users/nicolas/Library/Developer/Xcode/DerivedData/AgendaHOF-bvieputxojihcqchgwytombtvhqx/Build/Intermediates.noindex/SwiftExplicitPrecompiledModules -clang-scanner-module-cache-path /Users/nicolas/Library/Developer/Xcode/DerivedData/ModuleCache.noindex -sdk-module-cache-path /Users/nicolas/Library/Developer/Xcode/DerivedData/ModuleCache.noindex -serialize-diagnostics -emit-dependencies -emit-module -emit-module-path /Users/nicolas/Library/Developer/Xcode/DerivedData/AgendaHOF-bvieputxojihcqchgwytombtvhqx/Build/Intermediates.noindex/Supabase.build/Debug-iphonesimulator/Helpers.build/Objects-normal/arm64/Helpers.swiftmodule -validate-clang-modules-once -clang-build-session-file /Users/nicolas/Library/Developer/Xcode/DerivedData/ModuleCache.noindex/Session.modulevalidation -package-name supabase_swift -Xcc -I/Users/nicolas/Library/Developer/Xcode/DerivedData/AgendaHOF-bvieputxojihcqchgwytombtvhqx/Build/Intermediates.noindex/Supabase.build/Debug-iphonesimulator/Helpers.build/swift-overrides.hmap -emit-const-values -Xfrontend -const-gather-protocols-file -Xfrontend /Users/nicolas/Library/Developer/Xcode/DerivedData/AgendaHOF-bvieputxojihcqchgwytombtvhqx/Build/Intermediates.noindex/Supabase.build/Debug-iphonesimulator/Helpers.build/Objects-normal/arm64/Helpers_const_extract_protocols.json -Xcc -I/Users/nicolas/Library/Developer/Xcode/DerivedData/AgendaHOF-bvieputxojihcqchgwytombtvhqx/Build/Products/Debug-iphonesimulator/include -Xcc -I/Users/nicolas/Library/Developer/Xcode/DerivedData/AgendaHOF-bvieputxojihcqchgwytombtvhqx/Build/Intermediates.noindex/Supabase.build/Debug-iphonesimulator/Helpers.build/DerivedSources-normal/arm64 -Xcc -I/Users/nicolas/Library/Developer/Xcode/DerivedData/AgendaHOF-bvieputxojihcqchgwytombtvhqx/Build/Intermediates.noindex/Supabase.build/Debug-iphonesimulator/Helpers.build/DerivedSources/arm64 -Xcc -I/Users/nicolas/Library/Developer/Xcode/DerivedData/AgendaHOF-bvieputxojihcqchgwytombtvhqx/Build/Intermediates.noindex/Supabase.build/Debug-iphonesimulator/Helpers.build/DerivedSources -Xcc -DSWIFT_PACKAGE -Xcc -DDEBUG\=1 -emit-objc-header -emit-objc-header-path /Users/nicolas/Library/Developer/Xcode/DerivedData/AgendaHOF-bvieputxojihcqchgwytombtvhqx/Build/Intermediates.noindex/Supabase.build/Debug-iphonesimulator/Helpers.build/Objects-normal/arm64/Helpers-Swift.h -working-directory /Users/nicolas/Documents/aplicativos-sites/AgendaHOF-iOS/AgendaHOF.xcodeproj -experimental-emit-module-separately -disable-cmo

SwiftDriverJobDiscovery normal arm64 Compiling Lock.swift (in target 'Clocks' from project 'swift-clocks')

SwiftDriverJobDiscovery normal arm64 Compiling ImmediateClock.swift (in target 'Clocks' from project 'swift-clocks')

SwiftDriverJobDiscovery normal arm64 Compiling UnimplementedClock.swift (in target 'Clocks' from project 'swift-clocks')

SwiftDriverJobDiscovery normal arm64 Compiling Deprecations.swift (in target 'XCTestDynamicOverlay' from project 'xctest-dynamic-overlay')

SwiftDriver\ Compilation XCTestDynamicOverlay normal arm64 com.apple.xcode.tools.swift.compiler (in target 'XCTestDynamicOverlay' from project 'xctest-dynamic-overlay')
    cd /Users/nicolas/Documents/aplicativos-sites/AgendaHOF-iOS/AgendaHOF.xcodeproj
    builtin-Swift-Compilation -- /Applications/Xcode.app/Contents/Developer/Toolchains/XcodeDefault.xctoolchain/usr/bin/swiftc -module-name XCTestDynamicOverlay -Onone -enforce-exclusivity\=checked @/Users/nicolas/Library/Developer/Xcode/DerivedData/AgendaHOF-bvieputxojihcqchgwytombtvhqx/Build/Intermediates.noindex/xctest-dynamic-overlay.build/Debug-iphonesimulator/XCTestDynamicOverlay.build/Objects-normal/arm64/XCTestDynamicOverlay.SwiftFileList -DSWIFT_PACKAGE -DDEBUG -DSWIFT_MODULE_RESOURCE_BUNDLE_UNAVAILABLE -DXcode -plugin-path /Applications/Xcode.app/Contents/Developer/Toolchains/XcodeDefault.xctoolchain/usr/lib/swift/host/plugins/testing -enable-experimental-feature DebugDescriptionMacro -sdk /Applications/Xcode.app/Contents/Developer/Platforms/iPhoneSimulator.platform/Developer/SDKs/iPhoneSimulator26.2.sdk -target arm64-apple-ios13.0-simulator -g -module-cache-path /Users/nicolas/Library/Developer/Xcode/DerivedData/ModuleCache.noindex -Xfrontend -serialize-debugging-options -profile-coverage-mapping -profile-generate -enable-testing -suppress-warnings -index-store-path /Users/nicolas/Library/Developer/Xcode/DerivedData/AgendaHOF-bvieputxojihcqchgwytombtvhqx/Index.noindex/DataStore -Xcc -D_LIBCPP_HARDENING_MODE\=_LIBCPP_HARDENING_MODE_DEBUG -swift-version 6 -I /Users/nicolas/Library/Developer/Xcode/DerivedData/AgendaHOF-bvieputxojihcqchgwytombtvhqx/Build/Products/Debug-iphonesimulator -Isystem /Applications/Xcode.app/Contents/Developer/Platforms/iPhoneSimulator.platform/Developer/usr/lib -F /Users/nicolas/Library/Developer/Xcode/DerivedData/AgendaHOF-bvieputxojihcqchgwytombtvhqx/Build/Products/Debug-iphonesimulator/PackageFrameworks -F /Users/nicolas/Library/Developer/Xcode/DerivedData/AgendaHOF-bvieputxojihcqchgwytombtvhqx/Build/Products/Debug-iphonesimulator/PackageFrameworks -F /Users/nicolas/Library/Developer/Xcode/DerivedData/AgendaHOF-bvieputxojihcqchgwytombtvhqx/Build/Products/Debug-iphonesimulator -F /Applications/Xcode.app/Contents/Developer/Platforms/iPhoneSimulator.platform/Developer/Library/Frameworks -F /Applications/Xcode.app/Contents/Developer/Platforms/iPhoneSimulator.platform/Developer/SDKs/iPhoneSimulator26.2.sdk/Developer/Library/Frameworks -c -j10 -enable-batch-mode -incremental -Xcc -ivfsstatcache -Xcc /Users/nicolas/Library/Developer/Xcode/DerivedData/SDKStatCaches.noindex/iphonesimulator26.2-23C53-7d00a8b37fbd7999ea79df8ebc024bf0.sdkstatcache -output-file-map /Users/nicolas/Library/Developer/Xcode/DerivedData/AgendaHOF-bvieputxojihcqchgwytombtvhqx/Build/Intermediates.noindex/xctest-dynamic-overlay.build/Debug-iphonesimulator/XCTestDynamicOverlay.build/Objects-normal/arm64/XCTestDynamicOverlay-OutputFileMap.json -use-frontend-parseable-output -save-temps -no-color-diagnostics -explicit-module-build -module-cache-path /Users/nicolas/Library/Developer/Xcode/DerivedData/AgendaHOF-bvieputxojihcqchgwytombtvhqx/Build/Intermediates.noindex/SwiftExplicitPrecompiledModules -clang-scanner-module-cache-path /Users/nicolas/Library/Developer/Xcode/DerivedData/ModuleCache.noindex -sdk-module-cache-path /Users/nicolas/Library/Developer/Xcode/DerivedData/ModuleCache.noindex -serialize-diagnostics -emit-dependencies -emit-module -emit-module-path /Users/nicolas/Library/Developer/Xcode/DerivedData/AgendaHOF-bvieputxojihcqchgwytombtvhqx/Build/Intermediates.noindex/xctest-dynamic-overlay.build/Debug-iphonesimulator/XCTestDynamicOverlay.build/Objects-normal/arm64/XCTestDynamicOverlay.swiftmodule -user-module-version 1.8.0 -validate-clang-modules-once -clang-build-session-file /Users/nicolas/Library/Developer/Xcode/DerivedData/ModuleCache.noindex/Session.modulevalidation -package-name xctest_dynamic_overlay -Xcc -I/Users/nicolas/Library/Developer/Xcode/DerivedData/AgendaHOF-bvieputxojihcqchgwytombtvhqx/Build/Intermediates.noindex/xctest-dynamic-overlay.build/Debug-iphonesimulator/XCTestDynamicOverlay.build/swift-overrides.hmap -emit-const-values -Xfrontend -const-gather-protocols-file -Xfrontend /Users/nicolas/Library/Developer/Xcode/DerivedData/AgendaHOF-bvieputxojihcqchgwytombtvhqx/Build/Intermediates.noindex/xctest-dynamic-overlay.build/Debug-iphonesimulator/XCTestDynamicOverlay.build/Objects-normal/arm64/XCTestDynamicOverlay_const_extract_protocols.json -Xcc -I/Users/nicolas/Library/Developer/Xcode/DerivedData/AgendaHOF-bvieputxojihcqchgwytombtvhqx/Build/Products/Debug-iphonesimulator/include -Xcc -I/Users/nicolas/Library/Developer/Xcode/DerivedData/AgendaHOF-bvieputxojihcqchgwytombtvhqx/Build/Intermediates.noindex/xctest-dynamic-overlay.build/Debug-iphonesimulator/XCTestDynamicOverlay.build/DerivedSources-normal/arm64 -Xcc -I/Users/nicolas/Library/Developer/Xcode/DerivedData/AgendaHOF-bvieputxojihcqchgwytombtvhqx/Build/Intermediates.noindex/xctest-dynamic-overlay.build/Debug-iphonesimulator/XCTestDynamicOverlay.build/DerivedSources/arm64 -Xcc -I/Users/nicolas/Library/Developer/Xcode/DerivedData/AgendaHOF-bvieputxojihcqchgwytombtvhqx/Build/Intermediates.noindex/xctest-dynamic-overlay.build/Debug-iphonesimulator/XCTestDynamicOverlay.build/DerivedSources -Xcc -DSWIFT_PACKAGE -Xcc -DDEBUG\=1 -emit-objc-header -emit-objc-header-path /Users/nicolas/Library/Developer/Xcode/DerivedData/AgendaHOF-bvieputxojihcqchgwytombtvhqx/Build/Intermediates.noindex/xctest-dynamic-overlay.build/Debug-iphonesimulator/XCTestDynamicOverlay.build/Objects-normal/arm64/XCTestDynamicOverlay-Swift.h -working-directory /Users/nicolas/Documents/aplicativos-sites/AgendaHOF-iOS/AgendaHOF.xcodeproj -experimental-emit-module-separately -disable-cmo

Ld /Users/nicolas/Library/Developer/Xcode/DerivedData/AgendaHOF-bvieputxojihcqchgwytombtvhqx/Build/Products/Debug-iphonesimulator/XCTestDynamicOverlay.o normal (in target 'XCTestDynamicOverlay' from project 'xctest-dynamic-overlay')
    cd /Users/nicolas/Library/Developer/Xcode/DerivedData/AgendaHOF-bvieputxojihcqchgwytombtvhqx/SourcePackages/checkouts/xctest-dynamic-overlay
    /Applications/Xcode.app/Contents/Developer/Toolchains/XcodeDefault.xctoolchain/usr/bin/clang -Xlinker -reproducible -target arm64-apple-ios13.0-simulator -r -isysroot /Applications/Xcode.app/Contents/Developer/Platforms/iPhoneSimulator.platform/Developer/SDKs/iPhoneSimulator26.2.sdk -O0 -w -L/Users/nicolas/Library/Developer/Xcode/DerivedData/AgendaHOF-bvieputxojihcqchgwytombtvhqx/Build/Intermediates.noindex/EagerLinkingTBDs/Debug-iphonesimulator -L/Users/nicolas/Library/Developer/Xcode/DerivedData/AgendaHOF-bvieputxojihcqchgwytombtvhqx/Build/Products/Debug-iphonesimulator -L/Applications/Xcode.app/Contents/Developer/Platforms/iPhoneSimulator.platform/Developer/usr/lib -F/Users/nicolas/Library/Developer/Xcode/DerivedData/AgendaHOF-bvieputxojihcqchgwytombtvhqx/Build/Intermediates.noindex/EagerLinkingTBDs/Debug-iphonesimulator -F/Users/nicolas/Library/Developer/Xcode/DerivedData/AgendaHOF-bvieputxojihcqchgwytombtvhqx/Build/Products/Debug-iphonesimulator/PackageFrameworks -F/Users/nicolas/Library/Developer/Xcode/DerivedData/AgendaHOF-bvieputxojihcqchgwytombtvhqx/Build/Products/Debug-iphonesimulator/PackageFrameworks -F/Users/nicolas/Library/Developer/Xcode/DerivedData/AgendaHOF-bvieputxojihcqchgwytombtvhqx/Build/Products/Debug-iphonesimulator -iframework /Applications/Xcode.app/Contents/Developer/Platforms/iPhoneSimulator.platform/Developer/Library/Frameworks -iframework /Applications/Xcode.app/Contents/Developer/Platforms/iPhoneSimulator.platform/Developer/SDKs/iPhoneSimulator26.2.sdk/Developer/Library/Frameworks -filelist /Users/nicolas/Library/Developer/Xcode/DerivedData/AgendaHOF-bvieputxojihcqchgwytombtvhqx/Build/Intermediates.noindex/xctest-dynamic-overlay.build/Debug-iphonesimulator/XCTestDynamicOverlay.build/Objects-normal/arm64/XCTestDynamicOverlay.LinkFileList -nostdlib -Xlinker -object_path_lto -Xlinker /Users/nicolas/Library/Developer/Xcode/DerivedData/AgendaHOF-bvieputxojihcqchgwytombtvhqx/Build/Intermediates.noindex/xctest-dynamic-overlay.build/Debug-iphonesimulator/XCTestDynamicOverlay.build/Objects-normal/arm64/XCTestDynamicOverlay_lto.o -rdynamic -Xlinker -no_deduplicate -Xlinker -objc_abi_version -Xlinker 2 -Xlinker -debug_variant -Xlinker -dependency_info -Xlinker /Users/nicolas/Library/Developer/Xcode/DerivedData/AgendaHOF-bvieputxojihcqchgwytombtvhqx/Build/Intermediates.noindex/xctest-dynamic-overlay.build/Debug-iphonesimulator/XCTestDynamicOverlay.build/Objects-normal/arm64/XCTestDynamicOverlay_dependency_info.dat -fobjc-link-runtime -L/Applications/Xcode.app/Contents/Developer/Toolchains/XcodeDefault.xctoolchain/usr/lib/swift/iphonesimulator -L/usr/lib/swift -Xlinker -add_ast_path -Xlinker /Users/nicolas/Library/Developer/Xcode/DerivedData/AgendaHOF-bvieputxojihcqchgwytombtvhqx/Build/Intermediates.noindex/xctest-dynamic-overlay.build/Debug-iphonesimulator/XCTestDynamicOverlay.build/Objects-normal/arm64/XCTestDynamicOverlay.swiftmodule @/Users/nicolas/Library/Developer/Xcode/DerivedData/AgendaHOF-bvieputxojihcqchgwytombtvhqx/Build/Intermediates.noindex/xctest-dynamic-overlay.build/Debug-iphonesimulator/XCTestDynamicOverlay.build/Objects-normal/arm64/XCTestDynamicOverlay-linker-args.resp -o /Users/nicolas/Library/Developer/Xcode/DerivedData/AgendaHOF-bvieputxojihcqchgwytombtvhqx/Build/Products/Debug-iphonesimulator/XCTestDynamicOverlay.o

SwiftDriverJobDiscovery normal arm64 Compiling TestClock.swift (in target 'Clocks' from project 'swift-clocks')

SwiftDriver\ Compilation Clocks normal arm64 com.apple.xcode.tools.swift.compiler (in target 'Clocks' from project 'swift-clocks')
    cd /Users/nicolas/Documents/aplicativos-sites/AgendaHOF-iOS/AgendaHOF.xcodeproj
    builtin-Swift-Compilation -- /Applications/Xcode.app/Contents/Developer/Toolchains/XcodeDefault.xctoolchain/usr/bin/swiftc -module-name Clocks -Onone -enforce-exclusivity\=checked @/Users/nicolas/Library/Developer/Xcode/DerivedData/AgendaHOF-bvieputxojihcqchgwytombtvhqx/Build/Intermediates.noindex/swift-clocks.build/Debug-iphonesimulator/Clocks.build/Objects-normal/arm64/Clocks.SwiftFileList -DSWIFT_PACKAGE -DDEBUG -DSWIFT_MODULE_RESOURCE_BUNDLE_UNAVAILABLE -DXcode -plugin-path /Applications/Xcode.app/Contents/Developer/Toolchains/XcodeDefault.xctoolchain/usr/lib/swift/host/plugins/testing -enable-experimental-feature DebugDescriptionMacro -sdk /Applications/Xcode.app/Contents/Developer/Platforms/iPhoneSimulator.platform/Developer/SDKs/iPhoneSimulator26.2.sdk -target arm64-apple-ios13.0-simulator -g -module-cache-path /Users/nicolas/Library/Developer/Xcode/DerivedData/ModuleCache.noindex -Xfrontend -serialize-debugging-options -profile-coverage-mapping -profile-generate -enable-testing -suppress-warnings -index-store-path /Users/nicolas/Library/Developer/Xcode/DerivedData/AgendaHOF-bvieputxojihcqchgwytombtvhqx/Index.noindex/DataStore -Xcc -D_LIBCPP_HARDENING_MODE\=_LIBCPP_HARDENING_MODE_DEBUG -swift-version 6 -I /Users/nicolas/Library/Developer/Xcode/DerivedData/AgendaHOF-bvieputxojihcqchgwytombtvhqx/Build/Products/Debug-iphonesimulator -Isystem /Applications/Xcode.app/Contents/Developer/Platforms/iPhoneSimulator.platform/Developer/usr/lib -F /Users/nicolas/Library/Developer/Xcode/DerivedData/AgendaHOF-bvieputxojihcqchgwytombtvhqx/Build/Products/Debug-iphonesimulator/PackageFrameworks -F /Users/nicolas/Library/Developer/Xcode/DerivedData/AgendaHOF-bvieputxojihcqchgwytombtvhqx/Build/Products/Debug-iphonesimulator/PackageFrameworks -F /Users/nicolas/Library/Developer/Xcode/DerivedData/AgendaHOF-bvieputxojihcqchgwytombtvhqx/Build/Products/Debug-iphonesimulator/PackageFrameworks -F /Users/nicolas/Library/Developer/Xcode/DerivedData/AgendaHOF-bvieputxojihcqchgwytombtvhqx/Build/Products/Debug-iphonesimulator -F /Applications/Xcode.app/Contents/Developer/Platforms/iPhoneSimulator.platform/Developer/Library/Frameworks -F /Applications/Xcode.app/Contents/Developer/Platforms/iPhoneSimulator.platform/Developer/SDKs/iPhoneSimulator26.2.sdk/Developer/Library/Frameworks -c -j10 -enable-batch-mode -incremental -Xcc -ivfsstatcache -Xcc /Users/nicolas/Library/Developer/Xcode/DerivedData/SDKStatCaches.noindex/iphonesimulator26.2-23C53-7d00a8b37fbd7999ea79df8ebc024bf0.sdkstatcache -output-file-map /Users/nicolas/Library/Developer/Xcode/DerivedData/AgendaHOF-bvieputxojihcqchgwytombtvhqx/Build/Intermediates.noindex/swift-clocks.build/Debug-iphonesimulator/Clocks.build/Objects-normal/arm64/Clocks-OutputFileMap.json -use-frontend-parseable-output -save-temps -no-color-diagnostics -explicit-module-build -module-cache-path /Users/nicolas/Library/Developer/Xcode/DerivedData/AgendaHOF-bvieputxojihcqchgwytombtvhqx/Build/Intermediates.noindex/SwiftExplicitPrecompiledModules -clang-scanner-module-cache-path /Users/nicolas/Library/Developer/Xcode/DerivedData/ModuleCache.noindex -sdk-module-cache-path /Users/nicolas/Library/Developer/Xcode/DerivedData/ModuleCache.noindex -serialize-diagnostics -emit-dependencies -emit-module -emit-module-path /Users/nicolas/Library/Developer/Xcode/DerivedData/AgendaHOF-bvieputxojihcqchgwytombtvhqx/Build/Intermediates.noindex/swift-clocks.build/Debug-iphonesimulator/Clocks.build/Objects-normal/arm64/Clocks.swiftmodule -user-module-version 1.0.6 -validate-clang-modules-once -clang-build-session-file /Users/nicolas/Library/Developer/Xcode/DerivedData/ModuleCache.noindex/Session.modulevalidation -package-name swift_clocks -Xcc -I/Users/nicolas/Library/Developer/Xcode/DerivedData/AgendaHOF-bvieputxojihcqchgwytombtvhqx/Build/Intermediates.noindex/swift-clocks.build/Debug-iphonesimulator/Clocks.build/swift-overrides.hmap -emit-const-values -Xfrontend -const-gather-protocols-file -Xfrontend /Users/nicolas/Library/Developer/Xcode/DerivedData/AgendaHOF-bvieputxojihcqchgwytombtvhqx/Build/Intermediates.noindex/swift-clocks.build/Debug-iphonesimulator/Clocks.build/Objects-normal/arm64/Clocks_const_extract_protocols.json -Xcc -I/Users/nicolas/Library/Developer/Xcode/DerivedData/AgendaHOF-bvieputxojihcqchgwytombtvhqx/Build/Products/Debug-iphonesimulator/include -Xcc -I/Users/nicolas/Library/Developer/Xcode/DerivedData/AgendaHOF-bvieputxojihcqchgwytombtvhqx/Build/Intermediates.noindex/swift-clocks.build/Debug-iphonesimulator/Clocks.build/DerivedSources-normal/arm64 -Xcc -I/Users/nicolas/Library/Developer/Xcode/DerivedData/AgendaHOF-bvieputxojihcqchgwytombtvhqx/Build/Intermediates.noindex/swift-clocks.build/Debug-iphonesimulator/Clocks.build/DerivedSources/arm64 -Xcc -I/Users/nicolas/Library/Developer/Xcode/DerivedData/AgendaHOF-bvieputxojihcqchgwytombtvhqx/Build/Intermediates.noindex/swift-clocks.build/Debug-iphonesimulator/Clocks.build/DerivedSources -Xcc -DSWIFT_PACKAGE -Xcc -DDEBUG\=1 -emit-objc-header -emit-objc-header-path /Users/nicolas/Library/Developer/Xcode/DerivedData/AgendaHOF-bvieputxojihcqchgwytombtvhqx/Build/Intermediates.noindex/swift-clocks.build/Debug-iphonesimulator/Clocks.build/Objects-normal/arm64/Clocks-Swift.h -working-directory /Users/nicolas/Documents/aplicativos-sites/AgendaHOF-iOS/AgendaHOF.xcodeproj -experimental-emit-module-separately -disable-cmo

Ld /Users/nicolas/Library/Developer/Xcode/DerivedData/AgendaHOF-bvieputxojihcqchgwytombtvhqx/Build/Products/Debug-iphonesimulator/Clocks.o normal (in target 'Clocks' from project 'swift-clocks')
    cd /Users/nicolas/Library/Developer/Xcode/DerivedData/AgendaHOF-bvieputxojihcqchgwytombtvhqx/SourcePackages/checkouts/swift-clocks
    /Applications/Xcode.app/Contents/Developer/Toolchains/XcodeDefault.xctoolchain/usr/bin/clang -Xlinker -reproducible -target arm64-apple-ios13.0-simulator -r -isysroot /Applications/Xcode.app/Contents/Developer/Platforms/iPhoneSimulator.platform/Developer/SDKs/iPhoneSimulator26.2.sdk -O0 -w -L/Users/nicolas/Library/Developer/Xcode/DerivedData/AgendaHOF-bvieputxojihcqchgwytombtvhqx/Build/Intermediates.noindex/EagerLinkingTBDs/Debug-iphonesimulator -L/Users/nicolas/Library/Developer/Xcode/DerivedData/AgendaHOF-bvieputxojihcqchgwytombtvhqx/Build/Products/Debug-iphonesimulator -L/Applications/Xcode.app/Contents/Developer/Platforms/iPhoneSimulator.platform/Developer/usr/lib -F/Users/nicolas/Library/Developer/Xcode/DerivedData/AgendaHOF-bvieputxojihcqchgwytombtvhqx/Build/Intermediates.noindex/EagerLinkingTBDs/Debug-iphonesimulator -F/Users/nicolas/Library/Developer/Xcode/DerivedData/AgendaHOF-bvieputxojihcqchgwytombtvhqx/Build/Products/Debug-iphonesimulator/PackageFrameworks -F/Users/nicolas/Library/Developer/Xcode/DerivedData/AgendaHOF-bvieputxojihcqchgwytombtvhqx/Build/Products/Debug-iphonesimulator/PackageFrameworks -F/Users/nicolas/Library/Developer/Xcode/DerivedData/AgendaHOF-bvieputxojihcqchgwytombtvhqx/Build/Products/Debug-iphonesimulator/PackageFrameworks -F/Users/nicolas/Library/Developer/Xcode/DerivedData/AgendaHOF-bvieputxojihcqchgwytombtvhqx/Build/Products/Debug-iphonesimulator -iframework /Applications/Xcode.app/Contents/Developer/Platforms/iPhoneSimulator.platform/Developer/Library/Frameworks -iframework /Applications/Xcode.app/Contents/Developer/Platforms/iPhoneSimulator.platform/Developer/SDKs/iPhoneSimulator26.2.sdk/Developer/Library/Frameworks -filelist /Users/nicolas/Library/Developer/Xcode/DerivedData/AgendaHOF-bvieputxojihcqchgwytombtvhqx/Build/Intermediates.noindex/swift-clocks.build/Debug-iphonesimulator/Clocks.build/Objects-normal/arm64/Clocks.LinkFileList -nostdlib -Xlinker -object_path_lto -Xlinker /Users/nicolas/Library/Developer/Xcode/DerivedData/AgendaHOF-bvieputxojihcqchgwytombtvhqx/Build/Intermediates.noindex/swift-clocks.build/Debug-iphonesimulator/Clocks.build/Objects-normal/arm64/Clocks_lto.o -rdynamic -Xlinker -no_deduplicate -Xlinker -objc_abi_version -Xlinker 2 -Xlinker -debug_variant -Xlinker -dependency_info -Xlinker /Users/nicolas/Library/Developer/Xcode/DerivedData/AgendaHOF-bvieputxojihcqchgwytombtvhqx/Build/Intermediates.noindex/swift-clocks.build/Debug-iphonesimulator/Clocks.build/Objects-normal/arm64/Clocks_dependency_info.dat -fobjc-link-runtime -L/Applications/Xcode.app/Contents/Developer/Toolchains/XcodeDefault.xctoolchain/usr/lib/swift/iphonesimulator -L/usr/lib/swift -Xlinker -add_ast_path -Xlinker /Users/nicolas/Library/Developer/Xcode/DerivedData/AgendaHOF-bvieputxojihcqchgwytombtvhqx/Build/Intermediates.noindex/swift-clocks.build/Debug-iphonesimulator/Clocks.build/Objects-normal/arm64/Clocks.swiftmodule @/Users/nicolas/Library/Developer/Xcode/DerivedData/AgendaHOF-bvieputxojihcqchgwytombtvhqx/Build/Intermediates.noindex/swift-clocks.build/Debug-iphonesimulator/Clocks.build/Objects-normal/arm64/Clocks-linker-args.resp -o /Users/nicolas/Library/Developer/Xcode/DerivedData/AgendaHOF-bvieputxojihcqchgwytombtvhqx/Build/Products/Debug-iphonesimulator/Clocks.o

SwiftCompile normal arm64 Compiling\ Base64URL.swift,\ Codable.swift,\ DateFormatter.swift /Users/nicolas/Library/Developer/Xcode/DerivedData/AgendaHOF-bvieputxojihcqchgwytombtvhqx/SourcePackages/checkouts/supabase-swift/Sources/Helpers/Base64URL.swift /Users/nicolas/Library/Developer/Xcode/DerivedData/AgendaHOF-bvieputxojihcqchgwytombtvhqx/SourcePackages/checkouts/supabase-swift/Sources/Helpers/Codable.swift /Users/nicolas/Library/Developer/Xcode/DerivedData/AgendaHOF-bvieputxojihcqchgwytombtvhqx/SourcePackages/checkouts/supabase-swift/Sources/Helpers/DateFormatter.swift (in target 'Helpers' from project 'Supabase')
SwiftCompile normal arm64 /Users/nicolas/Library/Developer/Xcode/DerivedData/AgendaHOF-bvieputxojihcqchgwytombtvhqx/SourcePackages/checkouts/supabase-swift/Sources/Helpers/Base64URL.swift (in target 'Helpers' from project 'Supabase')
    cd /Users/nicolas/Documents/aplicativos-sites/AgendaHOF-iOS/AgendaHOF.xcodeproj
    

SwiftCompile normal arm64 /Users/nicolas/Library/Developer/Xcode/DerivedData/AgendaHOF-bvieputxojihcqchgwytombtvhqx/SourcePackages/checkouts/supabase-swift/Sources/Helpers/Codable.swift (in target 'Helpers' from project 'Supabase')
    cd /Users/nicolas/Documents/aplicativos-sites/AgendaHOF-iOS/AgendaHOF.xcodeproj
    

SwiftCompile normal arm64 /Users/nicolas/Library/Developer/Xcode/DerivedData/AgendaHOF-bvieputxojihcqchgwytombtvhqx/SourcePackages/checkouts/supabase-swift/Sources/Helpers/DateFormatter.swift (in target 'Helpers' from project 'Supabase')
    cd /Users/nicolas/Documents/aplicativos-sites/AgendaHOF-iOS/AgendaHOF.xcodeproj
    

SwiftCompile normal arm64 Compiling\ EventEmitter.swift,\ FoundationExtensions.swift,\ HTTPClient.swift /Users/nicolas/Library/Developer/Xcode/DerivedData/AgendaHOF-bvieputxojihcqchgwytombtvhqx/SourcePackages/checkouts/supabase-swift/Sources/Helpers/EventEmitter.swift /Users/nicolas/Library/Developer/Xcode/DerivedData/AgendaHOF-bvieputxojihcqchgwytombtvhqx/SourcePackages/checkouts/supabase-swift/Sources/Helpers/FoundationExtensions.swift /Users/nicolas/Library/Developer/Xcode/DerivedData/AgendaHOF-bvieputxojihcqchgwytombtvhqx/SourcePackages/checkouts/supabase-swift/Sources/Helpers/HTTP/HTTPClient.swift (in target 'Helpers' from project 'Supabase')
SwiftCompile normal arm64 /Users/nicolas/Library/Developer/Xcode/DerivedData/AgendaHOF-bvieputxojihcqchgwytombtvhqx/SourcePackages/checkouts/supabase-swift/Sources/Helpers/EventEmitter.swift (in target 'Helpers' from project 'Supabase')
    cd /Users/nicolas/Documents/aplicativos-sites/AgendaHOF-iOS/AgendaHOF.xcodeproj
    

SwiftCompile normal arm64 /Users/nicolas/Library/Developer/Xcode/DerivedData/AgendaHOF-bvieputxojihcqchgwytombtvhqx/SourcePackages/checkouts/supabase-swift/Sources/Helpers/FoundationExtensions.swift (in target 'Helpers' from project 'Supabase')
    cd /Users/nicolas/Documents/aplicativos-sites/AgendaHOF-iOS/AgendaHOF.xcodeproj
    

SwiftCompile normal arm64 /Users/nicolas/Library/Developer/Xcode/DerivedData/AgendaHOF-bvieputxojihcqchgwytombtvhqx/SourcePackages/checkouts/supabase-swift/Sources/Helpers/HTTP/HTTPClient.swift (in target 'Helpers' from project 'Supabase')
    cd /Users/nicolas/Documents/aplicativos-sites/AgendaHOF-iOS/AgendaHOF.xcodeproj
    

SwiftCompile normal arm64 Compiling\ HTTPFields.swift,\ HTTPRequest.swift,\ HTTPResponse.swift /Users/nicolas/Library/Developer/Xcode/DerivedData/AgendaHOF-bvieputxojihcqchgwytombtvhqx/SourcePackages/checkouts/supabase-swift/Sources/Helpers/HTTP/HTTPFields.swift /Users/nicolas/Library/Developer/Xcode/DerivedData/AgendaHOF-bvieputxojihcqchgwytombtvhqx/SourcePackages/checkouts/supabase-swift/Sources/Helpers/HTTP/HTTPRequest.swift /Users/nicolas/Library/Developer/Xcode/DerivedData/AgendaHOF-bvieputxojihcqchgwytombtvhqx/SourcePackages/checkouts/supabase-swift/Sources/Helpers/HTTP/HTTPResponse.swift (in target 'Helpers' from project 'Supabase')

SwiftCompile normal arm64 /Users/nicolas/Library/Developer/Xcode/DerivedData/AgendaHOF-bvieputxojihcqchgwytombtvhqx/SourcePackages/checkouts/supabase-swift/Sources/Helpers/HTTP/HTTPFields.swift (in target 'Helpers' from project 'Supabase')
    cd /Users/nicolas/Documents/aplicativos-sites/AgendaHOF-iOS/AgendaHOF.xcodeproj
    

SwiftCompile normal arm64 /Users/nicolas/Library/Developer/Xcode/DerivedData/AgendaHOF-bvieputxojihcqchgwytombtvhqx/SourcePackages/checkouts/supabase-swift/Sources/Helpers/HTTP/HTTPRequest.swift (in target 'Helpers' from project 'Supabase')
    cd /Users/nicolas/Documents/aplicativos-sites/AgendaHOF-iOS/AgendaHOF.xcodeproj
    

SwiftCompile normal arm64 /Users/nicolas/Library/Developer/Xcode/DerivedData/AgendaHOF-bvieputxojihcqchgwytombtvhqx/SourcePackages/checkouts/supabase-swift/Sources/Helpers/HTTP/HTTPResponse.swift (in target 'Helpers' from project 'Supabase')
    cd /Users/nicolas/Documents/aplicativos-sites/AgendaHOF-iOS/AgendaHOF.xcodeproj
    

SwiftCompile normal arm64 Compiling\ AnyJSON+Codable.swift,\ AnyJSON.swift,\ AsyncValueSubject.swift /Users/nicolas/Library/Developer/Xcode/DerivedData/AgendaHOF-bvieputxojihcqchgwytombtvhqx/SourcePackages/checkouts/supabase-swift/Sources/Helpers/AnyJSON/AnyJSON+Codable.swift /Users/nicolas/Library/Developer/Xcode/DerivedData/AgendaHOF-bvieputxojihcqchgwytombtvhqx/SourcePackages/checkouts/supabase-swift/Sources/Helpers/AnyJSON/AnyJSON.swift /Users/nicolas/Library/Developer/Xcode/DerivedData/AgendaHOF-bvieputxojihcqchgwytombtvhqx/SourcePackages/checkouts/supabase-swift/Sources/Helpers/AsyncValueSubject.swift (in target 'Helpers' from project 'Supabase')
SwiftCompile normal arm64 /Users/nicolas/Library/Developer/Xcode/DerivedData/AgendaHOF-bvieputxojihcqchgwytombtvhqx/SourcePackages/checkouts/supabase-swift/Sources/Helpers/AnyJSON/AnyJSON+Codable.swift (in target 'Helpers' from project 'Supabase')
    cd /Users/nicolas/Documents/aplicativos-sites/AgendaHOF-iOS/AgendaHOF.xcodeproj
    

SwiftCompile normal arm64 /Users/nicolas/Library/Developer/Xcode/DerivedData/AgendaHOF-bvieputxojihcqchgwytombtvhqx/SourcePackages/checkouts/supabase-swift/Sources/Helpers/AnyJSON/AnyJSON.swift (in target 'Helpers' from project 'Supabase')
    cd /Users/nicolas/Documents/aplicativos-sites/AgendaHOF-iOS/AgendaHOF.xcodeproj
    

SwiftCompile normal arm64 /Users/nicolas/Library/Developer/Xcode/DerivedData/AgendaHOF-bvieputxojihcqchgwytombtvhqx/SourcePackages/checkouts/supabase-swift/Sources/Helpers/AsyncValueSubject.swift (in target 'Helpers' from project 'Supabase')
    cd /Users/nicolas/Documents/aplicativos-sites/AgendaHOF-iOS/AgendaHOF.xcodeproj
    

SwiftCompile normal arm64 Compiling\ LoggerInterceptor.swift,\ RetryRequestInterceptor.swift /Users/nicolas/Library/Developer/Xcode/DerivedData/AgendaHOF-bvieputxojihcqchgwytombtvhqx/SourcePackages/checkouts/supabase-swift/Sources/Helpers/HTTP/LoggerInterceptor.swift /Users/nicolas/Library/Developer/Xcode/DerivedData/AgendaHOF-bvieputxojihcqchgwytombtvhqx/SourcePackages/checkouts/supabase-swift/Sources/Helpers/HTTP/RetryRequestInterceptor.swift (in target 'Helpers' from project 'Supabase')

SwiftCompile normal arm64 /Users/nicolas/Library/Developer/Xcode/DerivedData/AgendaHOF-bvieputxojihcqchgwytombtvhqx/SourcePackages/checkouts/supabase-swift/Sources/Helpers/HTTP/LoggerInterceptor.swift (in target 'Helpers' from project 'Supabase')
    cd /Users/nicolas/Documents/aplicativos-sites/AgendaHOF-iOS/AgendaHOF.xcodeproj
    

SwiftCompile normal arm64 /Users/nicolas/Library/Developer/Xcode/DerivedData/AgendaHOF-bvieputxojihcqchgwytombtvhqx/SourcePackages/checkouts/supabase-swift/Sources/Helpers/HTTP/RetryRequestInterceptor.swift (in target 'Helpers' from project 'Supabase')
    cd /Users/nicolas/Documents/aplicativos-sites/AgendaHOF-iOS/AgendaHOF.xcodeproj
    

SwiftCompile normal arm64 Compiling\ TaskLocalHelpers.swift,\ URLSession+AsyncAwait.swift /Users/nicolas/Library/Developer/Xcode/DerivedData/AgendaHOF-bvieputxojihcqchgwytombtvhqx/SourcePackages/checkouts/supabase-swift/Sources/Helpers/TaskLocalHelpers.swift /Users/nicolas/Library/Developer/Xcode/DerivedData/AgendaHOF-bvieputxojihcqchgwytombtvhqx/SourcePackages/checkouts/supabase-swift/Sources/Helpers/URLSession+AsyncAwait.swift (in target 'Helpers' from project 'Supabase')

SwiftCompile normal arm64 /Users/nicolas/Library/Developer/Xcode/DerivedData/AgendaHOF-bvieputxojihcqchgwytombtvhqx/SourcePackages/checkouts/supabase-swift/Sources/Helpers/TaskLocalHelpers.swift (in target 'Helpers' from project 'Supabase')
    cd /Users/nicolas/Documents/aplicativos-sites/AgendaHOF-iOS/AgendaHOF.xcodeproj
    

SwiftCompile normal arm64 /Users/nicolas/Library/Developer/Xcode/DerivedData/AgendaHOF-bvieputxojihcqchgwytombtvhqx/SourcePackages/checkouts/supabase-swift/Sources/Helpers/URLSession+AsyncAwait.swift (in target 'Helpers' from project 'Supabase')
    cd /Users/nicolas/Documents/aplicativos-sites/AgendaHOF-iOS/AgendaHOF.xcodeproj
    

SwiftEmitModule normal arm64 Emitting\ module\ for\ Helpers (in target 'Helpers' from project 'Supabase')

EmitSwiftModule normal arm64 (in target 'Helpers' from project 'Supabase')
    cd /Users/nicolas/Documents/aplicativos-sites/AgendaHOF-iOS/AgendaHOF.xcodeproj
    

SwiftCompile normal arm64 Compiling\ PostgrestError.swift,\ Task+withTimeout.swift /Users/nicolas/Library/Developer/Xcode/DerivedData/AgendaHOF-bvieputxojihcqchgwytombtvhqx/SourcePackages/checkouts/supabase-swift/Sources/Helpers/SharedModels/PostgrestError.swift /Users/nicolas/Library/Developer/Xcode/DerivedData/AgendaHOF-bvieputxojihcqchgwytombtvhqx/SourcePackages/checkouts/supabase-swift/Sources/Helpers/Task+withTimeout.swift (in target 'Helpers' from project 'Supabase')

SwiftCompile normal arm64 /Users/nicolas/Library/Developer/Xcode/DerivedData/AgendaHOF-bvieputxojihcqchgwytombtvhqx/SourcePackages/checkouts/supabase-swift/Sources/Helpers/SharedModels/PostgrestError.swift (in target 'Helpers' from project 'Supabase')
    cd /Users/nicolas/Documents/aplicativos-sites/AgendaHOF-iOS/AgendaHOF.xcodeproj
    

SwiftCompile normal arm64 /Users/nicolas/Library/Developer/Xcode/DerivedData/AgendaHOF-bvieputxojihcqchgwytombtvhqx/SourcePackages/checkouts/supabase-swift/Sources/Helpers/Task+withTimeout.swift (in target 'Helpers' from project 'Supabase')
    cd /Users/nicolas/Documents/aplicativos-sites/AgendaHOF-iOS/AgendaHOF.xcodeproj
    

SwiftCompile normal arm64 Compiling\ SupabaseLogger.swift,\ HTTPError.swift /Users/nicolas/Library/Developer/Xcode/DerivedData/AgendaHOF-bvieputxojihcqchgwytombtvhqx/SourcePackages/checkouts/supabase-swift/Sources/Helpers/Logger/SupabaseLogger.swift /Users/nicolas/Library/Developer/Xcode/DerivedData/AgendaHOF-bvieputxojihcqchgwytombtvhqx/SourcePackages/checkouts/supabase-swift/Sources/Helpers/SharedModels/HTTPError.swift (in target 'Helpers' from project 'Supabase')

SwiftCompile normal arm64 /Users/nicolas/Library/Developer/Xcode/DerivedData/AgendaHOF-bvieputxojihcqchgwytombtvhqx/SourcePackages/checkouts/supabase-swift/Sources/Helpers/Logger/SupabaseLogger.swift (in target 'Helpers' from project 'Supabase')
    cd /Users/nicolas/Documents/aplicativos-sites/AgendaHOF-iOS/AgendaHOF.xcodeproj
    

SwiftCompile normal arm64 /Users/nicolas/Library/Developer/Xcode/DerivedData/AgendaHOF-bvieputxojihcqchgwytombtvhqx/SourcePackages/checkouts/supabase-swift/Sources/Helpers/SharedModels/HTTPError.swift (in target 'Helpers' from project 'Supabase')
    cd /Users/nicolas/Documents/aplicativos-sites/AgendaHOF-iOS/AgendaHOF.xcodeproj
    

SwiftCompile normal arm64 Compiling\ JWT.swift,\ OSLogSupabaseLogger.swift /Users/nicolas/Library/Developer/Xcode/DerivedData/AgendaHOF-bvieputxojihcqchgwytombtvhqx/SourcePackages/checkouts/supabase-swift/Sources/Helpers/JWT.swift /Users/nicolas/Library/Developer/Xcode/DerivedData/AgendaHOF-bvieputxojihcqchgwytombtvhqx/SourcePackages/checkouts/supabase-swift/Sources/Helpers/Logger/OSLogSupabaseLogger.swift (in target 'Helpers' from project 'Supabase')

SwiftCompile normal arm64 /Users/nicolas/Library/Developer/Xcode/DerivedData/AgendaHOF-bvieputxojihcqchgwytombtvhqx/SourcePackages/checkouts/supabase-swift/Sources/Helpers/JWT.swift (in target 'Helpers' from project 'Supabase')
    cd /Users/nicolas/Documents/aplicativos-sites/AgendaHOF-iOS/AgendaHOF.xcodeproj
    

SwiftCompile normal arm64 /Users/nicolas/Library/Developer/Xcode/DerivedData/AgendaHOF-bvieputxojihcqchgwytombtvhqx/SourcePackages/checkouts/supabase-swift/Sources/Helpers/Logger/OSLogSupabaseLogger.swift (in target 'Helpers' from project 'Supabase')
    cd /Users/nicolas/Documents/aplicativos-sites/AgendaHOF-iOS/AgendaHOF.xcodeproj
    

ConstructStubExecutorLinkFileList /Users/nicolas/Library/Developer/Xcode/DerivedData/AgendaHOF-bvieputxojihcqchgwytombtvhqx/Build/Intermediates.noindex/AgendaHOF.build/Debug-iphonesimulator/AgendaWidgetExtension.build/AgendaWidgetExtension-ExecutorLinkFileList-normal-arm64.txt (in target 'AgendaWidgetExtension' from project 'AgendaHOF')
    cd /Users/nicolas/Documents/aplicativos-sites/AgendaHOF-iOS
    construct-stub-executor-link-file-list /Users/nicolas/Library/Developer/Xcode/DerivedData/AgendaHOF-bvieputxojihcqchgwytombtvhqx/Build/Products/Debug-iphonesimulator/AgendaWidgetExtension.appex/AgendaWidgetExtension.debug.dylib /Applications/Xcode.app/Contents/Developer/Platforms/iPhoneSimulator.platform/Developer/usr/lib/libPreviewsJITStubExecutor_no_swift_entry_point.a /Applications/Xcode.app/Contents/Developer/Platforms/iPhoneSimulator.platform/Developer/usr/lib/libPreviewsJITStubExecutor.a --output /Users/nicolas/Library/Developer/Xcode/DerivedData/AgendaHOF-bvieputxojihcqchgwytombtvhqx/Build/Intermediates.noindex/AgendaHOF.build/Debug-iphonesimulator/AgendaWidgetExtension.build/AgendaWidgetExtension-ExecutorLinkFileList-normal-arm64.txt
note: Using stub executor library with Swift entry point. (in target 'AgendaWidgetExtension' from project 'AgendaHOF')

SwiftDriverJobDiscovery normal arm64 Compiling TaskLocalHelpers.swift, URLSession+AsyncAwait.swift (in target 'Helpers' from project 'Supabase')

SwiftCompile normal arm64 Compiling\ Version.swift,\ _Clock.swift /Users/nicolas/Library/Developer/Xcode/DerivedData/AgendaHOF-bvieputxojihcqchgwytombtvhqx/SourcePackages/checkouts/supabase-swift/Sources/Helpers/Version.swift /Users/nicolas/Library/Developer/Xcode/DerivedData/AgendaHOF-bvieputxojihcqchgwytombtvhqx/SourcePackages/checkouts/supabase-swift/Sources/Helpers/_Clock.swift (in target 'Helpers' from project 'Supabase')

SwiftCompile normal arm64 /Users/nicolas/Library/Developer/Xcode/DerivedData/AgendaHOF-bvieputxojihcqchgwytombtvhqx/SourcePackages/checkouts/supabase-swift/Sources/Helpers/Version.swift (in target 'Helpers' from project 'Supabase')
    cd /Users/nicolas/Documents/aplicativos-sites/AgendaHOF-iOS/AgendaHOF.xcodeproj
    

SwiftCompile normal arm64 /Users/nicolas/Library/Developer/Xcode/DerivedData/AgendaHOF-bvieputxojihcqchgwytombtvhqx/SourcePackages/checkouts/supabase-swift/Sources/Helpers/_Clock.swift (in target 'Helpers' from project 'Supabase')
    cd /Users/nicolas/Documents/aplicativos-sites/AgendaHOF-iOS/AgendaHOF.xcodeproj
    

Ld /Users/nicolas/Library/Developer/Xcode/DerivedData/AgendaHOF-bvieputxojihcqchgwytombtvhqx/Build/Products/Debug-iphonesimulator/AgendaWidgetExtension.appex/AgendaWidgetExtension normal (in target 'AgendaWidgetExtension' from project 'AgendaHOF')
    cd /Users/nicolas/Documents/aplicativos-sites/AgendaHOF-iOS
    /Applications/Xcode.app/Contents/Developer/Toolchains/XcodeDefault.xctoolchain/usr/bin/clang -Xlinker -reproducible -target arm64-apple-ios18.4-simulator -isysroot /Applications/Xcode.app/Contents/Developer/Platforms/iPhoneSimulator.platform/Developer/SDKs/iPhoneSimulator26.2.sdk -O0 -L/Users/nicolas/Library/Developer/Xcode/DerivedData/AgendaHOF-bvieputxojihcqchgwytombtvhqx/Build/Products/Debug-iphonesimulator -F/Users/nicolas/Library/Developer/Xcode/DerivedData/AgendaHOF-bvieputxojihcqchgwytombtvhqx/Build/Products/Debug-iphonesimulator -Xlinker -rpath -Xlinker @executable_path -Xlinker -rpath -Xlinker @executable_path/Frameworks -Xlinker -rpath -Xlinker @executable_path/../../Frameworks -rdynamic -Xlinker -no_deduplicate -Xlinker -objc_abi_version -Xlinker 2 -Xlinker -debug_variant -e ___debug_blank_executor_main -Xlinker -sectcreate -Xlinker __TEXT -Xlinker __debug_dylib -Xlinker /Users/nicolas/Library/Developer/Xcode/DerivedData/AgendaHOF-bvieputxojihcqchgwytombtvhqx/Build/Intermediates.noindex/AgendaHOF.build/Debug-iphonesimulator/AgendaWidgetExtension.build/AgendaWidgetExtension-DebugDylibPath-normal-arm64.txt -Xlinker -sectcreate -Xlinker __TEXT -Xlinker __debug_entry -Xlinker /Users/nicolas/Library/Developer/Xcode/DerivedData/AgendaHOF-bvieputxojihcqchgwytombtvhqx/Build/Intermediates.noindex/AgendaHOF.build/Debug-iphonesimulator/AgendaWidgetExtension.build/AgendaWidgetExtension-DebugEntryPoint-normal-arm64.txt -Xlinker -sectcreate -Xlinker __TEXT -Xlinker __debug_instlnm -Xlinker /Users/nicolas/Library/Developer/Xcode/DerivedData/AgendaHOF-bvieputxojihcqchgwytombtvhqx/Build/Intermediates.noindex/AgendaHOF.build/Debug-iphonesimulator/AgendaWidgetExtension.build/AgendaWidgetExtension-DebugDylibInstallName-normal-arm64.txt -Xlinker -filelist -Xlinker /Users/nicolas/Library/Developer/Xcode/DerivedData/AgendaHOF-bvieputxojihcqchgwytombtvhqx/Build/Intermediates.noindex/AgendaHOF.build/Debug-iphonesimulator/AgendaWidgetExtension.build/AgendaWidgetExtension-ExecutorLinkFileList-normal-arm64.txt -Xlinker -sectcreate -Xlinker __TEXT -Xlinker __entitlements -Xlinker /Users/nicolas/Library/Developer/Xcode/DerivedData/AgendaHOF-bvieputxojihcqchgwytombtvhqx/Build/Intermediates.noindex/AgendaHOF.build/Debug-iphonesimulator/AgendaWidgetExtension.build/AgendaWidgetExtension.appex-Simulated.xcent -Xlinker -sectcreate -Xlinker __TEXT -Xlinker __ents_der -Xlinker /Users/nicolas/Library/Developer/Xcode/DerivedData/AgendaHOF-bvieputxojihcqchgwytombtvhqx/Build/Intermediates.noindex/AgendaHOF.build/Debug-iphonesimulator/AgendaWidgetExtension.build/AgendaWidgetExtension.appex-Simulated.xcent.der /Users/nicolas/Library/Developer/Xcode/DerivedData/AgendaHOF-bvieputxojihcqchgwytombtvhqx/Build/Products/Debug-iphonesimulator/AgendaWidgetExtension.appex/AgendaWidgetExtension.debug.dylib -Xlinker -no_adhoc_codesign -o /Users/nicolas/Library/Developer/Xcode/DerivedData/AgendaHOF-bvieputxojihcqchgwytombtvhqx/Build/Products/Debug-iphonesimulator/AgendaWidgetExtension.appex/AgendaWidgetExtension

SwiftDriverJobDiscovery normal arm64 Compiling Base64URL.swift, Codable.swift, DateFormatter.swift (in target 'Helpers' from project 'Supabase')

SwiftDriverJobDiscovery normal arm64 Compiling PostgrestError.swift, Task+withTimeout.swift (in target 'Helpers' from project 'Supabase')

ExtractAppIntentsMetadata (in target 'XCTestDynamicOverlay' from project 'xctest-dynamic-overlay')
    cd /Users/nicolas/Library/Developer/Xcode/DerivedData/AgendaHOF-bvieputxojihcqchgwytombtvhqx/SourcePackages/checkouts/xctest-dynamic-overlay
    /Applications/Xcode.app/Contents/Developer/Toolchains/XcodeDefault.xctoolchain/usr/bin/appintentsmetadataprocessor --toolchain-dir /Applications/Xcode.app/Contents/Developer/Toolchains/XcodeDefault.xctoolchain --module-name XCTestDynamicOverlay --sdk-root /Applications/Xcode.app/Contents/Developer/Platforms/iPhoneSimulator.platform/Developer/SDKs/iPhoneSimulator26.2.sdk --xcode-version 17C52 --platform-family iOS --deployment-target 13.0 --bundle-identifier xctest-dynamic-overlay.XCTestDynamicOverlay --output /Users/nicolas/Library/Developer/Xcode/DerivedData/AgendaHOF-bvieputxojihcqchgwytombtvhqx/Build/Products/Debug-iphonesimulator/XCTestDynamicOverlay.appintents --target-triple arm64-apple-ios13.0-simulator --binary-file /Users/nicolas/Library/Developer/Xcode/DerivedData/AgendaHOF-bvieputxojihcqchgwytombtvhqx/Build/Products/Debug-iphonesimulator/XCTestDynamicOverlay.o --dependency-file /Users/nicolas/Library/Developer/Xcode/DerivedData/AgendaHOF-bvieputxojihcqchgwytombtvhqx/Build/Intermediates.noindex/xctest-dynamic-overlay.build/Debug-iphonesimulator/XCTestDynamicOverlay.build/Objects-normal/arm64/XCTestDynamicOverlay_dependency_info.dat --stringsdata-file /Users/nicolas/Library/Developer/Xcode/DerivedData/AgendaHOF-bvieputxojihcqchgwytombtvhqx/Build/Intermediates.noindex/xctest-dynamic-overlay.build/Debug-iphonesimulator/XCTestDynamicOverlay.build/Objects-normal/arm64/ExtractedAppShortcutsMetadata.stringsdata --source-file-list /Users/nicolas/Library/Developer/Xcode/DerivedData/AgendaHOF-bvieputxojihcqchgwytombtvhqx/Build/Intermediates.noindex/xctest-dynamic-overlay.build/Debug-iphonesimulator/XCTestDynamicOverlay.build/Objects-normal/arm64/XCTestDynamicOverlay.SwiftFileList --metadata-file-list /Users/nicolas/Library/Developer/Xcode/DerivedData/AgendaHOF-bvieputxojihcqchgwytombtvhqx/Build/Intermediates.noindex/xctest-dynamic-overlay.build/Debug-iphonesimulator/XCTestDynamicOverlay.build/XCTestDynamicOverlay.DependencyMetadataFileList --static-metadata-file-list /Users/nicolas/Library/Developer/Xcode/DerivedData/AgendaHOF-bvieputxojihcqchgwytombtvhqx/Build/Intermediates.noindex/xctest-dynamic-overlay.build/Debug-iphonesimulator/XCTestDynamicOverlay.build/XCTestDynamicOverlay.DependencyStaticMetadataFileList --swift-const-vals-list /Users/nicolas/Library/Developer/Xcode/DerivedData/AgendaHOF-bvieputxojihcqchgwytombtvhqx/Build/Intermediates.noindex/xctest-dynamic-overlay.build/Debug-iphonesimulator/XCTestDynamicOverlay.build/Objects-normal/arm64/XCTestDynamicOverlay.SwiftConstValuesFileList --force --compile-time-extraction --deployment-aware-processing --validate-assistant-intents --no-app-shortcuts-localization
2026-01-03 23:43:40.283 appintentsmetadataprocessor[19303:184343] Starting appintentsmetadataprocessor export
2026-01-03 23:43:40.451 appintentsmetadataprocessor[19303:184343] Extracted no relevant App Intents symbols, skipping writing output

ExtractAppIntentsMetadata (in target 'Clocks' from project 'swift-clocks')
    cd /Users/nicolas/Library/Developer/Xcode/DerivedData/AgendaHOF-bvieputxojihcqchgwytombtvhqx/SourcePackages/checkouts/swift-clocks
    /Applications/Xcode.app/Contents/Developer/Toolchains/XcodeDefault.xctoolchain/usr/bin/appintentsmetadataprocessor --toolchain-dir /Applications/Xcode.app/Contents/Developer/Toolchains/XcodeDefault.xctoolchain --module-name Clocks --sdk-root /Applications/Xcode.app/Contents/Developer/Platforms/iPhoneSimulator.platform/Developer/SDKs/iPhoneSimulator26.2.sdk --xcode-version 17C52 --platform-family iOS --deployment-target 13.0 --bundle-identifier swift-clocks.Clocks --output /Users/nicolas/Library/Developer/Xcode/DerivedData/AgendaHOF-bvieputxojihcqchgwytombtvhqx/Build/Products/Debug-iphonesimulator/Clocks.appintents --target-triple arm64-apple-ios13.0-simulator --binary-file /Users/nicolas/Library/Developer/Xcode/DerivedData/AgendaHOF-bvieputxojihcqchgwytombtvhqx/Build/Products/Debug-iphonesimulator/Clocks.o --dependency-file /Users/nicolas/Library/Developer/Xcode/DerivedData/AgendaHOF-bvieputxojihcqchgwytombtvhqx/Build/Intermediates.noindex/swift-clocks.build/Debug-iphonesimulator/Clocks.build/Objects-normal/arm64/Clocks_dependency_info.dat --stringsdata-file /Users/nicolas/Library/Developer/Xcode/DerivedData/AgendaHOF-bvieputxojihcqchgwytombtvhqx/Build/Intermediates.noindex/swift-clocks.build/Debug-iphonesimulator/Clocks.build/Objects-normal/arm64/ExtractedAppShortcutsMetadata.stringsdata --source-file-list /Users/nicolas/Library/Developer/Xcode/DerivedData/AgendaHOF-bvieputxojihcqchgwytombtvhqx/Build/Intermediates.noindex/swift-clocks.build/Debug-iphonesimulator/Clocks.build/Objects-normal/arm64/Clocks.SwiftFileList --metadata-file-list /Users/nicolas/Library/Developer/Xcode/DerivedData/AgendaHOF-bvieputxojihcqchgwytombtvhqx/Build/Intermediates.noindex/swift-clocks.build/Debug-iphonesimulator/Clocks.build/Clocks.DependencyMetadataFileList --static-metadata-file-list /Users/nicolas/Library/Developer/Xcode/DerivedData/AgendaHOF-bvieputxojihcqchgwytombtvhqx/Build/Intermediates.noindex/swift-clocks.build/Debug-iphonesimulator/Clocks.build/Clocks.DependencyStaticMetadataFileList --swift-const-vals-list /Users/nicolas/Library/Developer/Xcode/DerivedData/AgendaHOF-bvieputxojihcqchgwytombtvhqx/Build/Intermediates.noindex/swift-clocks.build/Debug-iphonesimulator/Clocks.build/Objects-normal/arm64/Clocks.SwiftConstValuesFileList --force --compile-time-extraction --deployment-aware-processing --validate-assistant-intents --no-app-shortcuts-localization
2026-01-03 23:43:40.318 appintentsmetadataprocessor[19304:184361] Starting appintentsmetadataprocessor export
2026-01-03 23:43:40.677 appintentsmetadataprocessor[19304:184361] Extracted no relevant App Intents symbols, skipping writing output

SwiftDriverJobDiscovery normal arm64 Compiling HTTPFields.swift, HTTPRequest.swift, HTTPResponse.swift (in target 'Helpers' from project 'Supabase')

SwiftDriverJobDiscovery normal arm64 Compiling SupabaseLogger.swift, HTTPError.swift (in target 'Helpers' from project 'Supabase')

SwiftDriverJobDiscovery normal arm64 Emitting module for Helpers (in target 'Helpers' from project 'Supabase')

ExtractAppIntentsMetadata (in target 'AgendaWidgetExtension' from project 'AgendaHOF')
    cd /Users/nicolas/Documents/aplicativos-sites/AgendaHOF-iOS
    /Applications/Xcode.app/Contents/Developer/Toolchains/XcodeDefault.xctoolchain/usr/bin/appintentsmetadataprocessor --toolchain-dir /Applications/Xcode.app/Contents/Developer/Toolchains/XcodeDefault.xctoolchain --module-name AgendaWidgetExtension --sdk-root /Applications/Xcode.app/Contents/Developer/Platforms/iPhoneSimulator.platform/Developer/SDKs/iPhoneSimulator26.2.sdk --xcode-version 17C52 --platform-family iOS --deployment-target 18.4 --bundle-identifier com.agendahof.swift.AgendaWidget --output /Users/nicolas/Library/Developer/Xcode/DerivedData/AgendaHOF-bvieputxojihcqchgwytombtvhqx/Build/Products/Debug-iphonesimulator/AgendaWidgetExtension.appex --target-triple arm64-apple-ios18.4-simulator --binary-file /Users/nicolas/Library/Developer/Xcode/DerivedData/AgendaHOF-bvieputxojihcqchgwytombtvhqx/Build/Products/Debug-iphonesimulator/AgendaWidgetExtension.appex/AgendaWidgetExtension --dependency-file /Users/nicolas/Library/Developer/Xcode/DerivedData/AgendaHOF-bvieputxojihcqchgwytombtvhqx/Build/Intermediates.noindex/AgendaHOF.build/Debug-iphonesimulator/AgendaWidgetExtension.build/Objects-normal/arm64/AgendaWidgetExtension_dependency_info.dat --stringsdata-file /Users/nicolas/Library/Developer/Xcode/DerivedData/AgendaHOF-bvieputxojihcqchgwytombtvhqx/Build/Intermediates.noindex/AgendaHOF.build/Debug-iphonesimulator/AgendaWidgetExtension.build/Objects-normal/arm64/ExtractedAppShortcutsMetadata.stringsdata --source-file-list /Users/nicolas/Library/Developer/Xcode/DerivedData/AgendaHOF-bvieputxojihcqchgwytombtvhqx/Build/Intermediates.noindex/AgendaHOF.build/Debug-iphonesimulator/AgendaWidgetExtension.build/Objects-normal/arm64/AgendaWidgetExtension.SwiftFileList --metadata-file-list /Users/nicolas/Library/Developer/Xcode/DerivedData/AgendaHOF-bvieputxojihcqchgwytombtvhqx/Build/Intermediates.noindex/AgendaHOF.build/Debug-iphonesimulator/AgendaWidgetExtension.build/AgendaWidgetExtension.DependencyMetadataFileList --static-metadata-file-list /Users/nicolas/Library/Developer/Xcode/DerivedData/AgendaHOF-bvieputxojihcqchgwytombtvhqx/Build/Intermediates.noindex/AgendaHOF.build/Debug-iphonesimulator/AgendaWidgetExtension.build/AgendaWidgetExtension.DependencyStaticMetadataFileList --swift-const-vals-list /Users/nicolas/Library/Developer/Xcode/DerivedData/AgendaHOF-bvieputxojihcqchgwytombtvhqx/Build/Intermediates.noindex/AgendaHOF.build/Debug-iphonesimulator/AgendaWidgetExtension.build/Objects-normal/arm64/AgendaWidgetExtension.SwiftConstValuesFileList --compile-time-extraction --deployment-aware-processing --validate-assistant-intents --no-app-shortcuts-localization
2026-01-03 23:43:40.328 appintentsmetadataprocessor[19305:184363] Starting appintentsmetadataprocessor export
2026-01-03 23:43:40.740 appintentsmetadataprocessor[19305:184363] Extracted no relevant App Intents symbols, skipping writing output

SwiftDriver\ Compilation\ Requirements Helpers normal arm64 com.apple.xcode.tools.swift.compiler (in target 'Helpers' from project 'Supabase')
    cd /Users/nicolas/Documents/aplicativos-sites/AgendaHOF-iOS/AgendaHOF.xcodeproj
    builtin-Swift-Compilation-Requirements -- /Applications/Xcode.app/Contents/Developer/Toolchains/XcodeDefault.xctoolchain/usr/bin/swiftc -module-name Helpers -Onone -enforce-exclusivity\=checked @/Users/nicolas/Library/Developer/Xcode/DerivedData/AgendaHOF-bvieputxojihcqchgwytombtvhqx/Build/Intermediates.noindex/Supabase.build/Debug-iphonesimulator/Helpers.build/Objects-normal/arm64/Helpers.SwiftFileList -DSWIFT_PACKAGE -DDEBUG -DSWIFT_MODULE_RESOURCE_BUNDLE_UNAVAILABLE -DXcode -enable-upcoming-feature ExistentialAny -enable-experimental-feature StrictConcurrency -plugin-path /Applications/Xcode.app/Contents/Developer/Toolchains/XcodeDefault.xctoolchain/usr/lib/swift/host/plugins/testing -enable-experimental-feature DebugDescriptionMacro -sdk /Applications/Xcode.app/Contents/Developer/Platforms/iPhoneSimulator.platform/Developer/SDKs/iPhoneSimulator26.2.sdk -target arm64-apple-ios13.0-simulator -g -module-cache-path /Users/nicolas/Library/Developer/Xcode/DerivedData/ModuleCache.noindex -Xfrontend -serialize-debugging-options -profile-coverage-mapping -profile-generate -enable-testing -suppress-warnings -index-store-path /Users/nicolas/Library/Developer/Xcode/DerivedData/AgendaHOF-bvieputxojihcqchgwytombtvhqx/Index.noindex/DataStore -Xcc -D_LIBCPP_HARDENING_MODE\=_LIBCPP_HARDENING_MODE_DEBUG -swift-version 5 -I /Users/nicolas/Library/Developer/Xcode/DerivedData/AgendaHOF-bvieputxojihcqchgwytombtvhqx/Build/Products/Debug-iphonesimulator -Isystem /Applications/Xcode.app/Contents/Developer/Platforms/iPhoneSimulator.platform/Developer/usr/lib -F /Users/nicolas/Library/Developer/Xcode/DerivedData/AgendaHOF-bvieputxojihcqchgwytombtvhqx/Build/Products/Debug-iphonesimulator/PackageFrameworks -F /Users/nicolas/Library/Developer/Xcode/DerivedData/AgendaHOF-bvieputxojihcqchgwytombtvhqx/Build/Products/Debug-iphonesimulator/PackageFrameworks -F /Users/nicolas/Library/Developer/Xcode/DerivedData/AgendaHOF-bvieputxojihcqchgwytombtvhqx/Build/Products/Debug-iphonesimulator/PackageFrameworks -F /Users/nicolas/Library/Developer/Xcode/DerivedData/AgendaHOF-bvieputxojihcqchgwytombtvhqx/Build/Products/Debug-iphonesimulator/PackageFrameworks -F /Users/nicolas/Library/Developer/Xcode/DerivedData/AgendaHOF-bvieputxojihcqchgwytombtvhqx/Build/Products/Debug-iphonesimulator/PackageFrameworks -F /Users/nicolas/Library/Developer/Xcode/DerivedData/AgendaHOF-bvieputxojihcqchgwytombtvhqx/Build/Products/Debug-iphonesimulator/PackageFrameworks -F /Users/nicolas/Library/Developer/Xcode/DerivedData/AgendaHOF-bvieputxojihcqchgwytombtvhqx/Build/Products/Debug-iphonesimulator -F /Applications/Xcode.app/Contents/Developer/Platforms/iPhoneSimulator.platform/Developer/Library/Frameworks -F /Applications/Xcode.app/Contents/Developer/Platforms/iPhoneSimulator.platform/Developer/SDKs/iPhoneSimulator26.2.sdk/Developer/Library/Frameworks -c -j10 -enable-batch-mode -incremental -Xcc -ivfsstatcache -Xcc /Users/nicolas/Library/Developer/Xcode/DerivedData/SDKStatCaches.noindex/iphonesimulator26.2-23C53-7d00a8b37fbd7999ea79df8ebc024bf0.sdkstatcache -output-file-map /Users/nicolas/Library/Developer/Xcode/DerivedData/AgendaHOF-bvieputxojihcqchgwytombtvhqx/Build/Intermediates.noindex/Supabase.build/Debug-iphonesimulator/Helpers.build/Objects-normal/arm64/Helpers-OutputFileMap.json -use-frontend-parseable-output -save-temps -no-color-diagnostics -explicit-module-build -module-cache-path /Users/nicolas/Library/Developer/Xcode/DerivedData/AgendaHOF-bvieputxojihcqchgwytombtvhqx/Build/Intermediates.noindex/SwiftExplicitPrecompiledModules -clang-scanner-module-cache-path /Users/nicolas/Library/Developer/Xcode/DerivedData/ModuleCache.noindex -sdk-module-cache-path /Users/nicolas/Library/Developer/Xcode/DerivedData/ModuleCache.noindex -serialize-diagnostics -emit-dependencies -emit-module -emit-module-path /Users/nicolas/Library/Developer/Xcode/DerivedData/AgendaHOF-bvieputxojihcqchgwytombtvhqx/Build/Intermediates.noindex/Supabase.build/Debug-iphonesimulator/Helpers.build/Objects-normal/arm64/Helpers.swiftmodule -validate-clang-modules-once -clang-build-session-file /Users/nicolas/Library/Developer/Xcode/DerivedData/ModuleCache.noindex/Session.modulevalidation -package-name supabase_swift -Xcc -I/Users/nicolas/Library/Developer/Xcode/DerivedData/AgendaHOF-bvieputxojihcqchgwytombtvhqx/Build/Intermediates.noindex/Supabase.build/Debug-iphonesimulator/Helpers.build/swift-overrides.hmap -emit-const-values -Xfrontend -const-gather-protocols-file -Xfrontend /Users/nicolas/Library/Developer/Xcode/DerivedData/AgendaHOF-bvieputxojihcqchgwytombtvhqx/Build/Intermediates.noindex/Supabase.build/Debug-iphonesimulator/Helpers.build/Objects-normal/arm64/Helpers_const_extract_protocols.json -Xcc -I/Users/nicolas/Library/Developer/Xcode/DerivedData/AgendaHOF-bvieputxojihcqchgwytombtvhqx/Build/Products/Debug-iphonesimulator/include -Xcc -I/Users/nicolas/Library/Developer/Xcode/DerivedData/AgendaHOF-bvieputxojihcqchgwytombtvhqx/Build/Intermediates.noindex/Supabase.build/Debug-iphonesimulator/Helpers.build/DerivedSources-normal/arm64 -Xcc -I/Users/nicolas/Library/Developer/Xcode/DerivedData/AgendaHOF-bvieputxojihcqchgwytombtvhqx/Build/Intermediates.noindex/Supabase.build/Debug-iphonesimulator/Helpers.build/DerivedSources/arm64 -Xcc -I/Users/nicolas/Library/Developer/Xcode/DerivedData/AgendaHOF-bvieputxojihcqchgwytombtvhqx/Build/Intermediates.noindex/Supabase.build/Debug-iphonesimulator/Helpers.build/DerivedSources -Xcc -DSWIFT_PACKAGE -Xcc -DDEBUG\=1 -emit-objc-header -emit-objc-header-path /Users/nicolas/Library/Developer/Xcode/DerivedData/AgendaHOF-bvieputxojihcqchgwytombtvhqx/Build/Intermediates.noindex/Supabase.build/Debug-iphonesimulator/Helpers.build/Objects-normal/arm64/Helpers-Swift.h -working-directory /Users/nicolas/Documents/aplicativos-sites/AgendaHOF-iOS/AgendaHOF.xcodeproj -experimental-emit-module-separately -disable-cmo

SwiftMergeGeneratedHeaders /Users/nicolas/Library/Developer/Xcode/DerivedData/AgendaHOF-bvieputxojihcqchgwytombtvhqx/Build/Intermediates.noindex/GeneratedModuleMaps-iphonesimulator/Helpers-Swift.h /Users/nicolas/Library/Developer/Xcode/DerivedData/AgendaHOF-bvieputxojihcqchgwytombtvhqx/Build/Intermediates.noindex/Supabase.build/Debug-iphonesimulator/Helpers.build/Objects-normal/arm64/Helpers-Swift.h (in target 'Helpers' from project 'Supabase')
    cd /Users/nicolas/Library/Developer/Xcode/DerivedData/AgendaHOF-bvieputxojihcqchgwytombtvhqx/SourcePackages/checkouts/supabase-swift
    builtin-swiftHeaderTool -arch arm64 /Users/nicolas/Library/Developer/Xcode/DerivedData/AgendaHOF-bvieputxojihcqchgwytombtvhqx/Build/Intermediates.noindex/Supabase.build/Debug-iphonesimulator/Helpers.build/Objects-normal/arm64/Helpers-Swift.h -o /Users/nicolas/Library/Developer/Xcode/DerivedData/AgendaHOF-bvieputxojihcqchgwytombtvhqx/Build/Intermediates.noindex/GeneratedModuleMaps-iphonesimulator/Helpers-Swift.h

Copy /Users/nicolas/Library/Developer/Xcode/DerivedData/AgendaHOF-bvieputxojihcqchgwytombtvhqx/Build/Products/Debug-iphonesimulator/Helpers.swiftmodule/arm64-apple-ios-simulator.swiftmodule /Users/nicolas/Library/Developer/Xcode/DerivedData/AgendaHOF-bvieputxojihcqchgwytombtvhqx/Build/Intermediates.noindex/Supabase.build/Debug-iphonesimulator/Helpers.build/Objects-normal/arm64/Helpers.swiftmodule (in target 'Helpers' from project 'Supabase')
    cd /Users/nicolas/Library/Developer/Xcode/DerivedData/AgendaHOF-bvieputxojihcqchgwytombtvhqx/SourcePackages/checkouts/supabase-swift
    builtin-copy -exclude .DS_Store -exclude CVS -exclude .svn -exclude .git -exclude .hg -resolve-src-symlinks -rename /Users/nicolas/Library/Developer/Xcode/DerivedData/AgendaHOF-bvieputxojihcqchgwytombtvhqx/Build/Intermediates.noindex/Supabase.build/Debug-iphonesimulator/Helpers.build/Objects-normal/arm64/Helpers.swiftmodule /Users/nicolas/Library/Developer/Xcode/DerivedData/AgendaHOF-bvieputxojihcqchgwytombtvhqx/Build/Products/Debug-iphonesimulator/Helpers.swiftmodule/arm64-apple-ios-simulator.swiftmodule

Copy /Users/nicolas/Library/Developer/Xcode/DerivedData/AgendaHOF-bvieputxojihcqchgwytombtvhqx/Build/Products/Debug-iphonesimulator/Helpers.swiftmodule/arm64-apple-ios-simulator.swiftdoc /Users/nicolas/Library/Developer/Xcode/DerivedData/AgendaHOF-bvieputxojihcqchgwytombtvhqx/Build/Intermediates.noindex/Supabase.build/Debug-iphonesimulator/Helpers.build/Objects-normal/arm64/Helpers.swiftdoc (in target 'Helpers' from project 'Supabase')
    cd /Users/nicolas/Library/Developer/Xcode/DerivedData/AgendaHOF-bvieputxojihcqchgwytombtvhqx/SourcePackages/checkouts/supabase-swift
    builtin-copy -exclude .DS_Store -exclude CVS -exclude .svn -exclude .git -exclude .hg -resolve-src-symlinks -rename /Users/nicolas/Library/Developer/Xcode/DerivedData/AgendaHOF-bvieputxojihcqchgwytombtvhqx/Build/Intermediates.noindex/Supabase.build/Debug-iphonesimulator/Helpers.build/Objects-normal/arm64/Helpers.swiftdoc /Users/nicolas/Library/Developer/Xcode/DerivedData/AgendaHOF-bvieputxojihcqchgwytombtvhqx/Build/Products/Debug-iphonesimulator/Helpers.swiftmodule/arm64-apple-ios-simulator.swiftdoc

Copy /Users/nicolas/Library/Developer/Xcode/DerivedData/AgendaHOF-bvieputxojihcqchgwytombtvhqx/Build/Products/Debug-iphonesimulator/Helpers.swiftmodule/arm64-apple-ios-simulator.abi.json /Users/nicolas/Library/Developer/Xcode/DerivedData/AgendaHOF-bvieputxojihcqchgwytombtvhqx/Build/Intermediates.noindex/Supabase.build/Debug-iphonesimulator/Helpers.build/Objects-normal/arm64/Helpers.abi.json (in target 'Helpers' from project 'Supabase')
    cd /Users/nicolas/Library/Developer/Xcode/DerivedData/AgendaHOF-bvieputxojihcqchgwytombtvhqx/SourcePackages/checkouts/supabase-swift
    builtin-copy -exclude .DS_Store -exclude CVS -exclude .svn -exclude .git -exclude .hg -resolve-src-symlinks -rename /Users/nicolas/Library/Developer/Xcode/DerivedData/AgendaHOF-bvieputxojihcqchgwytombtvhqx/Build/Intermediates.noindex/Supabase.build/Debug-iphonesimulator/Helpers.build/Objects-normal/arm64/Helpers.abi.json /Users/nicolas/Library/Developer/Xcode/DerivedData/AgendaHOF-bvieputxojihcqchgwytombtvhqx/Build/Products/Debug-iphonesimulator/Helpers.swiftmodule/arm64-apple-ios-simulator.abi.json

Copy /Users/nicolas/Library/Developer/Xcode/DerivedData/AgendaHOF-bvieputxojihcqchgwytombtvhqx/Build/Products/Debug-iphonesimulator/Helpers.swiftmodule/Project/arm64-apple-ios-simulator.swiftsourceinfo /Users/nicolas/Library/Developer/Xcode/DerivedData/AgendaHOF-bvieputxojihcqchgwytombtvhqx/Build/Intermediates.noindex/Supabase.build/Debug-iphonesimulator/Helpers.build/Objects-normal/arm64/Helpers.swiftsourceinfo (in target 'Helpers' from project 'Supabase')
    cd /Users/nicolas/Library/Developer/Xcode/DerivedData/AgendaHOF-bvieputxojihcqchgwytombtvhqx/SourcePackages/checkouts/supabase-swift
    builtin-copy -exclude .DS_Store -exclude CVS -exclude .svn -exclude .git -exclude .hg -resolve-src-symlinks -rename /Users/nicolas/Library/Developer/Xcode/DerivedData/AgendaHOF-bvieputxojihcqchgwytombtvhqx/Build/Intermediates.noindex/Supabase.build/Debug-iphonesimulator/Helpers.build/Objects-normal/arm64/Helpers.swiftsourceinfo /Users/nicolas/Library/Developer/Xcode/DerivedData/AgendaHOF-bvieputxojihcqchgwytombtvhqx/Build/Products/Debug-iphonesimulator/Helpers.swiftmodule/Project/arm64-apple-ios-simulator.swiftsourceinfo

SwiftDriverJobDiscovery normal arm64 Compiling Version.swift, _Clock.swift (in target 'Helpers' from project 'Supabase')

SwiftDriver Storage normal arm64 com.apple.xcode.tools.swift.compiler (in target 'Storage' from project 'Supabase')
    cd /Users/nicolas/Documents/aplicativos-sites/AgendaHOF-iOS/AgendaHOF.xcodeproj
    builtin-SwiftDriver -- /Applications/Xcode.app/Contents/Developer/Toolchains/XcodeDefault.xctoolchain/usr/bin/swiftc -module-name Storage -Onone -enforce-exclusivity\=checked @/Users/nicolas/Library/Developer/Xcode/DerivedData/AgendaHOF-bvieputxojihcqchgwytombtvhqx/Build/Intermediates.noindex/Supabase.build/Debug-iphonesimulator/Storage.build/Objects-normal/arm64/Storage.SwiftFileList -DSWIFT_PACKAGE -DDEBUG -DSWIFT_MODULE_RESOURCE_BUNDLE_UNAVAILABLE -DXcode -enable-upcoming-feature ExistentialAny -enable-experimental-feature StrictConcurrency -plugin-path /Applications/Xcode.app/Contents/Developer/Toolchains/XcodeDefault.xctoolchain/usr/lib/swift/host/plugins/testing -enable-experimental-feature DebugDescriptionMacro -sdk /Applications/Xcode.app/Contents/Developer/Platforms/iPhoneSimulator.platform/Developer/SDKs/iPhoneSimulator26.2.sdk -target arm64-apple-ios13.0-simulator -g -module-cache-path /Users/nicolas/Library/Developer/Xcode/DerivedData/ModuleCache.noindex -Xfrontend -serialize-debugging-options -profile-coverage-mapping -profile-generate -enable-testing -suppress-warnings -index-store-path /Users/nicolas/Library/Developer/Xcode/DerivedData/AgendaHOF-bvieputxojihcqchgwytombtvhqx/Index.noindex/DataStore -Xcc -D_LIBCPP_HARDENING_MODE\=_LIBCPP_HARDENING_MODE_DEBUG -swift-version 5 -I /Users/nicolas/Library/Developer/Xcode/DerivedData/AgendaHOF-bvieputxojihcqchgwytombtvhqx/Build/Products/Debug-iphonesimulator -Isystem /Applications/Xcode.app/Contents/Developer/Platforms/iPhoneSimulator.platform/Developer/usr/lib -F /Users/nicolas/Library/Developer/Xcode/DerivedData/AgendaHOF-bvieputxojihcqchgwytombtvhqx/Build/Products/Debug-iphonesimulator/PackageFrameworks -F /Users/nicolas/Library/Developer/Xcode/DerivedData/AgendaHOF-bvieputxojihcqchgwytombtvhqx/Build/Products/Debug-iphonesimulator/PackageFrameworks -F /Users/nicolas/Library/Developer/Xcode/DerivedData/AgendaHOF-bvieputxojihcqchgwytombtvhqx/Build/Products/Debug-iphonesimulator/PackageFrameworks -F /Users/nicolas/Library/Developer/Xcode/DerivedData/AgendaHOF-bvieputxojihcqchgwytombtvhqx/Build/Products/Debug-iphonesimulator/PackageFrameworks -F /Users/nicolas/Library/Developer/Xcode/DerivedData/AgendaHOF-bvieputxojihcqchgwytombtvhqx/Build/Products/Debug-iphonesimulator/PackageFrameworks -F /Users/nicolas/Library/Developer/Xcode/DerivedData/AgendaHOF-bvieputxojihcqchgwytombtvhqx/Build/Products/Debug-iphonesimulator/PackageFrameworks -F /Users/nicolas/Library/Developer/Xcode/DerivedData/AgendaHOF-bvieputxojihcqchgwytombtvhqx/Build/Products/Debug-iphonesimulator/PackageFrameworks -F /Users/nicolas/Library/Developer/Xcode/DerivedData/AgendaHOF-bvieputxojihcqchgwytombtvhqx/Build/Products/Debug-iphonesimulator -F /Applications/Xcode.app/Contents/Developer/Platforms/iPhoneSimulator.platform/Developer/Library/Frameworks -F /Applications/Xcode.app/Contents/Developer/Platforms/iPhoneSimulator.platform/Developer/SDKs/iPhoneSimulator26.2.sdk/Developer/Library/Frameworks -c -j10 -enable-batch-mode -incremental -Xcc -ivfsstatcache -Xcc /Users/nicolas/Library/Developer/Xcode/DerivedData/SDKStatCaches.noindex/iphonesimulator26.2-23C53-7d00a8b37fbd7999ea79df8ebc024bf0.sdkstatcache -output-file-map /Users/nicolas/Library/Developer/Xcode/DerivedData/AgendaHOF-bvieputxojihcqchgwytombtvhqx/Build/Intermediates.noindex/Supabase.build/Debug-iphonesimulator/Storage.build/Objects-normal/arm64/Storage-OutputFileMap.json -use-frontend-parseable-output -save-temps -no-color-diagnostics -explicit-module-build -module-cache-path /Users/nicolas/Library/Developer/Xcode/DerivedData/AgendaHOF-bvieputxojihcqchgwytombtvhqx/Build/Intermediates.noindex/SwiftExplicitPrecompiledModules -clang-scanner-module-cache-path /Users/nicolas/Library/Developer/Xcode/DerivedData/ModuleCache.noindex -sdk-module-cache-path /Users/nicolas/Library/Developer/Xcode/DerivedData/ModuleCache.noindex -serialize-diagnostics -emit-dependencies -emit-module -emit-module-path /Users/nicolas/Library/Developer/Xcode/DerivedData/AgendaHOF-bvieputxojihcqchgwytombtvhqx/Build/Intermediates.noindex/Supabase.build/Debug-iphonesimulator/Storage.build/Objects-normal/arm64/Storage.swiftmodule -validate-clang-modules-once -clang-build-session-file /Users/nicolas/Library/Developer/Xcode/DerivedData/ModuleCache.noindex/Session.modulevalidation -package-name supabase_swift -Xcc -I/Users/nicolas/Library/Developer/Xcode/DerivedData/AgendaHOF-bvieputxojihcqchgwytombtvhqx/Build/Intermediates.noindex/Supabase.build/Debug-iphonesimulator/Storage.build/swift-overrides.hmap -emit-const-values -Xfrontend -const-gather-protocols-file -Xfrontend /Users/nicolas/Library/Developer/Xcode/DerivedData/AgendaHOF-bvieputxojihcqchgwytombtvhqx/Build/Intermediates.noindex/Supabase.build/Debug-iphonesimulator/Storage.build/Objects-normal/arm64/Storage_const_extract_protocols.json -Xcc -I/Users/nicolas/Library/Developer/Xcode/DerivedData/AgendaHOF-bvieputxojihcqchgwytombtvhqx/Build/Products/Debug-iphonesimulator/include -Xcc -I/Users/nicolas/Library/Developer/Xcode/DerivedData/AgendaHOF-bvieputxojihcqchgwytombtvhqx/Build/Intermediates.noindex/Supabase.build/Debug-iphonesimulator/Storage.build/DerivedSources-normal/arm64 -Xcc -I/Users/nicolas/Library/Developer/Xcode/DerivedData/AgendaHOF-bvieputxojihcqchgwytombtvhqx/Build/Intermediates.noindex/Supabase.build/Debug-iphonesimulator/Storage.build/DerivedSources/arm64 -Xcc -I/Users/nicolas/Library/Developer/Xcode/DerivedData/AgendaHOF-bvieputxojihcqchgwytombtvhqx/Build/Intermediates.noindex/Supabase.build/Debug-iphonesimulator/Storage.build/DerivedSources -Xcc -DSWIFT_PACKAGE -Xcc -DDEBUG\=1 -emit-objc-header -emit-objc-header-path /Users/nicolas/Library/Developer/Xcode/DerivedData/AgendaHOF-bvieputxojihcqchgwytombtvhqx/Build/Intermediates.noindex/Supabase.build/Debug-iphonesimulator/Storage.build/Objects-normal/arm64/Storage-Swift.h -working-directory /Users/nicolas/Documents/aplicativos-sites/AgendaHOF-iOS/AgendaHOF.xcodeproj -experimental-emit-module-separately -disable-cmo

SwiftDriver Realtime normal arm64 com.apple.xcode.tools.swift.compiler (in target 'Realtime' from project 'Supabase')
    cd /Users/nicolas/Documents/aplicativos-sites/AgendaHOF-iOS/AgendaHOF.xcodeproj
    builtin-SwiftDriver -- /Applications/Xcode.app/Contents/Developer/Toolchains/XcodeDefault.xctoolchain/usr/bin/swiftc -module-name Realtime -Onone -enforce-exclusivity\=checked @/Users/nicolas/Library/Developer/Xcode/DerivedData/AgendaHOF-bvieputxojihcqchgwytombtvhqx/Build/Intermediates.noindex/Supabase.build/Debug-iphonesimulator/Realtime.build/Objects-normal/arm64/Realtime.SwiftFileList -DSWIFT_PACKAGE -DDEBUG -DSWIFT_MODULE_RESOURCE_BUNDLE_UNAVAILABLE -DXcode -enable-upcoming-feature ExistentialAny -enable-experimental-feature StrictConcurrency -plugin-path /Applications/Xcode.app/Contents/Developer/Toolchains/XcodeDefault.xctoolchain/usr/lib/swift/host/plugins/testing -enable-experimental-feature DebugDescriptionMacro -sdk /Applications/Xcode.app/Contents/Developer/Platforms/iPhoneSimulator.platform/Developer/SDKs/iPhoneSimulator26.2.sdk -target arm64-apple-ios13.0-simulator -g -module-cache-path /Users/nicolas/Library/Developer/Xcode/DerivedData/ModuleCache.noindex -Xfrontend -serialize-debugging-options -profile-coverage-mapping -profile-generate -enable-testing -suppress-warnings -index-store-path /Users/nicolas/Library/Developer/Xcode/DerivedData/AgendaHOF-bvieputxojihcqchgwytombtvhqx/Index.noindex/DataStore -Xcc -D_LIBCPP_HARDENING_MODE\=_LIBCPP_HARDENING_MODE_DEBUG -swift-version 5 -I /Users/nicolas/Library/Developer/Xcode/DerivedData/AgendaHOF-bvieputxojihcqchgwytombtvhqx/Build/Products/Debug-iphonesimulator -Isystem /Applications/Xcode.app/Contents/Developer/Platforms/iPhoneSimulator.platform/Developer/usr/lib -F /Users/nicolas/Library/Developer/Xcode/DerivedData/AgendaHOF-bvieputxojihcqchgwytombtvhqx/Build/Products/Debug-iphonesimulator/PackageFrameworks -F /Users/nicolas/Library/Developer/Xcode/DerivedData/AgendaHOF-bvieputxojihcqchgwytombtvhqx/Build/Products/Debug-iphonesimulator/PackageFrameworks -F /Users/nicolas/Library/Developer/Xcode/DerivedData/AgendaHOF-bvieputxojihcqchgwytombtvhqx/Build/Products/Debug-iphonesimulator/PackageFrameworks -F /Users/nicolas/Library/Developer/Xcode/DerivedData/AgendaHOF-bvieputxojihcqchgwytombtvhqx/Build/Products/Debug-iphonesimulator/PackageFrameworks -F /Users/nicolas/Library/Developer/Xcode/DerivedData/AgendaHOF-bvieputxojihcqchgwytombtvhqx/Build/Products/Debug-iphonesimulator/PackageFrameworks -F /Users/nicolas/Library/Developer/Xcode/DerivedData/AgendaHOF-bvieputxojihcqchgwytombtvhqx/Build/Products/Debug-iphonesimulator/PackageFrameworks -F /Users/nicolas/Library/Developer/Xcode/DerivedData/AgendaHOF-bvieputxojihcqchgwytombtvhqx/Build/Products/Debug-iphonesimulator/PackageFrameworks -F /Users/nicolas/Library/Developer/Xcode/DerivedData/AgendaHOF-bvieputxojihcqchgwytombtvhqx/Build/Products/Debug-iphonesimulator -F /Applications/Xcode.app/Contents/Developer/Platforms/iPhoneSimulator.platform/Developer/Library/Frameworks -F /Applications/Xcode.app/Contents/Developer/Platforms/iPhoneSimulator.platform/Developer/SDKs/iPhoneSimulator26.2.sdk/Developer/Library/Frameworks -c -j10 -enable-batch-mode -incremental -Xcc -ivfsstatcache -Xcc /Users/nicolas/Library/Developer/Xcode/DerivedData/SDKStatCaches.noindex/iphonesimulator26.2-23C53-7d00a8b37fbd7999ea79df8ebc024bf0.sdkstatcache -output-file-map /Users/nicolas/Library/Developer/Xcode/DerivedData/AgendaHOF-bvieputxojihcqchgwytombtvhqx/Build/Intermediates.noindex/Supabase.build/Debug-iphonesimulator/Realtime.build/Objects-normal/arm64/Realtime-OutputFileMap.json -use-frontend-parseable-output -save-temps -no-color-diagnostics -explicit-module-build -module-cache-path /Users/nicolas/Library/Developer/Xcode/DerivedData/AgendaHOF-bvieputxojihcqchgwytombtvhqx/Build/Intermediates.noindex/SwiftExplicitPrecompiledModules -clang-scanner-module-cache-path /Users/nicolas/Library/Developer/Xcode/DerivedData/ModuleCache.noindex -sdk-module-cache-path /Users/nicolas/Library/Developer/Xcode/DerivedData/ModuleCache.noindex -serialize-diagnostics -emit-dependencies -emit-module -emit-module-path /Users/nicolas/Library/Developer/Xcode/DerivedData/AgendaHOF-bvieputxojihcqchgwytombtvhqx/Build/Intermediates.noindex/Supabase.build/Debug-iphonesimulator/Realtime.build/Objects-normal/arm64/Realtime.swiftmodule -validate-clang-modules-once -clang-build-session-file /Users/nicolas/Library/Developer/Xcode/DerivedData/ModuleCache.noindex/Session.modulevalidation -package-name supabase_swift -Xcc -I/Users/nicolas/Library/Developer/Xcode/DerivedData/AgendaHOF-bvieputxojihcqchgwytombtvhqx/Build/Intermediates.noindex/Supabase.build/Debug-iphonesimulator/Realtime.build/swift-overrides.hmap -emit-const-values -Xfrontend -const-gather-protocols-file -Xfrontend /Users/nicolas/Library/Developer/Xcode/DerivedData/AgendaHOF-bvieputxojihcqchgwytombtvhqx/Build/Intermediates.noindex/Supabase.build/Debug-iphonesimulator/Realtime.build/Objects-normal/arm64/Realtime_const_extract_protocols.json -Xcc -I/Users/nicolas/Library/Developer/Xcode/DerivedData/AgendaHOF-bvieputxojihcqchgwytombtvhqx/Build/Products/Debug-iphonesimulator/include -Xcc -I/Users/nicolas/Library/Developer/Xcode/DerivedData/AgendaHOF-bvieputxojihcqchgwytombtvhqx/Build/Intermediates.noindex/Supabase.build/Debug-iphonesimulator/Realtime.build/DerivedSources-normal/arm64 -Xcc -I/Users/nicolas/Library/Developer/Xcode/DerivedData/AgendaHOF-bvieputxojihcqchgwytombtvhqx/Build/Intermediates.noindex/Supabase.build/Debug-iphonesimulator/Realtime.build/DerivedSources/arm64 -Xcc -I/Users/nicolas/Library/Developer/Xcode/DerivedData/AgendaHOF-bvieputxojihcqchgwytombtvhqx/Build/Intermediates.noindex/Supabase.build/Debug-iphonesimulator/Realtime.build/DerivedSources -Xcc -DSWIFT_PACKAGE -Xcc -DDEBUG\=1 -emit-objc-header -emit-objc-header-path /Users/nicolas/Library/Developer/Xcode/DerivedData/AgendaHOF-bvieputxojihcqchgwytombtvhqx/Build/Intermediates.noindex/Supabase.build/Debug-iphonesimulator/Realtime.build/Objects-normal/arm64/Realtime-Swift.h -working-directory /Users/nicolas/Documents/aplicativos-sites/AgendaHOF-iOS/AgendaHOF.xcodeproj -experimental-emit-module-separately -disable-cmo

SwiftDriverJobDiscovery normal arm64 Compiling LoggerInterceptor.swift, RetryRequestInterceptor.swift (in target 'Helpers' from project 'Supabase')

SwiftDriver PostgREST normal arm64 com.apple.xcode.tools.swift.compiler (in target 'PostgREST' from project 'Supabase')
    cd /Users/nicolas/Documents/aplicativos-sites/AgendaHOF-iOS/AgendaHOF.xcodeproj
    builtin-SwiftDriver -- /Applications/Xcode.app/Contents/Developer/Toolchains/XcodeDefault.xctoolchain/usr/bin/swiftc -module-name PostgREST -Onone -enforce-exclusivity\=checked @/Users/nicolas/Library/Developer/Xcode/DerivedData/AgendaHOF-bvieputxojihcqchgwytombtvhqx/Build/Intermediates.noindex/Supabase.build/Debug-iphonesimulator/PostgREST.build/Objects-normal/arm64/PostgREST.SwiftFileList -DSWIFT_PACKAGE -DDEBUG -DSWIFT_MODULE_RESOURCE_BUNDLE_UNAVAILABLE -DXcode -enable-upcoming-feature ExistentialAny -enable-experimental-feature StrictConcurrency -plugin-path /Applications/Xcode.app/Contents/Developer/Toolchains/XcodeDefault.xctoolchain/usr/lib/swift/host/plugins/testing -enable-experimental-feature DebugDescriptionMacro -sdk /Applications/Xcode.app/Contents/Developer/Platforms/iPhoneSimulator.platform/Developer/SDKs/iPhoneSimulator26.2.sdk -target arm64-apple-ios13.0-simulator -g -module-cache-path /Users/nicolas/Library/Developer/Xcode/DerivedData/ModuleCache.noindex -Xfrontend -serialize-debugging-options -profile-coverage-mapping -profile-generate -enable-testing -suppress-warnings -index-store-path /Users/nicolas/Library/Developer/Xcode/DerivedData/AgendaHOF-bvieputxojihcqchgwytombtvhqx/Index.noindex/DataStore -Xcc -D_LIBCPP_HARDENING_MODE\=_LIBCPP_HARDENING_MODE_DEBUG -swift-version 5 -I /Users/nicolas/Library/Developer/Xcode/DerivedData/AgendaHOF-bvieputxojihcqchgwytombtvhqx/Build/Products/Debug-iphonesimulator -Isystem /Applications/Xcode.app/Contents/Developer/Platforms/iPhoneSimulator.platform/Developer/usr/lib -F /Users/nicolas/Library/Developer/Xcode/DerivedData/AgendaHOF-bvieputxojihcqchgwytombtvhqx/Build/Products/Debug-iphonesimulator/PackageFrameworks -F /Users/nicolas/Library/Developer/Xcode/DerivedData/AgendaHOF-bvieputxojihcqchgwytombtvhqx/Build/Products/Debug-iphonesimulator/PackageFrameworks -F /Users/nicolas/Library/Developer/Xcode/DerivedData/AgendaHOF-bvieputxojihcqchgwytombtvhqx/Build/Products/Debug-iphonesimulator/PackageFrameworks -F /Users/nicolas/Library/Developer/Xcode/DerivedData/AgendaHOF-bvieputxojihcqchgwytombtvhqx/Build/Products/Debug-iphonesimulator/PackageFrameworks -F /Users/nicolas/Library/Developer/Xcode/DerivedData/AgendaHOF-bvieputxojihcqchgwytombtvhqx/Build/Products/Debug-iphonesimulator/PackageFrameworks -F /Users/nicolas/Library/Developer/Xcode/DerivedData/AgendaHOF-bvieputxojihcqchgwytombtvhqx/Build/Products/Debug-iphonesimulator/PackageFrameworks -F /Users/nicolas/Library/Developer/Xcode/DerivedData/AgendaHOF-bvieputxojihcqchgwytombtvhqx/Build/Products/Debug-iphonesimulator/PackageFrameworks -F /Users/nicolas/Library/Developer/Xcode/DerivedData/AgendaHOF-bvieputxojihcqchgwytombtvhqx/Build/Products/Debug-iphonesimulator -F /Applications/Xcode.app/Contents/Developer/Platforms/iPhoneSimulator.platform/Developer/Library/Frameworks -F /Applications/Xcode.app/Contents/Developer/Platforms/iPhoneSimulator.platform/Developer/SDKs/iPhoneSimulator26.2.sdk/Developer/Library/Frameworks -c -j10 -enable-batch-mode -incremental -Xcc -ivfsstatcache -Xcc /Users/nicolas/Library/Developer/Xcode/DerivedData/SDKStatCaches.noindex/iphonesimulator26.2-23C53-7d00a8b37fbd7999ea79df8ebc024bf0.sdkstatcache -output-file-map /Users/nicolas/Library/Developer/Xcode/DerivedData/AgendaHOF-bvieputxojihcqchgwytombtvhqx/Build/Intermediates.noindex/Supabase.build/Debug-iphonesimulator/PostgREST.build/Objects-normal/arm64/PostgREST-OutputFileMap.json -use-frontend-parseable-output -save-temps -no-color-diagnostics -explicit-module-build -module-cache-path /Users/nicolas/Library/Developer/Xcode/DerivedData/AgendaHOF-bvieputxojihcqchgwytombtvhqx/Build/Intermediates.noindex/SwiftExplicitPrecompiledModules -clang-scanner-module-cache-path /Users/nicolas/Library/Developer/Xcode/DerivedData/ModuleCache.noindex -sdk-module-cache-path /Users/nicolas/Library/Developer/Xcode/DerivedData/ModuleCache.noindex -serialize-diagnostics -emit-dependencies -emit-module -emit-module-path /Users/nicolas/Library/Developer/Xcode/DerivedData/AgendaHOF-bvieputxojihcqchgwytombtvhqx/Build/Intermediates.noindex/Supabase.build/Debug-iphonesimulator/PostgREST.build/Objects-normal/arm64/PostgREST.swiftmodule -validate-clang-modules-once -clang-build-session-file /Users/nicolas/Library/Developer/Xcode/DerivedData/ModuleCache.noindex/Session.modulevalidation -package-name supabase_swift -Xcc -I/Users/nicolas/Library/Developer/Xcode/DerivedData/AgendaHOF-bvieputxojihcqchgwytombtvhqx/Build/Intermediates.noindex/Supabase.build/Debug-iphonesimulator/PostgREST.build/swift-overrides.hmap -emit-const-values -Xfrontend -const-gather-protocols-file -Xfrontend /Users/nicolas/Library/Developer/Xcode/DerivedData/AgendaHOF-bvieputxojihcqchgwytombtvhqx/Build/Intermediates.noindex/Supabase.build/Debug-iphonesimulator/PostgREST.build/Objects-normal/arm64/PostgREST_const_extract_protocols.json -Xcc -I/Users/nicolas/Library/Developer/Xcode/DerivedData/AgendaHOF-bvieputxojihcqchgwytombtvhqx/Build/Products/Debug-iphonesimulator/include -Xcc -I/Users/nicolas/Library/Developer/Xcode/DerivedData/AgendaHOF-bvieputxojihcqchgwytombtvhqx/Build/Intermediates.noindex/Supabase.build/Debug-iphonesimulator/PostgREST.build/DerivedSources-normal/arm64 -Xcc -I/Users/nicolas/Library/Developer/Xcode/DerivedData/AgendaHOF-bvieputxojihcqchgwytombtvhqx/Build/Intermediates.noindex/Supabase.build/Debug-iphonesimulator/PostgREST.build/DerivedSources/arm64 -Xcc -I/Users/nicolas/Library/Developer/Xcode/DerivedData/AgendaHOF-bvieputxojihcqchgwytombtvhqx/Build/Intermediates.noindex/Supabase.build/Debug-iphonesimulator/PostgREST.build/DerivedSources -Xcc -DSWIFT_PACKAGE -Xcc -DDEBUG\=1 -emit-objc-header -emit-objc-header-path /Users/nicolas/Library/Developer/Xcode/DerivedData/AgendaHOF-bvieputxojihcqchgwytombtvhqx/Build/Intermediates.noindex/Supabase.build/Debug-iphonesimulator/PostgREST.build/Objects-normal/arm64/PostgREST-Swift.h -working-directory /Users/nicolas/Documents/aplicativos-sites/AgendaHOF-iOS/AgendaHOF.xcodeproj -experimental-emit-module-separately -disable-cmo

SwiftDriver Functions normal arm64 com.apple.xcode.tools.swift.compiler (in target 'Functions' from project 'Supabase')
    cd /Users/nicolas/Documents/aplicativos-sites/AgendaHOF-iOS/AgendaHOF.xcodeproj
    builtin-SwiftDriver -- /Applications/Xcode.app/Contents/Developer/Toolchains/XcodeDefault.xctoolchain/usr/bin/swiftc -module-name Functions -Onone -enforce-exclusivity\=checked @/Users/nicolas/Library/Developer/Xcode/DerivedData/AgendaHOF-bvieputxojihcqchgwytombtvhqx/Build/Intermediates.noindex/Supabase.build/Debug-iphonesimulator/Functions.build/Objects-normal/arm64/Functions.SwiftFileList -DSWIFT_PACKAGE -DDEBUG -DSWIFT_MODULE_RESOURCE_BUNDLE_UNAVAILABLE -DXcode -enable-upcoming-feature ExistentialAny -enable-experimental-feature StrictConcurrency -plugin-path /Applications/Xcode.app/Contents/Developer/Toolchains/XcodeDefault.xctoolchain/usr/lib/swift/host/plugins/testing -enable-experimental-feature DebugDescriptionMacro -sdk /Applications/Xcode.app/Contents/Developer/Platforms/iPhoneSimulator.platform/Developer/SDKs/iPhoneSimulator26.2.sdk -target arm64-apple-ios13.0-simulator -g -module-cache-path /Users/nicolas/Library/Developer/Xcode/DerivedData/ModuleCache.noindex -Xfrontend -serialize-debugging-options -profile-coverage-mapping -profile-generate -enable-testing -suppress-warnings -index-store-path /Users/nicolas/Library/Developer/Xcode/DerivedData/AgendaHOF-bvieputxojihcqchgwytombtvhqx/Index.noindex/DataStore -Xcc -D_LIBCPP_HARDENING_MODE\=_LIBCPP_HARDENING_MODE_DEBUG -swift-version 5 -I /Users/nicolas/Library/Developer/Xcode/DerivedData/AgendaHOF-bvieputxojihcqchgwytombtvhqx/Build/Products/Debug-iphonesimulator -Isystem /Applications/Xcode.app/Contents/Developer/Platforms/iPhoneSimulator.platform/Developer/usr/lib -F /Users/nicolas/Library/Developer/Xcode/DerivedData/AgendaHOF-bvieputxojihcqchgwytombtvhqx/Build/Products/Debug-iphonesimulator/PackageFrameworks -F /Users/nicolas/Library/Developer/Xcode/DerivedData/AgendaHOF-bvieputxojihcqchgwytombtvhqx/Build/Products/Debug-iphonesimulator/PackageFrameworks -F /Users/nicolas/Library/Developer/Xcode/DerivedData/AgendaHOF-bvieputxojihcqchgwytombtvhqx/Build/Products/Debug-iphonesimulator/PackageFrameworks -F /Users/nicolas/Library/Developer/Xcode/DerivedData/AgendaHOF-bvieputxojihcqchgwytombtvhqx/Build/Products/Debug-iphonesimulator/PackageFrameworks -F /Users/nicolas/Library/Developer/Xcode/DerivedData/AgendaHOF-bvieputxojihcqchgwytombtvhqx/Build/Products/Debug-iphonesimulator/PackageFrameworks -F /Users/nicolas/Library/Developer/Xcode/DerivedData/AgendaHOF-bvieputxojihcqchgwytombtvhqx/Build/Products/Debug-iphonesimulator/PackageFrameworks -F /Users/nicolas/Library/Developer/Xcode/DerivedData/AgendaHOF-bvieputxojihcqchgwytombtvhqx/Build/Products/Debug-iphonesimulator/PackageFrameworks -F /Users/nicolas/Library/Developer/Xcode/DerivedData/AgendaHOF-bvieputxojihcqchgwytombtvhqx/Build/Products/Debug-iphonesimulator -F /Applications/Xcode.app/Contents/Developer/Platforms/iPhoneSimulator.platform/Developer/Library/Frameworks -F /Applications/Xcode.app/Contents/Developer/Platforms/iPhoneSimulator.platform/Developer/SDKs/iPhoneSimulator26.2.sdk/Developer/Library/Frameworks -c -j10 -enable-batch-mode -incremental -Xcc -ivfsstatcache -Xcc /Users/nicolas/Library/Developer/Xcode/DerivedData/SDKStatCaches.noindex/iphonesimulator26.2-23C53-7d00a8b37fbd7999ea79df8ebc024bf0.sdkstatcache -output-file-map /Users/nicolas/Library/Developer/Xcode/DerivedData/AgendaHOF-bvieputxojihcqchgwytombtvhqx/Build/Intermediates.noindex/Supabase.build/Debug-iphonesimulator/Functions.build/Objects-normal/arm64/Functions-OutputFileMap.json -use-frontend-parseable-output -save-temps -no-color-diagnostics -explicit-module-build -module-cache-path /Users/nicolas/Library/Developer/Xcode/DerivedData/AgendaHOF-bvieputxojihcqchgwytombtvhqx/Build/Intermediates.noindex/SwiftExplicitPrecompiledModules -clang-scanner-module-cache-path /Users/nicolas/Library/Developer/Xcode/DerivedData/ModuleCache.noindex -sdk-module-cache-path /Users/nicolas/Library/Developer/Xcode/DerivedData/ModuleCache.noindex -serialize-diagnostics -emit-dependencies -emit-module -emit-module-path /Users/nicolas/Library/Developer/Xcode/DerivedData/AgendaHOF-bvieputxojihcqchgwytombtvhqx/Build/Intermediates.noindex/Supabase.build/Debug-iphonesimulator/Functions.build/Objects-normal/arm64/Functions.swiftmodule -validate-clang-modules-once -clang-build-session-file /Users/nicolas/Library/Developer/Xcode/DerivedData/ModuleCache.noindex/Session.modulevalidation -package-name supabase_swift -Xcc -I/Users/nicolas/Library/Developer/Xcode/DerivedData/AgendaHOF-bvieputxojihcqchgwytombtvhqx/Build/Intermediates.noindex/Supabase.build/Debug-iphonesimulator/Functions.build/swift-overrides.hmap -emit-const-values -Xfrontend -const-gather-protocols-file -Xfrontend /Users/nicolas/Library/Developer/Xcode/DerivedData/AgendaHOF-bvieputxojihcqchgwytombtvhqx/Build/Intermediates.noindex/Supabase.build/Debug-iphonesimulator/Functions.build/Objects-normal/arm64/Functions_const_extract_protocols.json -Xcc -I/Users/nicolas/Library/Developer/Xcode/DerivedData/AgendaHOF-bvieputxojihcqchgwytombtvhqx/Build/Products/Debug-iphonesimulator/include -Xcc -I/Users/nicolas/Library/Developer/Xcode/DerivedData/AgendaHOF-bvieputxojihcqchgwytombtvhqx/Build/Intermediates.noindex/Supabase.build/Debug-iphonesimulator/Functions.build/DerivedSources-normal/arm64 -Xcc -I/Users/nicolas/Library/Developer/Xcode/DerivedData/AgendaHOF-bvieputxojihcqchgwytombtvhqx/Build/Intermediates.noindex/Supabase.build/Debug-iphonesimulator/Functions.build/DerivedSources/arm64 -Xcc -I/Users/nicolas/Library/Developer/Xcode/DerivedData/AgendaHOF-bvieputxojihcqchgwytombtvhqx/Build/Intermediates.noindex/Supabase.build/Debug-iphonesimulator/Functions.build/DerivedSources -Xcc -DSWIFT_PACKAGE -Xcc -DDEBUG\=1 -emit-objc-header -emit-objc-header-path /Users/nicolas/Library/Developer/Xcode/DerivedData/AgendaHOF-bvieputxojihcqchgwytombtvhqx/Build/Intermediates.noindex/Supabase.build/Debug-iphonesimulator/Functions.build/Objects-normal/arm64/Functions-Swift.h -working-directory /Users/nicolas/Documents/aplicativos-sites/AgendaHOF-iOS/AgendaHOF.xcodeproj -experimental-emit-module-separately -disable-cmo

SwiftDriverJobDiscovery normal arm64 Compiling JWT.swift, OSLogSupabaseLogger.swift (in target 'Helpers' from project 'Supabase')

SwiftDriverJobDiscovery normal arm64 Compiling EventEmitter.swift, FoundationExtensions.swift, HTTPClient.swift (in target 'Helpers' from project 'Supabase')

SwiftDriverJobDiscovery normal arm64 Compiling AnyJSON+Codable.swift, AnyJSON.swift, AsyncValueSubject.swift (in target 'Helpers' from project 'Supabase')

SwiftDriver\ Compilation Helpers normal arm64 com.apple.xcode.tools.swift.compiler (in target 'Helpers' from project 'Supabase')
    cd /Users/nicolas/Documents/aplicativos-sites/AgendaHOF-iOS/AgendaHOF.xcodeproj
    builtin-Swift-Compilation -- /Applications/Xcode.app/Contents/Developer/Toolchains/XcodeDefault.xctoolchain/usr/bin/swiftc -module-name Helpers -Onone -enforce-exclusivity\=checked @/Users/nicolas/Library/Developer/Xcode/DerivedData/AgendaHOF-bvieputxojihcqchgwytombtvhqx/Build/Intermediates.noindex/Supabase.build/Debug-iphonesimulator/Helpers.build/Objects-normal/arm64/Helpers.SwiftFileList -DSWIFT_PACKAGE -DDEBUG -DSWIFT_MODULE_RESOURCE_BUNDLE_UNAVAILABLE -DXcode -enable-upcoming-feature ExistentialAny -enable-experimental-feature StrictConcurrency -plugin-path /Applications/Xcode.app/Contents/Developer/Toolchains/XcodeDefault.xctoolchain/usr/lib/swift/host/plugins/testing -enable-experimental-feature DebugDescriptionMacro -sdk /Applications/Xcode.app/Contents/Developer/Platforms/iPhoneSimulator.platform/Developer/SDKs/iPhoneSimulator26.2.sdk -target arm64-apple-ios13.0-simulator -g -module-cache-path /Users/nicolas/Library/Developer/Xcode/DerivedData/ModuleCache.noindex -Xfrontend -serialize-debugging-options -profile-coverage-mapping -profile-generate -enable-testing -suppress-warnings -index-store-path /Users/nicolas/Library/Developer/Xcode/DerivedData/AgendaHOF-bvieputxojihcqchgwytombtvhqx/Index.noindex/DataStore -Xcc -D_LIBCPP_HARDENING_MODE\=_LIBCPP_HARDENING_MODE_DEBUG -swift-version 5 -I /Users/nicolas/Library/Developer/Xcode/DerivedData/AgendaHOF-bvieputxojihcqchgwytombtvhqx/Build/Products/Debug-iphonesimulator -Isystem /Applications/Xcode.app/Contents/Developer/Platforms/iPhoneSimulator.platform/Developer/usr/lib -F /Users/nicolas/Library/Developer/Xcode/DerivedData/AgendaHOF-bvieputxojihcqchgwytombtvhqx/Build/Products/Debug-iphonesimulator/PackageFrameworks -F /Users/nicolas/Library/Developer/Xcode/DerivedData/AgendaHOF-bvieputxojihcqchgwytombtvhqx/Build/Products/Debug-iphonesimulator/PackageFrameworks -F /Users/nicolas/Library/Developer/Xcode/DerivedData/AgendaHOF-bvieputxojihcqchgwytombtvhqx/Build/Products/Debug-iphonesimulator/PackageFrameworks -F /Users/nicolas/Library/Developer/Xcode/DerivedData/AgendaHOF-bvieputxojihcqchgwytombtvhqx/Build/Products/Debug-iphonesimulator/PackageFrameworks -F /Users/nicolas/Library/Developer/Xcode/DerivedData/AgendaHOF-bvieputxojihcqchgwytombtvhqx/Build/Products/Debug-iphonesimulator/PackageFrameworks -F /Users/nicolas/Library/Developer/Xcode/DerivedData/AgendaHOF-bvieputxojihcqchgwytombtvhqx/Build/Products/Debug-iphonesimulator/PackageFrameworks -F /Users/nicolas/Library/Developer/Xcode/DerivedData/AgendaHOF-bvieputxojihcqchgwytombtvhqx/Build/Products/Debug-iphonesimulator -F /Applications/Xcode.app/Contents/Developer/Platforms/iPhoneSimulator.platform/Developer/Library/Frameworks -F /Applications/Xcode.app/Contents/Developer/Platforms/iPhoneSimulator.platform/Developer/SDKs/iPhoneSimulator26.2.sdk/Developer/Library/Frameworks -c -j10 -enable-batch-mode -incremental -Xcc -ivfsstatcache -Xcc /Users/nicolas/Library/Developer/Xcode/DerivedData/SDKStatCaches.noindex/iphonesimulator26.2-23C53-7d00a8b37fbd7999ea79df8ebc024bf0.sdkstatcache -output-file-map /Users/nicolas/Library/Developer/Xcode/DerivedData/AgendaHOF-bvieputxojihcqchgwytombtvhqx/Build/Intermediates.noindex/Supabase.build/Debug-iphonesimulator/Helpers.build/Objects-normal/arm64/Helpers-OutputFileMap.json -use-frontend-parseable-output -save-temps -no-color-diagnostics -explicit-module-build -module-cache-path /Users/nicolas/Library/Developer/Xcode/DerivedData/AgendaHOF-bvieputxojihcqchgwytombtvhqx/Build/Intermediates.noindex/SwiftExplicitPrecompiledModules -clang-scanner-module-cache-path /Users/nicolas/Library/Developer/Xcode/DerivedData/ModuleCache.noindex -sdk-module-cache-path /Users/nicolas/Library/Developer/Xcode/DerivedData/ModuleCache.noindex -serialize-diagnostics -emit-dependencies -emit-module -emit-module-path /Users/nicolas/Library/Developer/Xcode/DerivedData/AgendaHOF-bvieputxojihcqchgwytombtvhqx/Build/Intermediates.noindex/Supabase.build/Debug-iphonesimulator/Helpers.build/Objects-normal/arm64/Helpers.swiftmodule -validate-clang-modules-once -clang-build-session-file /Users/nicolas/Library/Developer/Xcode/DerivedData/ModuleCache.noindex/Session.modulevalidation -package-name supabase_swift -Xcc -I/Users/nicolas/Library/Developer/Xcode/DerivedData/AgendaHOF-bvieputxojihcqchgwytombtvhqx/Build/Intermediates.noindex/Supabase.build/Debug-iphonesimulator/Helpers.build/swift-overrides.hmap -emit-const-values -Xfrontend -const-gather-protocols-file -Xfrontend /Users/nicolas/Library/Developer/Xcode/DerivedData/AgendaHOF-bvieputxojihcqchgwytombtvhqx/Build/Intermediates.noindex/Supabase.build/Debug-iphonesimulator/Helpers.build/Objects-normal/arm64/Helpers_const_extract_protocols.json -Xcc -I/Users/nicolas/Library/Developer/Xcode/DerivedData/AgendaHOF-bvieputxojihcqchgwytombtvhqx/Build/Products/Debug-iphonesimulator/include -Xcc -I/Users/nicolas/Library/Developer/Xcode/DerivedData/AgendaHOF-bvieputxojihcqchgwytombtvhqx/Build/Intermediates.noindex/Supabase.build/Debug-iphonesimulator/Helpers.build/DerivedSources-normal/arm64 -Xcc -I/Users/nicolas/Library/Developer/Xcode/DerivedData/AgendaHOF-bvieputxojihcqchgwytombtvhqx/Build/Intermediates.noindex/Supabase.build/Debug-iphonesimulator/Helpers.build/DerivedSources/arm64 -Xcc -I/Users/nicolas/Library/Developer/Xcode/DerivedData/AgendaHOF-bvieputxojihcqchgwytombtvhqx/Build/Intermediates.noindex/Supabase.build/Debug-iphonesimulator/Helpers.build/DerivedSources -Xcc -DSWIFT_PACKAGE -Xcc -DDEBUG\=1 -emit-objc-header -emit-objc-header-path /Users/nicolas/Library/Developer/Xcode/DerivedData/AgendaHOF-bvieputxojihcqchgwytombtvhqx/Build/Intermediates.noindex/Supabase.build/Debug-iphonesimulator/Helpers.build/Objects-normal/arm64/Helpers-Swift.h -working-directory /Users/nicolas/Documents/aplicativos-sites/AgendaHOF-iOS/AgendaHOF.xcodeproj -experimental-emit-module-separately -disable-cmo

SwiftDriver Auth normal arm64 com.apple.xcode.tools.swift.compiler (in target 'Auth' from project 'Supabase')
    cd /Users/nicolas/Documents/aplicativos-sites/AgendaHOF-iOS/AgendaHOF.xcodeproj
    builtin-SwiftDriver -- /Applications/Xcode.app/Contents/Developer/Toolchains/XcodeDefault.xctoolchain/usr/bin/swiftc -module-name Auth -Onone -enforce-exclusivity\=checked @/Users/nicolas/Library/Developer/Xcode/DerivedData/AgendaHOF-bvieputxojihcqchgwytombtvhqx/Build/Intermediates.noindex/Supabase.build/Debug-iphonesimulator/Auth.build/Objects-normal/arm64/Auth.SwiftFileList -DSWIFT_PACKAGE -DDEBUG -DSWIFT_MODULE_RESOURCE_BUNDLE_UNAVAILABLE -DXcode -enable-upcoming-feature ExistentialAny -enable-experimental-feature StrictConcurrency -plugin-path /Applications/Xcode.app/Contents/Developer/Toolchains/XcodeDefault.xctoolchain/usr/lib/swift/host/plugins/testing -enable-experimental-feature DebugDescriptionMacro -sdk /Applications/Xcode.app/Contents/Developer/Platforms/iPhoneSimulator.platform/Developer/SDKs/iPhoneSimulator26.2.sdk -target arm64-apple-ios13.0-simulator -g -module-cache-path /Users/nicolas/Library/Developer/Xcode/DerivedData/ModuleCache.noindex -Xfrontend -serialize-debugging-options -profile-coverage-mapping -profile-generate -enable-testing -suppress-warnings -index-store-path /Users/nicolas/Library/Developer/Xcode/DerivedData/AgendaHOF-bvieputxojihcqchgwytombtvhqx/Index.noindex/DataStore -Xcc -D_LIBCPP_HARDENING_MODE\=_LIBCPP_HARDENING_MODE_DEBUG -swift-version 5 -I /Users/nicolas/Library/Developer/Xcode/DerivedData/AgendaHOF-bvieputxojihcqchgwytombtvhqx/Build/Products/Debug-iphonesimulator -Isystem /Applications/Xcode.app/Contents/Developer/Platforms/iPhoneSimulator.platform/Developer/usr/lib -F /Users/nicolas/Library/Developer/Xcode/DerivedData/AgendaHOF-bvieputxojihcqchgwytombtvhqx/Build/Products/Debug-iphonesimulator/PackageFrameworks -F /Users/nicolas/Library/Developer/Xcode/DerivedData/AgendaHOF-bvieputxojihcqchgwytombtvhqx/Build/Products/Debug-iphonesimulator/PackageFrameworks -F /Users/nicolas/Library/Developer/Xcode/DerivedData/AgendaHOF-bvieputxojihcqchgwytombtvhqx/Build/Products/Debug-iphonesimulator/PackageFrameworks -F /Users/nicolas/Library/Developer/Xcode/DerivedData/AgendaHOF-bvieputxojihcqchgwytombtvhqx/Build/Products/Debug-iphonesimulator/PackageFrameworks -F /Users/nicolas/Library/Developer/Xcode/DerivedData/AgendaHOF-bvieputxojihcqchgwytombtvhqx/Build/Products/Debug-iphonesimulator/PackageFrameworks -F /Users/nicolas/Library/Developer/Xcode/DerivedData/AgendaHOF-bvieputxojihcqchgwytombtvhqx/Build/Products/Debug-iphonesimulator/PackageFrameworks -F /Users/nicolas/Library/Developer/Xcode/DerivedData/AgendaHOF-bvieputxojihcqchgwytombtvhqx/Build/Products/Debug-iphonesimulator/PackageFrameworks -F /Users/nicolas/Library/Developer/Xcode/DerivedData/AgendaHOF-bvieputxojihcqchgwytombtvhqx/Build/Products/Debug-iphonesimulator/PackageFrameworks -F /Users/nicolas/Library/Developer/Xcode/DerivedData/AgendaHOF-bvieputxojihcqchgwytombtvhqx/Build/Products/Debug-iphonesimulator -F /Applications/Xcode.app/Contents/Developer/Platforms/iPhoneSimulator.platform/Developer/Library/Frameworks -F /Applications/Xcode.app/Contents/Developer/Platforms/iPhoneSimulator.platform/Developer/SDKs/iPhoneSimulator26.2.sdk/Developer/Library/Frameworks -c -j10 -enable-batch-mode -incremental -Xcc -ivfsstatcache -Xcc /Users/nicolas/Library/Developer/Xcode/DerivedData/SDKStatCaches.noindex/iphonesimulator26.2-23C53-7d00a8b37fbd7999ea79df8ebc024bf0.sdkstatcache -output-file-map /Users/nicolas/Library/Developer/Xcode/DerivedData/AgendaHOF-bvieputxojihcqchgwytombtvhqx/Build/Intermediates.noindex/Supabase.build/Debug-iphonesimulator/Auth.build/Objects-normal/arm64/Auth-OutputFileMap.json -use-frontend-parseable-output -save-temps -no-color-diagnostics -explicit-module-build -module-cache-path /Users/nicolas/Library/Developer/Xcode/DerivedData/AgendaHOF-bvieputxojihcqchgwytombtvhqx/Build/Intermediates.noindex/SwiftExplicitPrecompiledModules -clang-scanner-module-cache-path /Users/nicolas/Library/Developer/Xcode/DerivedData/ModuleCache.noindex -sdk-module-cache-path /Users/nicolas/Library/Developer/Xcode/DerivedData/ModuleCache.noindex -serialize-diagnostics -emit-dependencies -emit-module -emit-module-path /Users/nicolas/Library/Developer/Xcode/DerivedData/AgendaHOF-bvieputxojihcqchgwytombtvhqx/Build/Intermediates.noindex/Supabase.build/Debug-iphonesimulator/Auth.build/Objects-normal/arm64/Auth.swiftmodule -validate-clang-modules-once -clang-build-session-file /Users/nicolas/Library/Developer/Xcode/DerivedData/ModuleCache.noindex/Session.modulevalidation -package-name supabase_swift -Xcc -I/Users/nicolas/Library/Developer/Xcode/DerivedData/AgendaHOF-bvieputxojihcqchgwytombtvhqx/Build/Intermediates.noindex/Supabase.build/Debug-iphonesimulator/Auth.build/swift-overrides.hmap -emit-const-values -Xfrontend -const-gather-protocols-file -Xfrontend /Users/nicolas/Library/Developer/Xcode/DerivedData/AgendaHOF-bvieputxojihcqchgwytombtvhqx/Build/Intermediates.noindex/Supabase.build/Debug-iphonesimulator/Auth.build/Objects-normal/arm64/Auth_const_extract_protocols.json -Xcc -I/Users/nicolas/Library/Developer/Xcode/DerivedData/AgendaHOF-bvieputxojihcqchgwytombtvhqx/Build/Products/Debug-iphonesimulator/include -Xcc -I/Users/nicolas/Library/Developer/Xcode/DerivedData/AgendaHOF-bvieputxojihcqchgwytombtvhqx/Build/Intermediates.noindex/Supabase.build/Debug-iphonesimulator/Auth.build/DerivedSources-normal/arm64 -Xcc -I/Users/nicolas/Library/Developer/Xcode/DerivedData/AgendaHOF-bvieputxojihcqchgwytombtvhqx/Build/Intermediates.noindex/Supabase.build/Debug-iphonesimulator/Auth.build/DerivedSources/arm64 -Xcc -I/Users/nicolas/Library/Developer/Xcode/DerivedData/AgendaHOF-bvieputxojihcqchgwytombtvhqx/Build/Intermediates.noindex/Supabase.build/Debug-iphonesimulator/Auth.build/DerivedSources -Xcc -DSWIFT_PACKAGE -Xcc -DDEBUG\=1 -emit-objc-header -emit-objc-header-path /Users/nicolas/Library/Developer/Xcode/DerivedData/AgendaHOF-bvieputxojihcqchgwytombtvhqx/Build/Intermediates.noindex/Supabase.build/Debug-iphonesimulator/Auth.build/Objects-normal/arm64/Auth-Swift.h -working-directory /Users/nicolas/Documents/aplicativos-sites/AgendaHOF-iOS/AgendaHOF.xcodeproj -experimental-emit-module-separately -disable-cmo

RegisterExecutionPolicyException /Users/nicolas/Library/Developer/Xcode/DerivedData/AgendaHOF-bvieputxojihcqchgwytombtvhqx/Build/Products/Debug-iphonesimulator/XCTestDynamicOverlay.o (in target 'XCTestDynamicOverlay' from project 'xctest-dynamic-overlay')
    cd /Users/nicolas/Library/Developer/Xcode/DerivedData/AgendaHOF-bvieputxojihcqchgwytombtvhqx/SourcePackages/checkouts/xctest-dynamic-overlay
    builtin-RegisterExecutionPolicyException /Users/nicolas/Library/Developer/Xcode/DerivedData/AgendaHOF-bvieputxojihcqchgwytombtvhqx/Build/Products/Debug-iphonesimulator/XCTestDynamicOverlay.o

RegisterExecutionPolicyException /Users/nicolas/Library/Developer/Xcode/DerivedData/AgendaHOF-bvieputxojihcqchgwytombtvhqx/Build/Products/Debug-iphonesimulator/Clocks.o (in target 'Clocks' from project 'swift-clocks')
    cd /Users/nicolas/Library/Developer/Xcode/DerivedData/AgendaHOF-bvieputxojihcqchgwytombtvhqx/SourcePackages/checkouts/swift-clocks
    builtin-RegisterExecutionPolicyException /Users/nicolas/Library/Developer/Xcode/DerivedData/AgendaHOF-bvieputxojihcqchgwytombtvhqx/Build/Products/Debug-iphonesimulator/Clocks.o

Ld /Users/nicolas/Library/Developer/Xcode/DerivedData/AgendaHOF-bvieputxojihcqchgwytombtvhqx/Build/Products/Debug-iphonesimulator/Helpers.o normal (in target 'Helpers' from project 'Supabase')
    cd /Users/nicolas/Library/Developer/Xcode/DerivedData/AgendaHOF-bvieputxojihcqchgwytombtvhqx/SourcePackages/checkouts/supabase-swift
    /Applications/Xcode.app/Contents/Developer/Toolchains/XcodeDefault.xctoolchain/usr/bin/clang -Xlinker -reproducible -target arm64-apple-ios13.0-simulator -r -isysroot /Applications/Xcode.app/Contents/Developer/Platforms/iPhoneSimulator.platform/Developer/SDKs/iPhoneSimulator26.2.sdk -O0 -w -L/Users/nicolas/Library/Developer/Xcode/DerivedData/AgendaHOF-bvieputxojihcqchgwytombtvhqx/Build/Intermediates.noindex/EagerLinkingTBDs/Debug-iphonesimulator -L/Users/nicolas/Library/Developer/Xcode/DerivedData/AgendaHOF-bvieputxojihcqchgwytombtvhqx/Build/Products/Debug-iphonesimulator -L/Applications/Xcode.app/Contents/Developer/Platforms/iPhoneSimulator.platform/Developer/usr/lib -F/Users/nicolas/Library/Developer/Xcode/DerivedData/AgendaHOF-bvieputxojihcqchgwytombtvhqx/Build/Intermediates.noindex/EagerLinkingTBDs/Debug-iphonesimulator -F/Users/nicolas/Library/Developer/Xcode/DerivedData/AgendaHOF-bvieputxojihcqchgwytombtvhqx/Build/Products/Debug-iphonesimulator/PackageFrameworks -F/Users/nicolas/Library/Developer/Xcode/DerivedData/AgendaHOF-bvieputxojihcqchgwytombtvhqx/Build/Products/Debug-iphonesimulator/PackageFrameworks -F/Users/nicolas/Library/Developer/Xcode/DerivedData/AgendaHOF-bvieputxojihcqchgwytombtvhqx/Build/Products/Debug-iphonesimulator/PackageFrameworks -F/Users/nicolas/Library/Developer/Xcode/DerivedData/AgendaHOF-bvieputxojihcqchgwytombtvhqx/Build/Products/Debug-iphonesimulator/PackageFrameworks -F/Users/nicolas/Library/Developer/Xcode/DerivedData/AgendaHOF-bvieputxojihcqchgwytombtvhqx/Build/Products/Debug-iphonesimulator/PackageFrameworks -F/Users/nicolas/Library/Developer/Xcode/DerivedData/AgendaHOF-bvieputxojihcqchgwytombtvhqx/Build/Products/Debug-iphonesimulator/PackageFrameworks -F/Users/nicolas/Library/Developer/Xcode/DerivedData/AgendaHOF-bvieputxojihcqchgwytombtvhqx/Build/Products/Debug-iphonesimulator -iframework /Applications/Xcode.app/Contents/Developer/Platforms/iPhoneSimulator.platform/Developer/Library/Frameworks -iframework /Applications/Xcode.app/Contents/Developer/Platforms/iPhoneSimulator.platform/Developer/SDKs/iPhoneSimulator26.2.sdk/Developer/Library/Frameworks -filelist /Users/nicolas/Library/Developer/Xcode/DerivedData/AgendaHOF-bvieputxojihcqchgwytombtvhqx/Build/Intermediates.noindex/Supabase.build/Debug-iphonesimulator/Helpers.build/Objects-normal/arm64/Helpers.LinkFileList -nostdlib -Xlinker -object_path_lto -Xlinker /Users/nicolas/Library/Developer/Xcode/DerivedData/AgendaHOF-bvieputxojihcqchgwytombtvhqx/Build/Intermediates.noindex/Supabase.build/Debug-iphonesimulator/Helpers.build/Objects-normal/arm64/Helpers_lto.o -rdynamic -Xlinker -no_deduplicate -Xlinker -objc_abi_version -Xlinker 2 -Xlinker -debug_variant -Xlinker -dependency_info -Xlinker /Users/nicolas/Library/Developer/Xcode/DerivedData/AgendaHOF-bvieputxojihcqchgwytombtvhqx/Build/Intermediates.noindex/Supabase.build/Debug-iphonesimulator/Helpers.build/Objects-normal/arm64/Helpers_dependency_info.dat -fobjc-link-runtime -L/Applications/Xcode.app/Contents/Developer/Toolchains/XcodeDefault.xctoolchain/usr/lib/swift/iphonesimulator -L/usr/lib/swift -Xlinker -add_ast_path -Xlinker /Users/nicolas/Library/Developer/Xcode/DerivedData/AgendaHOF-bvieputxojihcqchgwytombtvhqx/Build/Intermediates.noindex/Supabase.build/Debug-iphonesimulator/Helpers.build/Objects-normal/arm64/Helpers.swiftmodule @/Users/nicolas/Library/Developer/Xcode/DerivedData/AgendaHOF-bvieputxojihcqchgwytombtvhqx/Build/Intermediates.noindex/Supabase.build/Debug-iphonesimulator/Helpers.build/Objects-normal/arm64/Helpers-linker-args.resp -o /Users/nicolas/Library/Developer/Xcode/DerivedData/AgendaHOF-bvieputxojihcqchgwytombtvhqx/Build/Products/Debug-iphonesimulator/Helpers.o

ExtractAppIntentsMetadata (in target 'Helpers' from project 'Supabase')
    cd /Users/nicolas/Library/Developer/Xcode/DerivedData/AgendaHOF-bvieputxojihcqchgwytombtvhqx/SourcePackages/checkouts/supabase-swift
    /Applications/Xcode.app/Contents/Developer/Toolchains/XcodeDefault.xctoolchain/usr/bin/appintentsmetadataprocessor --toolchain-dir /Applications/Xcode.app/Contents/Developer/Toolchains/XcodeDefault.xctoolchain --module-name Helpers --sdk-root /Applications/Xcode.app/Contents/Developer/Platforms/iPhoneSimulator.platform/Developer/SDKs/iPhoneSimulator26.2.sdk --xcode-version 17C52 --platform-family iOS --deployment-target 13.0 --bundle-identifier supabase-swift.Helpers --output /Users/nicolas/Library/Developer/Xcode/DerivedData/AgendaHOF-bvieputxojihcqchgwytombtvhqx/Build/Products/Debug-iphonesimulator/Helpers.appintents --target-triple arm64-apple-ios13.0-simulator --binary-file /Users/nicolas/Library/Developer/Xcode/DerivedData/AgendaHOF-bvieputxojihcqchgwytombtvhqx/Build/Products/Debug-iphonesimulator/Helpers.o --dependency-file /Users/nicolas/Library/Developer/Xcode/DerivedData/AgendaHOF-bvieputxojihcqchgwytombtvhqx/Build/Intermediates.noindex/Supabase.build/Debug-iphonesimulator/Helpers.build/Objects-normal/arm64/Helpers_dependency_info.dat --stringsdata-file /Users/nicolas/Library/Developer/Xcode/DerivedData/AgendaHOF-bvieputxojihcqchgwytombtvhqx/Build/Intermediates.noindex/Supabase.build/Debug-iphonesimulator/Helpers.build/Objects-normal/arm64/ExtractedAppShortcutsMetadata.stringsdata --source-file-list /Users/nicolas/Library/Developer/Xcode/DerivedData/AgendaHOF-bvieputxojihcqchgwytombtvhqx/Build/Intermediates.noindex/Supabase.build/Debug-iphonesimulator/Helpers.build/Objects-normal/arm64/Helpers.SwiftFileList --metadata-file-list /Users/nicolas/Library/Developer/Xcode/DerivedData/AgendaHOF-bvieputxojihcqchgwytombtvhqx/Build/Intermediates.noindex/Supabase.build/Debug-iphonesimulator/Helpers.build/Helpers.DependencyMetadataFileList --static-metadata-file-list /Users/nicolas/Library/Developer/Xcode/DerivedData/AgendaHOF-bvieputxojihcqchgwytombtvhqx/Build/Intermediates.noindex/Supabase.build/Debug-iphonesimulator/Helpers.build/Helpers.DependencyStaticMetadataFileList --swift-const-vals-list /Users/nicolas/Library/Developer/Xcode/DerivedData/AgendaHOF-bvieputxojihcqchgwytombtvhqx/Build/Intermediates.noindex/Supabase.build/Debug-iphonesimulator/Helpers.build/Objects-normal/arm64/Helpers.SwiftConstValuesFileList --force --compile-time-extraction --deployment-aware-processing --validate-assistant-intents --no-app-shortcuts-localization
2026-01-03 23:43:40.738 appintentsmetadataprocessor[19308:184439] Starting appintentsmetadataprocessor export
2026-01-03 23:43:40.819 appintentsmetadataprocessor[19308:184439] Extracted no relevant App Intents symbols, skipping writing output

AppIntentsSSUTraining (in target 'AgendaWidgetExtension' from project 'AgendaHOF')
    cd /Users/nicolas/Documents/aplicativos-sites/AgendaHOF-iOS
    /Applications/Xcode.app/Contents/Developer/Toolchains/XcodeDefault.xctoolchain/usr/bin/appintentsnltrainingprocessor --infoplist-path /Users/nicolas/Library/Developer/Xcode/DerivedData/AgendaHOF-bvieputxojihcqchgwytombtvhqx/Build/Products/Debug-iphonesimulator/AgendaWidgetExtension.appex/Info.plist --temp-dir-path /Users/nicolas/Library/Developer/Xcode/DerivedData/AgendaHOF-bvieputxojihcqchgwytombtvhqx/Build/Intermediates.noindex/AgendaHOF.build/Debug-iphonesimulator/AgendaWidgetExtension.build/ssu --bundle-id com.agendahof.swift.AgendaWidget --product-path /Users/nicolas/Library/Developer/Xcode/DerivedData/AgendaHOF-bvieputxojihcqchgwytombtvhqx/Build/Products/Debug-iphonesimulator/AgendaWidgetExtension.appex --extracted-metadata-path /Users/nicolas/Library/Developer/Xcode/DerivedData/AgendaHOF-bvieputxojihcqchgwytombtvhqx/Build/Products/Debug-iphonesimulator/AgendaWidgetExtension.appex/Metadata.appintents --metadata-file-list /Users/nicolas/Library/Developer/Xcode/DerivedData/AgendaHOF-bvieputxojihcqchgwytombtvhqx/Build/Intermediates.noindex/AgendaHOF.build/Debug-iphonesimulator/AgendaWidgetExtension.build/AgendaWidgetExtension.DependencyMetadataFileList --archive-ssu-assets
2026-01-03 23:43:40.755 appintentsnltrainingprocessor[19309:184440] Parsing options for appintentsnltrainingprocessor
2026-01-03 23:43:40.756 appintentsnltrainingprocessor[19309:184440] No AppShortcuts found - Skipping.

CodeSign /Users/nicolas/Library/Developer/Xcode/DerivedData/AgendaHOF-bvieputxojihcqchgwytombtvhqx/Build/Products/Debug-iphonesimulator/AgendaWidgetExtension.appex/AgendaWidgetExtension.debug.dylib (in target 'AgendaWidgetExtension' from project 'AgendaHOF')
    cd /Users/nicolas/Documents/aplicativos-sites/AgendaHOF-iOS
    
    Signing Identity:     "Sign to Run Locally"
    
    /usr/bin/codesign --force --sign - --timestamp\=none --generate-entitlement-der /Users/nicolas/Library/Developer/Xcode/DerivedData/AgendaHOF-bvieputxojihcqchgwytombtvhqx/Build/Products/Debug-iphonesimulator/AgendaWidgetExtension.appex/AgendaWidgetExtension.debug.dylib

CodeSign /Users/nicolas/Library/Developer/Xcode/DerivedData/AgendaHOF-bvieputxojihcqchgwytombtvhqx/Build/Products/Debug-iphonesimulator/AgendaWidgetExtension.appex/__preview.dylib (in target 'AgendaWidgetExtension' from project 'AgendaHOF')
    cd /Users/nicolas/Documents/aplicativos-sites/AgendaHOF-iOS
    
    Signing Identity:     "Sign to Run Locally"
    
    /usr/bin/codesign --force --sign - --timestamp\=none --generate-entitlement-der /Users/nicolas/Library/Developer/Xcode/DerivedData/AgendaHOF-bvieputxojihcqchgwytombtvhqx/Build/Products/Debug-iphonesimulator/AgendaWidgetExtension.appex/__preview.dylib

CodeSign /Users/nicolas/Library/Developer/Xcode/DerivedData/AgendaHOF-bvieputxojihcqchgwytombtvhqx/Build/Products/Debug-iphonesimulator/AgendaWidgetExtension.appex (in target 'AgendaWidgetExtension' from project 'AgendaHOF')
    cd /Users/nicolas/Documents/aplicativos-sites/AgendaHOF-iOS
    
    Signing Identity:     "Sign to Run Locally"
    
    /usr/bin/codesign --force --sign - --entitlements /Users/nicolas/Library/Developer/Xcode/DerivedData/AgendaHOF-bvieputxojihcqchgwytombtvhqx/Build/Intermediates.noindex/AgendaHOF.build/Debug-iphonesimulator/AgendaWidgetExtension.build/AgendaWidgetExtension.appex.xcent --timestamp\=none --generate-entitlement-der /Users/nicolas/Library/Developer/Xcode/DerivedData/AgendaHOF-bvieputxojihcqchgwytombtvhqx/Build/Products/Debug-iphonesimulator/AgendaWidgetExtension.appex

RegisterExecutionPolicyException /Users/nicolas/Library/Developer/Xcode/DerivedData/AgendaHOF-bvieputxojihcqchgwytombtvhqx/Build/Products/Debug-iphonesimulator/AgendaWidgetExtension.appex (in target 'AgendaWidgetExtension' from project 'AgendaHOF')
    cd /Users/nicolas/Documents/aplicativos-sites/AgendaHOF-iOS
    builtin-RegisterExecutionPolicyException /Users/nicolas/Library/Developer/Xcode/DerivedData/AgendaHOF-bvieputxojihcqchgwytombtvhqx/Build/Products/Debug-iphonesimulator/AgendaWidgetExtension.appex

Touch /Users/nicolas/Library/Developer/Xcode/DerivedData/AgendaHOF-bvieputxojihcqchgwytombtvhqx/Build/Products/Debug-iphonesimulator/AgendaWidgetExtension.appex (in target 'AgendaWidgetExtension' from project 'AgendaHOF')
    cd /Users/nicolas/Documents/aplicativos-sites/AgendaHOF-iOS
    /usr/bin/touch -c /Users/nicolas/Library/Developer/Xcode/DerivedData/AgendaHOF-bvieputxojihcqchgwytombtvhqx/Build/Products/Debug-iphonesimulator/AgendaWidgetExtension.appex

SwiftCompile normal arm64 Compiling\ Deprecated.swift,\ Exports.swift /Users/nicolas/Library/Developer/Xcode/DerivedData/AgendaHOF-bvieputxojihcqchgwytombtvhqx/SourcePackages/checkouts/supabase-swift/Sources/Storage/Deprecated.swift /Users/nicolas/Library/Developer/Xcode/DerivedData/AgendaHOF-bvieputxojihcqchgwytombtvhqx/SourcePackages/checkouts/supabase-swift/Sources/Storage/Exports.swift (in target 'Storage' from project 'Supabase')
SwiftCompile normal arm64 /Users/nicolas/Library/Developer/Xcode/DerivedData/AgendaHOF-bvieputxojihcqchgwytombtvhqx/SourcePackages/checkouts/supabase-swift/Sources/Storage/Deprecated.swift (in target 'Storage' from project 'Supabase')
    cd /Users/nicolas/Documents/aplicativos-sites/AgendaHOF-iOS/AgendaHOF.xcodeproj
    

SwiftCompile normal arm64 /Users/nicolas/Library/Developer/Xcode/DerivedData/AgendaHOF-bvieputxojihcqchgwytombtvhqx/SourcePackages/checkouts/supabase-swift/Sources/Storage/Exports.swift (in target 'Storage' from project 'Supabase')
    cd /Users/nicolas/Documents/aplicativos-sites/AgendaHOF-iOS/AgendaHOF.xcodeproj
    

SwiftCompile normal arm64 Compiling\ StorageError.swift /Users/nicolas/Library/Developer/Xcode/DerivedData/AgendaHOF-bvieputxojihcqchgwytombtvhqx/SourcePackages/checkouts/supabase-swift/Sources/Storage/StorageError.swift (in target 'Storage' from project 'Supabase')

SwiftCompile normal arm64 /Users/nicolas/Library/Developer/Xcode/DerivedData/AgendaHOF-bvieputxojihcqchgwytombtvhqx/SourcePackages/checkouts/supabase-swift/Sources/Storage/StorageError.swift (in target 'Storage' from project 'Supabase')
    cd /Users/nicolas/Documents/aplicativos-sites/AgendaHOF-iOS/AgendaHOF.xcodeproj
    

SwiftCompile normal arm64 Compiling\ StorageApi.swift,\ StorageBucketApi.swift /Users/nicolas/Library/Developer/Xcode/DerivedData/AgendaHOF-bvieputxojihcqchgwytombtvhqx/SourcePackages/checkouts/supabase-swift/Sources/Storage/StorageApi.swift /Users/nicolas/Library/Developer/Xcode/DerivedData/AgendaHOF-bvieputxojihcqchgwytombtvhqx/SourcePackages/checkouts/supabase-swift/Sources/Storage/StorageBucketApi.swift (in target 'Storage' from project 'Supabase')
SwiftCompile normal arm64 /Users/nicolas/Library/Developer/Xcode/DerivedData/AgendaHOF-bvieputxojihcqchgwytombtvhqx/SourcePackages/checkouts/supabase-swift/Sources/Storage/StorageApi.swift (in target 'Storage' from project 'Supabase')
    cd /Users/nicolas/Documents/aplicativos-sites/AgendaHOF-iOS/AgendaHOF.xcodeproj
    

SwiftCompile normal arm64 /Users/nicolas/Library/Developer/Xcode/DerivedData/AgendaHOF-bvieputxojihcqchgwytombtvhqx/SourcePackages/checkouts/supabase-swift/Sources/Storage/StorageBucketApi.swift (in target 'Storage' from project 'Supabase')
    cd /Users/nicolas/Documents/aplicativos-sites/AgendaHOF-iOS/AgendaHOF.xcodeproj
    

SwiftCompile normal arm64 Compiling\ Helpers.swift,\ MultipartFormData.swift /Users/nicolas/Library/Developer/Xcode/DerivedData/AgendaHOF-bvieputxojihcqchgwytombtvhqx/SourcePackages/checkouts/supabase-swift/Sources/Storage/Helpers.swift /Users/nicolas/Library/Developer/Xcode/DerivedData/AgendaHOF-bvieputxojihcqchgwytombtvhqx/SourcePackages/checkouts/supabase-swift/Sources/Storage/MultipartFormData.swift (in target 'Storage' from project 'Supabase')
SwiftCompile normal arm64 /Users/nicolas/Library/Developer/Xcode/DerivedData/AgendaHOF-bvieputxojihcqchgwytombtvhqx/SourcePackages/checkouts/supabase-swift/Sources/Storage/Helpers.swift (in target 'Storage' from project 'Supabase')
    cd /Users/nicolas/Documents/aplicativos-sites/AgendaHOF-iOS/AgendaHOF.xcodeproj
    

SwiftCompile normal arm64 /Users/nicolas/Library/Developer/Xcode/DerivedData/AgendaHOF-bvieputxojihcqchgwytombtvhqx/SourcePackages/checkouts/supabase-swift/Sources/Storage/MultipartFormData.swift (in target 'Storage' from project 'Supabase')
    cd /Users/nicolas/Documents/aplicativos-sites/AgendaHOF-iOS/AgendaHOF.xcodeproj
    

SwiftEmitModule normal arm64 Emitting\ module\ for\ Storage (in target 'Storage' from project 'Supabase')

EmitSwiftModule normal arm64 (in target 'Storage' from project 'Supabase')
    cd /Users/nicolas/Documents/aplicativos-sites/AgendaHOF-iOS/AgendaHOF.xcodeproj
    

SwiftCompile normal arm64 Compiling\ SupabaseStorage.swift /Users/nicolas/Library/Developer/Xcode/DerivedData/AgendaHOF-bvieputxojihcqchgwytombtvhqx/SourcePackages/checkouts/supabase-swift/Sources/Storage/SupabaseStorage.swift (in target 'Storage' from project 'Supabase')

SwiftCompile normal arm64 /Users/nicolas/Library/Developer/Xcode/DerivedData/AgendaHOF-bvieputxojihcqchgwytombtvhqx/SourcePackages/checkouts/supabase-swift/Sources/Storage/SupabaseStorage.swift (in target 'Storage' from project 'Supabase')
    cd /Users/nicolas/Documents/aplicativos-sites/AgendaHOF-iOS/AgendaHOF.xcodeproj
    

SwiftEmitModule normal arm64 Emitting\ module\ for\ Functions (in target 'Functions' from project 'Supabase')

EmitSwiftModule normal arm64 (in target 'Functions' from project 'Supabase')
    cd /Users/nicolas/Documents/aplicativos-sites/AgendaHOF-iOS/AgendaHOF.xcodeproj
    

SwiftCompile normal arm64 Compiling\ StorageHTTPClient.swift /Users/nicolas/Library/Developer/Xcode/DerivedData/AgendaHOF-bvieputxojihcqchgwytombtvhqx/SourcePackages/checkouts/supabase-swift/Sources/Storage/StorageHTTPClient.swift (in target 'Storage' from project 'Supabase')

SwiftCompile normal arm64 /Users/nicolas/Library/Developer/Xcode/DerivedData/AgendaHOF-bvieputxojihcqchgwytombtvhqx/SourcePackages/checkouts/supabase-swift/Sources/Storage/StorageHTTPClient.swift (in target 'Storage' from project 'Supabase')
    cd /Users/nicolas/Documents/aplicativos-sites/AgendaHOF-iOS/AgendaHOF.xcodeproj
    

SwiftCompile normal arm64 Compiling\ TransformOptions.swift /Users/nicolas/Library/Developer/Xcode/DerivedData/AgendaHOF-bvieputxojihcqchgwytombtvhqx/SourcePackages/checkouts/supabase-swift/Sources/Storage/TransformOptions.swift (in target 'Storage' from project 'Supabase')

SwiftCompile normal arm64 /Users/nicolas/Library/Developer/Xcode/DerivedData/AgendaHOF-bvieputxojihcqchgwytombtvhqx/SourcePackages/checkouts/supabase-swift/Sources/Storage/TransformOptions.swift (in target 'Storage' from project 'Supabase')
    cd /Users/nicolas/Documents/aplicativos-sites/AgendaHOF-iOS/AgendaHOF.xcodeproj
    

SwiftEmitModule normal arm64 Emitting\ module\ for\ Realtime (in target 'Realtime' from project 'Supabase')
EmitSwiftModule normal arm64 (in target 'Realtime' from project 'Supabase')
    cd /Users/nicolas/Documents/aplicativos-sites/AgendaHOF-iOS/AgendaHOF.xcodeproj
    

SwiftEmitModule normal arm64 Emitting\ module\ for\ PostgREST (in target 'PostgREST' from project 'Supabase')

EmitSwiftModule normal arm64 (in target 'PostgREST' from project 'Supabase')
    cd /Users/nicolas/Documents/aplicativos-sites/AgendaHOF-iOS/AgendaHOF.xcodeproj
    

SwiftDriverJobDiscovery normal arm64 Compiling StorageError.swift (in target 'Storage' from project 'Supabase')

SwiftEmitModule normal arm64 Emitting\ module\ for\ Auth (in target 'Auth' from project 'Supabase')
EmitSwiftModule normal arm64 (in target 'Auth' from project 'Supabase')
    cd /Users/nicolas/Documents/aplicativos-sites/AgendaHOF-iOS/AgendaHOF.xcodeproj
    

SwiftDriverJobDiscovery normal arm64 Compiling SupabaseStorage.swift (in target 'Storage' from project 'Supabase')

SwiftCompile normal arm64 Compiling\ StorageFileApi.swift /Users/nicolas/Library/Developer/Xcode/DerivedData/AgendaHOF-bvieputxojihcqchgwytombtvhqx/SourcePackages/checkouts/supabase-swift/Sources/Storage/StorageFileApi.swift (in target 'Storage' from project 'Supabase')
SwiftCompile normal arm64 /Users/nicolas/Library/Developer/Xcode/DerivedData/AgendaHOF-bvieputxojihcqchgwytombtvhqx/SourcePackages/checkouts/supabase-swift/Sources/Storage/StorageFileApi.swift (in target 'Storage' from project 'Supabase')
    cd /Users/nicolas/Documents/aplicativos-sites/AgendaHOF-iOS/AgendaHOF.xcodeproj
    

SwiftDriverJobDiscovery normal arm64 Emitting module for Functions (in target 'Functions' from project 'Supabase')

SwiftCompile normal arm64 Compiling\ BucketOptions.swift,\ Codable.swift /Users/nicolas/Library/Developer/Xcode/DerivedData/AgendaHOF-bvieputxojihcqchgwytombtvhqx/SourcePackages/checkouts/supabase-swift/Sources/Storage/BucketOptions.swift /Users/nicolas/Library/Developer/Xcode/DerivedData/AgendaHOF-bvieputxojihcqchgwytombtvhqx/SourcePackages/checkouts/supabase-swift/Sources/Storage/Codable.swift (in target 'Storage' from project 'Supabase')

SwiftCompile normal arm64 /Users/nicolas/Library/Developer/Xcode/DerivedData/AgendaHOF-bvieputxojihcqchgwytombtvhqx/SourcePackages/checkouts/supabase-swift/Sources/Storage/BucketOptions.swift (in target 'Storage' from project 'Supabase')
    cd /Users/nicolas/Documents/aplicativos-sites/AgendaHOF-iOS/AgendaHOF.xcodeproj
    

SwiftCompile normal arm64 /Users/nicolas/Library/Developer/Xcode/DerivedData/AgendaHOF-bvieputxojihcqchgwytombtvhqx/SourcePackages/checkouts/supabase-swift/Sources/Storage/Codable.swift (in target 'Storage' from project 'Supabase')
    cd /Users/nicolas/Documents/aplicativos-sites/AgendaHOF-iOS/AgendaHOF.xcodeproj
    

SwiftDriver\ Compilation\ Requirements Functions normal arm64 com.apple.xcode.tools.swift.compiler (in target 'Functions' from project 'Supabase')
    cd /Users/nicolas/Documents/aplicativos-sites/AgendaHOF-iOS/AgendaHOF.xcodeproj
    builtin-Swift-Compilation-Requirements -- /Applications/Xcode.app/Contents/Developer/Toolchains/XcodeDefault.xctoolchain/usr/bin/swiftc -module-name Functions -Onone -enforce-exclusivity\=checked @/Users/nicolas/Library/Developer/Xcode/DerivedData/AgendaHOF-bvieputxojihcqchgwytombtvhqx/Build/Intermediates.noindex/Supabase.build/Debug-iphonesimulator/Functions.build/Objects-normal/arm64/Functions.SwiftFileList -DSWIFT_PACKAGE -DDEBUG -DSWIFT_MODULE_RESOURCE_BUNDLE_UNAVAILABLE -DXcode -enable-upcoming-feature ExistentialAny -enable-experimental-feature StrictConcurrency -plugin-path /Applications/Xcode.app/Contents/Developer/Toolchains/XcodeDefault.xctoolchain/usr/lib/swift/host/plugins/testing -enable-experimental-feature DebugDescriptionMacro -sdk /Applications/Xcode.app/Contents/Developer/Platforms/iPhoneSimulator.platform/Developer/SDKs/iPhoneSimulator26.2.sdk -target arm64-apple-ios13.0-simulator -g -module-cache-path /Users/nicolas/Library/Developer/Xcode/DerivedData/ModuleCache.noindex -Xfrontend -serialize-debugging-options -profile-coverage-mapping -profile-generate -enable-testing -suppress-warnings -index-store-path /Users/nicolas/Library/Developer/Xcode/DerivedData/AgendaHOF-bvieputxojihcqchgwytombtvhqx/Index.noindex/DataStore -Xcc -D_LIBCPP_HARDENING_MODE\=_LIBCPP_HARDENING_MODE_DEBUG -swift-version 5 -I /Users/nicolas/Library/Developer/Xcode/DerivedData/AgendaHOF-bvieputxojihcqchgwytombtvhqx/Build/Products/Debug-iphonesimulator -Isystem /Applications/Xcode.app/Contents/Developer/Platforms/iPhoneSimulator.platform/Developer/usr/lib -F /Users/nicolas/Library/Developer/Xcode/DerivedData/AgendaHOF-bvieputxojihcqchgwytombtvhqx/Build/Products/Debug-iphonesimulator/PackageFrameworks -F /Users/nicolas/Library/Developer/Xcode/DerivedData/AgendaHOF-bvieputxojihcqchgwytombtvhqx/Build/Products/Debug-iphonesimulator/PackageFrameworks -F /Users/nicolas/Library/Developer/Xcode/DerivedData/AgendaHOF-bvieputxojihcqchgwytombtvhqx/Build/Products/Debug-iphonesimulator/PackageFrameworks -F /Users/nicolas/Library/Developer/Xcode/DerivedData/AgendaHOF-bvieputxojihcqchgwytombtvhqx/Build/Products/Debug-iphonesimulator/PackageFrameworks -F /Users/nicolas/Library/Developer/Xcode/DerivedData/AgendaHOF-bvieputxojihcqchgwytombtvhqx/Build/Products/Debug-iphonesimulator/PackageFrameworks -F /Users/nicolas/Library/Developer/Xcode/DerivedData/AgendaHOF-bvieputxojihcqchgwytombtvhqx/Build/Products/Debug-iphonesimulator/PackageFrameworks -F /Users/nicolas/Library/Developer/Xcode/DerivedData/AgendaHOF-bvieputxojihcqchgwytombtvhqx/Build/Products/Debug-iphonesimulator/PackageFrameworks -F /Users/nicolas/Library/Developer/Xcode/DerivedData/AgendaHOF-bvieputxojihcqchgwytombtvhqx/Build/Products/Debug-iphonesimulator -F /Applications/Xcode.app/Contents/Developer/Platforms/iPhoneSimulator.platform/Developer/Library/Frameworks -F /Applications/Xcode.app/Contents/Developer/Platforms/iPhoneSimulator.platform/Developer/SDKs/iPhoneSimulator26.2.sdk/Developer/Library/Frameworks -c -j10 -enable-batch-mode -incremental -Xcc -ivfsstatcache -Xcc /Users/nicolas/Library/Developer/Xcode/DerivedData/SDKStatCaches.noindex/iphonesimulator26.2-23C53-7d00a8b37fbd7999ea79df8ebc024bf0.sdkstatcache -output-file-map /Users/nicolas/Library/Developer/Xcode/DerivedData/AgendaHOF-bvieputxojihcqchgwytombtvhqx/Build/Intermediates.noindex/Supabase.build/Debug-iphonesimulator/Functions.build/Objects-normal/arm64/Functions-OutputFileMap.json -use-frontend-parseable-output -save-temps -no-color-diagnostics -explicit-module-build -module-cache-path /Users/nicolas/Library/Developer/Xcode/DerivedData/AgendaHOF-bvieputxojihcqchgwytombtvhqx/Build/Intermediates.noindex/SwiftExplicitPrecompiledModules -clang-scanner-module-cache-path /Users/nicolas/Library/Developer/Xcode/DerivedData/ModuleCache.noindex -sdk-module-cache-path /Users/nicolas/Library/Developer/Xcode/DerivedData/ModuleCache.noindex -serialize-diagnostics -emit-dependencies -emit-module -emit-module-path /Users/nicolas/Library/Developer/Xcode/DerivedData/AgendaHOF-bvieputxojihcqchgwytombtvhqx/Build/Intermediates.noindex/Supabase.build/Debug-iphonesimulator/Functions.build/Objects-normal/arm64/Functions.swiftmodule -validate-clang-modules-once -clang-build-session-file /Users/nicolas/Library/Developer/Xcode/DerivedData/ModuleCache.noindex/Session.modulevalidation -package-name supabase_swift -Xcc -I/Users/nicolas/Library/Developer/Xcode/DerivedData/AgendaHOF-bvieputxojihcqchgwytombtvhqx/Build/Intermediates.noindex/Supabase.build/Debug-iphonesimulator/Functions.build/swift-overrides.hmap -emit-const-values -Xfrontend -const-gather-protocols-file -Xfrontend /Users/nicolas/Library/Developer/Xcode/DerivedData/AgendaHOF-bvieputxojihcqchgwytombtvhqx/Build/Intermediates.noindex/Supabase.build/Debug-iphonesimulator/Functions.build/Objects-normal/arm64/Functions_const_extract_protocols.json -Xcc -I/Users/nicolas/Library/Developer/Xcode/DerivedData/AgendaHOF-bvieputxojihcqchgwytombtvhqx/Build/Products/Debug-iphonesimulator/include -Xcc -I/Users/nicolas/Library/Developer/Xcode/DerivedData/AgendaHOF-bvieputxojihcqchgwytombtvhqx/Build/Intermediates.noindex/Supabase.build/Debug-iphonesimulator/Functions.build/DerivedSources-normal/arm64 -Xcc -I/Users/nicolas/Library/Developer/Xcode/DerivedData/AgendaHOF-bvieputxojihcqchgwytombtvhqx/Build/Intermediates.noindex/Supabase.build/Debug-iphonesimulator/Functions.build/DerivedSources/arm64 -Xcc -I/Users/nicolas/Library/Developer/Xcode/DerivedData/AgendaHOF-bvieputxojihcqchgwytombtvhqx/Build/Intermediates.noindex/Supabase.build/Debug-iphonesimulator/Functions.build/DerivedSources -Xcc -DSWIFT_PACKAGE -Xcc -DDEBUG\=1 -emit-objc-header -emit-objc-header-path /Users/nicolas/Library/Developer/Xcode/DerivedData/AgendaHOF-bvieputxojihcqchgwytombtvhqx/Build/Intermediates.noindex/Supabase.build/Debug-iphonesimulator/Functions.build/Objects-normal/arm64/Functions-Swift.h -working-directory /Users/nicolas/Documents/aplicativos-sites/AgendaHOF-iOS/AgendaHOF.xcodeproj -experimental-emit-module-separately -disable-cmo

SwiftDriverJobDiscovery normal arm64 Compiling StorageHTTPClient.swift (in target 'Storage' from project 'Supabase')

SwiftDriverJobDiscovery normal arm64 Compiling TransformOptions.swift (in target 'Storage' from project 'Supabase')

SwiftCompile normal arm64 Compiling\ Types.swift /Users/nicolas/Library/Developer/Xcode/DerivedData/AgendaHOF-bvieputxojihcqchgwytombtvhqx/SourcePackages/checkouts/supabase-swift/Sources/Storage/Types.swift (in target 'Storage' from project 'Supabase')

SwiftCompile normal arm64 /Users/nicolas/Library/Developer/Xcode/DerivedData/AgendaHOF-bvieputxojihcqchgwytombtvhqx/SourcePackages/checkouts/supabase-swift/Sources/Storage/Types.swift (in target 'Storage' from project 'Supabase')
    cd /Users/nicolas/Documents/aplicativos-sites/AgendaHOF-iOS/AgendaHOF.xcodeproj
    

SwiftMergeGeneratedHeaders /Users/nicolas/Library/Developer/Xcode/DerivedData/AgendaHOF-bvieputxojihcqchgwytombtvhqx/Build/Intermediates.noindex/GeneratedModuleMaps-iphonesimulator/Functions-Swift.h /Users/nicolas/Library/Developer/Xcode/DerivedData/AgendaHOF-bvieputxojihcqchgwytombtvhqx/Build/Intermediates.noindex/Supabase.build/Debug-iphonesimulator/Functions.build/Objects-normal/arm64/Functions-Swift.h (in target 'Functions' from project 'Supabase')
    cd /Users/nicolas/Library/Developer/Xcode/DerivedData/AgendaHOF-bvieputxojihcqchgwytombtvhqx/SourcePackages/checkouts/supabase-swift
    builtin-swiftHeaderTool -arch arm64 /Users/nicolas/Library/Developer/Xcode/DerivedData/AgendaHOF-bvieputxojihcqchgwytombtvhqx/Build/Intermediates.noindex/Supabase.build/Debug-iphonesimulator/Functions.build/Objects-normal/arm64/Functions-Swift.h -o /Users/nicolas/Library/Developer/Xcode/DerivedData/AgendaHOF-bvieputxojihcqchgwytombtvhqx/Build/Intermediates.noindex/GeneratedModuleMaps-iphonesimulator/Functions-Swift.h

SwiftDriverJobDiscovery normal arm64 Compiling Deprecated.swift, Exports.swift (in target 'Storage' from project 'Supabase')

Copy /Users/nicolas/Library/Developer/Xcode/DerivedData/AgendaHOF-bvieputxojihcqchgwytombtvhqx/Build/Products/Debug-iphonesimulator/Functions.swiftmodule/arm64-apple-ios-simulator.swiftmodule /Users/nicolas/Library/Developer/Xcode/DerivedData/AgendaHOF-bvieputxojihcqchgwytombtvhqx/Build/Intermediates.noindex/Supabase.build/Debug-iphonesimulator/Functions.build/Objects-normal/arm64/Functions.swiftmodule (in target 'Functions' from project 'Supabase')
    cd /Users/nicolas/Library/Developer/Xcode/DerivedData/AgendaHOF-bvieputxojihcqchgwytombtvhqx/SourcePackages/checkouts/supabase-swift
    builtin-copy -exclude .DS_Store -exclude CVS -exclude .svn -exclude .git -exclude .hg -resolve-src-symlinks -rename /Users/nicolas/Library/Developer/Xcode/DerivedData/AgendaHOF-bvieputxojihcqchgwytombtvhqx/Build/Intermediates.noindex/Supabase.build/Debug-iphonesimulator/Functions.build/Objects-normal/arm64/Functions.swiftmodule /Users/nicolas/Library/Developer/Xcode/DerivedData/AgendaHOF-bvieputxojihcqchgwytombtvhqx/Build/Products/Debug-iphonesimulator/Functions.swiftmodule/arm64-apple-ios-simulator.swiftmodule

Copy /Users/nicolas/Library/Developer/Xcode/DerivedData/AgendaHOF-bvieputxojihcqchgwytombtvhqx/Build/Products/Debug-iphonesimulator/Functions.swiftmodule/arm64-apple-ios-simulator.swiftdoc /Users/nicolas/Library/Developer/Xcode/DerivedData/AgendaHOF-bvieputxojihcqchgwytombtvhqx/Build/Intermediates.noindex/Supabase.build/Debug-iphonesimulator/Functions.build/Objects-normal/arm64/Functions.swiftdoc (in target 'Functions' from project 'Supabase')
    cd /Users/nicolas/Library/Developer/Xcode/DerivedData/AgendaHOF-bvieputxojihcqchgwytombtvhqx/SourcePackages/checkouts/supabase-swift
    builtin-copy -exclude .DS_Store -exclude CVS -exclude .svn -exclude .git -exclude .hg -resolve-src-symlinks -rename /Users/nicolas/Library/Developer/Xcode/DerivedData/AgendaHOF-bvieputxojihcqchgwytombtvhqx/Build/Intermediates.noindex/Supabase.build/Debug-iphonesimulator/Functions.build/Objects-normal/arm64/Functions.swiftdoc /Users/nicolas/Library/Developer/Xcode/DerivedData/AgendaHOF-bvieputxojihcqchgwytombtvhqx/Build/Products/Debug-iphonesimulator/Functions.swiftmodule/arm64-apple-ios-simulator.swiftdoc

Copy /Users/nicolas/Library/Developer/Xcode/DerivedData/AgendaHOF-bvieputxojihcqchgwytombtvhqx/Build/Products/Debug-iphonesimulator/Functions.swiftmodule/arm64-apple-ios-simulator.abi.json /Users/nicolas/Library/Developer/Xcode/DerivedData/AgendaHOF-bvieputxojihcqchgwytombtvhqx/Build/Intermediates.noindex/Supabase.build/Debug-iphonesimulator/Functions.build/Objects-normal/arm64/Functions.abi.json (in target 'Functions' from project 'Supabase')
    cd /Users/nicolas/Library/Developer/Xcode/DerivedData/AgendaHOF-bvieputxojihcqchgwytombtvhqx/SourcePackages/checkouts/supabase-swift
    builtin-copy -exclude .DS_Store -exclude CVS -exclude .svn -exclude .git -exclude .hg -resolve-src-symlinks -rename /Users/nicolas/Library/Developer/Xcode/DerivedData/AgendaHOF-bvieputxojihcqchgwytombtvhqx/Build/Intermediates.noindex/Supabase.build/Debug-iphonesimulator/Functions.build/Objects-normal/arm64/Functions.abi.json /Users/nicolas/Library/Developer/Xcode/DerivedData/AgendaHOF-bvieputxojihcqchgwytombtvhqx/Build/Products/Debug-iphonesimulator/Functions.swiftmodule/arm64-apple-ios-simulator.abi.json

Copy /Users/nicolas/Library/Developer/Xcode/DerivedData/AgendaHOF-bvieputxojihcqchgwytombtvhqx/Build/Products/Debug-iphonesimulator/Functions.swiftmodule/Project/arm64-apple-ios-simulator.swiftsourceinfo /Users/nicolas/Library/Developer/Xcode/DerivedData/AgendaHOF-bvieputxojihcqchgwytombtvhqx/Build/Intermediates.noindex/Supabase.build/Debug-iphonesimulator/Functions.build/Objects-normal/arm64/Functions.swiftsourceinfo (in target 'Functions' from project 'Supabase')
    cd /Users/nicolas/Library/Developer/Xcode/DerivedData/AgendaHOF-bvieputxojihcqchgwytombtvhqx/SourcePackages/checkouts/supabase-swift
    builtin-copy -exclude .DS_Store -exclude CVS -exclude .svn -exclude .git -exclude .hg -resolve-src-symlinks -rename /Users/nicolas/Library/Developer/Xcode/DerivedData/AgendaHOF-bvieputxojihcqchgwytombtvhqx/Build/Intermediates.noindex/Supabase.build/Debug-iphonesimulator/Functions.build/Objects-normal/arm64/Functions.swiftsourceinfo /Users/nicolas/Library/Developer/Xcode/DerivedData/AgendaHOF-bvieputxojihcqchgwytombtvhqx/Build/Products/Debug-iphonesimulator/Functions.swiftmodule/Project/arm64-apple-ios-simulator.swiftsourceinfo

SwiftCompile normal arm64 Compiling\ RealtimeJoinConfig.swift,\ RealtimeMessageV2.swift,\ RealtimePostgresFilter.swift /Users/nicolas/Library/Developer/Xcode/DerivedData/AgendaHOF-bvieputxojihcqchgwytombtvhqx/SourcePackages/checkouts/supabase-swift/Sources/Realtime/RealtimeJoinConfig.swift /Users/nicolas/Library/Developer/Xcode/DerivedData/AgendaHOF-bvieputxojihcqchgwytombtvhqx/SourcePackages/checkouts/supabase-swift/Sources/Realtime/RealtimeMessageV2.swift /Users/nicolas/Library/Developer/Xcode/DerivedData/AgendaHOF-bvieputxojihcqchgwytombtvhqx/SourcePackages/checkouts/supabase-swift/Sources/Realtime/RealtimePostgresFilter.swift (in target 'Realtime' from project 'Supabase')
SwiftCompile normal arm64 /Users/nicolas/Library/Developer/Xcode/DerivedData/AgendaHOF-bvieputxojihcqchgwytombtvhqx/SourcePackages/checkouts/supabase-swift/Sources/Realtime/RealtimeJoinConfig.swift (in target 'Realtime' from project 'Supabase')
    cd /Users/nicolas/Documents/aplicativos-sites/AgendaHOF-iOS/AgendaHOF.xcodeproj
    

SwiftCompile normal arm64 /Users/nicolas/Library/Developer/Xcode/DerivedData/AgendaHOF-bvieputxojihcqchgwytombtvhqx/SourcePackages/checkouts/supabase-swift/Sources/Realtime/RealtimeMessageV2.swift (in target 'Realtime' from project 'Supabase')
    cd /Users/nicolas/Documents/aplicativos-sites/AgendaHOF-iOS/AgendaHOF.xcodeproj
    

SwiftCompile normal arm64 /Users/nicolas/Library/Developer/Xcode/DerivedData/AgendaHOF-bvieputxojihcqchgwytombtvhqx/SourcePackages/checkouts/supabase-swift/Sources/Realtime/RealtimePostgresFilter.swift (in target 'Realtime' from project 'Supabase')
    cd /Users/nicolas/Documents/aplicativos-sites/AgendaHOF-iOS/AgendaHOF.xcodeproj
    

SwiftCompile normal arm64 Compiling\ RealtimeClient.swift,\ RealtimeMessage.swift,\ TimeoutTimer.swift /Users/nicolas/Library/Developer/Xcode/DerivedData/AgendaHOF-bvieputxojihcqchgwytombtvhqx/SourcePackages/checkouts/supabase-swift/Sources/Realtime/Deprecated/RealtimeClient.swift /Users/nicolas/Library/Developer/Xcode/DerivedData/AgendaHOF-bvieputxojihcqchgwytombtvhqx/SourcePackages/checkouts/supabase-swift/Sources/Realtime/Deprecated/RealtimeMessage.swift /Users/nicolas/Library/Developer/Xcode/DerivedData/AgendaHOF-bvieputxojihcqchgwytombtvhqx/SourcePackages/checkouts/supabase-swift/Sources/Realtime/Deprecated/TimeoutTimer.swift (in target 'Realtime' from project 'Supabase')
SwiftCompile normal arm64 /Users/nicolas/Library/Developer/Xcode/DerivedData/AgendaHOF-bvieputxojihcqchgwytombtvhqx/SourcePackages/checkouts/supabase-swift/Sources/Realtime/Deprecated/RealtimeClient.swift (in target 'Realtime' from project 'Supabase')
    cd /Users/nicolas/Documents/aplicativos-sites/AgendaHOF-iOS/AgendaHOF.xcodeproj
    

SwiftCompile normal arm64 /Users/nicolas/Library/Developer/Xcode/DerivedData/AgendaHOF-bvieputxojihcqchgwytombtvhqx/SourcePackages/checkouts/supabase-swift/Sources/Realtime/Deprecated/RealtimeMessage.swift (in target 'Realtime' from project 'Supabase')
    cd /Users/nicolas/Documents/aplicativos-sites/AgendaHOF-iOS/AgendaHOF.xcodeproj
    

SwiftCompile normal arm64 /Users/nicolas/Library/Developer/Xcode/DerivedData/AgendaHOF-bvieputxojihcqchgwytombtvhqx/SourcePackages/checkouts/supabase-swift/Sources/Realtime/Deprecated/TimeoutTimer.swift (in target 'Realtime' from project 'Supabase')
    cd /Users/nicolas/Documents/aplicativos-sites/AgendaHOF-iOS/AgendaHOF.xcodeproj
    

SwiftDriverJobDiscovery normal arm64 Emitting module for Storage (in target 'Storage' from project 'Supabase')

SwiftDriver\ Compilation\ Requirements Storage normal arm64 com.apple.xcode.tools.swift.compiler (in target 'Storage' from project 'Supabase')
    cd /Users/nicolas/Documents/aplicativos-sites/AgendaHOF-iOS/AgendaHOF.xcodeproj
    builtin-Swift-Compilation-Requirements -- /Applications/Xcode.app/Contents/Developer/Toolchains/XcodeDefault.xctoolchain/usr/bin/swiftc -module-name Storage -Onone -enforce-exclusivity\=checked @/Users/nicolas/Library/Developer/Xcode/DerivedData/AgendaHOF-bvieputxojihcqchgwytombtvhqx/Build/Intermediates.noindex/Supabase.build/Debug-iphonesimulator/Storage.build/Objects-normal/arm64/Storage.SwiftFileList -DSWIFT_PACKAGE -DDEBUG -DSWIFT_MODULE_RESOURCE_BUNDLE_UNAVAILABLE -DXcode -enable-upcoming-feature ExistentialAny -enable-experimental-feature StrictConcurrency -plugin-path /Applications/Xcode.app/Contents/Developer/Toolchains/XcodeDefault.xctoolchain/usr/lib/swift/host/plugins/testing -enable-experimental-feature DebugDescriptionMacro -sdk /Applications/Xcode.app/Contents/Developer/Platforms/iPhoneSimulator.platform/Developer/SDKs/iPhoneSimulator26.2.sdk -target arm64-apple-ios13.0-simulator -g -module-cache-path /Users/nicolas/Library/Developer/Xcode/DerivedData/ModuleCache.noindex -Xfrontend -serialize-debugging-options -profile-coverage-mapping -profile-generate -enable-testing -suppress-warnings -index-store-path /Users/nicolas/Library/Developer/Xcode/DerivedData/AgendaHOF-bvieputxojihcqchgwytombtvhqx/Index.noindex/DataStore -Xcc -D_LIBCPP_HARDENING_MODE\=_LIBCPP_HARDENING_MODE_DEBUG -swift-version 5 -I /Users/nicolas/Library/Developer/Xcode/DerivedData/AgendaHOF-bvieputxojihcqchgwytombtvhqx/Build/Products/Debug-iphonesimulator -Isystem /Applications/Xcode.app/Contents/Developer/Platforms/iPhoneSimulator.platform/Developer/usr/lib -F /Users/nicolas/Library/Developer/Xcode/DerivedData/AgendaHOF-bvieputxojihcqchgwytombtvhqx/Build/Products/Debug-iphonesimulator/PackageFrameworks -F /Users/nicolas/Library/Developer/Xcode/DerivedData/AgendaHOF-bvieputxojihcqchgwytombtvhqx/Build/Products/Debug-iphonesimulator/PackageFrameworks -F /Users/nicolas/Library/Developer/Xcode/DerivedData/AgendaHOF-bvieputxojihcqchgwytombtvhqx/Build/Products/Debug-iphonesimulator/PackageFrameworks -F /Users/nicolas/Library/Developer/Xcode/DerivedData/AgendaHOF-bvieputxojihcqchgwytombtvhqx/Build/Products/Debug-iphonesimulator/PackageFrameworks -F /Users/nicolas/Library/Developer/Xcode/DerivedData/AgendaHOF-bvieputxojihcqchgwytombtvhqx/Build/Products/Debug-iphonesimulator/PackageFrameworks -F /Users/nicolas/Library/Developer/Xcode/DerivedData/AgendaHOF-bvieputxojihcqchgwytombtvhqx/Build/Products/Debug-iphonesimulator/PackageFrameworks -F /Users/nicolas/Library/Developer/Xcode/DerivedData/AgendaHOF-bvieputxojihcqchgwytombtvhqx/Build/Products/Debug-iphonesimulator/PackageFrameworks -F /Users/nicolas/Library/Developer/Xcode/DerivedData/AgendaHOF-bvieputxojihcqchgwytombtvhqx/Build/Products/Debug-iphonesimulator -F /Applications/Xcode.app/Contents/Developer/Platforms/iPhoneSimulator.platform/Developer/Library/Frameworks -F /Applications/Xcode.app/Contents/Developer/Platforms/iPhoneSimulator.platform/Developer/SDKs/iPhoneSimulator26.2.sdk/Developer/Library/Frameworks -c -j10 -enable-batch-mode -incremental -Xcc -ivfsstatcache -Xcc /Users/nicolas/Library/Developer/Xcode/DerivedData/SDKStatCaches.noindex/iphonesimulator26.2-23C53-7d00a8b37fbd7999ea79df8ebc024bf0.sdkstatcache -output-file-map /Users/nicolas/Library/Developer/Xcode/DerivedData/AgendaHOF-bvieputxojihcqchgwytombtvhqx/Build/Intermediates.noindex/Supabase.build/Debug-iphonesimulator/Storage.build/Objects-normal/arm64/Storage-OutputFileMap.json -use-frontend-parseable-output -save-temps -no-color-diagnostics -explicit-module-build -module-cache-path /Users/nicolas/Library/Developer/Xcode/DerivedData/AgendaHOF-bvieputxojihcqchgwytombtvhqx/Build/Intermediates.noindex/SwiftExplicitPrecompiledModules -clang-scanner-module-cache-path /Users/nicolas/Library/Developer/Xcode/DerivedData/ModuleCache.noindex -sdk-module-cache-path /Users/nicolas/Library/Developer/Xcode/DerivedData/ModuleCache.noindex -serialize-diagnostics -emit-dependencies -emit-module -emit-module-path /Users/nicolas/Library/Developer/Xcode/DerivedData/AgendaHOF-bvieputxojihcqchgwytombtvhqx/Build/Intermediates.noindex/Supabase.build/Debug-iphonesimulator/Storage.build/Objects-normal/arm64/Storage.swiftmodule -validate-clang-modules-once -clang-build-session-file /Users/nicolas/Library/Developer/Xcode/DerivedData/ModuleCache.noindex/Session.modulevalidation -package-name supabase_swift -Xcc -I/Users/nicolas/Library/Developer/Xcode/DerivedData/AgendaHOF-bvieputxojihcqchgwytombtvhqx/Build/Intermediates.noindex/Supabase.build/Debug-iphonesimulator/Storage.build/swift-overrides.hmap -emit-const-values -Xfrontend -const-gather-protocols-file -Xfrontend /Users/nicolas/Library/Developer/Xcode/DerivedData/AgendaHOF-bvieputxojihcqchgwytombtvhqx/Build/Intermediates.noindex/Supabase.build/Debug-iphonesimulator/Storage.build/Objects-normal/arm64/Storage_const_extract_protocols.json -Xcc -I/Users/nicolas/Library/Developer/Xcode/DerivedData/AgendaHOF-bvieputxojihcqchgwytombtvhqx/Build/Products/Debug-iphonesimulator/include -Xcc -I/Users/nicolas/Library/Developer/Xcode/DerivedData/AgendaHOF-bvieputxojihcqchgwytombtvhqx/Build/Intermediates.noindex/Supabase.build/Debug-iphonesimulator/Storage.build/DerivedSources-normal/arm64 -Xcc -I/Users/nicolas/Library/Developer/Xcode/DerivedData/AgendaHOF-bvieputxojihcqchgwytombtvhqx/Build/Intermediates.noindex/Supabase.build/Debug-iphonesimulator/Storage.build/DerivedSources/arm64 -Xcc -I/Users/nicolas/Library/Developer/Xcode/DerivedData/AgendaHOF-bvieputxojihcqchgwytombtvhqx/Build/Intermediates.noindex/Supabase.build/Debug-iphonesimulator/Storage.build/DerivedSources -Xcc -DSWIFT_PACKAGE -Xcc -DDEBUG\=1 -emit-objc-header -emit-objc-header-path /Users/nicolas/Library/Developer/Xcode/DerivedData/AgendaHOF-bvieputxojihcqchgwytombtvhqx/Build/Intermediates.noindex/Supabase.build/Debug-iphonesimulator/Storage.build/Objects-normal/arm64/Storage-Swift.h -working-directory /Users/nicolas/Documents/aplicativos-sites/AgendaHOF-iOS/AgendaHOF.xcodeproj -experimental-emit-module-separately -disable-cmo

SwiftDriverJobDiscovery normal arm64 Emitting module for PostgREST (in target 'PostgREST' from project 'Supabase')

SwiftDriver\ Compilation\ Requirements PostgREST normal arm64 com.apple.xcode.tools.swift.compiler (in target 'PostgREST' from project 'Supabase')
    cd /Users/nicolas/Documents/aplicativos-sites/AgendaHOF-iOS/AgendaHOF.xcodeproj
    builtin-Swift-Compilation-Requirements -- /Applications/Xcode.app/Contents/Developer/Toolchains/XcodeDefault.xctoolchain/usr/bin/swiftc -module-name PostgREST -Onone -enforce-exclusivity\=checked @/Users/nicolas/Library/Developer/Xcode/DerivedData/AgendaHOF-bvieputxojihcqchgwytombtvhqx/Build/Intermediates.noindex/Supabase.build/Debug-iphonesimulator/PostgREST.build/Objects-normal/arm64/PostgREST.SwiftFileList -DSWIFT_PACKAGE -DDEBUG -DSWIFT_MODULE_RESOURCE_BUNDLE_UNAVAILABLE -DXcode -enable-upcoming-feature ExistentialAny -enable-experimental-feature StrictConcurrency -plugin-path /Applications/Xcode.app/Contents/Developer/Toolchains/XcodeDefault.xctoolchain/usr/lib/swift/host/plugins/testing -enable-experimental-feature DebugDescriptionMacro -sdk /Applications/Xcode.app/Contents/Developer/Platforms/iPhoneSimulator.platform/Developer/SDKs/iPhoneSimulator26.2.sdk -target arm64-apple-ios13.0-simulator -g -module-cache-path /Users/nicolas/Library/Developer/Xcode/DerivedData/ModuleCache.noindex -Xfrontend -serialize-debugging-options -profile-coverage-mapping -profile-generate -enable-testing -suppress-warnings -index-store-path /Users/nicolas/Library/Developer/Xcode/DerivedData/AgendaHOF-bvieputxojihcqchgwytombtvhqx/Index.noindex/DataStore -Xcc -D_LIBCPP_HARDENING_MODE\=_LIBCPP_HARDENING_MODE_DEBUG -swift-version 5 -I /Users/nicolas/Library/Developer/Xcode/DerivedData/AgendaHOF-bvieputxojihcqchgwytombtvhqx/Build/Products/Debug-iphonesimulator -Isystem /Applications/Xcode.app/Contents/Developer/Platforms/iPhoneSimulator.platform/Developer/usr/lib -F /Users/nicolas/Library/Developer/Xcode/DerivedData/AgendaHOF-bvieputxojihcqchgwytombtvhqx/Build/Products/Debug-iphonesimulator/PackageFrameworks -F /Users/nicolas/Library/Developer/Xcode/DerivedData/AgendaHOF-bvieputxojihcqchgwytombtvhqx/Build/Products/Debug-iphonesimulator/PackageFrameworks -F /Users/nicolas/Library/Developer/Xcode/DerivedData/AgendaHOF-bvieputxojihcqchgwytombtvhqx/Build/Products/Debug-iphonesimulator/PackageFrameworks -F /Users/nicolas/Library/Developer/Xcode/DerivedData/AgendaHOF-bvieputxojihcqchgwytombtvhqx/Build/Products/Debug-iphonesimulator/PackageFrameworks -F /Users/nicolas/Library/Developer/Xcode/DerivedData/AgendaHOF-bvieputxojihcqchgwytombtvhqx/Build/Products/Debug-iphonesimulator/PackageFrameworks -F /Users/nicolas/Library/Developer/Xcode/DerivedData/AgendaHOF-bvieputxojihcqchgwytombtvhqx/Build/Products/Debug-iphonesimulator/PackageFrameworks -F /Users/nicolas/Library/Developer/Xcode/DerivedData/AgendaHOF-bvieputxojihcqchgwytombtvhqx/Build/Products/Debug-iphonesimulator/PackageFrameworks -F /Users/nicolas/Library/Developer/Xcode/DerivedData/AgendaHOF-bvieputxojihcqchgwytombtvhqx/Build/Products/Debug-iphonesimulator -F /Applications/Xcode.app/Contents/Developer/Platforms/iPhoneSimulator.platform/Developer/Library/Frameworks -F /Applications/Xcode.app/Contents/Developer/Platforms/iPhoneSimulator.platform/Developer/SDKs/iPhoneSimulator26.2.sdk/Developer/Library/Frameworks -c -j10 -enable-batch-mode -incremental -Xcc -ivfsstatcache -Xcc /Users/nicolas/Library/Developer/Xcode/DerivedData/SDKStatCaches.noindex/iphonesimulator26.2-23C53-7d00a8b37fbd7999ea79df8ebc024bf0.sdkstatcache -output-file-map /Users/nicolas/Library/Developer/Xcode/DerivedData/AgendaHOF-bvieputxojihcqchgwytombtvhqx/Build/Intermediates.noindex/Supabase.build/Debug-iphonesimulator/PostgREST.build/Objects-normal/arm64/PostgREST-OutputFileMap.json -use-frontend-parseable-output -save-temps -no-color-diagnostics -explicit-module-build -module-cache-path /Users/nicolas/Library/Developer/Xcode/DerivedData/AgendaHOF-bvieputxojihcqchgwytombtvhqx/Build/Intermediates.noindex/SwiftExplicitPrecompiledModules -clang-scanner-module-cache-path /Users/nicolas/Library/Developer/Xcode/DerivedData/ModuleCache.noindex -sdk-module-cache-path /Users/nicolas/Library/Developer/Xcode/DerivedData/ModuleCache.noindex -serialize-diagnostics -emit-dependencies -emit-module -emit-module-path /Users/nicolas/Library/Developer/Xcode/DerivedData/AgendaHOF-bvieputxojihcqchgwytombtvhqx/Build/Intermediates.noindex/Supabase.build/Debug-iphonesimulator/PostgREST.build/Objects-normal/arm64/PostgREST.swiftmodule -validate-clang-modules-once -clang-build-session-file /Users/nicolas/Library/Developer/Xcode/DerivedData/ModuleCache.noindex/Session.modulevalidation -package-name supabase_swift -Xcc -I/Users/nicolas/Library/Developer/Xcode/DerivedData/AgendaHOF-bvieputxojihcqchgwytombtvhqx/Build/Intermediates.noindex/Supabase.build/Debug-iphonesimulator/PostgREST.build/swift-overrides.hmap -emit-const-values -Xfrontend -const-gather-protocols-file -Xfrontend /Users/nicolas/Library/Developer/Xcode/DerivedData/AgendaHOF-bvieputxojihcqchgwytombtvhqx/Build/Intermediates.noindex/Supabase.build/Debug-iphonesimulator/PostgREST.build/Objects-normal/arm64/PostgREST_const_extract_protocols.json -Xcc -I/Users/nicolas/Library/Developer/Xcode/DerivedData/AgendaHOF-bvieputxojihcqchgwytombtvhqx/Build/Products/Debug-iphonesimulator/include -Xcc -I/Users/nicolas/Library/Developer/Xcode/DerivedData/AgendaHOF-bvieputxojihcqchgwytombtvhqx/Build/Intermediates.noindex/Supabase.build/Debug-iphonesimulator/PostgREST.build/DerivedSources-normal/arm64 -Xcc -I/Users/nicolas/Library/Developer/Xcode/DerivedData/AgendaHOF-bvieputxojihcqchgwytombtvhqx/Build/Intermediates.noindex/Supabase.build/Debug-iphonesimulator/PostgREST.build/DerivedSources/arm64 -Xcc -I/Users/nicolas/Library/Developer/Xcode/DerivedData/AgendaHOF-bvieputxojihcqchgwytombtvhqx/Build/Intermediates.noindex/Supabase.build/Debug-iphonesimulator/PostgREST.build/DerivedSources -Xcc -DSWIFT_PACKAGE -Xcc -DDEBUG\=1 -emit-objc-header -emit-objc-header-path /Users/nicolas/Library/Developer/Xcode/DerivedData/AgendaHOF-bvieputxojihcqchgwytombtvhqx/Build/Intermediates.noindex/Supabase.build/Debug-iphonesimulator/PostgREST.build/Objects-normal/arm64/PostgREST-Swift.h -working-directory /Users/nicolas/Documents/aplicativos-sites/AgendaHOF-iOS/AgendaHOF.xcodeproj -experimental-emit-module-separately -disable-cmo

SwiftMergeGeneratedHeaders /Users/nicolas/Library/Developer/Xcode/DerivedData/AgendaHOF-bvieputxojihcqchgwytombtvhqx/Build/Intermediates.noindex/GeneratedModuleMaps-iphonesimulator/Storage-Swift.h /Users/nicolas/Library/Developer/Xcode/DerivedData/AgendaHOF-bvieputxojihcqchgwytombtvhqx/Build/Intermediates.noindex/Supabase.build/Debug-iphonesimulator/Storage.build/Objects-normal/arm64/Storage-Swift.h (in target 'Storage' from project 'Supabase')
    cd /Users/nicolas/Library/Developer/Xcode/DerivedData/AgendaHOF-bvieputxojihcqchgwytombtvhqx/SourcePackages/checkouts/supabase-swift
    builtin-swiftHeaderTool -arch arm64 /Users/nicolas/Library/Developer/Xcode/DerivedData/AgendaHOF-bvieputxojihcqchgwytombtvhqx/Build/Intermediates.noindex/Supabase.build/Debug-iphonesimulator/Storage.build/Objects-normal/arm64/Storage-Swift.h -o /Users/nicolas/Library/Developer/Xcode/DerivedData/AgendaHOF-bvieputxojihcqchgwytombtvhqx/Build/Intermediates.noindex/GeneratedModuleMaps-iphonesimulator/Storage-Swift.h

Copy /Users/nicolas/Library/Developer/Xcode/DerivedData/AgendaHOF-bvieputxojihcqchgwytombtvhqx/Build/Products/Debug-iphonesimulator/Storage.swiftmodule/arm64-apple-ios-simulator.swiftmodule /Users/nicolas/Library/Developer/Xcode/DerivedData/AgendaHOF-bvieputxojihcqchgwytombtvhqx/Build/Intermediates.noindex/Supabase.build/Debug-iphonesimulator/Storage.build/Objects-normal/arm64/Storage.swiftmodule (in target 'Storage' from project 'Supabase')
    cd /Users/nicolas/Library/Developer/Xcode/DerivedData/AgendaHOF-bvieputxojihcqchgwytombtvhqx/SourcePackages/checkouts/supabase-swift
    builtin-copy -exclude .DS_Store -exclude CVS -exclude .svn -exclude .git -exclude .hg -resolve-src-symlinks -rename /Users/nicolas/Library/Developer/Xcode/DerivedData/AgendaHOF-bvieputxojihcqchgwytombtvhqx/Build/Intermediates.noindex/Supabase.build/Debug-iphonesimulator/Storage.build/Objects-normal/arm64/Storage.swiftmodule /Users/nicolas/Library/Developer/Xcode/DerivedData/AgendaHOF-bvieputxojihcqchgwytombtvhqx/Build/Products/Debug-iphonesimulator/Storage.swiftmodule/arm64-apple-ios-simulator.swiftmodule

Copy /Users/nicolas/Library/Developer/Xcode/DerivedData/AgendaHOF-bvieputxojihcqchgwytombtvhqx/Build/Products/Debug-iphonesimulator/Storage.swiftmodule/arm64-apple-ios-simulator.swiftdoc /Users/nicolas/Library/Developer/Xcode/DerivedData/AgendaHOF-bvieputxojihcqchgwytombtvhqx/Build/Intermediates.noindex/Supabase.build/Debug-iphonesimulator/Storage.build/Objects-normal/arm64/Storage.swiftdoc (in target 'Storage' from project 'Supabase')
    cd /Users/nicolas/Library/Developer/Xcode/DerivedData/AgendaHOF-bvieputxojihcqchgwytombtvhqx/SourcePackages/checkouts/supabase-swift
    builtin-copy -exclude .DS_Store -exclude CVS -exclude .svn -exclude .git -exclude .hg -resolve-src-symlinks -rename /Users/nicolas/Library/Developer/Xcode/DerivedData/AgendaHOF-bvieputxojihcqchgwytombtvhqx/Build/Intermediates.noindex/Supabase.build/Debug-iphonesimulator/Storage.build/Objects-normal/arm64/Storage.swiftdoc /Users/nicolas/Library/Developer/Xcode/DerivedData/AgendaHOF-bvieputxojihcqchgwytombtvhqx/Build/Products/Debug-iphonesimulator/Storage.swiftmodule/arm64-apple-ios-simulator.swiftdoc

Copy /Users/nicolas/Library/Developer/Xcode/DerivedData/AgendaHOF-bvieputxojihcqchgwytombtvhqx/Build/Products/Debug-iphonesimulator/Storage.swiftmodule/arm64-apple-ios-simulator.abi.json /Users/nicolas/Library/Developer/Xcode/DerivedData/AgendaHOF-bvieputxojihcqchgwytombtvhqx/Build/Intermediates.noindex/Supabase.build/Debug-iphonesimulator/Storage.build/Objects-normal/arm64/Storage.abi.json (in target 'Storage' from project 'Supabase')
    cd /Users/nicolas/Library/Developer/Xcode/DerivedData/AgendaHOF-bvieputxojihcqchgwytombtvhqx/SourcePackages/checkouts/supabase-swift
    builtin-copy -exclude .DS_Store -exclude CVS -exclude .svn -exclude .git -exclude .hg -resolve-src-symlinks -rename /Users/nicolas/Library/Developer/Xcode/DerivedData/AgendaHOF-bvieputxojihcqchgwytombtvhqx/Build/Intermediates.noindex/Supabase.build/Debug-iphonesimulator/Storage.build/Objects-normal/arm64/Storage.abi.json /Users/nicolas/Library/Developer/Xcode/DerivedData/AgendaHOF-bvieputxojihcqchgwytombtvhqx/Build/Products/Debug-iphonesimulator/Storage.swiftmodule/arm64-apple-ios-simulator.abi.json

Copy /Users/nicolas/Library/Developer/Xcode/DerivedData/AgendaHOF-bvieputxojihcqchgwytombtvhqx/Build/Products/Debug-iphonesimulator/Storage.swiftmodule/Project/arm64-apple-ios-simulator.swiftsourceinfo /Users/nicolas/Library/Developer/Xcode/DerivedData/AgendaHOF-bvieputxojihcqchgwytombtvhqx/Build/Intermediates.noindex/Supabase.build/Debug-iphonesimulator/Storage.build/Objects-normal/arm64/Storage.swiftsourceinfo (in target 'Storage' from project 'Supabase')
    cd /Users/nicolas/Library/Developer/Xcode/DerivedData/AgendaHOF-bvieputxojihcqchgwytombtvhqx/SourcePackages/checkouts/supabase-swift
    builtin-copy -exclude .DS_Store -exclude CVS -exclude .svn -exclude .git -exclude .hg -resolve-src-symlinks -rename /Users/nicolas/Library/Developer/Xcode/DerivedData/AgendaHOF-bvieputxojihcqchgwytombtvhqx/Build/Intermediates.noindex/Supabase.build/Debug-iphonesimulator/Storage.build/Objects-normal/arm64/Storage.swiftsourceinfo /Users/nicolas/Library/Developer/Xcode/DerivedData/AgendaHOF-bvieputxojihcqchgwytombtvhqx/Build/Products/Debug-iphonesimulator/Storage.swiftmodule/Project/arm64-apple-ios-simulator.swiftsourceinfo

SwiftDriverJobDiscovery normal arm64 Compiling BucketOptions.swift, Codable.swift (in target 'Storage' from project 'Supabase')

SwiftMergeGeneratedHeaders /Users/nicolas/Library/Developer/Xcode/DerivedData/AgendaHOF-bvieputxojihcqchgwytombtvhqx/Build/Intermediates.noindex/GeneratedModuleMaps-iphonesimulator/PostgREST-Swift.h /Users/nicolas/Library/Developer/Xcode/DerivedData/AgendaHOF-bvieputxojihcqchgwytombtvhqx/Build/Intermediates.noindex/Supabase.build/Debug-iphonesimulator/PostgREST.build/Objects-normal/arm64/PostgREST-Swift.h (in target 'PostgREST' from project 'Supabase')
    cd /Users/nicolas/Library/Developer/Xcode/DerivedData/AgendaHOF-bvieputxojihcqchgwytombtvhqx/SourcePackages/checkouts/supabase-swift
    builtin-swiftHeaderTool -arch arm64 /Users/nicolas/Library/Developer/Xcode/DerivedData/AgendaHOF-bvieputxojihcqchgwytombtvhqx/Build/Intermediates.noindex/Supabase.build/Debug-iphonesimulator/PostgREST.build/Objects-normal/arm64/PostgREST-Swift.h -o /Users/nicolas/Library/Developer/Xcode/DerivedData/AgendaHOF-bvieputxojihcqchgwytombtvhqx/Build/Intermediates.noindex/GeneratedModuleMaps-iphonesimulator/PostgREST-Swift.h

Copy /Users/nicolas/Library/Developer/Xcode/DerivedData/AgendaHOF-bvieputxojihcqchgwytombtvhqx/Build/Products/Debug-iphonesimulator/PostgREST.swiftmodule/arm64-apple-ios-simulator.swiftmodule /Users/nicolas/Library/Developer/Xcode/DerivedData/AgendaHOF-bvieputxojihcqchgwytombtvhqx/Build/Intermediates.noindex/Supabase.build/Debug-iphonesimulator/PostgREST.build/Objects-normal/arm64/PostgREST.swiftmodule (in target 'PostgREST' from project 'Supabase')
    cd /Users/nicolas/Library/Developer/Xcode/DerivedData/AgendaHOF-bvieputxojihcqchgwytombtvhqx/SourcePackages/checkouts/supabase-swift
    builtin-copy -exclude .DS_Store -exclude CVS -exclude .svn -exclude .git -exclude .hg -resolve-src-symlinks -rename /Users/nicolas/Library/Developer/Xcode/DerivedData/AgendaHOF-bvieputxojihcqchgwytombtvhqx/Build/Intermediates.noindex/Supabase.build/Debug-iphonesimulator/PostgREST.build/Objects-normal/arm64/PostgREST.swiftmodule /Users/nicolas/Library/Developer/Xcode/DerivedData/AgendaHOF-bvieputxojihcqchgwytombtvhqx/Build/Products/Debug-iphonesimulator/PostgREST.swiftmodule/arm64-apple-ios-simulator.swiftmodule

Copy /Users/nicolas/Library/Developer/Xcode/DerivedData/AgendaHOF-bvieputxojihcqchgwytombtvhqx/Build/Products/Debug-iphonesimulator/PostgREST.swiftmodule/arm64-apple-ios-simulator.swiftdoc /Users/nicolas/Library/Developer/Xcode/DerivedData/AgendaHOF-bvieputxojihcqchgwytombtvhqx/Build/Intermediates.noindex/Supabase.build/Debug-iphonesimulator/PostgREST.build/Objects-normal/arm64/PostgREST.swiftdoc (in target 'PostgREST' from project 'Supabase')
    cd /Users/nicolas/Library/Developer/Xcode/DerivedData/AgendaHOF-bvieputxojihcqchgwytombtvhqx/SourcePackages/checkouts/supabase-swift
    builtin-copy -exclude .DS_Store -exclude CVS -exclude .svn -exclude .git -exclude .hg -resolve-src-symlinks -rename /Users/nicolas/Library/Developer/Xcode/DerivedData/AgendaHOF-bvieputxojihcqchgwytombtvhqx/Build/Intermediates.noindex/Supabase.build/Debug-iphonesimulator/PostgREST.build/Objects-normal/arm64/PostgREST.swiftdoc /Users/nicolas/Library/Developer/Xcode/DerivedData/AgendaHOF-bvieputxojihcqchgwytombtvhqx/Build/Products/Debug-iphonesimulator/PostgREST.swiftmodule/arm64-apple-ios-simulator.swiftdoc

Copy /Users/nicolas/Library/Developer/Xcode/DerivedData/AgendaHOF-bvieputxojihcqchgwytombtvhqx/Build/Products/Debug-iphonesimulator/PostgREST.swiftmodule/arm64-apple-ios-simulator.abi.json /Users/nicolas/Library/Developer/Xcode/DerivedData/AgendaHOF-bvieputxojihcqchgwytombtvhqx/Build/Intermediates.noindex/Supabase.build/Debug-iphonesimulator/PostgREST.build/Objects-normal/arm64/PostgREST.abi.json (in target 'PostgREST' from project 'Supabase')
    cd /Users/nicolas/Library/Developer/Xcode/DerivedData/AgendaHOF-bvieputxojihcqchgwytombtvhqx/SourcePackages/checkouts/supabase-swift
    builtin-copy -exclude .DS_Store -exclude CVS -exclude .svn -exclude .git -exclude .hg -resolve-src-symlinks -rename /Users/nicolas/Library/Developer/Xcode/DerivedData/AgendaHOF-bvieputxojihcqchgwytombtvhqx/Build/Intermediates.noindex/Supabase.build/Debug-iphonesimulator/PostgREST.build/Objects-normal/arm64/PostgREST.abi.json /Users/nicolas/Library/Developer/Xcode/DerivedData/AgendaHOF-bvieputxojihcqchgwytombtvhqx/Build/Products/Debug-iphonesimulator/PostgREST.swiftmodule/arm64-apple-ios-simulator.abi.json

Copy /Users/nicolas/Library/Developer/Xcode/DerivedData/AgendaHOF-bvieputxojihcqchgwytombtvhqx/Build/Products/Debug-iphonesimulator/PostgREST.swiftmodule/Project/arm64-apple-ios-simulator.swiftsourceinfo /Users/nicolas/Library/Developer/Xcode/DerivedData/AgendaHOF-bvieputxojihcqchgwytombtvhqx/Build/Intermediates.noindex/Supabase.build/Debug-iphonesimulator/PostgREST.build/Objects-normal/arm64/PostgREST.swiftsourceinfo (in target 'PostgREST' from project 'Supabase')
    cd /Users/nicolas/Library/Developer/Xcode/DerivedData/AgendaHOF-bvieputxojihcqchgwytombtvhqx/SourcePackages/checkouts/supabase-swift
    builtin-copy -exclude .DS_Store -exclude CVS -exclude .svn -exclude .git -exclude .hg -resolve-src-symlinks -rename /Users/nicolas/Library/Developer/Xcode/DerivedData/AgendaHOF-bvieputxojihcqchgwytombtvhqx/Build/Intermediates.noindex/Supabase.build/Debug-iphonesimulator/PostgREST.build/Objects-normal/arm64/PostgREST.swiftsourceinfo /Users/nicolas/Library/Developer/Xcode/DerivedData/AgendaHOF-bvieputxojihcqchgwytombtvhqx/Build/Products/Debug-iphonesimulator/PostgREST.swiftmodule/Project/arm64-apple-ios-simulator.swiftsourceinfo

SwiftCompile normal arm64 Compiling\ PresenceAction.swift,\ PushV2.swift,\ RealtimeChannel+AsyncAwait.swift /Users/nicolas/Library/Developer/Xcode/DerivedData/AgendaHOF-bvieputxojihcqchgwytombtvhqx/SourcePackages/checkouts/supabase-swift/Sources/Realtime/PresenceAction.swift /Users/nicolas/Library/Developer/Xcode/DerivedData/AgendaHOF-bvieputxojihcqchgwytombtvhqx/SourcePackages/checkouts/supabase-swift/Sources/Realtime/PushV2.swift /Users/nicolas/Library/Developer/Xcode/DerivedData/AgendaHOF-bvieputxojihcqchgwytombtvhqx/SourcePackages/checkouts/supabase-swift/Sources/Realtime/RealtimeChannel+AsyncAwait.swift (in target 'Realtime' from project 'Supabase')

SwiftCompile normal arm64 /Users/nicolas/Library/Developer/Xcode/DerivedData/AgendaHOF-bvieputxojihcqchgwytombtvhqx/SourcePackages/checkouts/supabase-swift/Sources/Realtime/PresenceAction.swift (in target 'Realtime' from project 'Supabase')
    cd /Users/nicolas/Documents/aplicativos-sites/AgendaHOF-iOS/AgendaHOF.xcodeproj
    

SwiftCompile normal arm64 /Users/nicolas/Library/Developer/Xcode/DerivedData/AgendaHOF-bvieputxojihcqchgwytombtvhqx/SourcePackages/checkouts/supabase-swift/Sources/Realtime/PushV2.swift (in target 'Realtime' from project 'Supabase')
    cd /Users/nicolas/Documents/aplicativos-sites/AgendaHOF-iOS/AgendaHOF.xcodeproj
    

SwiftCompile normal arm64 /Users/nicolas/Library/Developer/Xcode/DerivedData/AgendaHOF-bvieputxojihcqchgwytombtvhqx/SourcePackages/checkouts/supabase-swift/Sources/Realtime/RealtimeChannel+AsyncAwait.swift (in target 'Realtime' from project 'Supabase')
    cd /Users/nicolas/Documents/aplicativos-sites/AgendaHOF-iOS/AgendaHOF.xcodeproj
    

SwiftCompile normal arm64 Compiling\ CallbackManager.swift,\ Defaults.swift,\ Delegated.swift /Users/nicolas/Library/Developer/Xcode/DerivedData/AgendaHOF-bvieputxojihcqchgwytombtvhqx/SourcePackages/checkouts/supabase-swift/Sources/Realtime/CallbackManager.swift /Users/nicolas/Library/Developer/Xcode/DerivedData/AgendaHOF-bvieputxojihcqchgwytombtvhqx/SourcePackages/checkouts/supabase-swift/Sources/Realtime/Deprecated/Defaults.swift /Users/nicolas/Library/Developer/Xcode/DerivedData/AgendaHOF-bvieputxojihcqchgwytombtvhqx/SourcePackages/checkouts/supabase-swift/Sources/Realtime/Deprecated/Delegated.swift (in target 'Realtime' from project 'Supabase')

SwiftCompile normal arm64 /Users/nicolas/Library/Developer/Xcode/DerivedData/AgendaHOF-bvieputxojihcqchgwytombtvhqx/SourcePackages/checkouts/supabase-swift/Sources/Realtime/CallbackManager.swift (in target 'Realtime' from project 'Supabase')
    cd /Users/nicolas/Documents/aplicativos-sites/AgendaHOF-iOS/AgendaHOF.xcodeproj
    

SwiftCompile normal arm64 /Users/nicolas/Library/Developer/Xcode/DerivedData/AgendaHOF-bvieputxojihcqchgwytombtvhqx/SourcePackages/checkouts/supabase-swift/Sources/Realtime/Deprecated/Defaults.swift (in target 'Realtime' from project 'Supabase')
    cd /Users/nicolas/Documents/aplicativos-sites/AgendaHOF-iOS/AgendaHOF.xcodeproj
    

SwiftCompile normal arm64 /Users/nicolas/Library/Developer/Xcode/DerivedData/AgendaHOF-bvieputxojihcqchgwytombtvhqx/SourcePackages/checkouts/supabase-swift/Sources/Realtime/Deprecated/Delegated.swift (in target 'Realtime' from project 'Supabase')
    cd /Users/nicolas/Documents/aplicativos-sites/AgendaHOF-iOS/AgendaHOF.xcodeproj
    

SwiftCompile normal arm64 Compiling\ RealtimePostgresFilterValue.swift,\ Types.swift /Users/nicolas/Library/Developer/Xcode/DerivedData/AgendaHOF-bvieputxojihcqchgwytombtvhqx/SourcePackages/checkouts/supabase-swift/Sources/Realtime/RealtimePostgresFilterValue.swift /Users/nicolas/Library/Developer/Xcode/DerivedData/AgendaHOF-bvieputxojihcqchgwytombtvhqx/SourcePackages/checkouts/supabase-swift/Sources/Realtime/Types.swift (in target 'Realtime' from project 'Supabase')

SwiftCompile normal arm64 /Users/nicolas/Library/Developer/Xcode/DerivedData/AgendaHOF-bvieputxojihcqchgwytombtvhqx/SourcePackages/checkouts/supabase-swift/Sources/Realtime/RealtimePostgresFilterValue.swift (in target 'Realtime' from project 'Supabase')
    cd /Users/nicolas/Documents/aplicativos-sites/AgendaHOF-iOS/AgendaHOF.xcodeproj
    

SwiftCompile normal arm64 /Users/nicolas/Library/Developer/Xcode/DerivedData/AgendaHOF-bvieputxojihcqchgwytombtvhqx/SourcePackages/checkouts/supabase-swift/Sources/Realtime/Types.swift (in target 'Realtime' from project 'Supabase')
    cd /Users/nicolas/Documents/aplicativos-sites/AgendaHOF-iOS/AgendaHOF.xcodeproj
    

SwiftDriverJobDiscovery normal arm64 Compiling StorageApi.swift, StorageBucketApi.swift (in target 'Storage' from project 'Supabase')

SwiftCompile normal arm64 Compiling\ Exports.swift,\ PostgresAction.swift,\ PostgresActionData.swift /Users/nicolas/Library/Developer/Xcode/DerivedData/AgendaHOF-bvieputxojihcqchgwytombtvhqx/SourcePackages/checkouts/supabase-swift/Sources/Realtime/Exports.swift /Users/nicolas/Library/Developer/Xcode/DerivedData/AgendaHOF-bvieputxojihcqchgwytombtvhqx/SourcePackages/checkouts/supabase-swift/Sources/Realtime/PostgresAction.swift /Users/nicolas/Library/Developer/Xcode/DerivedData/AgendaHOF-bvieputxojihcqchgwytombtvhqx/SourcePackages/checkouts/supabase-swift/Sources/Realtime/PostgresActionData.swift (in target 'Realtime' from project 'Supabase')

SwiftCompile normal arm64 /Users/nicolas/Library/Developer/Xcode/DerivedData/AgendaHOF-bvieputxojihcqchgwytombtvhqx/SourcePackages/checkouts/supabase-swift/Sources/Realtime/Exports.swift (in target 'Realtime' from project 'Supabase')
    cd /Users/nicolas/Documents/aplicativos-sites/AgendaHOF-iOS/AgendaHOF.xcodeproj
    

SwiftCompile normal arm64 /Users/nicolas/Library/Developer/Xcode/DerivedData/AgendaHOF-bvieputxojihcqchgwytombtvhqx/SourcePackages/checkouts/supabase-swift/Sources/Realtime/PostgresAction.swift (in target 'Realtime' from project 'Supabase')
    cd /Users/nicolas/Documents/aplicativos-sites/AgendaHOF-iOS/AgendaHOF.xcodeproj
    

SwiftCompile normal arm64 /Users/nicolas/Library/Developer/Xcode/DerivedData/AgendaHOF-bvieputxojihcqchgwytombtvhqx/SourcePackages/checkouts/supabase-swift/Sources/Realtime/PostgresActionData.swift (in target 'Realtime' from project 'Supabase')
    cd /Users/nicolas/Documents/aplicativos-sites/AgendaHOF-iOS/AgendaHOF.xcodeproj
    

SwiftDriverJobDiscovery normal arm64 Compiling Helpers.swift, MultipartFormData.swift (in target 'Storage' from project 'Supabase')

SwiftCompile normal arm64 Compiling\ Presence.swift,\ Push.swift,\ RealtimeChannel.swift /Users/nicolas/Library/Developer/Xcode/DerivedData/AgendaHOF-bvieputxojihcqchgwytombtvhqx/SourcePackages/checkouts/supabase-swift/Sources/Realtime/Deprecated/Presence.swift /Users/nicolas/Library/Developer/Xcode/DerivedData/AgendaHOF-bvieputxojihcqchgwytombtvhqx/SourcePackages/checkouts/supabase-swift/Sources/Realtime/Deprecated/Push.swift /Users/nicolas/Library/Developer/Xcode/DerivedData/AgendaHOF-bvieputxojihcqchgwytombtvhqx/SourcePackages/checkouts/supabase-swift/Sources/Realtime/Deprecated/RealtimeChannel.swift (in target 'Realtime' from project 'Supabase')
SwiftCompile normal arm64 /Users/nicolas/Library/Developer/Xcode/DerivedData/AgendaHOF-bvieputxojihcqchgwytombtvhqx/SourcePackages/checkouts/supabase-swift/Sources/Realtime/Deprecated/Presence.swift (in target 'Realtime' from project 'Supabase')
    cd /Users/nicolas/Documents/aplicativos-sites/AgendaHOF-iOS/AgendaHOF.xcodeproj
    

SwiftCompile normal arm64 /Users/nicolas/Library/Developer/Xcode/DerivedData/AgendaHOF-bvieputxojihcqchgwytombtvhqx/SourcePackages/checkouts/supabase-swift/Sources/Realtime/Deprecated/Push.swift (in target 'Realtime' from project 'Supabase')
    cd /Users/nicolas/Documents/aplicativos-sites/AgendaHOF-iOS/AgendaHOF.xcodeproj
    

SwiftCompile normal arm64 /Users/nicolas/Library/Developer/Xcode/DerivedData/AgendaHOF-bvieputxojihcqchgwytombtvhqx/SourcePackages/checkouts/supabase-swift/Sources/Realtime/Deprecated/RealtimeChannel.swift (in target 'Realtime' from project 'Supabase')
    cd /Users/nicolas/Documents/aplicativos-sites/AgendaHOF-iOS/AgendaHOF.xcodeproj
    

SwiftDriverJobDiscovery normal arm64 Emitting module for Realtime (in target 'Realtime' from project 'Supabase')

SwiftDriver\ Compilation\ Requirements Realtime normal arm64 com.apple.xcode.tools.swift.compiler (in target 'Realtime' from project 'Supabase')
    cd /Users/nicolas/Documents/aplicativos-sites/AgendaHOF-iOS/AgendaHOF.xcodeproj
    builtin-Swift-Compilation-Requirements -- /Applications/Xcode.app/Contents/Developer/Toolchains/XcodeDefault.xctoolchain/usr/bin/swiftc -module-name Realtime -Onone -enforce-exclusivity\=checked @/Users/nicolas/Library/Developer/Xcode/DerivedData/AgendaHOF-bvieputxojihcqchgwytombtvhqx/Build/Intermediates.noindex/Supabase.build/Debug-iphonesimulator/Realtime.build/Objects-normal/arm64/Realtime.SwiftFileList -DSWIFT_PACKAGE -DDEBUG -DSWIFT_MODULE_RESOURCE_BUNDLE_UNAVAILABLE -DXcode -enable-upcoming-feature ExistentialAny -enable-experimental-feature StrictConcurrency -plugin-path /Applications/Xcode.app/Contents/Developer/Toolchains/XcodeDefault.xctoolchain/usr/lib/swift/host/plugins/testing -enable-experimental-feature DebugDescriptionMacro -sdk /Applications/Xcode.app/Contents/Developer/Platforms/iPhoneSimulator.platform/Developer/SDKs/iPhoneSimulator26.2.sdk -target arm64-apple-ios13.0-simulator -g -module-cache-path /Users/nicolas/Library/Developer/Xcode/DerivedData/ModuleCache.noindex -Xfrontend -serialize-debugging-options -profile-coverage-mapping -profile-generate -enable-testing -suppress-warnings -index-store-path /Users/nicolas/Library/Developer/Xcode/DerivedData/AgendaHOF-bvieputxojihcqchgwytombtvhqx/Index.noindex/DataStore -Xcc -D_LIBCPP_HARDENING_MODE\=_LIBCPP_HARDENING_MODE_DEBUG -swift-version 5 -I /Users/nicolas/Library/Developer/Xcode/DerivedData/AgendaHOF-bvieputxojihcqchgwytombtvhqx/Build/Products/Debug-iphonesimulator -Isystem /Applications/Xcode.app/Contents/Developer/Platforms/iPhoneSimulator.platform/Developer/usr/lib -F /Users/nicolas/Library/Developer/Xcode/DerivedData/AgendaHOF-bvieputxojihcqchgwytombtvhqx/Build/Products/Debug-iphonesimulator/PackageFrameworks -F /Users/nicolas/Library/Developer/Xcode/DerivedData/AgendaHOF-bvieputxojihcqchgwytombtvhqx/Build/Products/Debug-iphonesimulator/PackageFrameworks -F /Users/nicolas/Library/Developer/Xcode/DerivedData/AgendaHOF-bvieputxojihcqchgwytombtvhqx/Build/Products/Debug-iphonesimulator/PackageFrameworks -F /Users/nicolas/Library/Developer/Xcode/DerivedData/AgendaHOF-bvieputxojihcqchgwytombtvhqx/Build/Products/Debug-iphonesimulator/PackageFrameworks -F /Users/nicolas/Library/Developer/Xcode/DerivedData/AgendaHOF-bvieputxojihcqchgwytombtvhqx/Build/Products/Debug-iphonesimulator/PackageFrameworks -F /Users/nicolas/Library/Developer/Xcode/DerivedData/AgendaHOF-bvieputxojihcqchgwytombtvhqx/Build/Products/Debug-iphonesimulator/PackageFrameworks -F /Users/nicolas/Library/Developer/Xcode/DerivedData/AgendaHOF-bvieputxojihcqchgwytombtvhqx/Build/Products/Debug-iphonesimulator/PackageFrameworks -F /Users/nicolas/Library/Developer/Xcode/DerivedData/AgendaHOF-bvieputxojihcqchgwytombtvhqx/Build/Products/Debug-iphonesimulator -F /Applications/Xcode.app/Contents/Developer/Platforms/iPhoneSimulator.platform/Developer/Library/Frameworks -F /Applications/Xcode.app/Contents/Developer/Platforms/iPhoneSimulator.platform/Developer/SDKs/iPhoneSimulator26.2.sdk/Developer/Library/Frameworks -c -j10 -enable-batch-mode -incremental -Xcc -ivfsstatcache -Xcc /Users/nicolas/Library/Developer/Xcode/DerivedData/SDKStatCaches.noindex/iphonesimulator26.2-23C53-7d00a8b37fbd7999ea79df8ebc024bf0.sdkstatcache -output-file-map /Users/nicolas/Library/Developer/Xcode/DerivedData/AgendaHOF-bvieputxojihcqchgwytombtvhqx/Build/Intermediates.noindex/Supabase.build/Debug-iphonesimulator/Realtime.build/Objects-normal/arm64/Realtime-OutputFileMap.json -use-frontend-parseable-output -save-temps -no-color-diagnostics -explicit-module-build -module-cache-path /Users/nicolas/Library/Developer/Xcode/DerivedData/AgendaHOF-bvieputxojihcqchgwytombtvhqx/Build/Intermediates.noindex/SwiftExplicitPrecompiledModules -clang-scanner-module-cache-path /Users/nicolas/Library/Developer/Xcode/DerivedData/ModuleCache.noindex -sdk-module-cache-path /Users/nicolas/Library/Developer/Xcode/DerivedData/ModuleCache.noindex -serialize-diagnostics -emit-dependencies -emit-module -emit-module-path /Users/nicolas/Library/Developer/Xcode/DerivedData/AgendaHOF-bvieputxojihcqchgwytombtvhqx/Build/Intermediates.noindex/Supabase.build/Debug-iphonesimulator/Realtime.build/Objects-normal/arm64/Realtime.swiftmodule -validate-clang-modules-once -clang-build-session-file /Users/nicolas/Library/Developer/Xcode/DerivedData/ModuleCache.noindex/Session.modulevalidation -package-name supabase_swift -Xcc -I/Users/nicolas/Library/Developer/Xcode/DerivedData/AgendaHOF-bvieputxojihcqchgwytombtvhqx/Build/Intermediates.noindex/Supabase.build/Debug-iphonesimulator/Realtime.build/swift-overrides.hmap -emit-const-values -Xfrontend -const-gather-protocols-file -Xfrontend /Users/nicolas/Library/Developer/Xcode/DerivedData/AgendaHOF-bvieputxojihcqchgwytombtvhqx/Build/Intermediates.noindex/Supabase.build/Debug-iphonesimulator/Realtime.build/Objects-normal/arm64/Realtime_const_extract_protocols.json -Xcc -I/Users/nicolas/Library/Developer/Xcode/DerivedData/AgendaHOF-bvieputxojihcqchgwytombtvhqx/Build/Products/Debug-iphonesimulator/include -Xcc -I/Users/nicolas/Library/Developer/Xcode/DerivedData/AgendaHOF-bvieputxojihcqchgwytombtvhqx/Build/Intermediates.noindex/Supabase.build/Debug-iphonesimulator/Realtime.build/DerivedSources-normal/arm64 -Xcc -I/Users/nicolas/Library/Developer/Xcode/DerivedData/AgendaHOF-bvieputxojihcqchgwytombtvhqx/Build/Intermediates.noindex/Supabase.build/Debug-iphonesimulator/Realtime.build/DerivedSources/arm64 -Xcc -I/Users/nicolas/Library/Developer/Xcode/DerivedData/AgendaHOF-bvieputxojihcqchgwytombtvhqx/Build/Intermediates.noindex/Supabase.build/Debug-iphonesimulator/Realtime.build/DerivedSources -Xcc -DSWIFT_PACKAGE -Xcc -DDEBUG\=1 -emit-objc-header -emit-objc-header-path /Users/nicolas/Library/Developer/Xcode/DerivedData/AgendaHOF-bvieputxojihcqchgwytombtvhqx/Build/Intermediates.noindex/Supabase.build/Debug-iphonesimulator/Realtime.build/Objects-normal/arm64/Realtime-Swift.h -working-directory /Users/nicolas/Documents/aplicativos-sites/AgendaHOF-iOS/AgendaHOF.xcodeproj -experimental-emit-module-separately -disable-cmo

SwiftDriverJobDiscovery normal arm64 Compiling RealtimePostgresFilterValue.swift, Types.swift (in target 'Realtime' from project 'Supabase')

SwiftCompile normal arm64 Compiling\ Deprecated.swift,\ HeartbeatTimer.swift,\ PhoenixTransport.swift /Users/nicolas/Library/Developer/Xcode/DerivedData/AgendaHOF-bvieputxojihcqchgwytombtvhqx/SourcePackages/checkouts/supabase-swift/Sources/Realtime/Deprecated/Deprecated.swift /Users/nicolas/Library/Developer/Xcode/DerivedData/AgendaHOF-bvieputxojihcqchgwytombtvhqx/SourcePackages/checkouts/supabase-swift/Sources/Realtime/Deprecated/HeartbeatTimer.swift /Users/nicolas/Library/Developer/Xcode/DerivedData/AgendaHOF-bvieputxojihcqchgwytombtvhqx/SourcePackages/checkouts/supabase-swift/Sources/Realtime/Deprecated/PhoenixTransport.swift (in target 'Realtime' from project 'Supabase')

SwiftCompile normal arm64 /Users/nicolas/Library/Developer/Xcode/DerivedData/AgendaHOF-bvieputxojihcqchgwytombtvhqx/SourcePackages/checkouts/supabase-swift/Sources/Realtime/Deprecated/Deprecated.swift (in target 'Realtime' from project 'Supabase')
    cd /Users/nicolas/Documents/aplicativos-sites/AgendaHOF-iOS/AgendaHOF.xcodeproj
    

SwiftCompile normal arm64 /Users/nicolas/Library/Developer/Xcode/DerivedData/AgendaHOF-bvieputxojihcqchgwytombtvhqx/SourcePackages/checkouts/supabase-swift/Sources/Realtime/Deprecated/HeartbeatTimer.swift (in target 'Realtime' from project 'Supabase')
    cd /Users/nicolas/Documents/aplicativos-sites/AgendaHOF-iOS/AgendaHOF.xcodeproj
    

SwiftCompile normal arm64 /Users/nicolas/Library/Developer/Xcode/DerivedData/AgendaHOF-bvieputxojihcqchgwytombtvhqx/SourcePackages/checkouts/supabase-swift/Sources/Realtime/Deprecated/PhoenixTransport.swift (in target 'Realtime' from project 'Supabase')
    cd /Users/nicolas/Documents/aplicativos-sites/AgendaHOF-iOS/AgendaHOF.xcodeproj
    

SwiftMergeGeneratedHeaders /Users/nicolas/Library/Developer/Xcode/DerivedData/AgendaHOF-bvieputxojihcqchgwytombtvhqx/Build/Intermediates.noindex/GeneratedModuleMaps-iphonesimulator/Realtime-Swift.h /Users/nicolas/Library/Developer/Xcode/DerivedData/AgendaHOF-bvieputxojihcqchgwytombtvhqx/Build/Intermediates.noindex/Supabase.build/Debug-iphonesimulator/Realtime.build/Objects-normal/arm64/Realtime-Swift.h (in target 'Realtime' from project 'Supabase')
    cd /Users/nicolas/Library/Developer/Xcode/DerivedData/AgendaHOF-bvieputxojihcqchgwytombtvhqx/SourcePackages/checkouts/supabase-swift
    builtin-swiftHeaderTool -arch arm64 /Users/nicolas/Library/Developer/Xcode/DerivedData/AgendaHOF-bvieputxojihcqchgwytombtvhqx/Build/Intermediates.noindex/Supabase.build/Debug-iphonesimulator/Realtime.build/Objects-normal/arm64/Realtime-Swift.h -o /Users/nicolas/Library/Developer/Xcode/DerivedData/AgendaHOF-bvieputxojihcqchgwytombtvhqx/Build/Intermediates.noindex/GeneratedModuleMaps-iphonesimulator/Realtime-Swift.h

SwiftDriverJobDiscovery normal arm64 Compiling PresenceAction.swift, PushV2.swift, RealtimeChannel+AsyncAwait.swift (in target 'Realtime' from project 'Supabase')

Copy /Users/nicolas/Library/Developer/Xcode/DerivedData/AgendaHOF-bvieputxojihcqchgwytombtvhqx/Build/Products/Debug-iphonesimulator/Realtime.swiftmodule/arm64-apple-ios-simulator.swiftmodule /Users/nicolas/Library/Developer/Xcode/DerivedData/AgendaHOF-bvieputxojihcqchgwytombtvhqx/Build/Intermediates.noindex/Supabase.build/Debug-iphonesimulator/Realtime.build/Objects-normal/arm64/Realtime.swiftmodule (in target 'Realtime' from project 'Supabase')
    cd /Users/nicolas/Library/Developer/Xcode/DerivedData/AgendaHOF-bvieputxojihcqchgwytombtvhqx/SourcePackages/checkouts/supabase-swift
    builtin-copy -exclude .DS_Store -exclude CVS -exclude .svn -exclude .git -exclude .hg -resolve-src-symlinks -rename /Users/nicolas/Library/Developer/Xcode/DerivedData/AgendaHOF-bvieputxojihcqchgwytombtvhqx/Build/Intermediates.noindex/Supabase.build/Debug-iphonesimulator/Realtime.build/Objects-normal/arm64/Realtime.swiftmodule /Users/nicolas/Library/Developer/Xcode/DerivedData/AgendaHOF-bvieputxojihcqchgwytombtvhqx/Build/Products/Debug-iphonesimulator/Realtime.swiftmodule/arm64-apple-ios-simulator.swiftmodule

Copy /Users/nicolas/Library/Developer/Xcode/DerivedData/AgendaHOF-bvieputxojihcqchgwytombtvhqx/Build/Products/Debug-iphonesimulator/Realtime.swiftmodule/arm64-apple-ios-simulator.swiftdoc /Users/nicolas/Library/Developer/Xcode/DerivedData/AgendaHOF-bvieputxojihcqchgwytombtvhqx/Build/Intermediates.noindex/Supabase.build/Debug-iphonesimulator/Realtime.build/Objects-normal/arm64/Realtime.swiftdoc (in target 'Realtime' from project 'Supabase')
    cd /Users/nicolas/Library/Developer/Xcode/DerivedData/AgendaHOF-bvieputxojihcqchgwytombtvhqx/SourcePackages/checkouts/supabase-swift
    builtin-copy -exclude .DS_Store -exclude CVS -exclude .svn -exclude .git -exclude .hg -resolve-src-symlinks -rename /Users/nicolas/Library/Developer/Xcode/DerivedData/AgendaHOF-bvieputxojihcqchgwytombtvhqx/Build/Intermediates.noindex/Supabase.build/Debug-iphonesimulator/Realtime.build/Objects-normal/arm64/Realtime.swiftdoc /Users/nicolas/Library/Developer/Xcode/DerivedData/AgendaHOF-bvieputxojihcqchgwytombtvhqx/Build/Products/Debug-iphonesimulator/Realtime.swiftmodule/arm64-apple-ios-simulator.swiftdoc

Copy /Users/nicolas/Library/Developer/Xcode/DerivedData/AgendaHOF-bvieputxojihcqchgwytombtvhqx/Build/Products/Debug-iphonesimulator/Realtime.swiftmodule/arm64-apple-ios-simulator.abi.json /Users/nicolas/Library/Developer/Xcode/DerivedData/AgendaHOF-bvieputxojihcqchgwytombtvhqx/Build/Intermediates.noindex/Supabase.build/Debug-iphonesimulator/Realtime.build/Objects-normal/arm64/Realtime.abi.json (in target 'Realtime' from project 'Supabase')
    cd /Users/nicolas/Library/Developer/Xcode/DerivedData/AgendaHOF-bvieputxojihcqchgwytombtvhqx/SourcePackages/checkouts/supabase-swift
    builtin-copy -exclude .DS_Store -exclude CVS -exclude .svn -exclude .git -exclude .hg -resolve-src-symlinks -rename /Users/nicolas/Library/Developer/Xcode/DerivedData/AgendaHOF-bvieputxojihcqchgwytombtvhqx/Build/Intermediates.noindex/Supabase.build/Debug-iphonesimulator/Realtime.build/Objects-normal/arm64/Realtime.abi.json /Users/nicolas/Library/Developer/Xcode/DerivedData/AgendaHOF-bvieputxojihcqchgwytombtvhqx/Build/Products/Debug-iphonesimulator/Realtime.swiftmodule/arm64-apple-ios-simulator.abi.json

Copy /Users/nicolas/Library/Developer/Xcode/DerivedData/AgendaHOF-bvieputxojihcqchgwytombtvhqx/Build/Products/Debug-iphonesimulator/Realtime.swiftmodule/Project/arm64-apple-ios-simulator.swiftsourceinfo /Users/nicolas/Library/Developer/Xcode/DerivedData/AgendaHOF-bvieputxojihcqchgwytombtvhqx/Build/Intermediates.noindex/Supabase.build/Debug-iphonesimulator/Realtime.build/Objects-normal/arm64/Realtime.swiftsourceinfo (in target 'Realtime' from project 'Supabase')
    cd /Users/nicolas/Library/Developer/Xcode/DerivedData/AgendaHOF-bvieputxojihcqchgwytombtvhqx/SourcePackages/checkouts/supabase-swift
    builtin-copy -exclude .DS_Store -exclude CVS -exclude .svn -exclude .git -exclude .hg -resolve-src-symlinks -rename /Users/nicolas/Library/Developer/Xcode/DerivedData/AgendaHOF-bvieputxojihcqchgwytombtvhqx/Build/Intermediates.noindex/Supabase.build/Debug-iphonesimulator/Realtime.build/Objects-normal/arm64/Realtime.swiftsourceinfo /Users/nicolas/Library/Developer/Xcode/DerivedData/AgendaHOF-bvieputxojihcqchgwytombtvhqx/Build/Products/Debug-iphonesimulator/Realtime.swiftmodule/Project/arm64-apple-ios-simulator.swiftsourceinfo

SwiftCompile normal arm64 Compiling\ URLSessionWebSocket.swift,\ WebSocket.swift /Users/nicolas/Library/Developer/Xcode/DerivedData/AgendaHOF-bvieputxojihcqchgwytombtvhqx/SourcePackages/checkouts/supabase-swift/Sources/Realtime/WebSocket/URLSessionWebSocket.swift /Users/nicolas/Library/Developer/Xcode/DerivedData/AgendaHOF-bvieputxojihcqchgwytombtvhqx/SourcePackages/checkouts/supabase-swift/Sources/Realtime/WebSocket/WebSocket.swift (in target 'Realtime' from project 'Supabase')

SwiftCompile normal arm64 /Users/nicolas/Library/Developer/Xcode/DerivedData/AgendaHOF-bvieputxojihcqchgwytombtvhqx/SourcePackages/checkouts/supabase-swift/Sources/Realtime/WebSocket/URLSessionWebSocket.swift (in target 'Realtime' from project 'Supabase')
    cd /Users/nicolas/Documents/aplicativos-sites/AgendaHOF-iOS/AgendaHOF.xcodeproj
    

SwiftCompile normal arm64 /Users/nicolas/Library/Developer/Xcode/DerivedData/AgendaHOF-bvieputxojihcqchgwytombtvhqx/SourcePackages/checkouts/supabase-swift/Sources/Realtime/WebSocket/WebSocket.swift (in target 'Realtime' from project 'Supabase')
    cd /Users/nicolas/Documents/aplicativos-sites/AgendaHOF-iOS/AgendaHOF.xcodeproj
    

SwiftDriverJobDiscovery normal arm64 Compiling CallbackManager.swift, Defaults.swift, Delegated.swift (in target 'Realtime' from project 'Supabase')

SwiftCompile normal arm64 Compiling\ RealtimeChannelV2.swift,\ RealtimeClientV2.swift,\ RealtimeError.swift /Users/nicolas/Library/Developer/Xcode/DerivedData/AgendaHOF-bvieputxojihcqchgwytombtvhqx/SourcePackages/checkouts/supabase-swift/Sources/Realtime/RealtimeChannelV2.swift /Users/nicolas/Library/Developer/Xcode/DerivedData/AgendaHOF-bvieputxojihcqchgwytombtvhqx/SourcePackages/checkouts/supabase-swift/Sources/Realtime/RealtimeClientV2.swift /Users/nicolas/Library/Developer/Xcode/DerivedData/AgendaHOF-bvieputxojihcqchgwytombtvhqx/SourcePackages/checkouts/supabase-swift/Sources/Realtime/RealtimeError.swift (in target 'Realtime' from project 'Supabase')
SwiftCompile normal arm64 /Users/nicolas/Library/Developer/Xcode/DerivedData/AgendaHOF-bvieputxojihcqchgwytombtvhqx/SourcePackages/checkouts/supabase-swift/Sources/Realtime/RealtimeChannelV2.swift (in target 'Realtime' from project 'Supabase')
    cd /Users/nicolas/Documents/aplicativos-sites/AgendaHOF-iOS/AgendaHOF.xcodeproj
    

SwiftCompile normal arm64 /Users/nicolas/Library/Developer/Xcode/DerivedData/AgendaHOF-bvieputxojihcqchgwytombtvhqx/SourcePackages/checkouts/supabase-swift/Sources/Realtime/RealtimeClientV2.swift (in target 'Realtime' from project 'Supabase')
    cd /Users/nicolas/Documents/aplicativos-sites/AgendaHOF-iOS/AgendaHOF.xcodeproj
    

SwiftCompile normal arm64 /Users/nicolas/Library/Developer/Xcode/DerivedData/AgendaHOF-bvieputxojihcqchgwytombtvhqx/SourcePackages/checkouts/supabase-swift/Sources/Realtime/RealtimeError.swift (in target 'Realtime' from project 'Supabase')
    cd /Users/nicolas/Documents/aplicativos-sites/AgendaHOF-iOS/AgendaHOF.xcodeproj
    

SwiftCompile normal arm64 Compiling\ PostgrestFilterValue.swift /Users/nicolas/Library/Developer/Xcode/DerivedData/AgendaHOF-bvieputxojihcqchgwytombtvhqx/SourcePackages/checkouts/supabase-swift/Sources/PostgREST/PostgrestFilterValue.swift (in target 'PostgREST' from project 'Supabase')

SwiftCompile normal arm64 /Users/nicolas/Library/Developer/Xcode/DerivedData/AgendaHOF-bvieputxojihcqchgwytombtvhqx/SourcePackages/checkouts/supabase-swift/Sources/PostgREST/PostgrestFilterValue.swift (in target 'PostgREST' from project 'Supabase')
    cd /Users/nicolas/Documents/aplicativos-sites/AgendaHOF-iOS/AgendaHOF.xcodeproj
    

SwiftDriverJobDiscovery normal arm64 Emitting module for Auth (in target 'Auth' from project 'Supabase')

SwiftDriver\ Compilation\ Requirements Auth normal arm64 com.apple.xcode.tools.swift.compiler (in target 'Auth' from project 'Supabase')
    cd /Users/nicolas/Documents/aplicativos-sites/AgendaHOF-iOS/AgendaHOF.xcodeproj
    builtin-Swift-Compilation-Requirements -- /Applications/Xcode.app/Contents/Developer/Toolchains/XcodeDefault.xctoolchain/usr/bin/swiftc -module-name Auth -Onone -enforce-exclusivity\=checked @/Users/nicolas/Library/Developer/Xcode/DerivedData/AgendaHOF-bvieputxojihcqchgwytombtvhqx/Build/Intermediates.noindex/Supabase.build/Debug-iphonesimulator/Auth.build/Objects-normal/arm64/Auth.SwiftFileList -DSWIFT_PACKAGE -DDEBUG -DSWIFT_MODULE_RESOURCE_BUNDLE_UNAVAILABLE -DXcode -enable-upcoming-feature ExistentialAny -enable-experimental-feature StrictConcurrency -plugin-path /Applications/Xcode.app/Contents/Developer/Toolchains/XcodeDefault.xctoolchain/usr/lib/swift/host/plugins/testing -enable-experimental-feature DebugDescriptionMacro -sdk /Applications/Xcode.app/Contents/Developer/Platforms/iPhoneSimulator.platform/Developer/SDKs/iPhoneSimulator26.2.sdk -target arm64-apple-ios13.0-simulator -g -module-cache-path /Users/nicolas/Library/Developer/Xcode/DerivedData/ModuleCache.noindex -Xfrontend -serialize-debugging-options -profile-coverage-mapping -profile-generate -enable-testing -suppress-warnings -index-store-path /Users/nicolas/Library/Developer/Xcode/DerivedData/AgendaHOF-bvieputxojihcqchgwytombtvhqx/Index.noindex/DataStore -Xcc -D_LIBCPP_HARDENING_MODE\=_LIBCPP_HARDENING_MODE_DEBUG -swift-version 5 -I /Users/nicolas/Library/Developer/Xcode/DerivedData/AgendaHOF-bvieputxojihcqchgwytombtvhqx/Build/Products/Debug-iphonesimulator -Isystem /Applications/Xcode.app/Contents/Developer/Platforms/iPhoneSimulator.platform/Developer/usr/lib -F /Users/nicolas/Library/Developer/Xcode/DerivedData/AgendaHOF-bvieputxojihcqchgwytombtvhqx/Build/Products/Debug-iphonesimulator/PackageFrameworks -F /Users/nicolas/Library/Developer/Xcode/DerivedData/AgendaHOF-bvieputxojihcqchgwytombtvhqx/Build/Products/Debug-iphonesimulator/PackageFrameworks -F /Users/nicolas/Library/Developer/Xcode/DerivedData/AgendaHOF-bvieputxojihcqchgwytombtvhqx/Build/Products/Debug-iphonesimulator/PackageFrameworks -F /Users/nicolas/Library/Developer/Xcode/DerivedData/AgendaHOF-bvieputxojihcqchgwytombtvhqx/Build/Products/Debug-iphonesimulator/PackageFrameworks -F /Users/nicolas/Library/Developer/Xcode/DerivedData/AgendaHOF-bvieputxojihcqchgwytombtvhqx/Build/Products/Debug-iphonesimulator/PackageFrameworks -F /Users/nicolas/Library/Developer/Xcode/DerivedData/AgendaHOF-bvieputxojihcqchgwytombtvhqx/Build/Products/Debug-iphonesimulator/PackageFrameworks -F /Users/nicolas/Library/Developer/Xcode/DerivedData/AgendaHOF-bvieputxojihcqchgwytombtvhqx/Build/Products/Debug-iphonesimulator/PackageFrameworks -F /Users/nicolas/Library/Developer/Xcode/DerivedData/AgendaHOF-bvieputxojihcqchgwytombtvhqx/Build/Products/Debug-iphonesimulator/PackageFrameworks -F /Users/nicolas/Library/Developer/Xcode/DerivedData/AgendaHOF-bvieputxojihcqchgwytombtvhqx/Build/Products/Debug-iphonesimulator -F /Applications/Xcode.app/Contents/Developer/Platforms/iPhoneSimulator.platform/Developer/Library/Frameworks -F /Applications/Xcode.app/Contents/Developer/Platforms/iPhoneSimulator.platform/Developer/SDKs/iPhoneSimulator26.2.sdk/Developer/Library/Frameworks -c -j10 -enable-batch-mode -incremental -Xcc -ivfsstatcache -Xcc /Users/nicolas/Library/Developer/Xcode/DerivedData/SDKStatCaches.noindex/iphonesimulator26.2-23C53-7d00a8b37fbd7999ea79df8ebc024bf0.sdkstatcache -output-file-map /Users/nicolas/Library/Developer/Xcode/DerivedData/AgendaHOF-bvieputxojihcqchgwytombtvhqx/Build/Intermediates.noindex/Supabase.build/Debug-iphonesimulator/Auth.build/Objects-normal/arm64/Auth-OutputFileMap.json -use-frontend-parseable-output -save-temps -no-color-diagnostics -explicit-module-build -module-cache-path /Users/nicolas/Library/Developer/Xcode/DerivedData/AgendaHOF-bvieputxojihcqchgwytombtvhqx/Build/Intermediates.noindex/SwiftExplicitPrecompiledModules -clang-scanner-module-cache-path /Users/nicolas/Library/Developer/Xcode/DerivedData/ModuleCache.noindex -sdk-module-cache-path /Users/nicolas/Library/Developer/Xcode/DerivedData/ModuleCache.noindex -serialize-diagnostics -emit-dependencies -emit-module -emit-module-path /Users/nicolas/Library/Developer/Xcode/DerivedData/AgendaHOF-bvieputxojihcqchgwytombtvhqx/Build/Intermediates.noindex/Supabase.build/Debug-iphonesimulator/Auth.build/Objects-normal/arm64/Auth.swiftmodule -validate-clang-modules-once -clang-build-session-file /Users/nicolas/Library/Developer/Xcode/DerivedData/ModuleCache.noindex/Session.modulevalidation -package-name supabase_swift -Xcc -I/Users/nicolas/Library/Developer/Xcode/DerivedData/AgendaHOF-bvieputxojihcqchgwytombtvhqx/Build/Intermediates.noindex/Supabase.build/Debug-iphonesimulator/Auth.build/swift-overrides.hmap -emit-const-values -Xfrontend -const-gather-protocols-file -Xfrontend /Users/nicolas/Library/Developer/Xcode/DerivedData/AgendaHOF-bvieputxojihcqchgwytombtvhqx/Build/Intermediates.noindex/Supabase.build/Debug-iphonesimulator/Auth.build/Objects-normal/arm64/Auth_const_extract_protocols.json -Xcc -I/Users/nicolas/Library/Developer/Xcode/DerivedData/AgendaHOF-bvieputxojihcqchgwytombtvhqx/Build/Products/Debug-iphonesimulator/include -Xcc -I/Users/nicolas/Library/Developer/Xcode/DerivedData/AgendaHOF-bvieputxojihcqchgwytombtvhqx/Build/Intermediates.noindex/Supabase.build/Debug-iphonesimulator/Auth.build/DerivedSources-normal/arm64 -Xcc -I/Users/nicolas/Library/Developer/Xcode/DerivedData/AgendaHOF-bvieputxojihcqchgwytombtvhqx/Build/Intermediates.noindex/Supabase.build/Debug-iphonesimulator/Auth.build/DerivedSources/arm64 -Xcc -I/Users/nicolas/Library/Developer/Xcode/DerivedData/AgendaHOF-bvieputxojihcqchgwytombtvhqx/Build/Intermediates.noindex/Supabase.build/Debug-iphonesimulator/Auth.build/DerivedSources -Xcc -DSWIFT_PACKAGE -Xcc -DDEBUG\=1 -emit-objc-header -emit-objc-header-path /Users/nicolas/Library/Developer/Xcode/DerivedData/AgendaHOF-bvieputxojihcqchgwytombtvhqx/Build/Intermediates.noindex/Supabase.build/Debug-iphonesimulator/Auth.build/Objects-normal/arm64/Auth-Swift.h -working-directory /Users/nicolas/Documents/aplicativos-sites/AgendaHOF-iOS/AgendaHOF.xcodeproj -experimental-emit-module-separately -disable-cmo

SwiftDriverJobDiscovery normal arm64 Compiling Types.swift (in target 'Storage' from project 'Supabase')

SwiftCompile normal arm64 Compiling\ Types.swift /Users/nicolas/Library/Developer/Xcode/DerivedData/AgendaHOF-bvieputxojihcqchgwytombtvhqx/SourcePackages/checkouts/supabase-swift/Sources/PostgREST/Types.swift (in target 'PostgREST' from project 'Supabase')

SwiftCompile normal arm64 /Users/nicolas/Library/Developer/Xcode/DerivedData/AgendaHOF-bvieputxojihcqchgwytombtvhqx/SourcePackages/checkouts/supabase-swift/Sources/PostgREST/Types.swift (in target 'PostgREST' from project 'Supabase')
    cd /Users/nicolas/Documents/aplicativos-sites/AgendaHOF-iOS/AgendaHOF.xcodeproj
    

SwiftCompile normal arm64 Compiling\ PostgrestQueryBuilder.swift /Users/nicolas/Library/Developer/Xcode/DerivedData/AgendaHOF-bvieputxojihcqchgwytombtvhqx/SourcePackages/checkouts/supabase-swift/Sources/PostgREST/PostgrestQueryBuilder.swift (in target 'PostgREST' from project 'Supabase')

SwiftCompile normal arm64 /Users/nicolas/Library/Developer/Xcode/DerivedData/AgendaHOF-bvieputxojihcqchgwytombtvhqx/SourcePackages/checkouts/supabase-swift/Sources/PostgREST/PostgrestQueryBuilder.swift (in target 'PostgREST' from project 'Supabase')
    cd /Users/nicolas/Documents/aplicativos-sites/AgendaHOF-iOS/AgendaHOF.xcodeproj
    

SwiftDriverJobDiscovery normal arm64 Compiling StorageFileApi.swift (in target 'Storage' from project 'Supabase')

SwiftMergeGeneratedHeaders /Users/nicolas/Library/Developer/Xcode/DerivedData/AgendaHOF-bvieputxojihcqchgwytombtvhqx/Build/Intermediates.noindex/GeneratedModuleMaps-iphonesimulator/Auth-Swift.h /Users/nicolas/Library/Developer/Xcode/DerivedData/AgendaHOF-bvieputxojihcqchgwytombtvhqx/Build/Intermediates.noindex/Supabase.build/Debug-iphonesimulator/Auth.build/Objects-normal/arm64/Auth-Swift.h (in target 'Auth' from project 'Supabase')
    cd /Users/nicolas/Library/Developer/Xcode/DerivedData/AgendaHOF-bvieputxojihcqchgwytombtvhqx/SourcePackages/checkouts/supabase-swift
    builtin-swiftHeaderTool -arch arm64 /Users/nicolas/Library/Developer/Xcode/DerivedData/AgendaHOF-bvieputxojihcqchgwytombtvhqx/Build/Intermediates.noindex/Supabase.build/Debug-iphonesimulator/Auth.build/Objects-normal/arm64/Auth-Swift.h -o /Users/nicolas/Library/Developer/Xcode/DerivedData/AgendaHOF-bvieputxojihcqchgwytombtvhqx/Build/Intermediates.noindex/GeneratedModuleMaps-iphonesimulator/Auth-Swift.h

SwiftDriverJobDiscovery normal arm64 Compiling Exports.swift, PostgresAction.swift, PostgresActionData.swift (in target 'Realtime' from project 'Supabase')

Copy /Users/nicolas/Library/Developer/Xcode/DerivedData/AgendaHOF-bvieputxojihcqchgwytombtvhqx/Build/Products/Debug-iphonesimulator/Auth.swiftmodule/arm64-apple-ios-simulator.swiftmodule /Users/nicolas/Library/Developer/Xcode/DerivedData/AgendaHOF-bvieputxojihcqchgwytombtvhqx/Build/Intermediates.noindex/Supabase.build/Debug-iphonesimulator/Auth.build/Objects-normal/arm64/Auth.swiftmodule (in target 'Auth' from project 'Supabase')
    cd /Users/nicolas/Library/Developer/Xcode/DerivedData/AgendaHOF-bvieputxojihcqchgwytombtvhqx/SourcePackages/checkouts/supabase-swift
    builtin-copy -exclude .DS_Store -exclude CVS -exclude .svn -exclude .git -exclude .hg -resolve-src-symlinks -rename /Users/nicolas/Library/Developer/Xcode/DerivedData/AgendaHOF-bvieputxojihcqchgwytombtvhqx/Build/Intermediates.noindex/Supabase.build/Debug-iphonesimulator/Auth.build/Objects-normal/arm64/Auth.swiftmodule /Users/nicolas/Library/Developer/Xcode/DerivedData/AgendaHOF-bvieputxojihcqchgwytombtvhqx/Build/Products/Debug-iphonesimulator/Auth.swiftmodule/arm64-apple-ios-simulator.swiftmodule

Copy /Users/nicolas/Library/Developer/Xcode/DerivedData/AgendaHOF-bvieputxojihcqchgwytombtvhqx/Build/Products/Debug-iphonesimulator/Auth.swiftmodule/arm64-apple-ios-simulator.swiftdoc /Users/nicolas/Library/Developer/Xcode/DerivedData/AgendaHOF-bvieputxojihcqchgwytombtvhqx/Build/Intermediates.noindex/Supabase.build/Debug-iphonesimulator/Auth.build/Objects-normal/arm64/Auth.swiftdoc (in target 'Auth' from project 'Supabase')
    cd /Users/nicolas/Library/Developer/Xcode/DerivedData/AgendaHOF-bvieputxojihcqchgwytombtvhqx/SourcePackages/checkouts/supabase-swift
    builtin-copy -exclude .DS_Store -exclude CVS -exclude .svn -exclude .git -exclude .hg -resolve-src-symlinks -rename /Users/nicolas/Library/Developer/Xcode/DerivedData/AgendaHOF-bvieputxojihcqchgwytombtvhqx/Build/Intermediates.noindex/Supabase.build/Debug-iphonesimulator/Auth.build/Objects-normal/arm64/Auth.swiftdoc /Users/nicolas/Library/Developer/Xcode/DerivedData/AgendaHOF-bvieputxojihcqchgwytombtvhqx/Build/Products/Debug-iphonesimulator/Auth.swiftmodule/arm64-apple-ios-simulator.swiftdoc

Copy /Users/nicolas/Library/Developer/Xcode/DerivedData/AgendaHOF-bvieputxojihcqchgwytombtvhqx/Build/Products/Debug-iphonesimulator/Auth.swiftmodule/arm64-apple-ios-simulator.abi.json /Users/nicolas/Library/Developer/Xcode/DerivedData/AgendaHOF-bvieputxojihcqchgwytombtvhqx/Build/Intermediates.noindex/Supabase.build/Debug-iphonesimulator/Auth.build/Objects-normal/arm64/Auth.abi.json (in target 'Auth' from project 'Supabase')
    cd /Users/nicolas/Library/Developer/Xcode/DerivedData/AgendaHOF-bvieputxojihcqchgwytombtvhqx/SourcePackages/checkouts/supabase-swift
    builtin-copy -exclude .DS_Store -exclude CVS -exclude .svn -exclude .git -exclude .hg -resolve-src-symlinks -rename /Users/nicolas/Library/Developer/Xcode/DerivedData/AgendaHOF-bvieputxojihcqchgwytombtvhqx/Build/Intermediates.noindex/Supabase.build/Debug-iphonesimulator/Auth.build/Objects-normal/arm64/Auth.abi.json /Users/nicolas/Library/Developer/Xcode/DerivedData/AgendaHOF-bvieputxojihcqchgwytombtvhqx/Build/Products/Debug-iphonesimulator/Auth.swiftmodule/arm64-apple-ios-simulator.abi.json

Copy /Users/nicolas/Library/Developer/Xcode/DerivedData/AgendaHOF-bvieputxojihcqchgwytombtvhqx/Build/Products/Debug-iphonesimulator/Auth.swiftmodule/Project/arm64-apple-ios-simulator.swiftsourceinfo /Users/nicolas/Library/Developer/Xcode/DerivedData/AgendaHOF-bvieputxojihcqchgwytombtvhqx/Build/Intermediates.noindex/Supabase.build/Debug-iphonesimulator/Auth.build/Objects-normal/arm64/Auth.swiftsourceinfo (in target 'Auth' from project 'Supabase')
    cd /Users/nicolas/Library/Developer/Xcode/DerivedData/AgendaHOF-bvieputxojihcqchgwytombtvhqx/SourcePackages/checkouts/supabase-swift
    builtin-copy -exclude .DS_Store -exclude CVS -exclude .svn -exclude .git -exclude .hg -resolve-src-symlinks -rename /Users/nicolas/Library/Developer/Xcode/DerivedData/AgendaHOF-bvieputxojihcqchgwytombtvhqx/Build/Intermediates.noindex/Supabase.build/Debug-iphonesimulator/Auth.build/Objects-normal/arm64/Auth.swiftsourceinfo /Users/nicolas/Library/Developer/Xcode/DerivedData/AgendaHOF-bvieputxojihcqchgwytombtvhqx/Build/Products/Debug-iphonesimulator/Auth.swiftmodule/Project/arm64-apple-ios-simulator.swiftsourceinfo

SwiftDriver\ Compilation Storage normal arm64 com.apple.xcode.tools.swift.compiler (in target 'Storage' from project 'Supabase')
    cd /Users/nicolas/Documents/aplicativos-sites/AgendaHOF-iOS/AgendaHOF.xcodeproj
    builtin-Swift-Compilation -- /Applications/Xcode.app/Contents/Developer/Toolchains/XcodeDefault.xctoolchain/usr/bin/swiftc -module-name Storage -Onone -enforce-exclusivity\=checked @/Users/nicolas/Library/Developer/Xcode/DerivedData/AgendaHOF-bvieputxojihcqchgwytombtvhqx/Build/Intermediates.noindex/Supabase.build/Debug-iphonesimulator/Storage.build/Objects-normal/arm64/Storage.SwiftFileList -DSWIFT_PACKAGE -DDEBUG -DSWIFT_MODULE_RESOURCE_BUNDLE_UNAVAILABLE -DXcode -enable-upcoming-feature ExistentialAny -enable-experimental-feature StrictConcurrency -plugin-path /Applications/Xcode.app/Contents/Developer/Toolchains/XcodeDefault.xctoolchain/usr/lib/swift/host/plugins/testing -enable-experimental-feature DebugDescriptionMacro -sdk /Applications/Xcode.app/Contents/Developer/Platforms/iPhoneSimulator.platform/Developer/SDKs/iPhoneSimulator26.2.sdk -target arm64-apple-ios13.0-simulator -g -module-cache-path /Users/nicolas/Library/Developer/Xcode/DerivedData/ModuleCache.noindex -Xfrontend -serialize-debugging-options -profile-coverage-mapping -profile-generate -enable-testing -suppress-warnings -index-store-path /Users/nicolas/Library/Developer/Xcode/DerivedData/AgendaHOF-bvieputxojihcqchgwytombtvhqx/Index.noindex/DataStore -Xcc -D_LIBCPP_HARDENING_MODE\=_LIBCPP_HARDENING_MODE_DEBUG -swift-version 5 -I /Users/nicolas/Library/Developer/Xcode/DerivedData/AgendaHOF-bvieputxojihcqchgwytombtvhqx/Build/Products/Debug-iphonesimulator -Isystem /Applications/Xcode.app/Contents/Developer/Platforms/iPhoneSimulator.platform/Developer/usr/lib -F /Users/nicolas/Library/Developer/Xcode/DerivedData/AgendaHOF-bvieputxojihcqchgwytombtvhqx/Build/Products/Debug-iphonesimulator/PackageFrameworks -F /Users/nicolas/Library/Developer/Xcode/DerivedData/AgendaHOF-bvieputxojihcqchgwytombtvhqx/Build/Products/Debug-iphonesimulator/PackageFrameworks -F /Users/nicolas/Library/Developer/Xcode/DerivedData/AgendaHOF-bvieputxojihcqchgwytombtvhqx/Build/Products/Debug-iphonesimulator/PackageFrameworks -F /Users/nicolas/Library/Developer/Xcode/DerivedData/AgendaHOF-bvieputxojihcqchgwytombtvhqx/Build/Products/Debug-iphonesimulator/PackageFrameworks -F /Users/nicolas/Library/Developer/Xcode/DerivedData/AgendaHOF-bvieputxojihcqchgwytombtvhqx/Build/Products/Debug-iphonesimulator/PackageFrameworks -F /Users/nicolas/Library/Developer/Xcode/DerivedData/AgendaHOF-bvieputxojihcqchgwytombtvhqx/Build/Products/Debug-iphonesimulator/PackageFrameworks -F /Users/nicolas/Library/Developer/Xcode/DerivedData/AgendaHOF-bvieputxojihcqchgwytombtvhqx/Build/Products/Debug-iphonesimulator/PackageFrameworks -F /Users/nicolas/Library/Developer/Xcode/DerivedData/AgendaHOF-bvieputxojihcqchgwytombtvhqx/Build/Products/Debug-iphonesimulator -F /Applications/Xcode.app/Contents/Developer/Platforms/iPhoneSimulator.platform/Developer/Library/Frameworks -F /Applications/Xcode.app/Contents/Developer/Platforms/iPhoneSimulator.platform/Developer/SDKs/iPhoneSimulator26.2.sdk/Developer/Library/Frameworks -c -j10 -enable-batch-mode -incremental -Xcc -ivfsstatcache -Xcc /Users/nicolas/Library/Developer/Xcode/DerivedData/SDKStatCaches.noindex/iphonesimulator26.2-23C53-7d00a8b37fbd7999ea79df8ebc024bf0.sdkstatcache -output-file-map /Users/nicolas/Library/Developer/Xcode/DerivedData/AgendaHOF-bvieputxojihcqchgwytombtvhqx/Build/Intermediates.noindex/Supabase.build/Debug-iphonesimulator/Storage.build/Objects-normal/arm64/Storage-OutputFileMap.json -use-frontend-parseable-output -save-temps -no-color-diagnostics -explicit-module-build -module-cache-path /Users/nicolas/Library/Developer/Xcode/DerivedData/AgendaHOF-bvieputxojihcqchgwytombtvhqx/Build/Intermediates.noindex/SwiftExplicitPrecompiledModules -clang-scanner-module-cache-path /Users/nicolas/Library/Developer/Xcode/DerivedData/ModuleCache.noindex -sdk-module-cache-path /Users/nicolas/Library/Developer/Xcode/DerivedData/ModuleCache.noindex -serialize-diagnostics -emit-dependencies -emit-module -emit-module-path /Users/nicolas/Library/Developer/Xcode/DerivedData/AgendaHOF-bvieputxojihcqchgwytombtvhqx/Build/Intermediates.noindex/Supabase.build/Debug-iphonesimulator/Storage.build/Objects-normal/arm64/Storage.swiftmodule -validate-clang-modules-once -clang-build-session-file /Users/nicolas/Library/Developer/Xcode/DerivedData/ModuleCache.noindex/Session.modulevalidation -package-name supabase_swift -Xcc -I/Users/nicolas/Library/Developer/Xcode/DerivedData/AgendaHOF-bvieputxojihcqchgwytombtvhqx/Build/Intermediates.noindex/Supabase.build/Debug-iphonesimulator/Storage.build/swift-overrides.hmap -emit-const-values -Xfrontend -const-gather-protocols-file -Xfrontend /Users/nicolas/Library/Developer/Xcode/DerivedData/AgendaHOF-bvieputxojihcqchgwytombtvhqx/Build/Intermediates.noindex/Supabase.build/Debug-iphonesimulator/Storage.build/Objects-normal/arm64/Storage_const_extract_protocols.json -Xcc -I/Users/nicolas/Library/Developer/Xcode/DerivedData/AgendaHOF-bvieputxojihcqchgwytombtvhqx/Build/Products/Debug-iphonesimulator/include -Xcc -I/Users/nicolas/Library/Developer/Xcode/DerivedData/AgendaHOF-bvieputxojihcqchgwytombtvhqx/Build/Intermediates.noindex/Supabase.build/Debug-iphonesimulator/Storage.build/DerivedSources-normal/arm64 -Xcc -I/Users/nicolas/Library/Developer/Xcode/DerivedData/AgendaHOF-bvieputxojihcqchgwytombtvhqx/Build/Intermediates.noindex/Supabase.build/Debug-iphonesimulator/Storage.build/DerivedSources/arm64 -Xcc -I/Users/nicolas/Library/Developer/Xcode/DerivedData/AgendaHOF-bvieputxojihcqchgwytombtvhqx/Build/Intermediates.noindex/Supabase.build/Debug-iphonesimulator/Storage.build/DerivedSources -Xcc -DSWIFT_PACKAGE -Xcc -DDEBUG\=1 -emit-objc-header -emit-objc-header-path /Users/nicolas/Library/Developer/Xcode/DerivedData/AgendaHOF-bvieputxojihcqchgwytombtvhqx/Build/Intermediates.noindex/Supabase.build/Debug-iphonesimulator/Storage.build/Objects-normal/arm64/Storage-Swift.h -working-directory /Users/nicolas/Documents/aplicativos-sites/AgendaHOF-iOS/AgendaHOF.xcodeproj -experimental-emit-module-separately -disable-cmo

SwiftCompile normal arm64 Compiling\ Defaults.swift /Users/nicolas/Library/Developer/Xcode/DerivedData/AgendaHOF-bvieputxojihcqchgwytombtvhqx/SourcePackages/checkouts/supabase-swift/Sources/PostgREST/Defaults.swift (in target 'PostgREST' from project 'Supabase')

SwiftCompile normal arm64 /Users/nicolas/Library/Developer/Xcode/DerivedData/AgendaHOF-bvieputxojihcqchgwytombtvhqx/SourcePackages/checkouts/supabase-swift/Sources/PostgREST/Defaults.swift (in target 'PostgREST' from project 'Supabase')
    cd /Users/nicolas/Documents/aplicativos-sites/AgendaHOF-iOS/AgendaHOF.xcodeproj
    

SwiftCompile normal arm64 Compiling\ PostgrestFilterBuilder.swift /Users/nicolas/Library/Developer/Xcode/DerivedData/AgendaHOF-bvieputxojihcqchgwytombtvhqx/SourcePackages/checkouts/supabase-swift/Sources/PostgREST/PostgrestFilterBuilder.swift (in target 'PostgREST' from project 'Supabase')

SwiftCompile normal arm64 /Users/nicolas/Library/Developer/Xcode/DerivedData/AgendaHOF-bvieputxojihcqchgwytombtvhqx/SourcePackages/checkouts/supabase-swift/Sources/PostgREST/PostgrestFilterBuilder.swift (in target 'PostgREST' from project 'Supabase')
    cd /Users/nicolas/Documents/aplicativos-sites/AgendaHOF-iOS/AgendaHOF.xcodeproj
    

SwiftDriverJobDiscovery normal arm64 Compiling RealtimeJoinConfig.swift, RealtimeMessageV2.swift, RealtimePostgresFilter.swift (in target 'Realtime' from project 'Supabase')

SwiftDriverJobDiscovery normal arm64 Compiling Defaults.swift (in target 'PostgREST' from project 'Supabase')

SwiftCompile normal arm64 Compiling\ PostgrestTransformBuilder.swift /Users/nicolas/Library/Developer/Xcode/DerivedData/AgendaHOF-bvieputxojihcqchgwytombtvhqx/SourcePackages/checkouts/supabase-swift/Sources/PostgREST/PostgrestTransformBuilder.swift (in target 'PostgREST' from project 'Supabase')

SwiftCompile normal arm64 /Users/nicolas/Library/Developer/Xcode/DerivedData/AgendaHOF-bvieputxojihcqchgwytombtvhqx/SourcePackages/checkouts/supabase-swift/Sources/PostgREST/PostgrestTransformBuilder.swift (in target 'PostgREST' from project 'Supabase')
    cd /Users/nicolas/Documents/aplicativos-sites/AgendaHOF-iOS/AgendaHOF.xcodeproj
    

SwiftCompile normal arm64 Compiling\ Exports.swift /Users/nicolas/Library/Developer/Xcode/DerivedData/AgendaHOF-bvieputxojihcqchgwytombtvhqx/SourcePackages/checkouts/supabase-swift/Sources/PostgREST/Exports.swift (in target 'PostgREST' from project 'Supabase')

SwiftCompile normal arm64 /Users/nicolas/Library/Developer/Xcode/DerivedData/AgendaHOF-bvieputxojihcqchgwytombtvhqx/SourcePackages/checkouts/supabase-swift/Sources/PostgREST/Exports.swift (in target 'PostgREST' from project 'Supabase')
    cd /Users/nicolas/Documents/aplicativos-sites/AgendaHOF-iOS/AgendaHOF.xcodeproj
    

SwiftDriverJobDiscovery normal arm64 Compiling Types.swift (in target 'PostgREST' from project 'Supabase')

SwiftCompile normal arm64 Compiling\ PostgrestClient.swift /Users/nicolas/Library/Developer/Xcode/DerivedData/AgendaHOF-bvieputxojihcqchgwytombtvhqx/SourcePackages/checkouts/supabase-swift/Sources/PostgREST/PostgrestClient.swift (in target 'PostgREST' from project 'Supabase')

SwiftCompile normal arm64 /Users/nicolas/Library/Developer/Xcode/DerivedData/AgendaHOF-bvieputxojihcqchgwytombtvhqx/SourcePackages/checkouts/supabase-swift/Sources/PostgREST/PostgrestClient.swift (in target 'PostgREST' from project 'Supabase')
    cd /Users/nicolas/Documents/aplicativos-sites/AgendaHOF-iOS/AgendaHOF.xcodeproj
    

SwiftDriverJobDiscovery normal arm64 Compiling RealtimeClient.swift, RealtimeMessage.swift, TimeoutTimer.swift (in target 'Realtime' from project 'Supabase')

SwiftCompile normal arm64 Compiling\ Deprecated.swift /Users/nicolas/Library/Developer/Xcode/DerivedData/AgendaHOF-bvieputxojihcqchgwytombtvhqx/SourcePackages/checkouts/supabase-swift/Sources/PostgREST/Deprecated.swift (in target 'PostgREST' from project 'Supabase')

SwiftCompile normal arm64 /Users/nicolas/Library/Developer/Xcode/DerivedData/AgendaHOF-bvieputxojihcqchgwytombtvhqx/SourcePackages/checkouts/supabase-swift/Sources/PostgREST/Deprecated.swift (in target 'PostgREST' from project 'Supabase')
    cd /Users/nicolas/Documents/aplicativos-sites/AgendaHOF-iOS/AgendaHOF.xcodeproj
    

SwiftDriverJobDiscovery normal arm64 Compiling Deprecated.swift, HeartbeatTimer.swift, PhoenixTransport.swift (in target 'Realtime' from project 'Supabase')

SwiftCompile normal arm64 Compiling\ PostgrestBuilder.swift /Users/nicolas/Library/Developer/Xcode/DerivedData/AgendaHOF-bvieputxojihcqchgwytombtvhqx/SourcePackages/checkouts/supabase-swift/Sources/PostgREST/PostgrestBuilder.swift (in target 'PostgREST' from project 'Supabase')

SwiftCompile normal arm64 /Users/nicolas/Library/Developer/Xcode/DerivedData/AgendaHOF-bvieputxojihcqchgwytombtvhqx/SourcePackages/checkouts/supabase-swift/Sources/PostgREST/PostgrestBuilder.swift (in target 'PostgREST' from project 'Supabase')
    cd /Users/nicolas/Documents/aplicativos-sites/AgendaHOF-iOS/AgendaHOF.xcodeproj
    

SwiftDriverJobDiscovery normal arm64 Compiling PostgrestFilterValue.swift (in target 'PostgREST' from project 'Supabase')

SwiftDriverJobDiscovery normal arm64 Compiling Exports.swift (in target 'PostgREST' from project 'Supabase')

SwiftCompile normal arm64 Compiling\ Types.swift /Users/nicolas/Library/Developer/Xcode/DerivedData/AgendaHOF-bvieputxojihcqchgwytombtvhqx/SourcePackages/checkouts/supabase-swift/Sources/Functions/Types.swift (in target 'Functions' from project 'Supabase')

SwiftCompile normal arm64 /Users/nicolas/Library/Developer/Xcode/DerivedData/AgendaHOF-bvieputxojihcqchgwytombtvhqx/SourcePackages/checkouts/supabase-swift/Sources/Functions/Types.swift (in target 'Functions' from project 'Supabase')
    cd /Users/nicolas/Documents/aplicativos-sites/AgendaHOF-iOS/AgendaHOF.xcodeproj
    

SwiftCompile normal arm64 Compiling\ FunctionsClient.swift /Users/nicolas/Library/Developer/Xcode/DerivedData/AgendaHOF-bvieputxojihcqchgwytombtvhqx/SourcePackages/checkouts/supabase-swift/Sources/Functions/FunctionsClient.swift (in target 'Functions' from project 'Supabase')

SwiftCompile normal arm64 /Users/nicolas/Library/Developer/Xcode/DerivedData/AgendaHOF-bvieputxojihcqchgwytombtvhqx/SourcePackages/checkouts/supabase-swift/Sources/Functions/FunctionsClient.swift (in target 'Functions' from project 'Supabase')
    cd /Users/nicolas/Documents/aplicativos-sites/AgendaHOF-iOS/AgendaHOF.xcodeproj
    

SwiftDriverJobDiscovery normal arm64 Compiling PostgrestQueryBuilder.swift (in target 'PostgREST' from project 'Supabase')

SwiftCompile normal arm64 Compiling\ Exports.swift /Users/nicolas/Library/Developer/Xcode/DerivedData/AgendaHOF-bvieputxojihcqchgwytombtvhqx/SourcePackages/checkouts/supabase-swift/Sources/Functions/Exports.swift (in target 'Functions' from project 'Supabase')

SwiftCompile normal arm64 /Users/nicolas/Library/Developer/Xcode/DerivedData/AgendaHOF-bvieputxojihcqchgwytombtvhqx/SourcePackages/checkouts/supabase-swift/Sources/Functions/Exports.swift (in target 'Functions' from project 'Supabase')
    cd /Users/nicolas/Documents/aplicativos-sites/AgendaHOF-iOS/AgendaHOF.xcodeproj
    

SwiftDriverJobDiscovery normal arm64 Compiling Deprecated.swift (in target 'PostgREST' from project 'Supabase')

SwiftCompile normal arm64 Compiling\ WinCredLocalStorage.swift,\ Types.swift /Users/nicolas/Library/Developer/Xcode/DerivedData/AgendaHOF-bvieputxojihcqchgwytombtvhqx/SourcePackages/checkouts/supabase-swift/Sources/Auth/Storage/WinCredLocalStorage.swift /Users/nicolas/Library/Developer/Xcode/DerivedData/AgendaHOF-bvieputxojihcqchgwytombtvhqx/SourcePackages/checkouts/supabase-swift/Sources/Auth/Types.swift (in target 'Auth' from project 'Supabase')
SwiftCompile normal arm64 /Users/nicolas/Library/Developer/Xcode/DerivedData/AgendaHOF-bvieputxojihcqchgwytombtvhqx/SourcePackages/checkouts/supabase-swift/Sources/Auth/Storage/WinCredLocalStorage.swift (in target 'Auth' from project 'Supabase')
    cd /Users/nicolas/Documents/aplicativos-sites/AgendaHOF-iOS/AgendaHOF.xcodeproj
    

SwiftCompile normal arm64 /Users/nicolas/Library/Developer/Xcode/DerivedData/AgendaHOF-bvieputxojihcqchgwytombtvhqx/SourcePackages/checkouts/supabase-swift/Sources/Auth/Types.swift (in target 'Auth' from project 'Supabase')
    cd /Users/nicolas/Documents/aplicativos-sites/AgendaHOF-iOS/AgendaHOF.xcodeproj
    

SwiftDriverJobDiscovery normal arm64 Compiling PostgrestFilterBuilder.swift (in target 'PostgREST' from project 'Supabase')

SwiftCompile normal arm64 Compiling\ Exports.swift,\ APIClient.swift,\ CodeVerifierStorage.swift /Users/nicolas/Library/Developer/Xcode/DerivedData/AgendaHOF-bvieputxojihcqchgwytombtvhqx/SourcePackages/checkouts/supabase-swift/Sources/Auth/Exports.swift /Users/nicolas/Library/Developer/Xcode/DerivedData/AgendaHOF-bvieputxojihcqchgwytombtvhqx/SourcePackages/checkouts/supabase-swift/Sources/Auth/Internal/APIClient.swift /Users/nicolas/Library/Developer/Xcode/DerivedData/AgendaHOF-bvieputxojihcqchgwytombtvhqx/SourcePackages/checkouts/supabase-swift/Sources/Auth/Internal/CodeVerifierStorage.swift (in target 'Auth' from project 'Supabase')

SwiftCompile normal arm64 /Users/nicolas/Library/Developer/Xcode/DerivedData/AgendaHOF-bvieputxojihcqchgwytombtvhqx/SourcePackages/checkouts/supabase-swift/Sources/Auth/Exports.swift (in target 'Auth' from project 'Supabase')
    cd /Users/nicolas/Documents/aplicativos-sites/AgendaHOF-iOS/AgendaHOF.xcodeproj
    

SwiftCompile normal arm64 /Users/nicolas/Library/Developer/Xcode/DerivedData/AgendaHOF-bvieputxojihcqchgwytombtvhqx/SourcePackages/checkouts/supabase-swift/Sources/Auth/Internal/APIClient.swift (in target 'Auth' from project 'Supabase')
    cd /Users/nicolas/Documents/aplicativos-sites/AgendaHOF-iOS/AgendaHOF.xcodeproj
    

SwiftCompile normal arm64 /Users/nicolas/Library/Developer/Xcode/DerivedData/AgendaHOF-bvieputxojihcqchgwytombtvhqx/SourcePackages/checkouts/supabase-swift/Sources/Auth/Internal/CodeVerifierStorage.swift (in target 'Auth' from project 'Supabase')
    cd /Users/nicolas/Documents/aplicativos-sites/AgendaHOF-iOS/AgendaHOF.xcodeproj
    

SwiftDriverJobDiscovery normal arm64 Compiling PostgrestTransformBuilder.swift (in target 'PostgREST' from project 'Supabase')

SwiftCompile normal arm64 Compiling\ AuthLocalStorage.swift,\ KeychainLocalStorage.swift /Users/nicolas/Library/Developer/Xcode/DerivedData/AgendaHOF-bvieputxojihcqchgwytombtvhqx/SourcePackages/checkouts/supabase-swift/Sources/Auth/Storage/AuthLocalStorage.swift /Users/nicolas/Library/Developer/Xcode/DerivedData/AgendaHOF-bvieputxojihcqchgwytombtvhqx/SourcePackages/checkouts/supabase-swift/Sources/Auth/Storage/KeychainLocalStorage.swift (in target 'Auth' from project 'Supabase')

SwiftCompile normal arm64 /Users/nicolas/Library/Developer/Xcode/DerivedData/AgendaHOF-bvieputxojihcqchgwytombtvhqx/SourcePackages/checkouts/supabase-swift/Sources/Auth/Storage/AuthLocalStorage.swift (in target 'Auth' from project 'Supabase')
    cd /Users/nicolas/Documents/aplicativos-sites/AgendaHOF-iOS/AgendaHOF.xcodeproj
    

SwiftCompile normal arm64 /Users/nicolas/Library/Developer/Xcode/DerivedData/AgendaHOF-bvieputxojihcqchgwytombtvhqx/SourcePackages/checkouts/supabase-swift/Sources/Auth/Storage/KeychainLocalStorage.swift (in target 'Auth' from project 'Supabase')
    cd /Users/nicolas/Documents/aplicativos-sites/AgendaHOF-iOS/AgendaHOF.xcodeproj
    

SwiftDriverJobDiscovery normal arm64 Compiling URLSessionWebSocket.swift, WebSocket.swift (in target 'Realtime' from project 'Supabase')

SwiftCompile normal arm64 Compiling\ SessionManager.swift,\ SessionStorage.swift,\ URLOpener.swift /Users/nicolas/Library/Developer/Xcode/DerivedData/AgendaHOF-bvieputxojihcqchgwytombtvhqx/SourcePackages/checkouts/supabase-swift/Sources/Auth/Internal/SessionManager.swift /Users/nicolas/Library/Developer/Xcode/DerivedData/AgendaHOF-bvieputxojihcqchgwytombtvhqx/SourcePackages/checkouts/supabase-swift/Sources/Auth/Internal/SessionStorage.swift /Users/nicolas/Library/Developer/Xcode/DerivedData/AgendaHOF-bvieputxojihcqchgwytombtvhqx/SourcePackages/checkouts/supabase-swift/Sources/Auth/Internal/URLOpener.swift (in target 'Auth' from project 'Supabase')

SwiftCompile normal arm64 /Users/nicolas/Library/Developer/Xcode/DerivedData/AgendaHOF-bvieputxojihcqchgwytombtvhqx/SourcePackages/checkouts/supabase-swift/Sources/Auth/Internal/SessionManager.swift (in target 'Auth' from project 'Supabase')
    cd /Users/nicolas/Documents/aplicativos-sites/AgendaHOF-iOS/AgendaHOF.xcodeproj
    

SwiftCompile normal arm64 /Users/nicolas/Library/Developer/Xcode/DerivedData/AgendaHOF-bvieputxojihcqchgwytombtvhqx/SourcePackages/checkouts/supabase-swift/Sources/Auth/Internal/SessionStorage.swift (in target 'Auth' from project 'Supabase')
    cd /Users/nicolas/Documents/aplicativos-sites/AgendaHOF-iOS/AgendaHOF.xcodeproj
    

SwiftCompile normal arm64 /Users/nicolas/Library/Developer/Xcode/DerivedData/AgendaHOF-bvieputxojihcqchgwytombtvhqx/SourcePackages/checkouts/supabase-swift/Sources/Auth/Internal/URLOpener.swift (in target 'Auth' from project 'Supabase')
    cd /Users/nicolas/Documents/aplicativos-sites/AgendaHOF-iOS/AgendaHOF.xcodeproj
    

SwiftDriverJobDiscovery normal arm64 Compiling Exports.swift (in target 'Functions' from project 'Supabase')

SwiftCompile normal arm64 Compiling\ FixedWidthInteger+Random.swift,\ Helpers.swift,\ JWK+RSA.swift /Users/nicolas/Library/Developer/Xcode/DerivedData/AgendaHOF-bvieputxojihcqchgwytombtvhqx/SourcePackages/checkouts/supabase-swift/Sources/Auth/Internal/FixedWidthInteger+Random.swift /Users/nicolas/Library/Developer/Xcode/DerivedData/AgendaHOF-bvieputxojihcqchgwytombtvhqx/SourcePackages/checkouts/supabase-swift/Sources/Auth/Internal/Helpers.swift /Users/nicolas/Library/Developer/Xcode/DerivedData/AgendaHOF-bvieputxojihcqchgwytombtvhqx/SourcePackages/checkouts/supabase-swift/Sources/Auth/Internal/JWK+RSA.swift (in target 'Auth' from project 'Supabase')

SwiftCompile normal arm64 /Users/nicolas/Library/Developer/Xcode/DerivedData/AgendaHOF-bvieputxojihcqchgwytombtvhqx/SourcePackages/checkouts/supabase-swift/Sources/Auth/Internal/FixedWidthInteger+Random.swift (in target 'Auth' from project 'Supabase')
    cd /Users/nicolas/Documents/aplicativos-sites/AgendaHOF-iOS/AgendaHOF.xcodeproj
    

SwiftCompile normal arm64 /Users/nicolas/Library/Developer/Xcode/DerivedData/AgendaHOF-bvieputxojihcqchgwytombtvhqx/SourcePackages/checkouts/supabase-swift/Sources/Auth/Internal/Helpers.swift (in target 'Auth' from project 'Supabase')
    cd /Users/nicolas/Documents/aplicativos-sites/AgendaHOF-iOS/AgendaHOF.xcodeproj
    

SwiftCompile normal arm64 /Users/nicolas/Library/Developer/Xcode/DerivedData/AgendaHOF-bvieputxojihcqchgwytombtvhqx/SourcePackages/checkouts/supabase-swift/Sources/Auth/Internal/JWK+RSA.swift (in target 'Auth' from project 'Supabase')
    cd /Users/nicolas/Documents/aplicativos-sites/AgendaHOF-iOS/AgendaHOF.xcodeproj
    

SwiftDriverJobDiscovery normal arm64 Compiling Types.swift (in target 'Functions' from project 'Supabase')

SwiftCompile normal arm64 Compiling\ JWTAlgorithm.swift,\ Keychain.swift,\ PKCE.swift /Users/nicolas/Library/Developer/Xcode/DerivedData/AgendaHOF-bvieputxojihcqchgwytombtvhqx/SourcePackages/checkouts/supabase-swift/Sources/Auth/Internal/JWTAlgorithm.swift /Users/nicolas/Library/Developer/Xcode/DerivedData/AgendaHOF-bvieputxojihcqchgwytombtvhqx/SourcePackages/checkouts/supabase-swift/Sources/Auth/Internal/Keychain.swift /Users/nicolas/Library/Developer/Xcode/DerivedData/AgendaHOF-bvieputxojihcqchgwytombtvhqx/SourcePackages/checkouts/supabase-swift/Sources/Auth/Internal/PKCE.swift (in target 'Auth' from project 'Supabase')

SwiftCompile normal arm64 /Users/nicolas/Library/Developer/Xcode/DerivedData/AgendaHOF-bvieputxojihcqchgwytombtvhqx/SourcePackages/checkouts/supabase-swift/Sources/Auth/Internal/JWTAlgorithm.swift (in target 'Auth' from project 'Supabase')
    cd /Users/nicolas/Documents/aplicativos-sites/AgendaHOF-iOS/AgendaHOF.xcodeproj
    

SwiftCompile normal arm64 /Users/nicolas/Library/Developer/Xcode/DerivedData/AgendaHOF-bvieputxojihcqchgwytombtvhqx/SourcePackages/checkouts/supabase-swift/Sources/Auth/Internal/Keychain.swift (in target 'Auth' from project 'Supabase')
    cd /Users/nicolas/Documents/aplicativos-sites/AgendaHOF-iOS/AgendaHOF.xcodeproj
    

SwiftCompile normal arm64 /Users/nicolas/Library/Developer/Xcode/DerivedData/AgendaHOF-bvieputxojihcqchgwytombtvhqx/SourcePackages/checkouts/supabase-swift/Sources/Auth/Internal/PKCE.swift (in target 'Auth' from project 'Supabase')
    cd /Users/nicolas/Documents/aplicativos-sites/AgendaHOF-iOS/AgendaHOF.xcodeproj
    

SwiftDriverJobDiscovery normal arm64 Compiling PostgrestBuilder.swift (in target 'PostgREST' from project 'Supabase')

SwiftCompile normal arm64 Compiling\ AuthAdmin.swift,\ AuthAdminOAuth.swift,\ AuthClient.swift /Users/nicolas/Library/Developer/Xcode/DerivedData/AgendaHOF-bvieputxojihcqchgwytombtvhqx/SourcePackages/checkouts/supabase-swift/Sources/Auth/AuthAdmin.swift /Users/nicolas/Library/Developer/Xcode/DerivedData/AgendaHOF-bvieputxojihcqchgwytombtvhqx/SourcePackages/checkouts/supabase-swift/Sources/Auth/AuthAdminOAuth.swift /Users/nicolas/Library/Developer/Xcode/DerivedData/AgendaHOF-bvieputxojihcqchgwytombtvhqx/SourcePackages/checkouts/supabase-swift/Sources/Auth/AuthClient.swift (in target 'Auth' from project 'Supabase')

SwiftCompile normal arm64 /Users/nicolas/Library/Developer/Xcode/DerivedData/AgendaHOF-bvieputxojihcqchgwytombtvhqx/SourcePackages/checkouts/supabase-swift/Sources/Auth/AuthAdmin.swift (in target 'Auth' from project 'Supabase')
    cd /Users/nicolas/Documents/aplicativos-sites/AgendaHOF-iOS/AgendaHOF.xcodeproj
    

SwiftCompile normal arm64 /Users/nicolas/Library/Developer/Xcode/DerivedData/AgendaHOF-bvieputxojihcqchgwytombtvhqx/SourcePackages/checkouts/supabase-swift/Sources/Auth/AuthAdminOAuth.swift (in target 'Auth' from project 'Supabase')
    cd /Users/nicolas/Documents/aplicativos-sites/AgendaHOF-iOS/AgendaHOF.xcodeproj
    

SwiftCompile normal arm64 /Users/nicolas/Library/Developer/Xcode/DerivedData/AgendaHOF-bvieputxojihcqchgwytombtvhqx/SourcePackages/checkouts/supabase-swift/Sources/Auth/AuthClient.swift (in target 'Auth' from project 'Supabase')
    cd /Users/nicolas/Documents/aplicativos-sites/AgendaHOF-iOS/AgendaHOF.xcodeproj
    

SwiftDriverJobDiscovery normal arm64 Compiling PostgrestClient.swift (in target 'PostgREST' from project 'Supabase')

SwiftDriverJobDiscovery normal arm64 Compiling AuthLocalStorage.swift, KeychainLocalStorage.swift (in target 'Auth' from project 'Supabase')

SwiftDriver\ Compilation PostgREST normal arm64 com.apple.xcode.tools.swift.compiler (in target 'PostgREST' from project 'Supabase')
    cd /Users/nicolas/Documents/aplicativos-sites/AgendaHOF-iOS/AgendaHOF.xcodeproj
    builtin-Swift-Compilation -- /Applications/Xcode.app/Contents/Developer/Toolchains/XcodeDefault.xctoolchain/usr/bin/swiftc -module-name PostgREST -Onone -enforce-exclusivity\=checked @/Users/nicolas/Library/Developer/Xcode/DerivedData/AgendaHOF-bvieputxojihcqchgwytombtvhqx/Build/Intermediates.noindex/Supabase.build/Debug-iphonesimulator/PostgREST.build/Objects-normal/arm64/PostgREST.SwiftFileList -DSWIFT_PACKAGE -DDEBUG -DSWIFT_MODULE_RESOURCE_BUNDLE_UNAVAILABLE -DXcode -enable-upcoming-feature ExistentialAny -enable-experimental-feature StrictConcurrency -plugin-path /Applications/Xcode.app/Contents/Developer/Toolchains/XcodeDefault.xctoolchain/usr/lib/swift/host/plugins/testing -enable-experimental-feature DebugDescriptionMacro -sdk /Applications/Xcode.app/Contents/Developer/Platforms/iPhoneSimulator.platform/Developer/SDKs/iPhoneSimulator26.2.sdk -target arm64-apple-ios13.0-simulator -g -module-cache-path /Users/nicolas/Library/Developer/Xcode/DerivedData/ModuleCache.noindex -Xfrontend -serialize-debugging-options -profile-coverage-mapping -profile-generate -enable-testing -suppress-warnings -index-store-path /Users/nicolas/Library/Developer/Xcode/DerivedData/AgendaHOF-bvieputxojihcqchgwytombtvhqx/Index.noindex/DataStore -Xcc -D_LIBCPP_HARDENING_MODE\=_LIBCPP_HARDENING_MODE_DEBUG -swift-version 5 -I /Users/nicolas/Library/Developer/Xcode/DerivedData/AgendaHOF-bvieputxojihcqchgwytombtvhqx/Build/Products/Debug-iphonesimulator -Isystem /Applications/Xcode.app/Contents/Developer/Platforms/iPhoneSimulator.platform/Developer/usr/lib -F /Users/nicolas/Library/Developer/Xcode/DerivedData/AgendaHOF-bvieputxojihcqchgwytombtvhqx/Build/Products/Debug-iphonesimulator/PackageFrameworks -F /Users/nicolas/Library/Developer/Xcode/DerivedData/AgendaHOF-bvieputxojihcqchgwytombtvhqx/Build/Products/Debug-iphonesimulator/PackageFrameworks -F /Users/nicolas/Library/Developer/Xcode/DerivedData/AgendaHOF-bvieputxojihcqchgwytombtvhqx/Build/Products/Debug-iphonesimulator/PackageFrameworks -F /Users/nicolas/Library/Developer/Xcode/DerivedData/AgendaHOF-bvieputxojihcqchgwytombtvhqx/Build/Products/Debug-iphonesimulator/PackageFrameworks -F /Users/nicolas/Library/Developer/Xcode/DerivedData/AgendaHOF-bvieputxojihcqchgwytombtvhqx/Build/Products/Debug-iphonesimulator/PackageFrameworks -F /Users/nicolas/Library/Developer/Xcode/DerivedData/AgendaHOF-bvieputxojihcqchgwytombtvhqx/Build/Products/Debug-iphonesimulator/PackageFrameworks -F /Users/nicolas/Library/Developer/Xcode/DerivedData/AgendaHOF-bvieputxojihcqchgwytombtvhqx/Build/Products/Debug-iphonesimulator/PackageFrameworks -F /Users/nicolas/Library/Developer/Xcode/DerivedData/AgendaHOF-bvieputxojihcqchgwytombtvhqx/Build/Products/Debug-iphonesimulator -F /Applications/Xcode.app/Contents/Developer/Platforms/iPhoneSimulator.platform/Developer/Library/Frameworks -F /Applications/Xcode.app/Contents/Developer/Platforms/iPhoneSimulator.platform/Developer/SDKs/iPhoneSimulator26.2.sdk/Developer/Library/Frameworks -c -j10 -enable-batch-mode -incremental -Xcc -ivfsstatcache -Xcc /Users/nicolas/Library/Developer/Xcode/DerivedData/SDKStatCaches.noindex/iphonesimulator26.2-23C53-7d00a8b37fbd7999ea79df8ebc024bf0.sdkstatcache -output-file-map /Users/nicolas/Library/Developer/Xcode/DerivedData/AgendaHOF-bvieputxojihcqchgwytombtvhqx/Build/Intermediates.noindex/Supabase.build/Debug-iphonesimulator/PostgREST.build/Objects-normal/arm64/PostgREST-OutputFileMap.json -use-frontend-parseable-output -save-temps -no-color-diagnostics -explicit-module-build -module-cache-path /Users/nicolas/Library/Developer/Xcode/DerivedData/AgendaHOF-bvieputxojihcqchgwytombtvhqx/Build/Intermediates.noindex/SwiftExplicitPrecompiledModules -clang-scanner-module-cache-path /Users/nicolas/Library/Developer/Xcode/DerivedData/ModuleCache.noindex -sdk-module-cache-path /Users/nicolas/Library/Developer/Xcode/DerivedData/ModuleCache.noindex -serialize-diagnostics -emit-dependencies -emit-module -emit-module-path /Users/nicolas/Library/Developer/Xcode/DerivedData/AgendaHOF-bvieputxojihcqchgwytombtvhqx/Build/Intermediates.noindex/Supabase.build/Debug-iphonesimulator/PostgREST.build/Objects-normal/arm64/PostgREST.swiftmodule -validate-clang-modules-once -clang-build-session-file /Users/nicolas/Library/Developer/Xcode/DerivedData/ModuleCache.noindex/Session.modulevalidation -package-name supabase_swift -Xcc -I/Users/nicolas/Library/Developer/Xcode/DerivedData/AgendaHOF-bvieputxojihcqchgwytombtvhqx/Build/Intermediates.noindex/Supabase.build/Debug-iphonesimulator/PostgREST.build/swift-overrides.hmap -emit-const-values -Xfrontend -const-gather-protocols-file -Xfrontend /Users/nicolas/Library/Developer/Xcode/DerivedData/AgendaHOF-bvieputxojihcqchgwytombtvhqx/Build/Intermediates.noindex/Supabase.build/Debug-iphonesimulator/PostgREST.build/Objects-normal/arm64/PostgREST_const_extract_protocols.json -Xcc -I/Users/nicolas/Library/Developer/Xcode/DerivedData/AgendaHOF-bvieputxojihcqchgwytombtvhqx/Build/Products/Debug-iphonesimulator/include -Xcc -I/Users/nicolas/Library/Developer/Xcode/DerivedData/AgendaHOF-bvieputxojihcqchgwytombtvhqx/Build/Intermediates.noindex/Supabase.build/Debug-iphonesimulator/PostgREST.build/DerivedSources-normal/arm64 -Xcc -I/Users/nicolas/Library/Developer/Xcode/DerivedData/AgendaHOF-bvieputxojihcqchgwytombtvhqx/Build/Intermediates.noindex/Supabase.build/Debug-iphonesimulator/PostgREST.build/DerivedSources/arm64 -Xcc -I/Users/nicolas/Library/Developer/Xcode/DerivedData/AgendaHOF-bvieputxojihcqchgwytombtvhqx/Build/Intermediates.noindex/Supabase.build/Debug-iphonesimulator/PostgREST.build/DerivedSources -Xcc -DSWIFT_PACKAGE -Xcc -DDEBUG\=1 -emit-objc-header -emit-objc-header-path /Users/nicolas/Library/Developer/Xcode/DerivedData/AgendaHOF-bvieputxojihcqchgwytombtvhqx/Build/Intermediates.noindex/Supabase.build/Debug-iphonesimulator/PostgREST.build/Objects-normal/arm64/PostgREST-Swift.h -working-directory /Users/nicolas/Documents/aplicativos-sites/AgendaHOF-iOS/AgendaHOF.xcodeproj -experimental-emit-module-separately -disable-cmo

SwiftCompile normal arm64 Compiling\ Constants.swift,\ Dependencies.swift,\ EventEmitter.swift /Users/nicolas/Library/Developer/Xcode/DerivedData/AgendaHOF-bvieputxojihcqchgwytombtvhqx/SourcePackages/checkouts/supabase-swift/Sources/Auth/Internal/Constants.swift /Users/nicolas/Library/Developer/Xcode/DerivedData/AgendaHOF-bvieputxojihcqchgwytombtvhqx/SourcePackages/checkouts/supabase-swift/Sources/Auth/Internal/Dependencies.swift /Users/nicolas/Library/Developer/Xcode/DerivedData/AgendaHOF-bvieputxojihcqchgwytombtvhqx/SourcePackages/checkouts/supabase-swift/Sources/Auth/Internal/EventEmitter.swift (in target 'Auth' from project 'Supabase')

SwiftCompile normal arm64 /Users/nicolas/Library/Developer/Xcode/DerivedData/AgendaHOF-bvieputxojihcqchgwytombtvhqx/SourcePackages/checkouts/supabase-swift/Sources/Auth/Internal/Constants.swift (in target 'Auth' from project 'Supabase')
    cd /Users/nicolas/Documents/aplicativos-sites/AgendaHOF-iOS/AgendaHOF.xcodeproj
    

SwiftCompile normal arm64 /Users/nicolas/Library/Developer/Xcode/DerivedData/AgendaHOF-bvieputxojihcqchgwytombtvhqx/SourcePackages/checkouts/supabase-swift/Sources/Auth/Internal/Dependencies.swift (in target 'Auth' from project 'Supabase')
    cd /Users/nicolas/Documents/aplicativos-sites/AgendaHOF-iOS/AgendaHOF.xcodeproj
    

SwiftCompile normal arm64 /Users/nicolas/Library/Developer/Xcode/DerivedData/AgendaHOF-bvieputxojihcqchgwytombtvhqx/SourcePackages/checkouts/supabase-swift/Sources/Auth/Internal/EventEmitter.swift (in target 'Auth' from project 'Supabase')
    cd /Users/nicolas/Documents/aplicativos-sites/AgendaHOF-iOS/AgendaHOF.xcodeproj
    

SwiftCompile normal arm64 Compiling\ AuthClientConfiguration.swift,\ AuthError.swift,\ AuthMFA.swift /Users/nicolas/Library/Developer/Xcode/DerivedData/AgendaHOF-bvieputxojihcqchgwytombtvhqx/SourcePackages/checkouts/supabase-swift/Sources/Auth/AuthClientConfiguration.swift /Users/nicolas/Library/Developer/Xcode/DerivedData/AgendaHOF-bvieputxojihcqchgwytombtvhqx/SourcePackages/checkouts/supabase-swift/Sources/Auth/AuthError.swift /Users/nicolas/Library/Developer/Xcode/DerivedData/AgendaHOF-bvieputxojihcqchgwytombtvhqx/SourcePackages/checkouts/supabase-swift/Sources/Auth/AuthMFA.swift (in target 'Auth' from project 'Supabase')

SwiftCompile normal arm64 /Users/nicolas/Library/Developer/Xcode/DerivedData/AgendaHOF-bvieputxojihcqchgwytombtvhqx/SourcePackages/checkouts/supabase-swift/Sources/Auth/AuthClientConfiguration.swift (in target 'Auth' from project 'Supabase')
    cd /Users/nicolas/Documents/aplicativos-sites/AgendaHOF-iOS/AgendaHOF.xcodeproj
    

SwiftCompile normal arm64 /Users/nicolas/Library/Developer/Xcode/DerivedData/AgendaHOF-bvieputxojihcqchgwytombtvhqx/SourcePackages/checkouts/supabase-swift/Sources/Auth/AuthError.swift (in target 'Auth' from project 'Supabase')
    cd /Users/nicolas/Documents/aplicativos-sites/AgendaHOF-iOS/AgendaHOF.xcodeproj
    

SwiftCompile normal arm64 /Users/nicolas/Library/Developer/Xcode/DerivedData/AgendaHOF-bvieputxojihcqchgwytombtvhqx/SourcePackages/checkouts/supabase-swift/Sources/Auth/AuthMFA.swift (in target 'Auth' from project 'Supabase')
    cd /Users/nicolas/Documents/aplicativos-sites/AgendaHOF-iOS/AgendaHOF.xcodeproj
    

SwiftDriverJobDiscovery normal arm64 Compiling FunctionsClient.swift (in target 'Functions' from project 'Supabase')

SwiftDriver\ Compilation Functions normal arm64 com.apple.xcode.tools.swift.compiler (in target 'Functions' from project 'Supabase')
    cd /Users/nicolas/Documents/aplicativos-sites/AgendaHOF-iOS/AgendaHOF.xcodeproj
    builtin-Swift-Compilation -- /Applications/Xcode.app/Contents/Developer/Toolchains/XcodeDefault.xctoolchain/usr/bin/swiftc -module-name Functions -Onone -enforce-exclusivity\=checked @/Users/nicolas/Library/Developer/Xcode/DerivedData/AgendaHOF-bvieputxojihcqchgwytombtvhqx/Build/Intermediates.noindex/Supabase.build/Debug-iphonesimulator/Functions.build/Objects-normal/arm64/Functions.SwiftFileList -DSWIFT_PACKAGE -DDEBUG -DSWIFT_MODULE_RESOURCE_BUNDLE_UNAVAILABLE -DXcode -enable-upcoming-feature ExistentialAny -enable-experimental-feature StrictConcurrency -plugin-path /Applications/Xcode.app/Contents/Developer/Toolchains/XcodeDefault.xctoolchain/usr/lib/swift/host/plugins/testing -enable-experimental-feature DebugDescriptionMacro -sdk /Applications/Xcode.app/Contents/Developer/Platforms/iPhoneSimulator.platform/Developer/SDKs/iPhoneSimulator26.2.sdk -target arm64-apple-ios13.0-simulator -g -module-cache-path /Users/nicolas/Library/Developer/Xcode/DerivedData/ModuleCache.noindex -Xfrontend -serialize-debugging-options -profile-coverage-mapping -profile-generate -enable-testing -suppress-warnings -index-store-path /Users/nicolas/Library/Developer/Xcode/DerivedData/AgendaHOF-bvieputxojihcqchgwytombtvhqx/Index.noindex/DataStore -Xcc -D_LIBCPP_HARDENING_MODE\=_LIBCPP_HARDENING_MODE_DEBUG -swift-version 5 -I /Users/nicolas/Library/Developer/Xcode/DerivedData/AgendaHOF-bvieputxojihcqchgwytombtvhqx/Build/Products/Debug-iphonesimulator -Isystem /Applications/Xcode.app/Contents/Developer/Platforms/iPhoneSimulator.platform/Developer/usr/lib -F /Users/nicolas/Library/Developer/Xcode/DerivedData/AgendaHOF-bvieputxojihcqchgwytombtvhqx/Build/Products/Debug-iphonesimulator/PackageFrameworks -F /Users/nicolas/Library/Developer/Xcode/DerivedData/AgendaHOF-bvieputxojihcqchgwytombtvhqx/Build/Products/Debug-iphonesimulator/PackageFrameworks -F /Users/nicolas/Library/Developer/Xcode/DerivedData/AgendaHOF-bvieputxojihcqchgwytombtvhqx/Build/Products/Debug-iphonesimulator/PackageFrameworks -F /Users/nicolas/Library/Developer/Xcode/DerivedData/AgendaHOF-bvieputxojihcqchgwytombtvhqx/Build/Products/Debug-iphonesimulator/PackageFrameworks -F /Users/nicolas/Library/Developer/Xcode/DerivedData/AgendaHOF-bvieputxojihcqchgwytombtvhqx/Build/Products/Debug-iphonesimulator/PackageFrameworks -F /Users/nicolas/Library/Developer/Xcode/DerivedData/AgendaHOF-bvieputxojihcqchgwytombtvhqx/Build/Products/Debug-iphonesimulator/PackageFrameworks -F /Users/nicolas/Library/Developer/Xcode/DerivedData/AgendaHOF-bvieputxojihcqchgwytombtvhqx/Build/Products/Debug-iphonesimulator/PackageFrameworks -F /Users/nicolas/Library/Developer/Xcode/DerivedData/AgendaHOF-bvieputxojihcqchgwytombtvhqx/Build/Products/Debug-iphonesimulator -F /Applications/Xcode.app/Contents/Developer/Platforms/iPhoneSimulator.platform/Developer/Library/Frameworks -F /Applications/Xcode.app/Contents/Developer/Platforms/iPhoneSimulator.platform/Developer/SDKs/iPhoneSimulator26.2.sdk/Developer/Library/Frameworks -c -j10 -enable-batch-mode -incremental -Xcc -ivfsstatcache -Xcc /Users/nicolas/Library/Developer/Xcode/DerivedData/SDKStatCaches.noindex/iphonesimulator26.2-23C53-7d00a8b37fbd7999ea79df8ebc024bf0.sdkstatcache -output-file-map /Users/nicolas/Library/Developer/Xcode/DerivedData/AgendaHOF-bvieputxojihcqchgwytombtvhqx/Build/Intermediates.noindex/Supabase.build/Debug-iphonesimulator/Functions.build/Objects-normal/arm64/Functions-OutputFileMap.json -use-frontend-parseable-output -save-temps -no-color-diagnostics -explicit-module-build -module-cache-path /Users/nicolas/Library/Developer/Xcode/DerivedData/AgendaHOF-bvieputxojihcqchgwytombtvhqx/Build/Intermediates.noindex/SwiftExplicitPrecompiledModules -clang-scanner-module-cache-path /Users/nicolas/Library/Developer/Xcode/DerivedData/ModuleCache.noindex -sdk-module-cache-path /Users/nicolas/Library/Developer/Xcode/DerivedData/ModuleCache.noindex -serialize-diagnostics -emit-dependencies -emit-module -emit-module-path /Users/nicolas/Library/Developer/Xcode/DerivedData/AgendaHOF-bvieputxojihcqchgwytombtvhqx/Build/Intermediates.noindex/Supabase.build/Debug-iphonesimulator/Functions.build/Objects-normal/arm64/Functions.swiftmodule -validate-clang-modules-once -clang-build-session-file /Users/nicolas/Library/Developer/Xcode/DerivedData/ModuleCache.noindex/Session.modulevalidation -package-name supabase_swift -Xcc -I/Users/nicolas/Library/Developer/Xcode/DerivedData/AgendaHOF-bvieputxojihcqchgwytombtvhqx/Build/Intermediates.noindex/Supabase.build/Debug-iphonesimulator/Functions.build/swift-overrides.hmap -emit-const-values -Xfrontend -const-gather-protocols-file -Xfrontend /Users/nicolas/Library/Developer/Xcode/DerivedData/AgendaHOF-bvieputxojihcqchgwytombtvhqx/Build/Intermediates.noindex/Supabase.build/Debug-iphonesimulator/Functions.build/Objects-normal/arm64/Functions_const_extract_protocols.json -Xcc -I/Users/nicolas/Library/Developer/Xcode/DerivedData/AgendaHOF-bvieputxojihcqchgwytombtvhqx/Build/Products/Debug-iphonesimulator/include -Xcc -I/Users/nicolas/Library/Developer/Xcode/DerivedData/AgendaHOF-bvieputxojihcqchgwytombtvhqx/Build/Intermediates.noindex/Supabase.build/Debug-iphonesimulator/Functions.build/DerivedSources-normal/arm64 -Xcc -I/Users/nicolas/Library/Developer/Xcode/DerivedData/AgendaHOF-bvieputxojihcqchgwytombtvhqx/Build/Intermediates.noindex/Supabase.build/Debug-iphonesimulator/Functions.build/DerivedSources/arm64 -Xcc -I/Users/nicolas/Library/Developer/Xcode/DerivedData/AgendaHOF-bvieputxojihcqchgwytombtvhqx/Build/Intermediates.noindex/Supabase.build/Debug-iphonesimulator/Functions.build/DerivedSources -Xcc -DSWIFT_PACKAGE -Xcc -DDEBUG\=1 -emit-objc-header -emit-objc-header-path /Users/nicolas/Library/Developer/Xcode/DerivedData/AgendaHOF-bvieputxojihcqchgwytombtvhqx/Build/Intermediates.noindex/Supabase.build/Debug-iphonesimulator/Functions.build/Objects-normal/arm64/Functions-Swift.h -working-directory /Users/nicolas/Documents/aplicativos-sites/AgendaHOF-iOS/AgendaHOF.xcodeproj -experimental-emit-module-separately -disable-cmo

SwiftDriverJobDiscovery normal arm64 Compiling FixedWidthInteger+Random.swift, Helpers.swift, JWK+RSA.swift (in target 'Auth' from project 'Supabase')

SwiftCompile normal arm64 Compiling\ AuthStateChangeListener.swift,\ Defaults.swift,\ Deprecated.swift /Users/nicolas/Library/Developer/Xcode/DerivedData/AgendaHOF-bvieputxojihcqchgwytombtvhqx/SourcePackages/checkouts/supabase-swift/Sources/Auth/AuthStateChangeListener.swift /Users/nicolas/Library/Developer/Xcode/DerivedData/AgendaHOF-bvieputxojihcqchgwytombtvhqx/SourcePackages/checkouts/supabase-swift/Sources/Auth/Defaults.swift /Users/nicolas/Library/Developer/Xcode/DerivedData/AgendaHOF-bvieputxojihcqchgwytombtvhqx/SourcePackages/checkouts/supabase-swift/Sources/Auth/Deprecated.swift (in target 'Auth' from project 'Supabase')

SwiftCompile normal arm64 /Users/nicolas/Library/Developer/Xcode/DerivedData/AgendaHOF-bvieputxojihcqchgwytombtvhqx/SourcePackages/checkouts/supabase-swift/Sources/Auth/AuthStateChangeListener.swift (in target 'Auth' from project 'Supabase')
    cd /Users/nicolas/Documents/aplicativos-sites/AgendaHOF-iOS/AgendaHOF.xcodeproj
    

SwiftCompile normal arm64 /Users/nicolas/Library/Developer/Xcode/DerivedData/AgendaHOF-bvieputxojihcqchgwytombtvhqx/SourcePackages/checkouts/supabase-swift/Sources/Auth/Defaults.swift (in target 'Auth' from project 'Supabase')
    cd /Users/nicolas/Documents/aplicativos-sites/AgendaHOF-iOS/AgendaHOF.xcodeproj
    

SwiftCompile normal arm64 /Users/nicolas/Library/Developer/Xcode/DerivedData/AgendaHOF-bvieputxojihcqchgwytombtvhqx/SourcePackages/checkouts/supabase-swift/Sources/Auth/Deprecated.swift (in target 'Auth' from project 'Supabase')
    cd /Users/nicolas/Documents/aplicativos-sites/AgendaHOF-iOS/AgendaHOF.xcodeproj
    

SwiftDriverJobDiscovery normal arm64 Compiling JWTAlgorithm.swift, Keychain.swift, PKCE.swift (in target 'Auth' from project 'Supabase')

SwiftDriver Supabase normal arm64 com.apple.xcode.tools.swift.compiler (in target 'Supabase' from project 'Supabase')
    cd /Users/nicolas/Documents/aplicativos-sites/AgendaHOF-iOS/AgendaHOF.xcodeproj
    builtin-SwiftDriver -- /Applications/Xcode.app/Contents/Developer/Toolchains/XcodeDefault.xctoolchain/usr/bin/swiftc -module-name Supabase -Onone -enforce-exclusivity\=checked @/Users/nicolas/Library/Developer/Xcode/DerivedData/AgendaHOF-bvieputxojihcqchgwytombtvhqx/Build/Intermediates.noindex/Supabase.build/Debug-iphonesimulator/Supabase.build/Objects-normal/arm64/Supabase.SwiftFileList -DSWIFT_PACKAGE -DDEBUG -DSWIFT_MODULE_RESOURCE_BUNDLE_UNAVAILABLE -DXcode -enable-upcoming-feature ExistentialAny -enable-experimental-feature StrictConcurrency -plugin-path /Applications/Xcode.app/Contents/Developer/Toolchains/XcodeDefault.xctoolchain/usr/lib/swift/host/plugins/testing -enable-experimental-feature DebugDescriptionMacro -sdk /Applications/Xcode.app/Contents/Developer/Platforms/iPhoneSimulator.platform/Developer/SDKs/iPhoneSimulator26.2.sdk -target arm64-apple-ios13.0-simulator -g -module-cache-path /Users/nicolas/Library/Developer/Xcode/DerivedData/ModuleCache.noindex -Xfrontend -serialize-debugging-options -profile-coverage-mapping -profile-generate -enable-testing -suppress-warnings -index-store-path /Users/nicolas/Library/Developer/Xcode/DerivedData/AgendaHOF-bvieputxojihcqchgwytombtvhqx/Index.noindex/DataStore -Xcc -D_LIBCPP_HARDENING_MODE\=_LIBCPP_HARDENING_MODE_DEBUG -swift-version 5 -I /Users/nicolas/Library/Developer/Xcode/DerivedData/AgendaHOF-bvieputxojihcqchgwytombtvhqx/Build/Products/Debug-iphonesimulator -Isystem /Applications/Xcode.app/Contents/Developer/Platforms/iPhoneSimulator.platform/Developer/usr/lib -F /Users/nicolas/Library/Developer/Xcode/DerivedData/AgendaHOF-bvieputxojihcqchgwytombtvhqx/Build/Products/Debug-iphonesimulator/PackageFrameworks -F /Users/nicolas/Library/Developer/Xcode/DerivedData/AgendaHOF-bvieputxojihcqchgwytombtvhqx/Build/Products/Debug-iphonesimulator/PackageFrameworks -F /Users/nicolas/Library/Developer/Xcode/DerivedData/AgendaHOF-bvieputxojihcqchgwytombtvhqx/Build/Products/Debug-iphonesimulator/PackageFrameworks -F /Users/nicolas/Library/Developer/Xcode/DerivedData/AgendaHOF-bvieputxojihcqchgwytombtvhqx/Build/Products/Debug-iphonesimulator/PackageFrameworks -F /Users/nicolas/Library/Developer/Xcode/DerivedData/AgendaHOF-bvieputxojihcqchgwytombtvhqx/Build/Products/Debug-iphonesimulator/PackageFrameworks -F /Users/nicolas/Library/Developer/Xcode/DerivedData/AgendaHOF-bvieputxojihcqchgwytombtvhqx/Build/Products/Debug-iphonesimulator/PackageFrameworks -F /Users/nicolas/Library/Developer/Xcode/DerivedData/AgendaHOF-bvieputxojihcqchgwytombtvhqx/Build/Products/Debug-iphonesimulator/PackageFrameworks -F /Users/nicolas/Library/Developer/Xcode/DerivedData/AgendaHOF-bvieputxojihcqchgwytombtvhqx/Build/Products/Debug-iphonesimulator/PackageFrameworks -F /Users/nicolas/Library/Developer/Xcode/DerivedData/AgendaHOF-bvieputxojihcqchgwytombtvhqx/Build/Products/Debug-iphonesimulator/PackageFrameworks -F /Users/nicolas/Library/Developer/Xcode/DerivedData/AgendaHOF-bvieputxojihcqchgwytombtvhqx/Build/Products/Debug-iphonesimulator/PackageFrameworks -F /Users/nicolas/Library/Developer/Xcode/DerivedData/AgendaHOF-bvieputxojihcqchgwytombtvhqx/Build/Products/Debug-iphonesimulator/PackageFrameworks -F /Users/nicolas/Library/Developer/Xcode/DerivedData/AgendaHOF-bvieputxojihcqchgwytombtvhqx/Build/Products/Debug-iphonesimulator/PackageFrameworks -F /Users/nicolas/Library/Developer/Xcode/DerivedData/AgendaHOF-bvieputxojihcqchgwytombtvhqx/Build/Products/Debug-iphonesimulator/PackageFrameworks -F /Users/nicolas/Library/Developer/Xcode/DerivedData/AgendaHOF-bvieputxojihcqchgwytombtvhqx/Build/Products/Debug-iphonesimulator -F /Applications/Xcode.app/Contents/Developer/Platforms/iPhoneSimulator.platform/Developer/Library/Frameworks -F /Applications/Xcode.app/Contents/Developer/Platforms/iPhoneSimulator.platform/Developer/SDKs/iPhoneSimulator26.2.sdk/Developer/Library/Frameworks -c -j10 -enable-batch-mode -incremental -Xcc -ivfsstatcache -Xcc /Users/nicolas/Library/Developer/Xcode/DerivedData/SDKStatCaches.noindex/iphonesimulator26.2-23C53-7d00a8b37fbd7999ea79df8ebc024bf0.sdkstatcache -output-file-map /Users/nicolas/Library/Developer/Xcode/DerivedData/AgendaHOF-bvieputxojihcqchgwytombtvhqx/Build/Intermediates.noindex/Supabase.build/Debug-iphonesimulator/Supabase.build/Objects-normal/arm64/Supabase-OutputFileMap.json -use-frontend-parseable-output -save-temps -no-color-diagnostics -explicit-module-build -module-cache-path /Users/nicolas/Library/Developer/Xcode/DerivedData/AgendaHOF-bvieputxojihcqchgwytombtvhqx/Build/Intermediates.noindex/SwiftExplicitPrecompiledModules -clang-scanner-module-cache-path /Users/nicolas/Library/Developer/Xcode/DerivedData/ModuleCache.noindex -sdk-module-cache-path /Users/nicolas/Library/Developer/Xcode/DerivedData/ModuleCache.noindex -serialize-diagnostics -emit-dependencies -emit-module -emit-module-path /Users/nicolas/Library/Developer/Xcode/DerivedData/AgendaHOF-bvieputxojihcqchgwytombtvhqx/Build/Intermediates.noindex/Supabase.build/Debug-iphonesimulator/Supabase.build/Objects-normal/arm64/Supabase.swiftmodule -validate-clang-modules-once -clang-build-session-file /Users/nicolas/Library/Developer/Xcode/DerivedData/ModuleCache.noindex/Session.modulevalidation -package-name supabase_swift -Xcc -I/Users/nicolas/Library/Developer/Xcode/DerivedData/AgendaHOF-bvieputxojihcqchgwytombtvhqx/Build/Intermediates.noindex/Supabase.build/Debug-iphonesimulator/Supabase.build/swift-overrides.hmap -emit-const-values -Xfrontend -const-gather-protocols-file -Xfrontend /Users/nicolas/Library/Developer/Xcode/DerivedData/AgendaHOF-bvieputxojihcqchgwytombtvhqx/Build/Intermediates.noindex/Supabase.build/Debug-iphonesimulator/Supabase.build/Objects-normal/arm64/Supabase_const_extract_protocols.json -Xcc -I/Users/nicolas/Library/Developer/Xcode/DerivedData/AgendaHOF-bvieputxojihcqchgwytombtvhqx/Build/Products/Debug-iphonesimulator/include -Xcc -I/Users/nicolas/Library/Developer/Xcode/DerivedData/AgendaHOF-bvieputxojihcqchgwytombtvhqx/Build/Intermediates.noindex/Supabase.build/Debug-iphonesimulator/Supabase.build/DerivedSources-normal/arm64 -Xcc -I/Users/nicolas/Library/Developer/Xcode/DerivedData/AgendaHOF-bvieputxojihcqchgwytombtvhqx/Build/Intermediates.noindex/Supabase.build/Debug-iphonesimulator/Supabase.build/DerivedSources/arm64 -Xcc -I/Users/nicolas/Library/Developer/Xcode/DerivedData/AgendaHOF-bvieputxojihcqchgwytombtvhqx/Build/Intermediates.noindex/Supabase.build/Debug-iphonesimulator/Supabase.build/DerivedSources -Xcc -DSWIFT_PACKAGE -Xcc -DDEBUG\=1 -emit-objc-header -emit-objc-header-path /Users/nicolas/Library/Developer/Xcode/DerivedData/AgendaHOF-bvieputxojihcqchgwytombtvhqx/Build/Intermediates.noindex/Supabase.build/Debug-iphonesimulator/Supabase.build/Objects-normal/arm64/Supabase-Swift.h -working-directory /Users/nicolas/Documents/aplicativos-sites/AgendaHOF-iOS/AgendaHOF.xcodeproj -experimental-emit-module-separately -disable-cmo

SwiftDriverJobDiscovery normal arm64 Compiling Exports.swift, APIClient.swift, CodeVerifierStorage.swift (in target 'Auth' from project 'Supabase')

RegisterExecutionPolicyException /Users/nicolas/Library/Developer/Xcode/DerivedData/AgendaHOF-bvieputxojihcqchgwytombtvhqx/Build/Products/Debug-iphonesimulator/Helpers.o (in target 'Helpers' from project 'Supabase')
    cd /Users/nicolas/Library/Developer/Xcode/DerivedData/AgendaHOF-bvieputxojihcqchgwytombtvhqx/SourcePackages/checkouts/supabase-swift
    builtin-RegisterExecutionPolicyException /Users/nicolas/Library/Developer/Xcode/DerivedData/AgendaHOF-bvieputxojihcqchgwytombtvhqx/Build/Products/Debug-iphonesimulator/Helpers.o

SwiftDriverJobDiscovery normal arm64 Compiling Constants.swift, Dependencies.swift, EventEmitter.swift (in target 'Auth' from project 'Supabase')

Ld /Users/nicolas/Library/Developer/Xcode/DerivedData/AgendaHOF-bvieputxojihcqchgwytombtvhqx/Build/Products/Debug-iphonesimulator/Storage.o normal (in target 'Storage' from project 'Supabase')
    cd /Users/nicolas/Library/Developer/Xcode/DerivedData/AgendaHOF-bvieputxojihcqchgwytombtvhqx/SourcePackages/checkouts/supabase-swift
    /Applications/Xcode.app/Contents/Developer/Toolchains/XcodeDefault.xctoolchain/usr/bin/clang -Xlinker -reproducible -target arm64-apple-ios13.0-simulator -r -isysroot /Applications/Xcode.app/Contents/Developer/Platforms/iPhoneSimulator.platform/Developer/SDKs/iPhoneSimulator26.2.sdk -O0 -w -L/Users/nicolas/Library/Developer/Xcode/DerivedData/AgendaHOF-bvieputxojihcqchgwytombtvhqx/Build/Intermediates.noindex/EagerLinkingTBDs/Debug-iphonesimulator -L/Users/nicolas/Library/Developer/Xcode/DerivedData/AgendaHOF-bvieputxojihcqchgwytombtvhqx/Build/Products/Debug-iphonesimulator -L/Applications/Xcode.app/Contents/Developer/Platforms/iPhoneSimulator.platform/Developer/usr/lib -F/Users/nicolas/Library/Developer/Xcode/DerivedData/AgendaHOF-bvieputxojihcqchgwytombtvhqx/Build/Intermediates.noindex/EagerLinkingTBDs/Debug-iphonesimulator -F/Users/nicolas/Library/Developer/Xcode/DerivedData/AgendaHOF-bvieputxojihcqchgwytombtvhqx/Build/Products/Debug-iphonesimulator/PackageFrameworks -F/Users/nicolas/Library/Developer/Xcode/DerivedData/AgendaHOF-bvieputxojihcqchgwytombtvhqx/Build/Products/Debug-iphonesimulator/PackageFrameworks -F/Users/nicolas/Library/Developer/Xcode/DerivedData/AgendaHOF-bvieputxojihcqchgwytombtvhqx/Build/Products/Debug-iphonesimulator/PackageFrameworks -F/Users/nicolas/Library/Developer/Xcode/DerivedData/AgendaHOF-bvieputxojihcqchgwytombtvhqx/Build/Products/Debug-iphonesimulator/PackageFrameworks -F/Users/nicolas/Library/Developer/Xcode/DerivedData/AgendaHOF-bvieputxojihcqchgwytombtvhqx/Build/Products/Debug-iphonesimulator/PackageFrameworks -F/Users/nicolas/Library/Developer/Xcode/DerivedData/AgendaHOF-bvieputxojihcqchgwytombtvhqx/Build/Products/Debug-iphonesimulator/PackageFrameworks -F/Users/nicolas/Library/Developer/Xcode/DerivedData/AgendaHOF-bvieputxojihcqchgwytombtvhqx/Build/Products/Debug-iphonesimulator/PackageFrameworks -F/Users/nicolas/Library/Developer/Xcode/DerivedData/AgendaHOF-bvieputxojihcqchgwytombtvhqx/Build/Products/Debug-iphonesimulator -iframework /Applications/Xcode.app/Contents/Developer/Platforms/iPhoneSimulator.platform/Developer/Library/Frameworks -iframework /Applications/Xcode.app/Contents/Developer/Platforms/iPhoneSimulator.platform/Developer/SDKs/iPhoneSimulator26.2.sdk/Developer/Library/Frameworks -filelist /Users/nicolas/Library/Developer/Xcode/DerivedData/AgendaHOF-bvieputxojihcqchgwytombtvhqx/Build/Intermediates.noindex/Supabase.build/Debug-iphonesimulator/Storage.build/Objects-normal/arm64/Storage.LinkFileList -nostdlib -Xlinker -object_path_lto -Xlinker /Users/nicolas/Library/Developer/Xcode/DerivedData/AgendaHOF-bvieputxojihcqchgwytombtvhqx/Build/Intermediates.noindex/Supabase.build/Debug-iphonesimulator/Storage.build/Objects-normal/arm64/Storage_lto.o -rdynamic -Xlinker -no_deduplicate -Xlinker -objc_abi_version -Xlinker 2 -Xlinker -debug_variant -Xlinker -dependency_info -Xlinker /Users/nicolas/Library/Developer/Xcode/DerivedData/AgendaHOF-bvieputxojihcqchgwytombtvhqx/Build/Intermediates.noindex/Supabase.build/Debug-iphonesimulator/Storage.build/Objects-normal/arm64/Storage_dependency_info.dat -fobjc-link-runtime -L/Applications/Xcode.app/Contents/Developer/Toolchains/XcodeDefault.xctoolchain/usr/lib/swift/iphonesimulator -L/usr/lib/swift -Xlinker -add_ast_path -Xlinker /Users/nicolas/Library/Developer/Xcode/DerivedData/AgendaHOF-bvieputxojihcqchgwytombtvhqx/Build/Intermediates.noindex/Supabase.build/Debug-iphonesimulator/Storage.build/Objects-normal/arm64/Storage.swiftmodule @/Users/nicolas/Library/Developer/Xcode/DerivedData/AgendaHOF-bvieputxojihcqchgwytombtvhqx/Build/Intermediates.noindex/Supabase.build/Debug-iphonesimulator/Storage.build/Objects-normal/arm64/Storage-linker-args.resp -o /Users/nicolas/Library/Developer/Xcode/DerivedData/AgendaHOF-bvieputxojihcqchgwytombtvhqx/Build/Products/Debug-iphonesimulator/Storage.o

Ld /Users/nicolas/Library/Developer/Xcode/DerivedData/AgendaHOF-bvieputxojihcqchgwytombtvhqx/Build/Products/Debug-iphonesimulator/PostgREST.o normal (in target 'PostgREST' from project 'Supabase')
    cd /Users/nicolas/Library/Developer/Xcode/DerivedData/AgendaHOF-bvieputxojihcqchgwytombtvhqx/SourcePackages/checkouts/supabase-swift
    /Applications/Xcode.app/Contents/Developer/Toolchains/XcodeDefault.xctoolchain/usr/bin/clang -Xlinker -reproducible -target arm64-apple-ios13.0-simulator -r -isysroot /Applications/Xcode.app/Contents/Developer/Platforms/iPhoneSimulator.platform/Developer/SDKs/iPhoneSimulator26.2.sdk -O0 -w -L/Users/nicolas/Library/Developer/Xcode/DerivedData/AgendaHOF-bvieputxojihcqchgwytombtvhqx/Build/Intermediates.noindex/EagerLinkingTBDs/Debug-iphonesimulator -L/Users/nicolas/Library/Developer/Xcode/DerivedData/AgendaHOF-bvieputxojihcqchgwytombtvhqx/Build/Products/Debug-iphonesimulator -L/Applications/Xcode.app/Contents/Developer/Platforms/iPhoneSimulator.platform/Developer/usr/lib -F/Users/nicolas/Library/Developer/Xcode/DerivedData/AgendaHOF-bvieputxojihcqchgwytombtvhqx/Build/Intermediates.noindex/EagerLinkingTBDs/Debug-iphonesimulator -F/Users/nicolas/Library/Developer/Xcode/DerivedData/AgendaHOF-bvieputxojihcqchgwytombtvhqx/Build/Products/Debug-iphonesimulator/PackageFrameworks -F/Users/nicolas/Library/Developer/Xcode/DerivedData/AgendaHOF-bvieputxojihcqchgwytombtvhqx/Build/Products/Debug-iphonesimulator/PackageFrameworks -F/Users/nicolas/Library/Developer/Xcode/DerivedData/AgendaHOF-bvieputxojihcqchgwytombtvhqx/Build/Products/Debug-iphonesimulator/PackageFrameworks -F/Users/nicolas/Library/Developer/Xcode/DerivedData/AgendaHOF-bvieputxojihcqchgwytombtvhqx/Build/Products/Debug-iphonesimulator/PackageFrameworks -F/Users/nicolas/Library/Developer/Xcode/DerivedData/AgendaHOF-bvieputxojihcqchgwytombtvhqx/Build/Products/Debug-iphonesimulator/PackageFrameworks -F/Users/nicolas/Library/Developer/Xcode/DerivedData/AgendaHOF-bvieputxojihcqchgwytombtvhqx/Build/Products/Debug-iphonesimulator/PackageFrameworks -F/Users/nicolas/Library/Developer/Xcode/DerivedData/AgendaHOF-bvieputxojihcqchgwytombtvhqx/Build/Products/Debug-iphonesimulator/PackageFrameworks -F/Users/nicolas/Library/Developer/Xcode/DerivedData/AgendaHOF-bvieputxojihcqchgwytombtvhqx/Build/Products/Debug-iphonesimulator -iframework /Applications/Xcode.app/Contents/Developer/Platforms/iPhoneSimulator.platform/Developer/Library/Frameworks -iframework /Applications/Xcode.app/Contents/Developer/Platforms/iPhoneSimulator.platform/Developer/SDKs/iPhoneSimulator26.2.sdk/Developer/Library/Frameworks -filelist /Users/nicolas/Library/Developer/Xcode/DerivedData/AgendaHOF-bvieputxojihcqchgwytombtvhqx/Build/Intermediates.noindex/Supabase.build/Debug-iphonesimulator/PostgREST.build/Objects-normal/arm64/PostgREST.LinkFileList -nostdlib -Xlinker -object_path_lto -Xlinker /Users/nicolas/Library/Developer/Xcode/DerivedData/AgendaHOF-bvieputxojihcqchgwytombtvhqx/Build/Intermediates.noindex/Supabase.build/Debug-iphonesimulator/PostgREST.build/Objects-normal/arm64/PostgREST_lto.o -rdynamic -Xlinker -no_deduplicate -Xlinker -objc_abi_version -Xlinker 2 -Xlinker -debug_variant -Xlinker -dependency_info -Xlinker /Users/nicolas/Library/Developer/Xcode/DerivedData/AgendaHOF-bvieputxojihcqchgwytombtvhqx/Build/Intermediates.noindex/Supabase.build/Debug-iphonesimulator/PostgREST.build/Objects-normal/arm64/PostgREST_dependency_info.dat -fobjc-link-runtime -L/Applications/Xcode.app/Contents/Developer/Toolchains/XcodeDefault.xctoolchain/usr/lib/swift/iphonesimulator -L/usr/lib/swift -Xlinker -add_ast_path -Xlinker /Users/nicolas/Library/Developer/Xcode/DerivedData/AgendaHOF-bvieputxojihcqchgwytombtvhqx/Build/Intermediates.noindex/Supabase.build/Debug-iphonesimulator/PostgREST.build/Objects-normal/arm64/PostgREST.swiftmodule @/Users/nicolas/Library/Developer/Xcode/DerivedData/AgendaHOF-bvieputxojihcqchgwytombtvhqx/Build/Intermediates.noindex/Supabase.build/Debug-iphonesimulator/PostgREST.build/Objects-normal/arm64/PostgREST-linker-args.resp -o /Users/nicolas/Library/Developer/Xcode/DerivedData/AgendaHOF-bvieputxojihcqchgwytombtvhqx/Build/Products/Debug-iphonesimulator/PostgREST.o

Ld /Users/nicolas/Library/Developer/Xcode/DerivedData/AgendaHOF-bvieputxojihcqchgwytombtvhqx/Build/Products/Debug-iphonesimulator/Functions.o normal (in target 'Functions' from project 'Supabase')
    cd /Users/nicolas/Library/Developer/Xcode/DerivedData/AgendaHOF-bvieputxojihcqchgwytombtvhqx/SourcePackages/checkouts/supabase-swift
    /Applications/Xcode.app/Contents/Developer/Toolchains/XcodeDefault.xctoolchain/usr/bin/clang -Xlinker -reproducible -target arm64-apple-ios13.0-simulator -r -isysroot /Applications/Xcode.app/Contents/Developer/Platforms/iPhoneSimulator.platform/Developer/SDKs/iPhoneSimulator26.2.sdk -O0 -w -L/Users/nicolas/Library/Developer/Xcode/DerivedData/AgendaHOF-bvieputxojihcqchgwytombtvhqx/Build/Intermediates.noindex/EagerLinkingTBDs/Debug-iphonesimulator -L/Users/nicolas/Library/Developer/Xcode/DerivedData/AgendaHOF-bvieputxojihcqchgwytombtvhqx/Build/Products/Debug-iphonesimulator -L/Applications/Xcode.app/Contents/Developer/Platforms/iPhoneSimulator.platform/Developer/usr/lib -F/Users/nicolas/Library/Developer/Xcode/DerivedData/AgendaHOF-bvieputxojihcqchgwytombtvhqx/Build/Intermediates.noindex/EagerLinkingTBDs/Debug-iphonesimulator -F/Users/nicolas/Library/Developer/Xcode/DerivedData/AgendaHOF-bvieputxojihcqchgwytombtvhqx/Build/Products/Debug-iphonesimulator/PackageFrameworks -F/Users/nicolas/Library/Developer/Xcode/DerivedData/AgendaHOF-bvieputxojihcqchgwytombtvhqx/Build/Products/Debug-iphonesimulator/PackageFrameworks -F/Users/nicolas/Library/Developer/Xcode/DerivedData/AgendaHOF-bvieputxojihcqchgwytombtvhqx/Build/Products/Debug-iphonesimulator/PackageFrameworks -F/Users/nicolas/Library/Developer/Xcode/DerivedData/AgendaHOF-bvieputxojihcqchgwytombtvhqx/Build/Products/Debug-iphonesimulator/PackageFrameworks -F/Users/nicolas/Library/Developer/Xcode/DerivedData/AgendaHOF-bvieputxojihcqchgwytombtvhqx/Build/Products/Debug-iphonesimulator/PackageFrameworks -F/Users/nicolas/Library/Developer/Xcode/DerivedData/AgendaHOF-bvieputxojihcqchgwytombtvhqx/Build/Products/Debug-iphonesimulator/PackageFrameworks -F/Users/nicolas/Library/Developer/Xcode/DerivedData/AgendaHOF-bvieputxojihcqchgwytombtvhqx/Build/Products/Debug-iphonesimulator/PackageFrameworks -F/Users/nicolas/Library/Developer/Xcode/DerivedData/AgendaHOF-bvieputxojihcqchgwytombtvhqx/Build/Products/Debug-iphonesimulator -iframework /Applications/Xcode.app/Contents/Developer/Platforms/iPhoneSimulator.platform/Developer/Library/Frameworks -iframework /Applications/Xcode.app/Contents/Developer/Platforms/iPhoneSimulator.platform/Developer/SDKs/iPhoneSimulator26.2.sdk/Developer/Library/Frameworks -filelist /Users/nicolas/Library/Developer/Xcode/DerivedData/AgendaHOF-bvieputxojihcqchgwytombtvhqx/Build/Intermediates.noindex/Supabase.build/Debug-iphonesimulator/Functions.build/Objects-normal/arm64/Functions.LinkFileList -nostdlib -Xlinker -object_path_lto -Xlinker /Users/nicolas/Library/Developer/Xcode/DerivedData/AgendaHOF-bvieputxojihcqchgwytombtvhqx/Build/Intermediates.noindex/Supabase.build/Debug-iphonesimulator/Functions.build/Objects-normal/arm64/Functions_lto.o -rdynamic -Xlinker -no_deduplicate -Xlinker -objc_abi_version -Xlinker 2 -Xlinker -debug_variant -Xlinker -dependency_info -Xlinker /Users/nicolas/Library/Developer/Xcode/DerivedData/AgendaHOF-bvieputxojihcqchgwytombtvhqx/Build/Intermediates.noindex/Supabase.build/Debug-iphonesimulator/Functions.build/Objects-normal/arm64/Functions_dependency_info.dat -fobjc-link-runtime -L/Applications/Xcode.app/Contents/Developer/Toolchains/XcodeDefault.xctoolchain/usr/lib/swift/iphonesimulator -L/usr/lib/swift -Xlinker -add_ast_path -Xlinker /Users/nicolas/Library/Developer/Xcode/DerivedData/AgendaHOF-bvieputxojihcqchgwytombtvhqx/Build/Intermediates.noindex/Supabase.build/Debug-iphonesimulator/Functions.build/Objects-normal/arm64/Functions.swiftmodule @/Users/nicolas/Library/Developer/Xcode/DerivedData/AgendaHOF-bvieputxojihcqchgwytombtvhqx/Build/Intermediates.noindex/Supabase.build/Debug-iphonesimulator/Functions.build/Objects-normal/arm64/Functions-linker-args.resp -o /Users/nicolas/Library/Developer/Xcode/DerivedData/AgendaHOF-bvieputxojihcqchgwytombtvhqx/Build/Products/Debug-iphonesimulator/Functions.o

SwiftDriverJobDiscovery normal arm64 Compiling Presence.swift, Push.swift, RealtimeChannel.swift (in target 'Realtime' from project 'Supabase')

ExtractAppIntentsMetadata (in target 'PostgREST' from project 'Supabase')
    cd /Users/nicolas/Library/Developer/Xcode/DerivedData/AgendaHOF-bvieputxojihcqchgwytombtvhqx/SourcePackages/checkouts/supabase-swift
    /Applications/Xcode.app/Contents/Developer/Toolchains/XcodeDefault.xctoolchain/usr/bin/appintentsmetadataprocessor --toolchain-dir /Applications/Xcode.app/Contents/Developer/Toolchains/XcodeDefault.xctoolchain --module-name PostgREST --sdk-root /Applications/Xcode.app/Contents/Developer/Platforms/iPhoneSimulator.platform/Developer/SDKs/iPhoneSimulator26.2.sdk --xcode-version 17C52 --platform-family iOS --deployment-target 13.0 --bundle-identifier supabase-swift.PostgREST --output /Users/nicolas/Library/Developer/Xcode/DerivedData/AgendaHOF-bvieputxojihcqchgwytombtvhqx/Build/Products/Debug-iphonesimulator/PostgREST.appintents --target-triple arm64-apple-ios13.0-simulator --binary-file /Users/nicolas/Library/Developer/Xcode/DerivedData/AgendaHOF-bvieputxojihcqchgwytombtvhqx/Build/Products/Debug-iphonesimulator/PostgREST.o --dependency-file /Users/nicolas/Library/Developer/Xcode/DerivedData/AgendaHOF-bvieputxojihcqchgwytombtvhqx/Build/Intermediates.noindex/Supabase.build/Debug-iphonesimulator/PostgREST.build/Objects-normal/arm64/PostgREST_dependency_info.dat --stringsdata-file /Users/nicolas/Library/Developer/Xcode/DerivedData/AgendaHOF-bvieputxojihcqchgwytombtvhqx/Build/Intermediates.noindex/Supabase.build/Debug-iphonesimulator/PostgREST.build/Objects-normal/arm64/ExtractedAppShortcutsMetadata.stringsdata --source-file-list /Users/nicolas/Library/Developer/Xcode/DerivedData/AgendaHOF-bvieputxojihcqchgwytombtvhqx/Build/Intermediates.noindex/Supabase.build/Debug-iphonesimulator/PostgREST.build/Objects-normal/arm64/PostgREST.SwiftFileList --metadata-file-list /Users/nicolas/Library/Developer/Xcode/DerivedData/AgendaHOF-bvieputxojihcqchgwytombtvhqx/Build/Intermediates.noindex/Supabase.build/Debug-iphonesimulator/PostgREST.build/PostgREST.DependencyMetadataFileList --static-metadata-file-list /Users/nicolas/Library/Developer/Xcode/DerivedData/AgendaHOF-bvieputxojihcqchgwytombtvhqx/Build/Intermediates.noindex/Supabase.build/Debug-iphonesimulator/PostgREST.build/PostgREST.DependencyStaticMetadataFileList --swift-const-vals-list /Users/nicolas/Library/Developer/Xcode/DerivedData/AgendaHOF-bvieputxojihcqchgwytombtvhqx/Build/Intermediates.noindex/Supabase.build/Debug-iphonesimulator/PostgREST.build/Objects-normal/arm64/PostgREST.SwiftConstValuesFileList --force --compile-time-extraction --deployment-aware-processing --validate-assistant-intents --no-app-shortcuts-localization
2026-01-03 23:43:42.434 appintentsmetadataprocessor[19370:184678] Starting appintentsmetadataprocessor export
2026-01-03 23:43:42.538 appintentsmetadataprocessor[19370:184678] Extracted no relevant App Intents symbols, skipping writing output

ExtractAppIntentsMetadata (in target 'Storage' from project 'Supabase')
    cd /Users/nicolas/Library/Developer/Xcode/DerivedData/AgendaHOF-bvieputxojihcqchgwytombtvhqx/SourcePackages/checkouts/supabase-swift
    /Applications/Xcode.app/Contents/Developer/Toolchains/XcodeDefault.xctoolchain/usr/bin/appintentsmetadataprocessor --toolchain-dir /Applications/Xcode.app/Contents/Developer/Toolchains/XcodeDefault.xctoolchain --module-name Storage --sdk-root /Applications/Xcode.app/Contents/Developer/Platforms/iPhoneSimulator.platform/Developer/SDKs/iPhoneSimulator26.2.sdk --xcode-version 17C52 --platform-family iOS --deployment-target 13.0 --bundle-identifier supabase-swift.Storage --output /Users/nicolas/Library/Developer/Xcode/DerivedData/AgendaHOF-bvieputxojihcqchgwytombtvhqx/Build/Products/Debug-iphonesimulator/Storage.appintents --target-triple arm64-apple-ios13.0-simulator --binary-file /Users/nicolas/Library/Developer/Xcode/DerivedData/AgendaHOF-bvieputxojihcqchgwytombtvhqx/Build/Products/Debug-iphonesimulator/Storage.o --dependency-file /Users/nicolas/Library/Developer/Xcode/DerivedData/AgendaHOF-bvieputxojihcqchgwytombtvhqx/Build/Intermediates.noindex/Supabase.build/Debug-iphonesimulator/Storage.build/Objects-normal/arm64/Storage_dependency_info.dat --stringsdata-file /Users/nicolas/Library/Developer/Xcode/DerivedData/AgendaHOF-bvieputxojihcqchgwytombtvhqx/Build/Intermediates.noindex/Supabase.build/Debug-iphonesimulator/Storage.build/Objects-normal/arm64/ExtractedAppShortcutsMetadata.stringsdata --source-file-list /Users/nicolas/Library/Developer/Xcode/DerivedData/AgendaHOF-bvieputxojihcqchgwytombtvhqx/Build/Intermediates.noindex/Supabase.build/Debug-iphonesimulator/Storage.build/Objects-normal/arm64/Storage.SwiftFileList --metadata-file-list /Users/nicolas/Library/Developer/Xcode/DerivedData/AgendaHOF-bvieputxojihcqchgwytombtvhqx/Build/Intermediates.noindex/Supabase.build/Debug-iphonesimulator/Storage.build/Storage.DependencyMetadataFileList --static-metadata-file-list /Users/nicolas/Library/Developer/Xcode/DerivedData/AgendaHOF-bvieputxojihcqchgwytombtvhqx/Build/Intermediates.noindex/Supabase.build/Debug-iphonesimulator/Storage.build/Storage.DependencyStaticMetadataFileList --swift-const-vals-list /Users/nicolas/Library/Developer/Xcode/DerivedData/AgendaHOF-bvieputxojihcqchgwytombtvhqx/Build/Intermediates.noindex/Supabase.build/Debug-iphonesimulator/Storage.build/Objects-normal/arm64/Storage.SwiftConstValuesFileList --force --compile-time-extraction --deployment-aware-processing --validate-assistant-intents --no-app-shortcuts-localization
2026-01-03 23:43:42.428 appintentsmetadataprocessor[19371:184681] Starting appintentsmetadataprocessor export
2026-01-03 23:43:42.571 appintentsmetadataprocessor[19371:184681] Extracted no relevant App Intents symbols, skipping writing output

ExtractAppIntentsMetadata (in target 'Functions' from project 'Supabase')
    cd /Users/nicolas/Library/Developer/Xcode/DerivedData/AgendaHOF-bvieputxojihcqchgwytombtvhqx/SourcePackages/checkouts/supabase-swift
    /Applications/Xcode.app/Contents/Developer/Toolchains/XcodeDefault.xctoolchain/usr/bin/appintentsmetadataprocessor --toolchain-dir /Applications/Xcode.app/Contents/Developer/Toolchains/XcodeDefault.xctoolchain --module-name Functions --sdk-root /Applications/Xcode.app/Contents/Developer/Platforms/iPhoneSimulator.platform/Developer/SDKs/iPhoneSimulator26.2.sdk --xcode-version 17C52 --platform-family iOS --deployment-target 13.0 --bundle-identifier supabase-swift.Functions --output /Users/nicolas/Library/Developer/Xcode/DerivedData/AgendaHOF-bvieputxojihcqchgwytombtvhqx/Build/Products/Debug-iphonesimulator/Functions.appintents --target-triple arm64-apple-ios13.0-simulator --binary-file /Users/nicolas/Library/Developer/Xcode/DerivedData/AgendaHOF-bvieputxojihcqchgwytombtvhqx/Build/Products/Debug-iphonesimulator/Functions.o --dependency-file /Users/nicolas/Library/Developer/Xcode/DerivedData/AgendaHOF-bvieputxojihcqchgwytombtvhqx/Build/Intermediates.noindex/Supabase.build/Debug-iphonesimulator/Functions.build/Objects-normal/arm64/Functions_dependency_info.dat --stringsdata-file /Users/nicolas/Library/Developer/Xcode/DerivedData/AgendaHOF-bvieputxojihcqchgwytombtvhqx/Build/Intermediates.noindex/Supabase.build/Debug-iphonesimulator/Functions.build/Objects-normal/arm64/ExtractedAppShortcutsMetadata.stringsdata --source-file-list /Users/nicolas/Library/Developer/Xcode/DerivedData/AgendaHOF-bvieputxojihcqchgwytombtvhqx/Build/Intermediates.noindex/Supabase.build/Debug-iphonesimulator/Functions.build/Objects-normal/arm64/Functions.SwiftFileList --metadata-file-list /Users/nicolas/Library/Developer/Xcode/DerivedData/AgendaHOF-bvieputxojihcqchgwytombtvhqx/Build/Intermediates.noindex/Supabase.build/Debug-iphonesimulator/Functions.build/Functions.DependencyMetadataFileList --static-metadata-file-list /Users/nicolas/Library/Developer/Xcode/DerivedData/AgendaHOF-bvieputxojihcqchgwytombtvhqx/Build/Intermediates.noindex/Supabase.build/Debug-iphonesimulator/Functions.build/Functions.DependencyStaticMetadataFileList --swift-const-vals-list /Users/nicolas/Library/Developer/Xcode/DerivedData/AgendaHOF-bvieputxojihcqchgwytombtvhqx/Build/Intermediates.noindex/Supabase.build/Debug-iphonesimulator/Functions.build/Objects-normal/arm64/Functions.SwiftConstValuesFileList --force --compile-time-extraction --deployment-aware-processing --validate-assistant-intents --no-app-shortcuts-localization
2026-01-03 23:43:42.442 appintentsmetadataprocessor[19372:184691] Starting appintentsmetadataprocessor export
2026-01-03 23:43:42.554 appintentsmetadataprocessor[19372:184691] Extracted no relevant App Intents symbols, skipping writing output

SwiftDriverJobDiscovery normal arm64 Compiling SessionManager.swift, SessionStorage.swift, URLOpener.swift (in target 'Auth' from project 'Supabase')

RegisterExecutionPolicyException /Users/nicolas/Library/Developer/Xcode/DerivedData/AgendaHOF-bvieputxojihcqchgwytombtvhqx/Build/Products/Debug-iphonesimulator/PostgREST.o (in target 'PostgREST' from project 'Supabase')
    cd /Users/nicolas/Library/Developer/Xcode/DerivedData/AgendaHOF-bvieputxojihcqchgwytombtvhqx/SourcePackages/checkouts/supabase-swift
    builtin-RegisterExecutionPolicyException /Users/nicolas/Library/Developer/Xcode/DerivedData/AgendaHOF-bvieputxojihcqchgwytombtvhqx/Build/Products/Debug-iphonesimulator/PostgREST.o

RegisterExecutionPolicyException /Users/nicolas/Library/Developer/Xcode/DerivedData/AgendaHOF-bvieputxojihcqchgwytombtvhqx/Build/Products/Debug-iphonesimulator/Functions.o (in target 'Functions' from project 'Supabase')
    cd /Users/nicolas/Library/Developer/Xcode/DerivedData/AgendaHOF-bvieputxojihcqchgwytombtvhqx/SourcePackages/checkouts/supabase-swift
    builtin-RegisterExecutionPolicyException /Users/nicolas/Library/Developer/Xcode/DerivedData/AgendaHOF-bvieputxojihcqchgwytombtvhqx/Build/Products/Debug-iphonesimulator/Functions.o

SwiftDriverJobDiscovery normal arm64 Compiling AuthStateChangeListener.swift, Defaults.swift, Deprecated.swift (in target 'Auth' from project 'Supabase')

RegisterExecutionPolicyException /Users/nicolas/Library/Developer/Xcode/DerivedData/AgendaHOF-bvieputxojihcqchgwytombtvhqx/Build/Products/Debug-iphonesimulator/Storage.o (in target 'Storage' from project 'Supabase')
    cd /Users/nicolas/Library/Developer/Xcode/DerivedData/AgendaHOF-bvieputxojihcqchgwytombtvhqx/SourcePackages/checkouts/supabase-swift
    builtin-RegisterExecutionPolicyException /Users/nicolas/Library/Developer/Xcode/DerivedData/AgendaHOF-bvieputxojihcqchgwytombtvhqx/Build/Products/Debug-iphonesimulator/Storage.o

SwiftCompile normal arm64 Compiling\ SupabaseClient.swift /Users/nicolas/Library/Developer/Xcode/DerivedData/AgendaHOF-bvieputxojihcqchgwytombtvhqx/SourcePackages/checkouts/supabase-swift/Sources/Supabase/SupabaseClient.swift (in target 'Supabase' from project 'Supabase')

SwiftCompile normal arm64 /Users/nicolas/Library/Developer/Xcode/DerivedData/AgendaHOF-bvieputxojihcqchgwytombtvhqx/SourcePackages/checkouts/supabase-swift/Sources/Supabase/SupabaseClient.swift (in target 'Supabase' from project 'Supabase')
    cd /Users/nicolas/Documents/aplicativos-sites/AgendaHOF-iOS/AgendaHOF.xcodeproj
    

SwiftEmitModule normal arm64 Emitting\ module\ for\ Supabase (in target 'Supabase' from project 'Supabase')

EmitSwiftModule normal arm64 (in target 'Supabase' from project 'Supabase')
    cd /Users/nicolas/Documents/aplicativos-sites/AgendaHOF-iOS/AgendaHOF.xcodeproj
    

SwiftCompile normal arm64 Compiling\ Types.swift /Users/nicolas/Library/Developer/Xcode/DerivedData/AgendaHOF-bvieputxojihcqchgwytombtvhqx/SourcePackages/checkouts/supabase-swift/Sources/Supabase/Types.swift (in target 'Supabase' from project 'Supabase')

SwiftCompile normal arm64 /Users/nicolas/Library/Developer/Xcode/DerivedData/AgendaHOF-bvieputxojihcqchgwytombtvhqx/SourcePackages/checkouts/supabase-swift/Sources/Supabase/Types.swift (in target 'Supabase' from project 'Supabase')
    cd /Users/nicolas/Documents/aplicativos-sites/AgendaHOF-iOS/AgendaHOF.xcodeproj
    

SwiftCompile normal arm64 Compiling\ Deprecated.swift /Users/nicolas/Library/Developer/Xcode/DerivedData/AgendaHOF-bvieputxojihcqchgwytombtvhqx/SourcePackages/checkouts/supabase-swift/Sources/Supabase/Deprecated.swift (in target 'Supabase' from project 'Supabase')

SwiftCompile normal arm64 /Users/nicolas/Library/Developer/Xcode/DerivedData/AgendaHOF-bvieputxojihcqchgwytombtvhqx/SourcePackages/checkouts/supabase-swift/Sources/Supabase/Deprecated.swift (in target 'Supabase' from project 'Supabase')
    cd /Users/nicolas/Documents/aplicativos-sites/AgendaHOF-iOS/AgendaHOF.xcodeproj
    

SwiftCompile normal arm64 Compiling\ Exports.swift /Users/nicolas/Library/Developer/Xcode/DerivedData/AgendaHOF-bvieputxojihcqchgwytombtvhqx/SourcePackages/checkouts/supabase-swift/Sources/Supabase/Exports.swift (in target 'Supabase' from project 'Supabase')

SwiftCompile normal arm64 /Users/nicolas/Library/Developer/Xcode/DerivedData/AgendaHOF-bvieputxojihcqchgwytombtvhqx/SourcePackages/checkouts/supabase-swift/Sources/Supabase/Exports.swift (in target 'Supabase' from project 'Supabase')
    cd /Users/nicolas/Documents/aplicativos-sites/AgendaHOF-iOS/AgendaHOF.xcodeproj
    

SwiftCompile normal arm64 Compiling\ Constants.swift /Users/nicolas/Library/Developer/Xcode/DerivedData/AgendaHOF-bvieputxojihcqchgwytombtvhqx/SourcePackages/checkouts/supabase-swift/Sources/Supabase/Constants.swift (in target 'Supabase' from project 'Supabase')

SwiftCompile normal arm64 /Users/nicolas/Library/Developer/Xcode/DerivedData/AgendaHOF-bvieputxojihcqchgwytombtvhqx/SourcePackages/checkouts/supabase-swift/Sources/Supabase/Constants.swift (in target 'Supabase' from project 'Supabase')
    cd /Users/nicolas/Documents/aplicativos-sites/AgendaHOF-iOS/AgendaHOF.xcodeproj
    

SwiftDriverJobDiscovery normal arm64 Compiling Exports.swift (in target 'Supabase' from project 'Supabase')

SwiftDriverJobDiscovery normal arm64 Compiling Deprecated.swift (in target 'Supabase' from project 'Supabase')

SwiftDriverJobDiscovery normal arm64 Emitting module for Supabase (in target 'Supabase' from project 'Supabase')

SwiftDriver\ Compilation\ Requirements Supabase normal arm64 com.apple.xcode.tools.swift.compiler (in target 'Supabase' from project 'Supabase')
    cd /Users/nicolas/Documents/aplicativos-sites/AgendaHOF-iOS/AgendaHOF.xcodeproj
    builtin-Swift-Compilation-Requirements -- /Applications/Xcode.app/Contents/Developer/Toolchains/XcodeDefault.xctoolchain/usr/bin/swiftc -module-name Supabase -Onone -enforce-exclusivity\=checked @/Users/nicolas/Library/Developer/Xcode/DerivedData/AgendaHOF-bvieputxojihcqchgwytombtvhqx/Build/Intermediates.noindex/Supabase.build/Debug-iphonesimulator/Supabase.build/Objects-normal/arm64/Supabase.SwiftFileList -DSWIFT_PACKAGE -DDEBUG -DSWIFT_MODULE_RESOURCE_BUNDLE_UNAVAILABLE -DXcode -enable-upcoming-feature ExistentialAny -enable-experimental-feature StrictConcurrency -plugin-path /Applications/Xcode.app/Contents/Developer/Toolchains/XcodeDefault.xctoolchain/usr/lib/swift/host/plugins/testing -enable-experimental-feature DebugDescriptionMacro -sdk /Applications/Xcode.app/Contents/Developer/Platforms/iPhoneSimulator.platform/Developer/SDKs/iPhoneSimulator26.2.sdk -target arm64-apple-ios13.0-simulator -g -module-cache-path /Users/nicolas/Library/Developer/Xcode/DerivedData/ModuleCache.noindex -Xfrontend -serialize-debugging-options -profile-coverage-mapping -profile-generate -enable-testing -suppress-warnings -index-store-path /Users/nicolas/Library/Developer/Xcode/DerivedData/AgendaHOF-bvieputxojihcqchgwytombtvhqx/Index.noindex/DataStore -Xcc -D_LIBCPP_HARDENING_MODE\=_LIBCPP_HARDENING_MODE_DEBUG -swift-version 5 -I /Users/nicolas/Library/Developer/Xcode/DerivedData/AgendaHOF-bvieputxojihcqchgwytombtvhqx/Build/Products/Debug-iphonesimulator -Isystem /Applications/Xcode.app/Contents/Developer/Platforms/iPhoneSimulator.platform/Developer/usr/lib -F /Users/nicolas/Library/Developer/Xcode/DerivedData/AgendaHOF-bvieputxojihcqchgwytombtvhqx/Build/Products/Debug-iphonesimulator/PackageFrameworks -F /Users/nicolas/Library/Developer/Xcode/DerivedData/AgendaHOF-bvieputxojihcqchgwytombtvhqx/Build/Products/Debug-iphonesimulator/PackageFrameworks -F /Users/nicolas/Library/Developer/Xcode/DerivedData/AgendaHOF-bvieputxojihcqchgwytombtvhqx/Build/Products/Debug-iphonesimulator/PackageFrameworks -F /Users/nicolas/Library/Developer/Xcode/DerivedData/AgendaHOF-bvieputxojihcqchgwytombtvhqx/Build/Products/Debug-iphonesimulator/PackageFrameworks -F /Users/nicolas/Library/Developer/Xcode/DerivedData/AgendaHOF-bvieputxojihcqchgwytombtvhqx/Build/Products/Debug-iphonesimulator/PackageFrameworks -F /Users/nicolas/Library/Developer/Xcode/DerivedData/AgendaHOF-bvieputxojihcqchgwytombtvhqx/Build/Products/Debug-iphonesimulator/PackageFrameworks -F /Users/nicolas/Library/Developer/Xcode/DerivedData/AgendaHOF-bvieputxojihcqchgwytombtvhqx/Build/Products/Debug-iphonesimulator/PackageFrameworks -F /Users/nicolas/Library/Developer/Xcode/DerivedData/AgendaHOF-bvieputxojihcqchgwytombtvhqx/Build/Products/Debug-iphonesimulator/PackageFrameworks -F /Users/nicolas/Library/Developer/Xcode/DerivedData/AgendaHOF-bvieputxojihcqchgwytombtvhqx/Build/Products/Debug-iphonesimulator/PackageFrameworks -F /Users/nicolas/Library/Developer/Xcode/DerivedData/AgendaHOF-bvieputxojihcqchgwytombtvhqx/Build/Products/Debug-iphonesimulator/PackageFrameworks -F /Users/nicolas/Library/Developer/Xcode/DerivedData/AgendaHOF-bvieputxojihcqchgwytombtvhqx/Build/Products/Debug-iphonesimulator/PackageFrameworks -F /Users/nicolas/Library/Developer/Xcode/DerivedData/AgendaHOF-bvieputxojihcqchgwytombtvhqx/Build/Products/Debug-iphonesimulator/PackageFrameworks -F /Users/nicolas/Library/Developer/Xcode/DerivedData/AgendaHOF-bvieputxojihcqchgwytombtvhqx/Build/Products/Debug-iphonesimulator/PackageFrameworks -F /Users/nicolas/Library/Developer/Xcode/DerivedData/AgendaHOF-bvieputxojihcqchgwytombtvhqx/Build/Products/Debug-iphonesimulator -F /Applications/Xcode.app/Contents/Developer/Platforms/iPhoneSimulator.platform/Developer/Library/Frameworks -F /Applications/Xcode.app/Contents/Developer/Platforms/iPhoneSimulator.platform/Developer/SDKs/iPhoneSimulator26.2.sdk/Developer/Library/Frameworks -c -j10 -enable-batch-mode -incremental -Xcc -ivfsstatcache -Xcc /Users/nicolas/Library/Developer/Xcode/DerivedData/SDKStatCaches.noindex/iphonesimulator26.2-23C53-7d00a8b37fbd7999ea79df8ebc024bf0.sdkstatcache -output-file-map /Users/nicolas/Library/Developer/Xcode/DerivedData/AgendaHOF-bvieputxojihcqchgwytombtvhqx/Build/Intermediates.noindex/Supabase.build/Debug-iphonesimulator/Supabase.build/Objects-normal/arm64/Supabase-OutputFileMap.json -use-frontend-parseable-output -save-temps -no-color-diagnostics -explicit-module-build -module-cache-path /Users/nicolas/Library/Developer/Xcode/DerivedData/AgendaHOF-bvieputxojihcqchgwytombtvhqx/Build/Intermediates.noindex/SwiftExplicitPrecompiledModules -clang-scanner-module-cache-path /Users/nicolas/Library/Developer/Xcode/DerivedData/ModuleCache.noindex -sdk-module-cache-path /Users/nicolas/Library/Developer/Xcode/DerivedData/ModuleCache.noindex -serialize-diagnostics -emit-dependencies -emit-module -emit-module-path /Users/nicolas/Library/Developer/Xcode/DerivedData/AgendaHOF-bvieputxojihcqchgwytombtvhqx/Build/Intermediates.noindex/Supabase.build/Debug-iphonesimulator/Supabase.build/Objects-normal/arm64/Supabase.swiftmodule -validate-clang-modules-once -clang-build-session-file /Users/nicolas/Library/Developer/Xcode/DerivedData/ModuleCache.noindex/Session.modulevalidation -package-name supabase_swift -Xcc -I/Users/nicolas/Library/Developer/Xcode/DerivedData/AgendaHOF-bvieputxojihcqchgwytombtvhqx/Build/Intermediates.noindex/Supabase.build/Debug-iphonesimulator/Supabase.build/swift-overrides.hmap -emit-const-values -Xfrontend -const-gather-protocols-file -Xfrontend /Users/nicolas/Library/Developer/Xcode/DerivedData/AgendaHOF-bvieputxojihcqchgwytombtvhqx/Build/Intermediates.noindex/Supabase.build/Debug-iphonesimulator/Supabase.build/Objects-normal/arm64/Supabase_const_extract_protocols.json -Xcc -I/Users/nicolas/Library/Developer/Xcode/DerivedData/AgendaHOF-bvieputxojihcqchgwytombtvhqx/Build/Products/Debug-iphonesimulator/include -Xcc -I/Users/nicolas/Library/Developer/Xcode/DerivedData/AgendaHOF-bvieputxojihcqchgwytombtvhqx/Build/Intermediates.noindex/Supabase.build/Debug-iphonesimulator/Supabase.build/DerivedSources-normal/arm64 -Xcc -I/Users/nicolas/Library/Developer/Xcode/DerivedData/AgendaHOF-bvieputxojihcqchgwytombtvhqx/Build/Intermediates.noindex/Supabase.build/Debug-iphonesimulator/Supabase.build/DerivedSources/arm64 -Xcc -I/Users/nicolas/Library/Developer/Xcode/DerivedData/AgendaHOF-bvieputxojihcqchgwytombtvhqx/Build/Intermediates.noindex/Supabase.build/Debug-iphonesimulator/Supabase.build/DerivedSources -Xcc -DSWIFT_PACKAGE -Xcc -DDEBUG\=1 -emit-objc-header -emit-objc-header-path /Users/nicolas/Library/Developer/Xcode/DerivedData/AgendaHOF-bvieputxojihcqchgwytombtvhqx/Build/Intermediates.noindex/Supabase.build/Debug-iphonesimulator/Supabase.build/Objects-normal/arm64/Supabase-Swift.h -working-directory /Users/nicolas/Documents/aplicativos-sites/AgendaHOF-iOS/AgendaHOF.xcodeproj -experimental-emit-module-separately -disable-cmo

SwiftMergeGeneratedHeaders /Users/nicolas/Library/Developer/Xcode/DerivedData/AgendaHOF-bvieputxojihcqchgwytombtvhqx/Build/Intermediates.noindex/GeneratedModuleMaps-iphonesimulator/Supabase-Swift.h /Users/nicolas/Library/Developer/Xcode/DerivedData/AgendaHOF-bvieputxojihcqchgwytombtvhqx/Build/Intermediates.noindex/Supabase.build/Debug-iphonesimulator/Supabase.build/Objects-normal/arm64/Supabase-Swift.h (in target 'Supabase' from project 'Supabase')
    cd /Users/nicolas/Library/Developer/Xcode/DerivedData/AgendaHOF-bvieputxojihcqchgwytombtvhqx/SourcePackages/checkouts/supabase-swift
    builtin-swiftHeaderTool -arch arm64 /Users/nicolas/Library/Developer/Xcode/DerivedData/AgendaHOF-bvieputxojihcqchgwytombtvhqx/Build/Intermediates.noindex/Supabase.build/Debug-iphonesimulator/Supabase.build/Objects-normal/arm64/Supabase-Swift.h -o /Users/nicolas/Library/Developer/Xcode/DerivedData/AgendaHOF-bvieputxojihcqchgwytombtvhqx/Build/Intermediates.noindex/GeneratedModuleMaps-iphonesimulator/Supabase-Swift.h

Copy /Users/nicolas/Library/Developer/Xcode/DerivedData/AgendaHOF-bvieputxojihcqchgwytombtvhqx/Build/Products/Debug-iphonesimulator/Supabase.swiftmodule/arm64-apple-ios-simulator.swiftdoc /Users/nicolas/Library/Developer/Xcode/DerivedData/AgendaHOF-bvieputxojihcqchgwytombtvhqx/Build/Intermediates.noindex/Supabase.build/Debug-iphonesimulator/Supabase.build/Objects-normal/arm64/Supabase.swiftdoc (in target 'Supabase' from project 'Supabase')
    cd /Users/nicolas/Library/Developer/Xcode/DerivedData/AgendaHOF-bvieputxojihcqchgwytombtvhqx/SourcePackages/checkouts/supabase-swift
    builtin-copy -exclude .DS_Store -exclude CVS -exclude .svn -exclude .git -exclude .hg -resolve-src-symlinks -rename /Users/nicolas/Library/Developer/Xcode/DerivedData/AgendaHOF-bvieputxojihcqchgwytombtvhqx/Build/Intermediates.noindex/Supabase.build/Debug-iphonesimulator/Supabase.build/Objects-normal/arm64/Supabase.swiftdoc /Users/nicolas/Library/Developer/Xcode/DerivedData/AgendaHOF-bvieputxojihcqchgwytombtvhqx/Build/Products/Debug-iphonesimulator/Supabase.swiftmodule/arm64-apple-ios-simulator.swiftdoc

Copy /Users/nicolas/Library/Developer/Xcode/DerivedData/AgendaHOF-bvieputxojihcqchgwytombtvhqx/Build/Products/Debug-iphonesimulator/Supabase.swiftmodule/arm64-apple-ios-simulator.swiftmodule /Users/nicolas/Library/Developer/Xcode/DerivedData/AgendaHOF-bvieputxojihcqchgwytombtvhqx/Build/Intermediates.noindex/Supabase.build/Debug-iphonesimulator/Supabase.build/Objects-normal/arm64/Supabase.swiftmodule (in target 'Supabase' from project 'Supabase')
    cd /Users/nicolas/Library/Developer/Xcode/DerivedData/AgendaHOF-bvieputxojihcqchgwytombtvhqx/SourcePackages/checkouts/supabase-swift
    builtin-copy -exclude .DS_Store -exclude CVS -exclude .svn -exclude .git -exclude .hg -resolve-src-symlinks -rename /Users/nicolas/Library/Developer/Xcode/DerivedData/AgendaHOF-bvieputxojihcqchgwytombtvhqx/Build/Intermediates.noindex/Supabase.build/Debug-iphonesimulator/Supabase.build/Objects-normal/arm64/Supabase.swiftmodule /Users/nicolas/Library/Developer/Xcode/DerivedData/AgendaHOF-bvieputxojihcqchgwytombtvhqx/Build/Products/Debug-iphonesimulator/Supabase.swiftmodule/arm64-apple-ios-simulator.swiftmodule

Copy /Users/nicolas/Library/Developer/Xcode/DerivedData/AgendaHOF-bvieputxojihcqchgwytombtvhqx/Build/Products/Debug-iphonesimulator/Supabase.swiftmodule/arm64-apple-ios-simulator.abi.json /Users/nicolas/Library/Developer/Xcode/DerivedData/AgendaHOF-bvieputxojihcqchgwytombtvhqx/Build/Intermediates.noindex/Supabase.build/Debug-iphonesimulator/Supabase.build/Objects-normal/arm64/Supabase.abi.json (in target 'Supabase' from project 'Supabase')
    cd /Users/nicolas/Library/Developer/Xcode/DerivedData/AgendaHOF-bvieputxojihcqchgwytombtvhqx/SourcePackages/checkouts/supabase-swift
    builtin-copy -exclude .DS_Store -exclude CVS -exclude .svn -exclude .git -exclude .hg -resolve-src-symlinks -rename /Users/nicolas/Library/Developer/Xcode/DerivedData/AgendaHOF-bvieputxojihcqchgwytombtvhqx/Build/Intermediates.noindex/Supabase.build/Debug-iphonesimulator/Supabase.build/Objects-normal/arm64/Supabase.abi.json /Users/nicolas/Library/Developer/Xcode/DerivedData/AgendaHOF-bvieputxojihcqchgwytombtvhqx/Build/Products/Debug-iphonesimulator/Supabase.swiftmodule/arm64-apple-ios-simulator.abi.json

Copy /Users/nicolas/Library/Developer/Xcode/DerivedData/AgendaHOF-bvieputxojihcqchgwytombtvhqx/Build/Products/Debug-iphonesimulator/Supabase.swiftmodule/Project/arm64-apple-ios-simulator.swiftsourceinfo /Users/nicolas/Library/Developer/Xcode/DerivedData/AgendaHOF-bvieputxojihcqchgwytombtvhqx/Build/Intermediates.noindex/Supabase.build/Debug-iphonesimulator/Supabase.build/Objects-normal/arm64/Supabase.swiftsourceinfo (in target 'Supabase' from project 'Supabase')
    cd /Users/nicolas/Library/Developer/Xcode/DerivedData/AgendaHOF-bvieputxojihcqchgwytombtvhqx/SourcePackages/checkouts/supabase-swift
    builtin-copy -exclude .DS_Store -exclude CVS -exclude .svn -exclude .git -exclude .hg -resolve-src-symlinks -rename /Users/nicolas/Library/Developer/Xcode/DerivedData/AgendaHOF-bvieputxojihcqchgwytombtvhqx/Build/Intermediates.noindex/Supabase.build/Debug-iphonesimulator/Supabase.build/Objects-normal/arm64/Supabase.swiftsourceinfo /Users/nicolas/Library/Developer/Xcode/DerivedData/AgendaHOF-bvieputxojihcqchgwytombtvhqx/Build/Products/Debug-iphonesimulator/Supabase.swiftmodule/Project/arm64-apple-ios-simulator.swiftsourceinfo

SwiftDriverJobDiscovery normal arm64 Compiling Constants.swift (in target 'Supabase' from project 'Supabase')

ProcessProductPackaging /Users/nicolas/Documents/aplicativos-sites/AgendaHOF-iOS/AgendaHOF.entitlements /Users/nicolas/Library/Developer/Xcode/DerivedData/AgendaHOF-bvieputxojihcqchgwytombtvhqx/Build/Intermediates.noindex/AgendaHOF.build/Debug-iphonesimulator/AgendaHOF.build/AgendaHOF.app.xcent (in target 'AgendaHOF' from project 'AgendaHOF')
    cd /Users/nicolas/Documents/aplicativos-sites/AgendaHOF-iOS
    
    Entitlements:
    
    {
}
    
    builtin-productPackagingUtility /Users/nicolas/Documents/aplicativos-sites/AgendaHOF-iOS/AgendaHOF.entitlements -entitlements -format xml -o /Users/nicolas/Library/Developer/Xcode/DerivedData/AgendaHOF-bvieputxojihcqchgwytombtvhqx/Build/Intermediates.noindex/AgendaHOF.build/Debug-iphonesimulator/AgendaHOF.build/AgendaHOF.app.xcent

ProcessProductPackaging /Users/nicolas/Documents/aplicativos-sites/AgendaHOF-iOS/AgendaHOF.entitlements /Users/nicolas/Library/Developer/Xcode/DerivedData/AgendaHOF-bvieputxojihcqchgwytombtvhqx/Build/Intermediates.noindex/AgendaHOF.build/Debug-iphonesimulator/AgendaHOF.build/AgendaHOF.app-Simulated.xcent (in target 'AgendaHOF' from project 'AgendaHOF')
    cd /Users/nicolas/Documents/aplicativos-sites/AgendaHOF-iOS
    
    Entitlements:
    
    {
    "application-identifier" = "J5YU2V26FV.com.agendahof.swift";
    "com.apple.developer.associated-domains" =     (
        "applinks:agendahof.com"
    );
    "com.apple.security.application-groups" =     (
        "group.com.agendahof.shared"
    );
}
    
    builtin-productPackagingUtility /Users/nicolas/Documents/aplicativos-sites/AgendaHOF-iOS/AgendaHOF.entitlements -entitlements -format xml -o /Users/nicolas/Library/Developer/Xcode/DerivedData/AgendaHOF-bvieputxojihcqchgwytombtvhqx/Build/Intermediates.noindex/AgendaHOF.build/Debug-iphonesimulator/AgendaHOF.build/AgendaHOF.app-Simulated.xcent

ProcessProductPackagingDER /Users/nicolas/Library/Developer/Xcode/DerivedData/AgendaHOF-bvieputxojihcqchgwytombtvhqx/Build/Intermediates.noindex/AgendaHOF.build/Debug-iphonesimulator/AgendaHOF.build/AgendaHOF.app.xcent /Users/nicolas/Library/Developer/Xcode/DerivedData/AgendaHOF-bvieputxojihcqchgwytombtvhqx/Build/Intermediates.noindex/AgendaHOF.build/Debug-iphonesimulator/AgendaHOF.build/AgendaHOF.app.xcent.der (in target 'AgendaHOF' from project 'AgendaHOF')
    cd /Users/nicolas/Documents/aplicativos-sites/AgendaHOF-iOS
    /usr/bin/derq query -f xml -i /Users/nicolas/Library/Developer/Xcode/DerivedData/AgendaHOF-bvieputxojihcqchgwytombtvhqx/Build/Intermediates.noindex/AgendaHOF.build/Debug-iphonesimulator/AgendaHOF.build/AgendaHOF.app.xcent -o /Users/nicolas/Library/Developer/Xcode/DerivedData/AgendaHOF-bvieputxojihcqchgwytombtvhqx/Build/Intermediates.noindex/AgendaHOF.build/Debug-iphonesimulator/AgendaHOF.build/AgendaHOF.app.xcent.der --raw

ProcessProductPackagingDER /Users/nicolas/Library/Developer/Xcode/DerivedData/AgendaHOF-bvieputxojihcqchgwytombtvhqx/Build/Intermediates.noindex/AgendaHOF.build/Debug-iphonesimulator/AgendaHOF.build/AgendaHOF.app-Simulated.xcent /Users/nicolas/Library/Developer/Xcode/DerivedData/AgendaHOF-bvieputxojihcqchgwytombtvhqx/Build/Intermediates.noindex/AgendaHOF.build/Debug-iphonesimulator/AgendaHOF.build/AgendaHOF.app-Simulated.xcent.der (in target 'AgendaHOF' from project 'AgendaHOF')
    cd /Users/nicolas/Documents/aplicativos-sites/AgendaHOF-iOS
    /usr/bin/derq query -f xml -i /Users/nicolas/Library/Developer/Xcode/DerivedData/AgendaHOF-bvieputxojihcqchgwytombtvhqx/Build/Intermediates.noindex/AgendaHOF.build/Debug-iphonesimulator/AgendaHOF.build/AgendaHOF.app-Simulated.xcent -o /Users/nicolas/Library/Developer/Xcode/DerivedData/AgendaHOF-bvieputxojihcqchgwytombtvhqx/Build/Intermediates.noindex/AgendaHOF.build/Debug-iphonesimulator/AgendaHOF.build/AgendaHOF.app-Simulated.xcent.der --raw

GenerateAssetSymbols /Users/nicolas/Documents/aplicativos-sites/AgendaHOF-iOS/Assets.xcassets (in target 'AgendaHOF' from project 'AgendaHOF')
    cd /Users/nicolas/Documents/aplicativos-sites/AgendaHOF-iOS
    /Applications/Xcode.app/Contents/Developer/usr/bin/actool /Users/nicolas/Documents/aplicativos-sites/AgendaHOF-iOS/Assets.xcassets --compile /Users/nicolas/Library/Developer/Xcode/DerivedData/AgendaHOF-bvieputxojihcqchgwytombtvhqx/Build/Products/Debug-iphonesimulator/AgendaHOF.app --output-format human-readable-text --notices --warnings --export-dependency-info /Users/nicolas/Library/Developer/Xcode/DerivedData/AgendaHOF-bvieputxojihcqchgwytombtvhqx/Build/Intermediates.noindex/AgendaHOF.build/Debug-iphonesimulator/AgendaHOF.build/assetcatalog_dependencies --output-partial-info-plist /Users/nicolas/Library/Developer/Xcode/DerivedData/AgendaHOF-bvieputxojihcqchgwytombtvhqx/Build/Intermediates.noindex/AgendaHOF.build/Debug-iphonesimulator/AgendaHOF.build/assetcatalog_generated_info.plist --app-icon AppIcon --accent-color AccentColor --compress-pngs --enable-on-demand-resources YES --development-region en --target-device iphone --target-device ipad --minimum-deployment-target 17.0 --platform iphonesimulator --bundle-identifier com.agendahof.swift --generate-swift-asset-symbol-extensions NO --generate-swift-asset-symbols /Users/nicolas/Library/Developer/Xcode/DerivedData/AgendaHOF-bvieputxojihcqchgwytombtvhqx/Build/Intermediates.noindex/AgendaHOF.build/Debug-iphonesimulator/AgendaHOF.build/DerivedSources/GeneratedAssetSymbols.swift --generate-objc-asset-symbols /Users/nicolas/Library/Developer/Xcode/DerivedData/AgendaHOF-bvieputxojihcqchgwytombtvhqx/Build/Intermediates.noindex/AgendaHOF.build/Debug-iphonesimulator/AgendaHOF.build/DerivedSources/GeneratedAssetSymbols.h --generate-asset-symbol-index /Users/nicolas/Library/Developer/Xcode/DerivedData/AgendaHOF-bvieputxojihcqchgwytombtvhqx/Build/Intermediates.noindex/AgendaHOF.build/Debug-iphonesimulator/AgendaHOF.build/DerivedSources/GeneratedAssetSymbols-Index.plist
/* com.apple.actool.compilation-results */
/Users/nicolas/Library/Developer/Xcode/DerivedData/AgendaHOF-bvieputxojihcqchgwytombtvhqx/Build/Intermediates.noindex/AgendaHOF.build/Debug-iphonesimulator/AgendaHOF.build/DerivedSources/GeneratedAssetSymbols-Index.plist
/Users/nicolas/Library/Developer/Xcode/DerivedData/AgendaHOF-bvieputxojihcqchgwytombtvhqx/Build/Intermediates.noindex/AgendaHOF.build/Debug-iphonesimulator/AgendaHOF.build/DerivedSources/GeneratedAssetSymbols.h
/Users/nicolas/Library/Developer/Xcode/DerivedData/AgendaHOF-bvieputxojihcqchgwytombtvhqx/Build/Intermediates.noindex/AgendaHOF.build/Debug-iphonesimulator/AgendaHOF.build/DerivedSources/GeneratedAssetSymbols.swift


MkDir /Users/nicolas/Library/Developer/Xcode/DerivedData/AgendaHOF-bvieputxojihcqchgwytombtvhqx/Build/Intermediates.noindex/AgendaHOF.build/Debug-iphonesimulator/AgendaHOF.build/assetcatalog_output/unthinned (in target 'AgendaHOF' from project 'AgendaHOF')
    cd /Users/nicolas/Documents/aplicativos-sites/AgendaHOF-iOS
    /bin/mkdir -p /Users/nicolas/Library/Developer/Xcode/DerivedData/AgendaHOF-bvieputxojihcqchgwytombtvhqx/Build/Intermediates.noindex/AgendaHOF.build/Debug-iphonesimulator/AgendaHOF.build/assetcatalog_output/unthinned

MkDir /Users/nicolas/Library/Developer/Xcode/DerivedData/AgendaHOF-bvieputxojihcqchgwytombtvhqx/Build/Intermediates.noindex/AgendaHOF.build/Debug-iphonesimulator/AgendaHOF.build/assetcatalog_output/thinned (in target 'AgendaHOF' from project 'AgendaHOF')
    cd /Users/nicolas/Documents/aplicativos-sites/AgendaHOF-iOS
    /bin/mkdir -p /Users/nicolas/Library/Developer/Xcode/DerivedData/AgendaHOF-bvieputxojihcqchgwytombtvhqx/Build/Intermediates.noindex/AgendaHOF.build/Debug-iphonesimulator/AgendaHOF.build/assetcatalog_output/thinned

CompileAssetCatalogVariant thinned /Users/nicolas/Library/Developer/Xcode/DerivedData/AgendaHOF-bvieputxojihcqchgwytombtvhqx/Build/Products/Debug-iphonesimulator/AgendaHOF.app /Users/nicolas/Documents/aplicativos-sites/AgendaHOF-iOS/Assets.xcassets (in target 'AgendaHOF' from project 'AgendaHOF')
    cd /Users/nicolas/Documents/aplicativos-sites/AgendaHOF-iOS
    /Applications/Xcode.app/Contents/Developer/usr/bin/actool /Users/nicolas/Documents/aplicativos-sites/AgendaHOF-iOS/Assets.xcassets --compile /Users/nicolas/Library/Developer/Xcode/DerivedData/AgendaHOF-bvieputxojihcqchgwytombtvhqx/Build/Intermediates.noindex/AgendaHOF.build/Debug-iphonesimulator/AgendaHOF.build/assetcatalog_output/thinned --output-format human-readable-text --notices --warnings --export-dependency-info /Users/nicolas/Library/Developer/Xcode/DerivedData/AgendaHOF-bvieputxojihcqchgwytombtvhqx/Build/Intermediates.noindex/AgendaHOF.build/Debug-iphonesimulator/AgendaHOF.build/assetcatalog_dependencies_thinned --output-partial-info-plist /Users/nicolas/Library/Developer/Xcode/DerivedData/AgendaHOF-bvieputxojihcqchgwytombtvhqx/Build/Intermediates.noindex/AgendaHOF.build/Debug-iphonesimulator/AgendaHOF.build/assetcatalog_generated_info.plist_thinned --app-icon AppIcon --accent-color AccentColor --compress-pngs --enable-on-demand-resources YES --filter-for-thinning-device-configuration iPhone18,1 --filter-for-device-os-version 26.2 --development-region en --target-device iphone --target-device ipad --minimum-deployment-target 17.0 --platform iphonesimulator
/* com.apple.actool.document.notices */
/Users/nicolas/Documents/aplicativos-sites/AgendaHOF-iOS/Assets.xcassets:./AppIcon.appiconset/[][ipad][76x76][][][1x][][][][]: notice: 76x76@1x app icons only apply to iPad apps targeting releases of iOS prior to 10.0.
/* com.apple.actool.compilation-results */
/Users/nicolas/Library/Developer/Xcode/DerivedData/AgendaHOF-bvieputxojihcqchgwytombtvhqx/Build/Intermediates.noindex/AgendaHOF.build/Debug-iphonesimulator/AgendaHOF.build/assetcatalog_generated_info.plist_thinned
/Users/nicolas/Library/Developer/Xcode/DerivedData/AgendaHOF-bvieputxojihcqchgwytombtvhqx/Build/Intermediates.noindex/AgendaHOF.build/Debug-iphonesimulator/AgendaHOF.build/assetcatalog_output/thinned/AppIcon60x60@2x.png
/Users/nicolas/Library/Developer/Xcode/DerivedData/AgendaHOF-bvieputxojihcqchgwytombtvhqx/Build/Intermediates.noindex/AgendaHOF.build/Debug-iphonesimulator/AgendaHOF.build/assetcatalog_output/thinned/AppIcon76x76@2x~ipad.png
/Users/nicolas/Library/Developer/Xcode/DerivedData/AgendaHOF-bvieputxojihcqchgwytombtvhqx/Build/Intermediates.noindex/AgendaHOF.build/Debug-iphonesimulator/AgendaHOF.build/assetcatalog_output/thinned/Assets.car


SwiftDriverJobDiscovery normal arm64 Compiling Types.swift (in target 'Supabase' from project 'Supabase')

SwiftDriver AgendaHOF normal arm64 com.apple.xcode.tools.swift.compiler (in target 'AgendaHOF' from project 'AgendaHOF')
    cd /Users/nicolas/Documents/aplicativos-sites/AgendaHOF-iOS
    builtin-SwiftDriver -- /Applications/Xcode.app/Contents/Developer/Toolchains/XcodeDefault.xctoolchain/usr/bin/swiftc -module-name AgendaHOF -Onone -enforce-exclusivity\=checked @/Users/nicolas/Library/Developer/Xcode/DerivedData/AgendaHOF-bvieputxojihcqchgwytombtvhqx/Build/Intermediates.noindex/AgendaHOF.build/Debug-iphonesimulator/AgendaHOF.build/Objects-normal/arm64/AgendaHOF.SwiftFileList -DDEBUG -enable-bare-slash-regex -enable-experimental-feature DebugDescriptionMacro -sdk /Applications/Xcode.app/Contents/Developer/Platforms/iPhoneSimulator.platform/Developer/SDKs/iPhoneSimulator26.2.sdk -target arm64-apple-ios17.0-simulator -g -module-cache-path /Users/nicolas/Library/Developer/Xcode/DerivedData/ModuleCache.noindex -Xfrontend -serialize-debugging-options -profile-coverage-mapping -profile-generate -enable-testing -index-store-path /Users/nicolas/Library/Developer/Xcode/DerivedData/AgendaHOF-bvieputxojihcqchgwytombtvhqx/Index.noindex/DataStore -Xcc -D_LIBCPP_HARDENING_MODE\=_LIBCPP_HARDENING_MODE_DEBUG -swift-version 5 -I /Users/nicolas/Library/Developer/Xcode/DerivedData/AgendaHOF-bvieputxojihcqchgwytombtvhqx/Build/Products/Debug-iphonesimulator -F /Users/nicolas/Library/Developer/Xcode/DerivedData/AgendaHOF-bvieputxojihcqchgwytombtvhqx/Build/Products/Debug-iphonesimulator/PackageFrameworks -F /Users/nicolas/Library/Developer/Xcode/DerivedData/AgendaHOF-bvieputxojihcqchgwytombtvhqx/Build/Products/Debug-iphonesimulator/PackageFrameworks -F /Users/nicolas/Library/Developer/Xcode/DerivedData/AgendaHOF-bvieputxojihcqchgwytombtvhqx/Build/Products/Debug-iphonesimulator/PackageFrameworks -F /Users/nicolas/Library/Developer/Xcode/DerivedData/AgendaHOF-bvieputxojihcqchgwytombtvhqx/Build/Products/Debug-iphonesimulator/PackageFrameworks -F /Users/nicolas/Library/Developer/Xcode/DerivedData/AgendaHOF-bvieputxojihcqchgwytombtvhqx/Build/Products/Debug-iphonesimulator/PackageFrameworks -F /Users/nicolas/Library/Developer/Xcode/DerivedData/AgendaHOF-bvieputxojihcqchgwytombtvhqx/Build/Products/Debug-iphonesimulator/PackageFrameworks -F /Users/nicolas/Library/Developer/Xcode/DerivedData/AgendaHOF-bvieputxojihcqchgwytombtvhqx/Build/Products/Debug-iphonesimulator/PackageFrameworks -F /Users/nicolas/Library/Developer/Xcode/DerivedData/AgendaHOF-bvieputxojihcqchgwytombtvhqx/Build/Products/Debug-iphonesimulator/PackageFrameworks -F /Users/nicolas/Library/Developer/Xcode/DerivedData/AgendaHOF-bvieputxojihcqchgwytombtvhqx/Build/Products/Debug-iphonesimulator/PackageFrameworks -F /Users/nicolas/Library/Developer/Xcode/DerivedData/AgendaHOF-bvieputxojihcqchgwytombtvhqx/Build/Products/Debug-iphonesimulator/PackageFrameworks -F /Users/nicolas/Library/Developer/Xcode/DerivedData/AgendaHOF-bvieputxojihcqchgwytombtvhqx/Build/Products/Debug-iphonesimulator/PackageFrameworks -F /Users/nicolas/Library/Developer/Xcode/DerivedData/AgendaHOF-bvieputxojihcqchgwytombtvhqx/Build/Products/Debug-iphonesimulator/PackageFrameworks -F /Users/nicolas/Library/Developer/Xcode/DerivedData/AgendaHOF-bvieputxojihcqchgwytombtvhqx/Build/Products/Debug-iphonesimulator/PackageFrameworks -F /Users/nicolas/Library/Developer/Xcode/DerivedData/AgendaHOF-bvieputxojihcqchgwytombtvhqx/Build/Products/Debug-iphonesimulator/PackageFrameworks -F /Users/nicolas/Library/Developer/Xcode/DerivedData/AgendaHOF-bvieputxojihcqchgwytombtvhqx/Build/Products/Debug-iphonesimulator -emit-localized-strings -emit-localized-strings-path /Users/nicolas/Library/Developer/Xcode/DerivedData/AgendaHOF-bvieputxojihcqchgwytombtvhqx/Build/Intermediates.noindex/AgendaHOF.build/Debug-iphonesimulator/AgendaHOF.build/Objects-normal/arm64 -c -j10 -enable-batch-mode -incremental -Xcc -ivfsstatcache -Xcc /Users/nicolas/Library/Developer/Xcode/DerivedData/SDKStatCaches.noindex/iphonesimulator26.2-23C53-7d00a8b37fbd7999ea79df8ebc024bf0.sdkstatcache -output-file-map /Users/nicolas/Library/Developer/Xcode/DerivedData/AgendaHOF-bvieputxojihcqchgwytombtvhqx/Build/Intermediates.noindex/AgendaHOF.build/Debug-iphonesimulator/AgendaHOF.build/Objects-normal/arm64/AgendaHOF-OutputFileMap.json -use-frontend-parseable-output -save-temps -no-color-diagnostics -explicit-module-build -module-cache-path /Users/nicolas/Library/Developer/Xcode/DerivedData/AgendaHOF-bvieputxojihcqchgwytombtvhqx/Build/Intermediates.noindex/SwiftExplicitPrecompiledModules -clang-scanner-module-cache-path /Users/nicolas/Library/Developer/Xcode/DerivedData/ModuleCache.noindex -sdk-module-cache-path /Users/nicolas/Library/Developer/Xcode/DerivedData/ModuleCache.noindex -serialize-diagnostics -emit-dependencies -emit-module -emit-module-path /Users/nicolas/Library/Developer/Xcode/DerivedData/AgendaHOF-bvieputxojihcqchgwytombtvhqx/Build/Intermediates.noindex/AgendaHOF.build/Debug-iphonesimulator/AgendaHOF.build/Objects-normal/arm64/AgendaHOF.swiftmodule -validate-clang-modules-once -clang-build-session-file /Users/nicolas/Library/Developer/Xcode/DerivedData/ModuleCache.noindex/Session.modulevalidation -Xcc -I/Users/nicolas/Library/Developer/Xcode/DerivedData/AgendaHOF-bvieputxojihcqchgwytombtvhqx/Build/Intermediates.noindex/AgendaHOF.build/Debug-iphonesimulator/AgendaHOF.build/swift-overrides.hmap -emit-const-values -Xfrontend -const-gather-protocols-file -Xfrontend /Users/nicolas/Library/Developer/Xcode/DerivedData/AgendaHOF-bvieputxojihcqchgwytombtvhqx/Build/Intermediates.noindex/AgendaHOF.build/Debug-iphonesimulator/AgendaHOF.build/Objects-normal/arm64/AgendaHOF_const_extract_protocols.json -Xcc -iquote -Xcc /Users/nicolas/Library/Developer/Xcode/DerivedData/AgendaHOF-bvieputxojihcqchgwytombtvhqx/Build/Intermediates.noindex/AgendaHOF.build/Debug-iphonesimulator/AgendaHOF.build/AgendaHOF-generated-files.hmap -Xcc -I/Users/nicolas/Library/Developer/Xcode/DerivedData/AgendaHOF-bvieputxojihcqchgwytombtvhqx/Build/Intermediates.noindex/AgendaHOF.build/Debug-iphonesimulator/AgendaHOF.build/AgendaHOF-own-target-headers.hmap -Xcc -I/Users/nicolas/Library/Developer/Xcode/DerivedData/AgendaHOF-bvieputxojihcqchgwytombtvhqx/Build/Intermediates.noindex/AgendaHOF.build/Debug-iphonesimulator/AgendaHOF.build/AgendaHOF-all-non-framework-target-headers.hmap -Xcc -ivfsoverlay -Xcc /Users/nicolas/Library/Developer/Xcode/DerivedData/AgendaHOF-bvieputxojihcqchgwytombtvhqx/Build/Intermediates.noindex/AgendaHOF.build/Debug-iphonesimulator/AgendaHOF-cb7e7301b7fbf424cf8053c1d7d82895-VFS-iphonesimulator/all-product-headers.yaml -Xcc -iquote -Xcc /Users/nicolas/Library/Developer/Xcode/DerivedData/AgendaHOF-bvieputxojihcqchgwytombtvhqx/Build/Intermediates.noindex/AgendaHOF.build/Debug-iphonesimulator/AgendaHOF.build/AgendaHOF-project-headers.hmap -Xcc -I/Users/nicolas/Library/Developer/Xcode/DerivedData/AgendaHOF-bvieputxojihcqchgwytombtvhqx/Build/Products/Debug-iphonesimulator/include -Xcc -I/Users/nicolas/Library/Developer/Xcode/DerivedData/AgendaHOF-bvieputxojihcqchgwytombtvhqx/Build/Intermediates.noindex/AgendaHOF.build/Debug-iphonesimulator/AgendaHOF.build/DerivedSources-normal/arm64 -Xcc -I/Users/nicolas/Library/Developer/Xcode/DerivedData/AgendaHOF-bvieputxojihcqchgwytombtvhqx/Build/Intermediates.noindex/AgendaHOF.build/Debug-iphonesimulator/AgendaHOF.build/DerivedSources/arm64 -Xcc -I/Users/nicolas/Library/Developer/Xcode/DerivedData/AgendaHOF-bvieputxojihcqchgwytombtvhqx/Build/Intermediates.noindex/AgendaHOF.build/Debug-iphonesimulator/AgendaHOF.build/DerivedSources -Xcc -DDEBUG\=1 -emit-objc-header -emit-objc-header-path /Users/nicolas/Library/Developer/Xcode/DerivedData/AgendaHOF-bvieputxojihcqchgwytombtvhqx/Build/Intermediates.noindex/AgendaHOF.build/Debug-iphonesimulator/AgendaHOF.build/Objects-normal/arm64/AgendaHOF-Swift.h -working-directory /Users/nicolas/Documents/aplicativos-sites/AgendaHOF-iOS -experimental-emit-module-separately -disable-cmo

SwiftDriverJobDiscovery normal arm64 Compiling RealtimeChannelV2.swift, RealtimeClientV2.swift, RealtimeError.swift (in target 'Realtime' from project 'Supabase')

SwiftDriver\ Compilation Realtime normal arm64 com.apple.xcode.tools.swift.compiler (in target 'Realtime' from project 'Supabase')
    cd /Users/nicolas/Documents/aplicativos-sites/AgendaHOF-iOS/AgendaHOF.xcodeproj
    builtin-Swift-Compilation -- /Applications/Xcode.app/Contents/Developer/Toolchains/XcodeDefault.xctoolchain/usr/bin/swiftc -module-name Realtime -Onone -enforce-exclusivity\=checked @/Users/nicolas/Library/Developer/Xcode/DerivedData/AgendaHOF-bvieputxojihcqchgwytombtvhqx/Build/Intermediates.noindex/Supabase.build/Debug-iphonesimulator/Realtime.build/Objects-normal/arm64/Realtime.SwiftFileList -DSWIFT_PACKAGE -DDEBUG -DSWIFT_MODULE_RESOURCE_BUNDLE_UNAVAILABLE -DXcode -enable-upcoming-feature ExistentialAny -enable-experimental-feature StrictConcurrency -plugin-path /Applications/Xcode.app/Contents/Developer/Toolchains/XcodeDefault.xctoolchain/usr/lib/swift/host/plugins/testing -enable-experimental-feature DebugDescriptionMacro -sdk /Applications/Xcode.app/Contents/Developer/Platforms/iPhoneSimulator.platform/Developer/SDKs/iPhoneSimulator26.2.sdk -target arm64-apple-ios13.0-simulator -g -module-cache-path /Users/nicolas/Library/Developer/Xcode/DerivedData/ModuleCache.noindex -Xfrontend -serialize-debugging-options -profile-coverage-mapping -profile-generate -enable-testing -suppress-warnings -index-store-path /Users/nicolas/Library/Developer/Xcode/DerivedData/AgendaHOF-bvieputxojihcqchgwytombtvhqx/Index.noindex/DataStore -Xcc -D_LIBCPP_HARDENING_MODE\=_LIBCPP_HARDENING_MODE_DEBUG -swift-version 5 -I /Users/nicolas/Library/Developer/Xcode/DerivedData/AgendaHOF-bvieputxojihcqchgwytombtvhqx/Build/Products/Debug-iphonesimulator -Isystem /Applications/Xcode.app/Contents/Developer/Platforms/iPhoneSimulator.platform/Developer/usr/lib -F /Users/nicolas/Library/Developer/Xcode/DerivedData/AgendaHOF-bvieputxojihcqchgwytombtvhqx/Build/Products/Debug-iphonesimulator/PackageFrameworks -F /Users/nicolas/Library/Developer/Xcode/DerivedData/AgendaHOF-bvieputxojihcqchgwytombtvhqx/Build/Products/Debug-iphonesimulator/PackageFrameworks -F /Users/nicolas/Library/Developer/Xcode/DerivedData/AgendaHOF-bvieputxojihcqchgwytombtvhqx/Build/Products/Debug-iphonesimulator/PackageFrameworks -F /Users/nicolas/Library/Developer/Xcode/DerivedData/AgendaHOF-bvieputxojihcqchgwytombtvhqx/Build/Products/Debug-iphonesimulator/PackageFrameworks -F /Users/nicolas/Library/Developer/Xcode/DerivedData/AgendaHOF-bvieputxojihcqchgwytombtvhqx/Build/Products/Debug-iphonesimulator/PackageFrameworks -F /Users/nicolas/Library/Developer/Xcode/DerivedData/AgendaHOF-bvieputxojihcqchgwytombtvhqx/Build/Products/Debug-iphonesimulator/PackageFrameworks -F /Users/nicolas/Library/Developer/Xcode/DerivedData/AgendaHOF-bvieputxojihcqchgwytombtvhqx/Build/Products/Debug-iphonesimulator/PackageFrameworks -F /Users/nicolas/Library/Developer/Xcode/DerivedData/AgendaHOF-bvieputxojihcqchgwytombtvhqx/Build/Products/Debug-iphonesimulator -F /Applications/Xcode.app/Contents/Developer/Platforms/iPhoneSimulator.platform/Developer/Library/Frameworks -F /Applications/Xcode.app/Contents/Developer/Platforms/iPhoneSimulator.platform/Developer/SDKs/iPhoneSimulator26.2.sdk/Developer/Library/Frameworks -c -j10 -enable-batch-mode -incremental -Xcc -ivfsstatcache -Xcc /Users/nicolas/Library/Developer/Xcode/DerivedData/SDKStatCaches.noindex/iphonesimulator26.2-23C53-7d00a8b37fbd7999ea79df8ebc024bf0.sdkstatcache -output-file-map /Users/nicolas/Library/Developer/Xcode/DerivedData/AgendaHOF-bvieputxojihcqchgwytombtvhqx/Build/Intermediates.noindex/Supabase.build/Debug-iphonesimulator/Realtime.build/Objects-normal/arm64/Realtime-OutputFileMap.json -use-frontend-parseable-output -save-temps -no-color-diagnostics -explicit-module-build -module-cache-path /Users/nicolas/Library/Developer/Xcode/DerivedData/AgendaHOF-bvieputxojihcqchgwytombtvhqx/Build/Intermediates.noindex/SwiftExplicitPrecompiledModules -clang-scanner-module-cache-path /Users/nicolas/Library/Developer/Xcode/DerivedData/ModuleCache.noindex -sdk-module-cache-path /Users/nicolas/Library/Developer/Xcode/DerivedData/ModuleCache.noindex -serialize-diagnostics -emit-dependencies -emit-module -emit-module-path /Users/nicolas/Library/Developer/Xcode/DerivedData/AgendaHOF-bvieputxojihcqchgwytombtvhqx/Build/Intermediates.noindex/Supabase.build/Debug-iphonesimulator/Realtime.build/Objects-normal/arm64/Realtime.swiftmodule -validate-clang-modules-once -clang-build-session-file /Users/nicolas/Library/Developer/Xcode/DerivedData/ModuleCache.noindex/Session.modulevalidation -package-name supabase_swift -Xcc -I/Users/nicolas/Library/Developer/Xcode/DerivedData/AgendaHOF-bvieputxojihcqchgwytombtvhqx/Build/Intermediates.noindex/Supabase.build/Debug-iphonesimulator/Realtime.build/swift-overrides.hmap -emit-const-values -Xfrontend -const-gather-protocols-file -Xfrontend /Users/nicolas/Library/Developer/Xcode/DerivedData/AgendaHOF-bvieputxojihcqchgwytombtvhqx/Build/Intermediates.noindex/Supabase.build/Debug-iphonesimulator/Realtime.build/Objects-normal/arm64/Realtime_const_extract_protocols.json -Xcc -I/Users/nicolas/Library/Developer/Xcode/DerivedData/AgendaHOF-bvieputxojihcqchgwytombtvhqx/Build/Products/Debug-iphonesimulator/include -Xcc -I/Users/nicolas/Library/Developer/Xcode/DerivedData/AgendaHOF-bvieputxojihcqchgwytombtvhqx/Build/Intermediates.noindex/Supabase.build/Debug-iphonesimulator/Realtime.build/DerivedSources-normal/arm64 -Xcc -I/Users/nicolas/Library/Developer/Xcode/DerivedData/AgendaHOF-bvieputxojihcqchgwytombtvhqx/Build/Intermediates.noindex/Supabase.build/Debug-iphonesimulator/Realtime.build/DerivedSources/arm64 -Xcc -I/Users/nicolas/Library/Developer/Xcode/DerivedData/AgendaHOF-bvieputxojihcqchgwytombtvhqx/Build/Intermediates.noindex/Supabase.build/Debug-iphonesimulator/Realtime.build/DerivedSources -Xcc -DSWIFT_PACKAGE -Xcc -DDEBUG\=1 -emit-objc-header -emit-objc-header-path /Users/nicolas/Library/Developer/Xcode/DerivedData/AgendaHOF-bvieputxojihcqchgwytombtvhqx/Build/Intermediates.noindex/Supabase.build/Debug-iphonesimulator/Realtime.build/Objects-normal/arm64/Realtime-Swift.h -working-directory /Users/nicolas/Documents/aplicativos-sites/AgendaHOF-iOS/AgendaHOF.xcodeproj -experimental-emit-module-separately -disable-cmo

Ld /Users/nicolas/Library/Developer/Xcode/DerivedData/AgendaHOF-bvieputxojihcqchgwytombtvhqx/Build/Products/Debug-iphonesimulator/Realtime.o normal (in target 'Realtime' from project 'Supabase')
    cd /Users/nicolas/Library/Developer/Xcode/DerivedData/AgendaHOF-bvieputxojihcqchgwytombtvhqx/SourcePackages/checkouts/supabase-swift
    /Applications/Xcode.app/Contents/Developer/Toolchains/XcodeDefault.xctoolchain/usr/bin/clang -Xlinker -reproducible -target arm64-apple-ios13.0-simulator -r -isysroot /Applications/Xcode.app/Contents/Developer/Platforms/iPhoneSimulator.platform/Developer/SDKs/iPhoneSimulator26.2.sdk -O0 -w -L/Users/nicolas/Library/Developer/Xcode/DerivedData/AgendaHOF-bvieputxojihcqchgwytombtvhqx/Build/Intermediates.noindex/EagerLinkingTBDs/Debug-iphonesimulator -L/Users/nicolas/Library/Developer/Xcode/DerivedData/AgendaHOF-bvieputxojihcqchgwytombtvhqx/Build/Products/Debug-iphonesimulator -L/Applications/Xcode.app/Contents/Developer/Platforms/iPhoneSimulator.platform/Developer/usr/lib -F/Users/nicolas/Library/Developer/Xcode/DerivedData/AgendaHOF-bvieputxojihcqchgwytombtvhqx/Build/Intermediates.noindex/EagerLinkingTBDs/Debug-iphonesimulator -F/Users/nicolas/Library/Developer/Xcode/DerivedData/AgendaHOF-bvieputxojihcqchgwytombtvhqx/Build/Products/Debug-iphonesimulator/PackageFrameworks -F/Users/nicolas/Library/Developer/Xcode/DerivedData/AgendaHOF-bvieputxojihcqchgwytombtvhqx/Build/Products/Debug-iphonesimulator/PackageFrameworks -F/Users/nicolas/Library/Developer/Xcode/DerivedData/AgendaHOF-bvieputxojihcqchgwytombtvhqx/Build/Products/Debug-iphonesimulator/PackageFrameworks -F/Users/nicolas/Library/Developer/Xcode/DerivedData/AgendaHOF-bvieputxojihcqchgwytombtvhqx/Build/Products/Debug-iphonesimulator/PackageFrameworks -F/Users/nicolas/Library/Developer/Xcode/DerivedData/AgendaHOF-bvieputxojihcqchgwytombtvhqx/Build/Products/Debug-iphonesimulator/PackageFrameworks -F/Users/nicolas/Library/Developer/Xcode/DerivedData/AgendaHOF-bvieputxojihcqchgwytombtvhqx/Build/Products/Debug-iphonesimulator/PackageFrameworks -F/Users/nicolas/Library/Developer/Xcode/DerivedData/AgendaHOF-bvieputxojihcqchgwytombtvhqx/Build/Products/Debug-iphonesimulator/PackageFrameworks -F/Users/nicolas/Library/Developer/Xcode/DerivedData/AgendaHOF-bvieputxojihcqchgwytombtvhqx/Build/Products/Debug-iphonesimulator -iframework /Applications/Xcode.app/Contents/Developer/Platforms/iPhoneSimulator.platform/Developer/Library/Frameworks -iframework /Applications/Xcode.app/Contents/Developer/Platforms/iPhoneSimulator.platform/Developer/SDKs/iPhoneSimulator26.2.sdk/Developer/Library/Frameworks -filelist /Users/nicolas/Library/Developer/Xcode/DerivedData/AgendaHOF-bvieputxojihcqchgwytombtvhqx/Build/Intermediates.noindex/Supabase.build/Debug-iphonesimulator/Realtime.build/Objects-normal/arm64/Realtime.LinkFileList -nostdlib -Xlinker -object_path_lto -Xlinker /Users/nicolas/Library/Developer/Xcode/DerivedData/AgendaHOF-bvieputxojihcqchgwytombtvhqx/Build/Intermediates.noindex/Supabase.build/Debug-iphonesimulator/Realtime.build/Objects-normal/arm64/Realtime_lto.o -rdynamic -Xlinker -no_deduplicate -Xlinker -objc_abi_version -Xlinker 2 -Xlinker -debug_variant -Xlinker -dependency_info -Xlinker /Users/nicolas/Library/Developer/Xcode/DerivedData/AgendaHOF-bvieputxojihcqchgwytombtvhqx/Build/Intermediates.noindex/Supabase.build/Debug-iphonesimulator/Realtime.build/Objects-normal/arm64/Realtime_dependency_info.dat -fobjc-link-runtime -L/Applications/Xcode.app/Contents/Developer/Toolchains/XcodeDefault.xctoolchain/usr/lib/swift/iphonesimulator -L/usr/lib/swift -Xlinker -add_ast_path -Xlinker /Users/nicolas/Library/Developer/Xcode/DerivedData/AgendaHOF-bvieputxojihcqchgwytombtvhqx/Build/Intermediates.noindex/Supabase.build/Debug-iphonesimulator/Realtime.build/Objects-normal/arm64/Realtime.swiftmodule @/Users/nicolas/Library/Developer/Xcode/DerivedData/AgendaHOF-bvieputxojihcqchgwytombtvhqx/Build/Intermediates.noindex/Supabase.build/Debug-iphonesimulator/Realtime.build/Objects-normal/arm64/Realtime-linker-args.resp -o /Users/nicolas/Library/Developer/Xcode/DerivedData/AgendaHOF-bvieputxojihcqchgwytombtvhqx/Build/Products/Debug-iphonesimulator/Realtime.o

ExtractAppIntentsMetadata (in target 'Realtime' from project 'Supabase')
    cd /Users/nicolas/Library/Developer/Xcode/DerivedData/AgendaHOF-bvieputxojihcqchgwytombtvhqx/SourcePackages/checkouts/supabase-swift
    /Applications/Xcode.app/Contents/Developer/Toolchains/XcodeDefault.xctoolchain/usr/bin/appintentsmetadataprocessor --toolchain-dir /Applications/Xcode.app/Contents/Developer/Toolchains/XcodeDefault.xctoolchain --module-name Realtime --sdk-root /Applications/Xcode.app/Contents/Developer/Platforms/iPhoneSimulator.platform/Developer/SDKs/iPhoneSimulator26.2.sdk --xcode-version 17C52 --platform-family iOS --deployment-target 13.0 --bundle-identifier supabase-swift.Realtime --output /Users/nicolas/Library/Developer/Xcode/DerivedData/AgendaHOF-bvieputxojihcqchgwytombtvhqx/Build/Products/Debug-iphonesimulator/Realtime.appintents --target-triple arm64-apple-ios13.0-simulator --binary-file /Users/nicolas/Library/Developer/Xcode/DerivedData/AgendaHOF-bvieputxojihcqchgwytombtvhqx/Build/Products/Debug-iphonesimulator/Realtime.o --dependency-file /Users/nicolas/Library/Developer/Xcode/DerivedData/AgendaHOF-bvieputxojihcqchgwytombtvhqx/Build/Intermediates.noindex/Supabase.build/Debug-iphonesimulator/Realtime.build/Objects-normal/arm64/Realtime_dependency_info.dat --stringsdata-file /Users/nicolas/Library/Developer/Xcode/DerivedData/AgendaHOF-bvieputxojihcqchgwytombtvhqx/Build/Intermediates.noindex/Supabase.build/Debug-iphonesimulator/Realtime.build/Objects-normal/arm64/ExtractedAppShortcutsMetadata.stringsdata --source-file-list /Users/nicolas/Library/Developer/Xcode/DerivedData/AgendaHOF-bvieputxojihcqchgwytombtvhqx/Build/Intermediates.noindex/Supabase.build/Debug-iphonesimulator/Realtime.build/Objects-normal/arm64/Realtime.SwiftFileList --metadata-file-list /Users/nicolas/Library/Developer/Xcode/DerivedData/AgendaHOF-bvieputxojihcqchgwytombtvhqx/Build/Intermediates.noindex/Supabase.build/Debug-iphonesimulator/Realtime.build/Realtime.DependencyMetadataFileList --static-metadata-file-list /Users/nicolas/Library/Developer/Xcode/DerivedData/AgendaHOF-bvieputxojihcqchgwytombtvhqx/Build/Intermediates.noindex/Supabase.build/Debug-iphonesimulator/Realtime.build/Realtime.DependencyStaticMetadataFileList --swift-const-vals-list /Users/nicolas/Library/Developer/Xcode/DerivedData/AgendaHOF-bvieputxojihcqchgwytombtvhqx/Build/Intermediates.noindex/Supabase.build/Debug-iphonesimulator/Realtime.build/Objects-normal/arm64/Realtime.SwiftConstValuesFileList --force --compile-time-extraction --deployment-aware-processing --validate-assistant-intents --no-app-shortcuts-localization
2026-01-03 23:43:42.870 appintentsmetadataprocessor[19385:184759] Starting appintentsmetadataprocessor export
2026-01-03 23:43:43.012 appintentsmetadataprocessor[19385:184759] Extracted no relevant App Intents symbols, skipping writing output

SwiftDriverJobDiscovery normal arm64 Compiling AuthClientConfiguration.swift, AuthError.swift, AuthMFA.swift (in target 'Auth' from project 'Supabase')

SwiftDriverJobDiscovery normal arm64 Compiling SupabaseClient.swift (in target 'Supabase' from project 'Supabase')

SwiftDriver\ Compilation Supabase normal arm64 com.apple.xcode.tools.swift.compiler (in target 'Supabase' from project 'Supabase')
    cd /Users/nicolas/Documents/aplicativos-sites/AgendaHOF-iOS/AgendaHOF.xcodeproj
    builtin-Swift-Compilation -- /Applications/Xcode.app/Contents/Developer/Toolchains/XcodeDefault.xctoolchain/usr/bin/swiftc -module-name Supabase -Onone -enforce-exclusivity\=checked @/Users/nicolas/Library/Developer/Xcode/DerivedData/AgendaHOF-bvieputxojihcqchgwytombtvhqx/Build/Intermediates.noindex/Supabase.build/Debug-iphonesimulator/Supabase.build/Objects-normal/arm64/Supabase.SwiftFileList -DSWIFT_PACKAGE -DDEBUG -DSWIFT_MODULE_RESOURCE_BUNDLE_UNAVAILABLE -DXcode -enable-upcoming-feature ExistentialAny -enable-experimental-feature StrictConcurrency -plugin-path /Applications/Xcode.app/Contents/Developer/Toolchains/XcodeDefault.xctoolchain/usr/lib/swift/host/plugins/testing -enable-experimental-feature DebugDescriptionMacro -sdk /Applications/Xcode.app/Contents/Developer/Platforms/iPhoneSimulator.platform/Developer/SDKs/iPhoneSimulator26.2.sdk -target arm64-apple-ios13.0-simulator -g -module-cache-path /Users/nicolas/Library/Developer/Xcode/DerivedData/ModuleCache.noindex -Xfrontend -serialize-debugging-options -profile-coverage-mapping -profile-generate -enable-testing -suppress-warnings -index-store-path /Users/nicolas/Library/Developer/Xcode/DerivedData/AgendaHOF-bvieputxojihcqchgwytombtvhqx/Index.noindex/DataStore -Xcc -D_LIBCPP_HARDENING_MODE\=_LIBCPP_HARDENING_MODE_DEBUG -swift-version 5 -I /Users/nicolas/Library/Developer/Xcode/DerivedData/AgendaHOF-bvieputxojihcqchgwytombtvhqx/Build/Products/Debug-iphonesimulator -Isystem /Applications/Xcode.app/Contents/Developer/Platforms/iPhoneSimulator.platform/Developer/usr/lib -F /Users/nicolas/Library/Developer/Xcode/DerivedData/AgendaHOF-bvieputxojihcqchgwytombtvhqx/Build/Products/Debug-iphonesimulator/PackageFrameworks -F /Users/nicolas/Library/Developer/Xcode/DerivedData/AgendaHOF-bvieputxojihcqchgwytombtvhqx/Build/Products/Debug-iphonesimulator/PackageFrameworks -F /Users/nicolas/Library/Developer/Xcode/DerivedData/AgendaHOF-bvieputxojihcqchgwytombtvhqx/Build/Products/Debug-iphonesimulator/PackageFrameworks -F /Users/nicolas/Library/Developer/Xcode/DerivedData/AgendaHOF-bvieputxojihcqchgwytombtvhqx/Build/Products/Debug-iphonesimulator/PackageFrameworks -F /Users/nicolas/Library/Developer/Xcode/DerivedData/AgendaHOF-bvieputxojihcqchgwytombtvhqx/Build/Products/Debug-iphonesimulator/PackageFrameworks -F /Users/nicolas/Library/Developer/Xcode/DerivedData/AgendaHOF-bvieputxojihcqchgwytombtvhqx/Build/Products/Debug-iphonesimulator/PackageFrameworks -F /Users/nicolas/Library/Developer/Xcode/DerivedData/AgendaHOF-bvieputxojihcqchgwytombtvhqx/Build/Products/Debug-iphonesimulator/PackageFrameworks -F /Users/nicolas/Library/Developer/Xcode/DerivedData/AgendaHOF-bvieputxojihcqchgwytombtvhqx/Build/Products/Debug-iphonesimulator/PackageFrameworks -F /Users/nicolas/Library/Developer/Xcode/DerivedData/AgendaHOF-bvieputxojihcqchgwytombtvhqx/Build/Products/Debug-iphonesimulator/PackageFrameworks -F /Users/nicolas/Library/Developer/Xcode/DerivedData/AgendaHOF-bvieputxojihcqchgwytombtvhqx/Build/Products/Debug-iphonesimulator/PackageFrameworks -F /Users/nicolas/Library/Developer/Xcode/DerivedData/AgendaHOF-bvieputxojihcqchgwytombtvhqx/Build/Products/Debug-iphonesimulator/PackageFrameworks -F /Users/nicolas/Library/Developer/Xcode/DerivedData/AgendaHOF-bvieputxojihcqchgwytombtvhqx/Build/Products/Debug-iphonesimulator/PackageFrameworks -F /Users/nicolas/Library/Developer/Xcode/DerivedData/AgendaHOF-bvieputxojihcqchgwytombtvhqx/Build/Products/Debug-iphonesimulator/PackageFrameworks -F /Users/nicolas/Library/Developer/Xcode/DerivedData/AgendaHOF-bvieputxojihcqchgwytombtvhqx/Build/Products/Debug-iphonesimulator -F /Applications/Xcode.app/Contents/Developer/Platforms/iPhoneSimulator.platform/Developer/Library/Frameworks -F /Applications/Xcode.app/Contents/Developer/Platforms/iPhoneSimulator.platform/Developer/SDKs/iPhoneSimulator26.2.sdk/Developer/Library/Frameworks -c -j10 -enable-batch-mode -incremental -Xcc -ivfsstatcache -Xcc /Users/nicolas/Library/Developer/Xcode/DerivedData/SDKStatCaches.noindex/iphonesimulator26.2-23C53-7d00a8b37fbd7999ea79df8ebc024bf0.sdkstatcache -output-file-map /Users/nicolas/Library/Developer/Xcode/DerivedData/AgendaHOF-bvieputxojihcqchgwytombtvhqx/Build/Intermediates.noindex/Supabase.build/Debug-iphonesimulator/Supabase.build/Objects-normal/arm64/Supabase-OutputFileMap.json -use-frontend-parseable-output -save-temps -no-color-diagnostics -explicit-module-build -module-cache-path /Users/nicolas/Library/Developer/Xcode/DerivedData/AgendaHOF-bvieputxojihcqchgwytombtvhqx/Build/Intermediates.noindex/SwiftExplicitPrecompiledModules -clang-scanner-module-cache-path /Users/nicolas/Library/Developer/Xcode/DerivedData/ModuleCache.noindex -sdk-module-cache-path /Users/nicolas/Library/Developer/Xcode/DerivedData/ModuleCache.noindex -serialize-diagnostics -emit-dependencies -emit-module -emit-module-path /Users/nicolas/Library/Developer/Xcode/DerivedData/AgendaHOF-bvieputxojihcqchgwytombtvhqx/Build/Intermediates.noindex/Supabase.build/Debug-iphonesimulator/Supabase.build/Objects-normal/arm64/Supabase.swiftmodule -validate-clang-modules-once -clang-build-session-file /Users/nicolas/Library/Developer/Xcode/DerivedData/ModuleCache.noindex/Session.modulevalidation -package-name supabase_swift -Xcc -I/Users/nicolas/Library/Developer/Xcode/DerivedData/AgendaHOF-bvieputxojihcqchgwytombtvhqx/Build/Intermediates.noindex/Supabase.build/Debug-iphonesimulator/Supabase.build/swift-overrides.hmap -emit-const-values -Xfrontend -const-gather-protocols-file -Xfrontend /Users/nicolas/Library/Developer/Xcode/DerivedData/AgendaHOF-bvieputxojihcqchgwytombtvhqx/Build/Intermediates.noindex/Supabase.build/Debug-iphonesimulator/Supabase.build/Objects-normal/arm64/Supabase_const_extract_protocols.json -Xcc -I/Users/nicolas/Library/Developer/Xcode/DerivedData/AgendaHOF-bvieputxojihcqchgwytombtvhqx/Build/Products/Debug-iphonesimulator/include -Xcc -I/Users/nicolas/Library/Developer/Xcode/DerivedData/AgendaHOF-bvieputxojihcqchgwytombtvhqx/Build/Intermediates.noindex/Supabase.build/Debug-iphonesimulator/Supabase.build/DerivedSources-normal/arm64 -Xcc -I/Users/nicolas/Library/Developer/Xcode/DerivedData/AgendaHOF-bvieputxojihcqchgwytombtvhqx/Build/Intermediates.noindex/Supabase.build/Debug-iphonesimulator/Supabase.build/DerivedSources/arm64 -Xcc -I/Users/nicolas/Library/Developer/Xcode/DerivedData/AgendaHOF-bvieputxojihcqchgwytombtvhqx/Build/Intermediates.noindex/Supabase.build/Debug-iphonesimulator/Supabase.build/DerivedSources -Xcc -DSWIFT_PACKAGE -Xcc -DDEBUG\=1 -emit-objc-header -emit-objc-header-path /Users/nicolas/Library/Developer/Xcode/DerivedData/AgendaHOF-bvieputxojihcqchgwytombtvhqx/Build/Intermediates.noindex/Supabase.build/Debug-iphonesimulator/Supabase.build/Objects-normal/arm64/Supabase-Swift.h -working-directory /Users/nicolas/Documents/aplicativos-sites/AgendaHOF-iOS/AgendaHOF.xcodeproj -experimental-emit-module-separately -disable-cmo

RegisterExecutionPolicyException /Users/nicolas/Library/Developer/Xcode/DerivedData/AgendaHOF-bvieputxojihcqchgwytombtvhqx/Build/Products/Debug-iphonesimulator/Realtime.o (in target 'Realtime' from project 'Supabase')
    cd /Users/nicolas/Library/Developer/Xcode/DerivedData/AgendaHOF-bvieputxojihcqchgwytombtvhqx/SourcePackages/checkouts/supabase-swift
    builtin-RegisterExecutionPolicyException /Users/nicolas/Library/Developer/Xcode/DerivedData/AgendaHOF-bvieputxojihcqchgwytombtvhqx/Build/Products/Debug-iphonesimulator/Realtime.o

SwiftCompile normal arm64 Compiling\ ContactPicker.swift,\ Date+Extensions.swift,\ DayAgendaView.swift,\ EditRecurringBlockView.swift,\ EmptyStateView.swift,\ WidgetDataManager.swift,\ FinancialReportView.swift /Users/nicolas/Documents/aplicativos-sites/AgendaHOF-iOS/Core/ContactPicker.swift /Users/nicolas/Documents/aplicativos-sites/AgendaHOF-iOS/Core/Extensions/Date+Extensions.swift /Users/nicolas/Documents/aplicativos-sites/AgendaHOF-iOS/Views/Agenda/DayAgendaView.swift /Users/nicolas/Documents/aplicativos-sites/AgendaHOF-iOS/Views/Agenda/EditRecurringBlockView.swift /Users/nicolas/Documents/aplicativos-sites/AgendaHOF-iOS/Views/Components/EmptyStateView.swift /Users/nicolas/Documents/aplicativos-sites/AgendaHOF-iOS/Services/WidgetDataManager.swift /Users/nicolas/Documents/aplicativos-sites/AgendaHOF-iOS/Views/Financial/FinancialReportView.swift (in target 'AgendaHOF' from project 'AgendaHOF')
SwiftCompile normal arm64 /Users/nicolas/Documents/aplicativos-sites/AgendaHOF-iOS/Core/ContactPicker.swift (in target 'AgendaHOF' from project 'AgendaHOF')
    cd /Users/nicolas/Documents/aplicativos-sites/AgendaHOF-iOS
    

SwiftCompile normal arm64 /Users/nicolas/Documents/aplicativos-sites/AgendaHOF-iOS/Core/Extensions/Date+Extensions.swift (in target 'AgendaHOF' from project 'AgendaHOF')
    cd /Users/nicolas/Documents/aplicativos-sites/AgendaHOF-iOS
    

SwiftCompile normal arm64 /Users/nicolas/Documents/aplicativos-sites/AgendaHOF-iOS/Views/Agenda/DayAgendaView.swift (in target 'AgendaHOF' from project 'AgendaHOF')
    cd /Users/nicolas/Documents/aplicativos-sites/AgendaHOF-iOS
    

SwiftCompile normal arm64 /Users/nicolas/Documents/aplicativos-sites/AgendaHOF-iOS/Views/Agenda/EditRecurringBlockView.swift (in target 'AgendaHOF' from project 'AgendaHOF')
    cd /Users/nicolas/Documents/aplicativos-sites/AgendaHOF-iOS
    

SwiftCompile normal arm64 /Users/nicolas/Documents/aplicativos-sites/AgendaHOF-iOS/Views/Components/EmptyStateView.swift (in target 'AgendaHOF' from project 'AgendaHOF')
    cd /Users/nicolas/Documents/aplicativos-sites/AgendaHOF-iOS
    

SwiftCompile normal arm64 /Users/nicolas/Documents/aplicativos-sites/AgendaHOF-iOS/Services/WidgetDataManager.swift (in target 'AgendaHOF' from project 'AgendaHOF')
    cd /Users/nicolas/Documents/aplicativos-sites/AgendaHOF-iOS
    

SwiftCompile normal arm64 /Users/nicolas/Documents/aplicativos-sites/AgendaHOF-iOS/Views/Financial/FinancialReportView.swift (in target 'AgendaHOF' from project 'AgendaHOF')
    cd /Users/nicolas/Documents/aplicativos-sites/AgendaHOF-iOS
    

SwiftCompile normal arm64 Compiling\ ForgotPasswordViewModel.swift,\ ResetPasswordViewModel.swift,\ AgendaHofApp.swift,\ AgendaView.swift,\ AgendaViewModel.swift,\ Appointment.swift,\ AppointmentService.swift /Users/nicolas/Documents/aplicativos-sites/AgendaHOF-iOS/ViewModels/ForgotPasswordViewModel.swift /Users/nicolas/Documents/aplicativos-sites/AgendaHOF-iOS/ViewModels/ResetPasswordViewModel.swift /Users/nicolas/Documents/aplicativos-sites/AgendaHOF-iOS/AgendaHofApp.swift /Users/nicolas/Documents/aplicativos-sites/AgendaHOF-iOS/Views/Agenda/AgendaView.swift /Users/nicolas/Documents/aplicativos-sites/AgendaHOF-iOS/ViewModels/AgendaViewModel.swift /Users/nicolas/Documents/aplicativos-sites/AgendaHOF-iOS/Models/Appointment.swift /Users/nicolas/Documents/aplicativos-sites/AgendaHOF-iOS/Services/AppointmentService.swift (in target 'AgendaHOF' from project 'AgendaHOF')
SwiftCompile normal arm64 /Users/nicolas/Documents/aplicativos-sites/AgendaHOF-iOS/ViewModels/ForgotPasswordViewModel.swift (in target 'AgendaHOF' from project 'AgendaHOF')
    cd /Users/nicolas/Documents/aplicativos-sites/AgendaHOF-iOS
    

SwiftCompile normal arm64 /Users/nicolas/Documents/aplicativos-sites/AgendaHOF-iOS/ViewModels/ResetPasswordViewModel.swift (in target 'AgendaHOF' from project 'AgendaHOF')
    cd /Users/nicolas/Documents/aplicativos-sites/AgendaHOF-iOS
    

SwiftCompile normal arm64 /Users/nicolas/Documents/aplicativos-sites/AgendaHOF-iOS/AgendaHofApp.swift (in target 'AgendaHOF' from project 'AgendaHOF')
    cd /Users/nicolas/Documents/aplicativos-sites/AgendaHOF-iOS
    

SwiftCompile normal arm64 /Users/nicolas/Documents/aplicativos-sites/AgendaHOF-iOS/Views/Agenda/AgendaView.swift (in target 'AgendaHOF' from project 'AgendaHOF')
    cd /Users/nicolas/Documents/aplicativos-sites/AgendaHOF-iOS
    

SwiftCompile normal arm64 /Users/nicolas/Documents/aplicativos-sites/AgendaHOF-iOS/ViewModels/AgendaViewModel.swift (in target 'AgendaHOF' from project 'AgendaHOF')
    cd /Users/nicolas/Documents/aplicativos-sites/AgendaHOF-iOS
    

SwiftCompile normal arm64 /Users/nicolas/Documents/aplicativos-sites/AgendaHOF-iOS/Models/Appointment.swift (in target 'AgendaHOF' from project 'AgendaHOF')
    cd /Users/nicolas/Documents/aplicativos-sites/AgendaHOF-iOS
    

SwiftCompile normal arm64 /Users/nicolas/Documents/aplicativos-sites/AgendaHOF-iOS/Services/AppointmentService.swift (in target 'AgendaHOF' from project 'AgendaHOF')
    cd /Users/nicolas/Documents/aplicativos-sites/AgendaHOF-iOS
    

SwiftCompile normal arm64 Compiling\ AuthViewModel.swift,\ AvatarView.swift,\ CalendarDayView.swift,\ CalendarPagingContainer.swift,\ CalendarTimeGrid.swift,\ CalendarWeekView.swift,\ Color+Extensions.swift /Users/nicolas/Documents/aplicativos-sites/AgendaHOF-iOS/ViewModels/AuthViewModel.swift /Users/nicolas/Documents/aplicativos-sites/AgendaHOF-iOS/Views/Components/AvatarView.swift /Users/nicolas/Documents/aplicativos-sites/AgendaHOF-iOS/Views/Calendar/CalendarDayView.swift /Users/nicolas/Documents/aplicativos-sites/AgendaHOF-iOS/Views/Calendar/CalendarPagingContainer.swift /Users/nicolas/Documents/aplicativos-sites/AgendaHOF-iOS/Views/Calendar/CalendarTimeGrid.swift /Users/nicolas/Documents/aplicativos-sites/AgendaHOF-iOS/Views/Calendar/CalendarWeekView.swift /Users/nicolas/Documents/aplicativos-sites/AgendaHOF-iOS/Core/Extensions/Color+Extensions.swift (in target 'AgendaHOF' from project 'AgendaHOF')
SwiftCompile normal arm64 /Users/nicolas/Documents/aplicativos-sites/AgendaHOF-iOS/ViewModels/AuthViewModel.swift (in target 'AgendaHOF' from project 'AgendaHOF')
    cd /Users/nicolas/Documents/aplicativos-sites/AgendaHOF-iOS
    

SwiftCompile normal arm64 /Users/nicolas/Documents/aplicativos-sites/AgendaHOF-iOS/Views/Components/AvatarView.swift (in target 'AgendaHOF' from project 'AgendaHOF')
    cd /Users/nicolas/Documents/aplicativos-sites/AgendaHOF-iOS
    

SwiftCompile normal arm64 /Users/nicolas/Documents/aplicativos-sites/AgendaHOF-iOS/Views/Calendar/CalendarDayView.swift (in target 'AgendaHOF' from project 'AgendaHOF')
    cd /Users/nicolas/Documents/aplicativos-sites/AgendaHOF-iOS
    

SwiftCompile normal arm64 /Users/nicolas/Documents/aplicativos-sites/AgendaHOF-iOS/Views/Calendar/CalendarPagingContainer.swift (in target 'AgendaHOF' from project 'AgendaHOF')
    cd /Users/nicolas/Documents/aplicativos-sites/AgendaHOF-iOS
    

SwiftCompile normal arm64 /Users/nicolas/Documents/aplicativos-sites/AgendaHOF-iOS/Views/Calendar/CalendarTimeGrid.swift (in target 'AgendaHOF' from project 'AgendaHOF')
    cd /Users/nicolas/Documents/aplicativos-sites/AgendaHOF-iOS
    

SwiftCompile normal arm64 /Users/nicolas/Documents/aplicativos-sites/AgendaHOF-iOS/Views/Calendar/CalendarWeekView.swift (in target 'AgendaHOF' from project 'AgendaHOF')
    cd /Users/nicolas/Documents/aplicativos-sites/AgendaHOF-iOS
    

SwiftCompile normal arm64 /Users/nicolas/Documents/aplicativos-sites/AgendaHOF-iOS/Core/Extensions/Color+Extensions.swift (in target 'AgendaHOF' from project 'AgendaHOF')
    cd /Users/nicolas/Documents/aplicativos-sites/AgendaHOF-iOS
    

SwiftCompile normal arm64 Compiling\ Formatters.swift,\ Appointment+Widget.swift,\ KeychainManager.swift,\ LoadingView.swift,\ LoginView.swift,\ MainTabView.swift,\ NewAppointmentView.swift /Users/nicolas/Documents/aplicativos-sites/AgendaHOF-iOS/Utilities/Formatters.swift /Users/nicolas/Documents/aplicativos-sites/AgendaHOF-iOS/Shared/Appointment+Widget.swift /Users/nicolas/Documents/aplicativos-sites/AgendaHOF-iOS/Core/Storage/KeychainManager.swift /Users/nicolas/Documents/aplicativos-sites/AgendaHOF-iOS/Views/Components/LoadingView.swift /Users/nicolas/Documents/aplicativos-sites/AgendaHOF-iOS/Views/Auth/LoginView.swift /Users/nicolas/Documents/aplicativos-sites/AgendaHOF-iOS/Views/MainTabView.swift /Users/nicolas/Documents/aplicativos-sites/AgendaHOF-iOS/Views/Agenda/NewAppointmentView.swift (in target 'AgendaHOF' from project 'AgendaHOF')

SwiftCompile normal arm64 /Users/nicolas/Documents/aplicativos-sites/AgendaHOF-iOS/Utilities/Formatters.swift (in target 'AgendaHOF' from project 'AgendaHOF')
    cd /Users/nicolas/Documents/aplicativos-sites/AgendaHOF-iOS
    

SwiftCompile normal arm64 /Users/nicolas/Documents/aplicativos-sites/AgendaHOF-iOS/Shared/Appointment+Widget.swift (in target 'AgendaHOF' from project 'AgendaHOF')
    cd /Users/nicolas/Documents/aplicativos-sites/AgendaHOF-iOS
    

SwiftCompile normal arm64 /Users/nicolas/Documents/aplicativos-sites/AgendaHOF-iOS/Core/Storage/KeychainManager.swift (in target 'AgendaHOF' from project 'AgendaHOF')
    cd /Users/nicolas/Documents/aplicativos-sites/AgendaHOF-iOS
    

SwiftCompile normal arm64 /Users/nicolas/Documents/aplicativos-sites/AgendaHOF-iOS/Views/Components/LoadingView.swift (in target 'AgendaHOF' from project 'AgendaHOF')
    cd /Users/nicolas/Documents/aplicativos-sites/AgendaHOF-iOS
    

SwiftCompile normal arm64 /Users/nicolas/Documents/aplicativos-sites/AgendaHOF-iOS/Views/Auth/LoginView.swift (in target 'AgendaHOF' from project 'AgendaHOF')
    cd /Users/nicolas/Documents/aplicativos-sites/AgendaHOF-iOS
    

SwiftCompile normal arm64 /Users/nicolas/Documents/aplicativos-sites/AgendaHOF-iOS/Views/MainTabView.swift (in target 'AgendaHOF' from project 'AgendaHOF')
    cd /Users/nicolas/Documents/aplicativos-sites/AgendaHOF-iOS
    

SwiftCompile normal arm64 /Users/nicolas/Documents/aplicativos-sites/AgendaHOF-iOS/Views/Agenda/NewAppointmentView.swift (in target 'AgendaHOF' from project 'AgendaHOF')
    cd /Users/nicolas/Documents/aplicativos-sites/AgendaHOF-iOS
    

SwiftCompile normal arm64 Compiling\ AppLogger.swift,\ SubscriptionTypes.swift,\ UserSubscription.swift,\ SubscriptionManager.swift,\ SubscriptionLogic.swift,\ CalendarConstants.swift /Users/nicolas/Documents/aplicativos-sites/AgendaHOF-iOS/Core/Utils/AppLogger.swift /Users/nicolas/Documents/aplicativos-sites/AgendaHOF-iOS/Models/SubscriptionTypes.swift /Users/nicolas/Documents/aplicativos-sites/AgendaHOF-iOS/Models/UserSubscription.swift /Users/nicolas/Documents/aplicativos-sites/AgendaHOF-iOS/Services/SubscriptionManager.swift /Users/nicolas/Documents/aplicativos-sites/AgendaHOF-iOS/Core/Logic/SubscriptionLogic.swift /Users/nicolas/Documents/aplicativos-sites/AgendaHOF-iOS/Views/Calendar/CalendarConstants.swift (in target 'AgendaHOF' from project 'AgendaHOF')

SwiftCompile normal arm64 /Users/nicolas/Documents/aplicativos-sites/AgendaHOF-iOS/Core/Utils/AppLogger.swift (in target 'AgendaHOF' from project 'AgendaHOF')
    cd /Users/nicolas/Documents/aplicativos-sites/AgendaHOF-iOS
    

SwiftCompile normal arm64 /Users/nicolas/Documents/aplicativos-sites/AgendaHOF-iOS/Models/SubscriptionTypes.swift (in target 'AgendaHOF' from project 'AgendaHOF')
    cd /Users/nicolas/Documents/aplicativos-sites/AgendaHOF-iOS
    

SwiftCompile normal arm64 /Users/nicolas/Documents/aplicativos-sites/AgendaHOF-iOS/Models/UserSubscription.swift (in target 'AgendaHOF' from project 'AgendaHOF')
    cd /Users/nicolas/Documents/aplicativos-sites/AgendaHOF-iOS
    

SwiftCompile normal arm64 /Users/nicolas/Documents/aplicativos-sites/AgendaHOF-iOS/Services/SubscriptionManager.swift (in target 'AgendaHOF' from project 'AgendaHOF')
    cd /Users/nicolas/Documents/aplicativos-sites/AgendaHOF-iOS
    

SwiftCompile normal arm64 /Users/nicolas/Documents/aplicativos-sites/AgendaHOF-iOS/Core/Logic/SubscriptionLogic.swift (in target 'AgendaHOF' from project 'AgendaHOF')
    cd /Users/nicolas/Documents/aplicativos-sites/AgendaHOF-iOS
    

SwiftCompile normal arm64 /Users/nicolas/Documents/aplicativos-sites/AgendaHOF-iOS/Views/Calendar/CalendarConstants.swift (in target 'AgendaHOF' from project 'AgendaHOF')
    cd /Users/nicolas/Documents/aplicativos-sites/AgendaHOF-iOS
    

SwiftCompile normal arm64 Compiling\ SupportView.swift,\ WeekDayColumnView.swift,\ WeekDayHeaderCell.swift,\ WeekEventCardView.swift,\ WeekRecurringBlockSegmentView.swift,\ GeneratedAssetSymbols.swift /Users/nicolas/Documents/aplicativos-sites/AgendaHOF-iOS/Views/Settings/SupportView.swift /Users/nicolas/Documents/aplicativos-sites/AgendaHOF-iOS/Views/Calendar/WeekDayColumnView.swift /Users/nicolas/Documents/aplicativos-sites/AgendaHOF-iOS/Views/Calendar/WeekDayHeaderCell.swift /Users/nicolas/Documents/aplicativos-sites/AgendaHOF-iOS/Views/Calendar/WeekEventCardView.swift /Users/nicolas/Documents/aplicativos-sites/AgendaHOF-iOS/Views/Calendar/WeekRecurringBlockSegmentView.swift /Users/nicolas/Library/Developer/Xcode/DerivedData/AgendaHOF-bvieputxojihcqchgwytombtvhqx/Build/Intermediates.noindex/AgendaHOF.build/Debug-iphonesimulator/AgendaHOF.build/DerivedSources/GeneratedAssetSymbols.swift (in target 'AgendaHOF' from project 'AgendaHOF')

SwiftCompile normal arm64 /Users/nicolas/Documents/aplicativos-sites/AgendaHOF-iOS/Views/Settings/SupportView.swift (in target 'AgendaHOF' from project 'AgendaHOF')
    cd /Users/nicolas/Documents/aplicativos-sites/AgendaHOF-iOS
    

SwiftCompile normal arm64 /Users/nicolas/Documents/aplicativos-sites/AgendaHOF-iOS/Views/Calendar/WeekDayColumnView.swift (in target 'AgendaHOF' from project 'AgendaHOF')
    cd /Users/nicolas/Documents/aplicativos-sites/AgendaHOF-iOS
    

SwiftCompile normal arm64 /Users/nicolas/Documents/aplicativos-sites/AgendaHOF-iOS/Views/Calendar/WeekDayHeaderCell.swift (in target 'AgendaHOF' from project 'AgendaHOF')
    cd /Users/nicolas/Documents/aplicativos-sites/AgendaHOF-iOS
    
/Users/nicolas/Documents/aplicativos-sites/AgendaHOF-iOS/Views/Calendar/WeekDayHeaderCell.swift:101:6: warning: previewLayout is ignored in a #Preview macro. Use the `traits` argument of the macro to provide the desired layout, e.g. `.sizeThatFitsLayout. (from macro 'Preview')
    .previewLayout(.sizeThatFits)
     ^

SwiftCompile normal arm64 /Users/nicolas/Documents/aplicativos-sites/AgendaHOF-iOS/Views/Calendar/WeekEventCardView.swift (in target 'AgendaHOF' from project 'AgendaHOF')
    cd /Users/nicolas/Documents/aplicativos-sites/AgendaHOF-iOS
    

SwiftCompile normal arm64 /Users/nicolas/Documents/aplicativos-sites/AgendaHOF-iOS/Views/Calendar/WeekRecurringBlockSegmentView.swift (in target 'AgendaHOF' from project 'AgendaHOF')
    cd /Users/nicolas/Documents/aplicativos-sites/AgendaHOF-iOS
    

SwiftCompile normal arm64 /Users/nicolas/Library/Developer/Xcode/DerivedData/AgendaHOF-bvieputxojihcqchgwytombtvhqx/Build/Intermediates.noindex/AgendaHOF.build/Debug-iphonesimulator/AgendaHOF.build/DerivedSources/GeneratedAssetSymbols.swift (in target 'AgendaHOF' from project 'AgendaHOF')
    cd /Users/nicolas/Documents/aplicativos-sites/AgendaHOF-iOS
    

SwiftCompile normal arm64 Compiling\ SupabaseManager.swift,\ WidgetAppointment.swift,\ ToastView.swift,\ PasswordStrengthIndicator.swift,\ ResetPasswordView.swift,\ UserProfile.swift /Users/nicolas/Documents/aplicativos-sites/AgendaHOF-iOS/Core/Network/SupabaseManager.swift /Users/nicolas/Documents/aplicativos-sites/AgendaHOF-iOS/Shared/WidgetAppointment.swift /Users/nicolas/Documents/aplicativos-sites/AgendaHOF-iOS/Views/Components/ToastView.swift /Users/nicolas/Documents/aplicativos-sites/AgendaHOF-iOS/Views/Auth/PasswordStrengthIndicator.swift /Users/nicolas/Documents/aplicativos-sites/AgendaHOF-iOS/Views/Auth/ResetPasswordView.swift /Users/nicolas/Documents/aplicativos-sites/AgendaHOF-iOS/Models/UserProfile.swift (in target 'AgendaHOF' from project 'AgendaHOF')

SwiftCompile normal arm64 /Users/nicolas/Documents/aplicativos-sites/AgendaHOF-iOS/Core/Network/SupabaseManager.swift (in target 'AgendaHOF' from project 'AgendaHOF')
    cd /Users/nicolas/Documents/aplicativos-sites/AgendaHOF-iOS
    

SwiftCompile normal arm64 /Users/nicolas/Documents/aplicativos-sites/AgendaHOF-iOS/Shared/WidgetAppointment.swift (in target 'AgendaHOF' from project 'AgendaHOF')
    cd /Users/nicolas/Documents/aplicativos-sites/AgendaHOF-iOS
    

SwiftCompile normal arm64 /Users/nicolas/Documents/aplicativos-sites/AgendaHOF-iOS/Views/Components/ToastView.swift (in target 'AgendaHOF' from project 'AgendaHOF')
    cd /Users/nicolas/Documents/aplicativos-sites/AgendaHOF-iOS
    

SwiftCompile normal arm64 /Users/nicolas/Documents/aplicativos-sites/AgendaHOF-iOS/Views/Auth/PasswordStrengthIndicator.swift (in target 'AgendaHOF' from project 'AgendaHOF')
    cd /Users/nicolas/Documents/aplicativos-sites/AgendaHOF-iOS
    

SwiftCompile normal arm64 /Users/nicolas/Documents/aplicativos-sites/AgendaHOF-iOS/Views/Auth/ResetPasswordView.swift (in target 'AgendaHOF' from project 'AgendaHOF')
    cd /Users/nicolas/Documents/aplicativos-sites/AgendaHOF-iOS
    

SwiftCompile normal arm64 /Users/nicolas/Documents/aplicativos-sites/AgendaHOF-iOS/Models/UserProfile.swift (in target 'AgendaHOF' from project 'AgendaHOF')
    cd /Users/nicolas/Documents/aplicativos-sites/AgendaHOF-iOS
    

SwiftEmitModule normal arm64 Emitting\ module\ for\ AgendaHOF (in target 'AgendaHOF' from project 'AgendaHOF')

EmitSwiftModule normal arm64 (in target 'AgendaHOF' from project 'AgendaHOF')
    cd /Users/nicolas/Documents/aplicativos-sites/AgendaHOF-iOS
    
/Users/nicolas/Documents/aplicativos-sites/AgendaHOF-iOS/Views/Calendar/WeekDayHeaderCell.swift:101:6: warning: previewLayout is ignored in a #Preview macro. Use the `traits` argument of the macro to provide the desired layout, e.g. `.sizeThatFitsLayout. (from macro 'Preview')
    .previewLayout(.sizeThatFits)
     ^

SwiftDriverJobDiscovery normal arm64 Compiling AuthAdmin.swift, AuthAdminOAuth.swift, AuthClient.swift (in target 'Auth' from project 'Supabase')

SwiftCompile normal arm64 Compiling\ WeekAgendaView.swift,\ InactivePatient.swift,\ InactivePatientsViewModel.swift,\ InactivePatientsView.swift,\ Constants.swift,\ DeepLinkManager.swift /Users/nicolas/Documents/aplicativos-sites/AgendaHOF-iOS/Views/Agenda/WeekAgendaView.swift /Users/nicolas/Documents/aplicativos-sites/AgendaHOF-iOS/Models/InactivePatient.swift /Users/nicolas/Documents/aplicativos-sites/AgendaHOF-iOS/ViewModels/InactivePatientsViewModel.swift /Users/nicolas/Documents/aplicativos-sites/AgendaHOF-iOS/Views/Settings/InactivePatientsView.swift /Users/nicolas/Documents/aplicativos-sites/AgendaHOF-iOS/Core/Constants.swift /Users/nicolas/Documents/aplicativos-sites/AgendaHOF-iOS/Services/DeepLinkManager.swift (in target 'AgendaHOF' from project 'AgendaHOF')

SwiftCompile normal arm64 /Users/nicolas/Documents/aplicativos-sites/AgendaHOF-iOS/Views/Agenda/WeekAgendaView.swift (in target 'AgendaHOF' from project 'AgendaHOF')
    cd /Users/nicolas/Documents/aplicativos-sites/AgendaHOF-iOS
    

SwiftCompile normal arm64 /Users/nicolas/Documents/aplicativos-sites/AgendaHOF-iOS/Models/InactivePatient.swift (in target 'AgendaHOF' from project 'AgendaHOF')
    cd /Users/nicolas/Documents/aplicativos-sites/AgendaHOF-iOS
    

SwiftCompile normal arm64 /Users/nicolas/Documents/aplicativos-sites/AgendaHOF-iOS/ViewModels/InactivePatientsViewModel.swift (in target 'AgendaHOF' from project 'AgendaHOF')
    cd /Users/nicolas/Documents/aplicativos-sites/AgendaHOF-iOS
    

SwiftCompile normal arm64 /Users/nicolas/Documents/aplicativos-sites/AgendaHOF-iOS/Views/Settings/InactivePatientsView.swift (in target 'AgendaHOF' from project 'AgendaHOF')
    cd /Users/nicolas/Documents/aplicativos-sites/AgendaHOF-iOS
    

SwiftCompile normal arm64 /Users/nicolas/Documents/aplicativos-sites/AgendaHOF-iOS/Core/Constants.swift (in target 'AgendaHOF' from project 'AgendaHOF')
    cd /Users/nicolas/Documents/aplicativos-sites/AgendaHOF-iOS
    

SwiftCompile normal arm64 /Users/nicolas/Documents/aplicativos-sites/AgendaHOF-iOS/Services/DeepLinkManager.swift (in target 'AgendaHOF' from project 'AgendaHOF')
    cd /Users/nicolas/Documents/aplicativos-sites/AgendaHOF-iOS
    

SwiftDriverJobDiscovery normal arm64 Compiling AppLogger.swift, SubscriptionTypes.swift, UserSubscription.swift, SubscriptionManager.swift, SubscriptionLogic.swift, CalendarConstants.swift (in target 'AgendaHOF' from project 'AgendaHOF')

SwiftCompile normal arm64 Compiling\ Procedure.swift,\ Professional.swift,\ ProfessionalService.swift,\ RecurringBlock.swift,\ SettingsView.swift,\ SignUpView.swift,\ String+Extensions.swift /Users/nicolas/Documents/aplicativos-sites/AgendaHOF-iOS/Models/Procedure.swift /Users/nicolas/Documents/aplicativos-sites/AgendaHOF-iOS/Models/Professional.swift /Users/nicolas/Documents/aplicativos-sites/AgendaHOF-iOS/Services/ProfessionalService.swift /Users/nicolas/Documents/aplicativos-sites/AgendaHOF-iOS/Models/RecurringBlock.swift /Users/nicolas/Documents/aplicativos-sites/AgendaHOF-iOS/Views/Settings/SettingsView.swift /Users/nicolas/Documents/aplicativos-sites/AgendaHOF-iOS/Views/Auth/SignUpView.swift /Users/nicolas/Documents/aplicativos-sites/AgendaHOF-iOS/Core/Extensions/String+Extensions.swift (in target 'AgendaHOF' from project 'AgendaHOF')

SwiftCompile normal arm64 /Users/nicolas/Documents/aplicativos-sites/AgendaHOF-iOS/Models/Procedure.swift (in target 'AgendaHOF' from project 'AgendaHOF')
    cd /Users/nicolas/Documents/aplicativos-sites/AgendaHOF-iOS
    

SwiftCompile normal arm64 /Users/nicolas/Documents/aplicativos-sites/AgendaHOF-iOS/Models/Professional.swift (in target 'AgendaHOF' from project 'AgendaHOF')
    cd /Users/nicolas/Documents/aplicativos-sites/AgendaHOF-iOS
    

SwiftCompile normal arm64 /Users/nicolas/Documents/aplicativos-sites/AgendaHOF-iOS/Services/ProfessionalService.swift (in target 'AgendaHOF' from project 'AgendaHOF')
    cd /Users/nicolas/Documents/aplicativos-sites/AgendaHOF-iOS
    

SwiftCompile normal arm64 /Users/nicolas/Documents/aplicativos-sites/AgendaHOF-iOS/Models/RecurringBlock.swift (in target 'AgendaHOF' from project 'AgendaHOF')
    cd /Users/nicolas/Documents/aplicativos-sites/AgendaHOF-iOS
    

SwiftCompile normal arm64 /Users/nicolas/Documents/aplicativos-sites/AgendaHOF-iOS/Views/Settings/SettingsView.swift (in target 'AgendaHOF' from project 'AgendaHOF')
    cd /Users/nicolas/Documents/aplicativos-sites/AgendaHOF-iOS
    

SwiftCompile normal arm64 /Users/nicolas/Documents/aplicativos-sites/AgendaHOF-iOS/Views/Auth/SignUpView.swift (in target 'AgendaHOF' from project 'AgendaHOF')
    cd /Users/nicolas/Documents/aplicativos-sites/AgendaHOF-iOS
    

SwiftCompile normal arm64 /Users/nicolas/Documents/aplicativos-sites/AgendaHOF-iOS/Core/Extensions/String+Extensions.swift (in target 'AgendaHOF' from project 'AgendaHOF')
    cd /Users/nicolas/Documents/aplicativos-sites/AgendaHOF-iOS
    

LinkAssetCatalog /Users/nicolas/Documents/aplicativos-sites/AgendaHOF-iOS/Assets.xcassets (in target 'AgendaHOF' from project 'AgendaHOF')
    cd /Users/nicolas/Documents/aplicativos-sites/AgendaHOF-iOS
    builtin-linkAssetCatalog --thinned /Users/nicolas/Library/Developer/Xcode/DerivedData/AgendaHOF-bvieputxojihcqchgwytombtvhqx/Build/Intermediates.noindex/AgendaHOF.build/Debug-iphonesimulator/AgendaHOF.build/assetcatalog_output/thinned --thinned-dependencies /Users/nicolas/Library/Developer/Xcode/DerivedData/AgendaHOF-bvieputxojihcqchgwytombtvhqx/Build/Intermediates.noindex/AgendaHOF.build/Debug-iphonesimulator/AgendaHOF.build/assetcatalog_dependencies_thinned --thinned-info-plist-content /Users/nicolas/Library/Developer/Xcode/DerivedData/AgendaHOF-bvieputxojihcqchgwytombtvhqx/Build/Intermediates.noindex/AgendaHOF.build/Debug-iphonesimulator/AgendaHOF.build/assetcatalog_generated_info.plist_thinned --unthinned /Users/nicolas/Library/Developer/Xcode/DerivedData/AgendaHOF-bvieputxojihcqchgwytombtvhqx/Build/Intermediates.noindex/AgendaHOF.build/Debug-iphonesimulator/AgendaHOF.build/assetcatalog_output/unthinned --unthinned-dependencies /Users/nicolas/Library/Developer/Xcode/DerivedData/AgendaHOF-bvieputxojihcqchgwytombtvhqx/Build/Intermediates.noindex/AgendaHOF.build/Debug-iphonesimulator/AgendaHOF.build/assetcatalog_dependencies_unthinned --unthinned-info-plist-content /Users/nicolas/Library/Developer/Xcode/DerivedData/AgendaHOF-bvieputxojihcqchgwytombtvhqx/Build/Intermediates.noindex/AgendaHOF.build/Debug-iphonesimulator/AgendaHOF.build/assetcatalog_generated_info.plist_unthinned --output /Users/nicolas/Library/Developer/Xcode/DerivedData/AgendaHOF-bvieputxojihcqchgwytombtvhqx/Build/Products/Debug-iphonesimulator/AgendaHOF.app --plist-output /Users/nicolas/Library/Developer/Xcode/DerivedData/AgendaHOF-bvieputxojihcqchgwytombtvhqx/Build/Intermediates.noindex/AgendaHOF.build/Debug-iphonesimulator/AgendaHOF.build/assetcatalog_generated_info.plist
note: Emplaced /Users/nicolas/Library/Developer/Xcode/DerivedData/AgendaHOF-bvieputxojihcqchgwytombtvhqx/Build/Products/Debug-iphonesimulator/AgendaHOF.app/AppIcon60x60@2x.png (in target 'AgendaHOF' from project 'AgendaHOF')
note: Emplaced /Users/nicolas/Library/Developer/Xcode/DerivedData/AgendaHOF-bvieputxojihcqchgwytombtvhqx/Build/Products/Debug-iphonesimulator/AgendaHOF.app/Assets.car (in target 'AgendaHOF' from project 'AgendaHOF')
note: Emplaced /Users/nicolas/Library/Developer/Xcode/DerivedData/AgendaHOF-bvieputxojihcqchgwytombtvhqx/Build/Products/Debug-iphonesimulator/AgendaHOF.app/AppIcon76x76@2x~ipad.png (in target 'AgendaHOF' from project 'AgendaHOF')

SwiftDriverJobDiscovery normal arm64 Compiling SupportView.swift, WeekDayColumnView.swift, WeekDayHeaderCell.swift, WeekEventCardView.swift, WeekRecurringBlockSegmentView.swift, GeneratedAssetSymbols.swift (in target 'AgendaHOF' from project 'AgendaHOF')

SwiftCompile normal arm64 Compiling\ NewRecurringBlockView.swift,\ NotificationManager.swift,\ OverlapLayoutEngine.swift,\ Patient.swift,\ PatientDetailView.swift,\ PatientService.swift,\ PatientsListView.swift /Users/nicolas/Documents/aplicativos-sites/AgendaHOF-iOS/Views/Agenda/NewRecurringBlockView.swift /Users/nicolas/Documents/aplicativos-sites/AgendaHOF-iOS/Services/NotificationManager.swift /Users/nicolas/Documents/aplicativos-sites/AgendaHOF-iOS/Views/Calendar/OverlapLayoutEngine.swift /Users/nicolas/Documents/aplicativos-sites/AgendaHOF-iOS/Models/Patient.swift /Users/nicolas/Documents/aplicativos-sites/AgendaHOF-iOS/Views/Patients/PatientDetailView.swift /Users/nicolas/Documents/aplicativos-sites/AgendaHOF-iOS/Services/PatientService.swift /Users/nicolas/Documents/aplicativos-sites/AgendaHOF-iOS/Views/Patients/PatientsListView.swift (in target 'AgendaHOF' from project 'AgendaHOF')

SwiftCompile normal arm64 /Users/nicolas/Documents/aplicativos-sites/AgendaHOF-iOS/Views/Agenda/NewRecurringBlockView.swift (in target 'AgendaHOF' from project 'AgendaHOF')
    cd /Users/nicolas/Documents/aplicativos-sites/AgendaHOF-iOS
    

SwiftCompile normal arm64 /Users/nicolas/Documents/aplicativos-sites/AgendaHOF-iOS/Services/NotificationManager.swift (in target 'AgendaHOF' from project 'AgendaHOF')
    cd /Users/nicolas/Documents/aplicativos-sites/AgendaHOF-iOS
    

SwiftCompile normal arm64 /Users/nicolas/Documents/aplicativos-sites/AgendaHOF-iOS/Views/Calendar/OverlapLayoutEngine.swift (in target 'AgendaHOF' from project 'AgendaHOF')
    cd /Users/nicolas/Documents/aplicativos-sites/AgendaHOF-iOS
    

SwiftCompile normal arm64 /Users/nicolas/Documents/aplicativos-sites/AgendaHOF-iOS/Models/Patient.swift (in target 'AgendaHOF' from project 'AgendaHOF')
    cd /Users/nicolas/Documents/aplicativos-sites/AgendaHOF-iOS
    

SwiftCompile normal arm64 /Users/nicolas/Documents/aplicativos-sites/AgendaHOF-iOS/Views/Patients/PatientDetailView.swift (in target 'AgendaHOF' from project 'AgendaHOF')
    cd /Users/nicolas/Documents/aplicativos-sites/AgendaHOF-iOS
    

SwiftCompile normal arm64 /Users/nicolas/Documents/aplicativos-sites/AgendaHOF-iOS/Services/PatientService.swift (in target 'AgendaHOF' from project 'AgendaHOF')
    cd /Users/nicolas/Documents/aplicativos-sites/AgendaHOF-iOS
    

SwiftCompile normal arm64 /Users/nicolas/Documents/aplicativos-sites/AgendaHOF-iOS/Views/Patients/PatientsListView.swift (in target 'AgendaHOF' from project 'AgendaHOF')
    cd /Users/nicolas/Documents/aplicativos-sites/AgendaHOF-iOS
    

SwiftDriverJobDiscovery normal arm64 Emitting module for AgendaHOF (in target 'AgendaHOF' from project 'AgendaHOF')

SwiftDriver\ Compilation\ Requirements AgendaHOF normal arm64 com.apple.xcode.tools.swift.compiler (in target 'AgendaHOF' from project 'AgendaHOF')
    cd /Users/nicolas/Documents/aplicativos-sites/AgendaHOF-iOS
    builtin-Swift-Compilation-Requirements -- /Applications/Xcode.app/Contents/Developer/Toolchains/XcodeDefault.xctoolchain/usr/bin/swiftc -module-name AgendaHOF -Onone -enforce-exclusivity\=checked @/Users/nicolas/Library/Developer/Xcode/DerivedData/AgendaHOF-bvieputxojihcqchgwytombtvhqx/Build/Intermediates.noindex/AgendaHOF.build/Debug-iphonesimulator/AgendaHOF.build/Objects-normal/arm64/AgendaHOF.SwiftFileList -DDEBUG -enable-bare-slash-regex -enable-experimental-feature DebugDescriptionMacro -sdk /Applications/Xcode.app/Contents/Developer/Platforms/iPhoneSimulator.platform/Developer/SDKs/iPhoneSimulator26.2.sdk -target arm64-apple-ios17.0-simulator -g -module-cache-path /Users/nicolas/Library/Developer/Xcode/DerivedData/ModuleCache.noindex -Xfrontend -serialize-debugging-options -profile-coverage-mapping -profile-generate -enable-testing -index-store-path /Users/nicolas/Library/Developer/Xcode/DerivedData/AgendaHOF-bvieputxojihcqchgwytombtvhqx/Index.noindex/DataStore -Xcc -D_LIBCPP_HARDENING_MODE\=_LIBCPP_HARDENING_MODE_DEBUG -swift-version 5 -I /Users/nicolas/Library/Developer/Xcode/DerivedData/AgendaHOF-bvieputxojihcqchgwytombtvhqx/Build/Products/Debug-iphonesimulator -F /Users/nicolas/Library/Developer/Xcode/DerivedData/AgendaHOF-bvieputxojihcqchgwytombtvhqx/Build/Products/Debug-iphonesimulator/PackageFrameworks -F /Users/nicolas/Library/Developer/Xcode/DerivedData/AgendaHOF-bvieputxojihcqchgwytombtvhqx/Build/Products/Debug-iphonesimulator/PackageFrameworks -F /Users/nicolas/Library/Developer/Xcode/DerivedData/AgendaHOF-bvieputxojihcqchgwytombtvhqx/Build/Products/Debug-iphonesimulator/PackageFrameworks -F /Users/nicolas/Library/Developer/Xcode/DerivedData/AgendaHOF-bvieputxojihcqchgwytombtvhqx/Build/Products/Debug-iphonesimulator/PackageFrameworks -F /Users/nicolas/Library/Developer/Xcode/DerivedData/AgendaHOF-bvieputxojihcqchgwytombtvhqx/Build/Products/Debug-iphonesimulator/PackageFrameworks -F /Users/nicolas/Library/Developer/Xcode/DerivedData/AgendaHOF-bvieputxojihcqchgwytombtvhqx/Build/Products/Debug-iphonesimulator/PackageFrameworks -F /Users/nicolas/Library/Developer/Xcode/DerivedData/AgendaHOF-bvieputxojihcqchgwytombtvhqx/Build/Products/Debug-iphonesimulator/PackageFrameworks -F /Users/nicolas/Library/Developer/Xcode/DerivedData/AgendaHOF-bvieputxojihcqchgwytombtvhqx/Build/Products/Debug-iphonesimulator/PackageFrameworks -F /Users/nicolas/Library/Developer/Xcode/DerivedData/AgendaHOF-bvieputxojihcqchgwytombtvhqx/Build/Products/Debug-iphonesimulator/PackageFrameworks -F /Users/nicolas/Library/Developer/Xcode/DerivedData/AgendaHOF-bvieputxojihcqchgwytombtvhqx/Build/Products/Debug-iphonesimulator/PackageFrameworks -F /Users/nicolas/Library/Developer/Xcode/DerivedData/AgendaHOF-bvieputxojihcqchgwytombtvhqx/Build/Products/Debug-iphonesimulator/PackageFrameworks -F /Users/nicolas/Library/Developer/Xcode/DerivedData/AgendaHOF-bvieputxojihcqchgwytombtvhqx/Build/Products/Debug-iphonesimulator/PackageFrameworks -F /Users/nicolas/Library/Developer/Xcode/DerivedData/AgendaHOF-bvieputxojihcqchgwytombtvhqx/Build/Products/Debug-iphonesimulator/PackageFrameworks -F /Users/nicolas/Library/Developer/Xcode/DerivedData/AgendaHOF-bvieputxojihcqchgwytombtvhqx/Build/Products/Debug-iphonesimulator/PackageFrameworks -F /Users/nicolas/Library/Developer/Xcode/DerivedData/AgendaHOF-bvieputxojihcqchgwytombtvhqx/Build/Products/Debug-iphonesimulator -emit-localized-strings -emit-localized-strings-path /Users/nicolas/Library/Developer/Xcode/DerivedData/AgendaHOF-bvieputxojihcqchgwytombtvhqx/Build/Intermediates.noindex/AgendaHOF.build/Debug-iphonesimulator/AgendaHOF.build/Objects-normal/arm64 -c -j10 -enable-batch-mode -incremental -Xcc -ivfsstatcache -Xcc /Users/nicolas/Library/Developer/Xcode/DerivedData/SDKStatCaches.noindex/iphonesimulator26.2-23C53-7d00a8b37fbd7999ea79df8ebc024bf0.sdkstatcache -output-file-map /Users/nicolas/Library/Developer/Xcode/DerivedData/AgendaHOF-bvieputxojihcqchgwytombtvhqx/Build/Intermediates.noindex/AgendaHOF.build/Debug-iphonesimulator/AgendaHOF.build/Objects-normal/arm64/AgendaHOF-OutputFileMap.json -use-frontend-parseable-output -save-temps -no-color-diagnostics -explicit-module-build -module-cache-path /Users/nicolas/Library/Developer/Xcode/DerivedData/AgendaHOF-bvieputxojihcqchgwytombtvhqx/Build/Intermediates.noindex/SwiftExplicitPrecompiledModules -clang-scanner-module-cache-path /Users/nicolas/Library/Developer/Xcode/DerivedData/ModuleCache.noindex -sdk-module-cache-path /Users/nicolas/Library/Developer/Xcode/DerivedData/ModuleCache.noindex -serialize-diagnostics -emit-dependencies -emit-module -emit-module-path /Users/nicolas/Library/Developer/Xcode/DerivedData/AgendaHOF-bvieputxojihcqchgwytombtvhqx/Build/Intermediates.noindex/AgendaHOF.build/Debug-iphonesimulator/AgendaHOF.build/Objects-normal/arm64/AgendaHOF.swiftmodule -validate-clang-modules-once -clang-build-session-file /Users/nicolas/Library/Developer/Xcode/DerivedData/ModuleCache.noindex/Session.modulevalidation -Xcc -I/Users/nicolas/Library/Developer/Xcode/DerivedData/AgendaHOF-bvieputxojihcqchgwytombtvhqx/Build/Intermediates.noindex/AgendaHOF.build/Debug-iphonesimulator/AgendaHOF.build/swift-overrides.hmap -emit-const-values -Xfrontend -const-gather-protocols-file -Xfrontend /Users/nicolas/Library/Developer/Xcode/DerivedData/AgendaHOF-bvieputxojihcqchgwytombtvhqx/Build/Intermediates.noindex/AgendaHOF.build/Debug-iphonesimulator/AgendaHOF.build/Objects-normal/arm64/AgendaHOF_const_extract_protocols.json -Xcc -iquote -Xcc /Users/nicolas/Library/Developer/Xcode/DerivedData/AgendaHOF-bvieputxojihcqchgwytombtvhqx/Build/Intermediates.noindex/AgendaHOF.build/Debug-iphonesimulator/AgendaHOF.build/AgendaHOF-generated-files.hmap -Xcc -I/Users/nicolas/Library/Developer/Xcode/DerivedData/AgendaHOF-bvieputxojihcqchgwytombtvhqx/Build/Intermediates.noindex/AgendaHOF.build/Debug-iphonesimulator/AgendaHOF.build/AgendaHOF-own-target-headers.hmap -Xcc -I/Users/nicolas/Library/Developer/Xcode/DerivedData/AgendaHOF-bvieputxojihcqchgwytombtvhqx/Build/Intermediates.noindex/AgendaHOF.build/Debug-iphonesimulator/AgendaHOF.build/AgendaHOF-all-non-framework-target-headers.hmap -Xcc -ivfsoverlay -Xcc /Users/nicolas/Library/Developer/Xcode/DerivedData/AgendaHOF-bvieputxojihcqchgwytombtvhqx/Build/Intermediates.noindex/AgendaHOF.build/Debug-iphonesimulator/AgendaHOF-cb7e7301b7fbf424cf8053c1d7d82895-VFS-iphonesimulator/all-product-headers.yaml -Xcc -iquote -Xcc /Users/nicolas/Library/Developer/Xcode/DerivedData/AgendaHOF-bvieputxojihcqchgwytombtvhqx/Build/Intermediates.noindex/AgendaHOF.build/Debug-iphonesimulator/AgendaHOF.build/AgendaHOF-project-headers.hmap -Xcc -I/Users/nicolas/Library/Developer/Xcode/DerivedData/AgendaHOF-bvieputxojihcqchgwytombtvhqx/Build/Products/Debug-iphonesimulator/include -Xcc -I/Users/nicolas/Library/Developer/Xcode/DerivedData/AgendaHOF-bvieputxojihcqchgwytombtvhqx/Build/Intermediates.noindex/AgendaHOF.build/Debug-iphonesimulator/AgendaHOF.build/DerivedSources-normal/arm64 -Xcc -I/Users/nicolas/Library/Developer/Xcode/DerivedData/AgendaHOF-bvieputxojihcqchgwytombtvhqx/Build/Intermediates.noindex/AgendaHOF.build/Debug-iphonesimulator/AgendaHOF.build/DerivedSources/arm64 -Xcc -I/Users/nicolas/Library/Developer/Xcode/DerivedData/AgendaHOF-bvieputxojihcqchgwytombtvhqx/Build/Intermediates.noindex/AgendaHOF.build/Debug-iphonesimulator/AgendaHOF.build/DerivedSources -Xcc -DDEBUG\=1 -emit-objc-header -emit-objc-header-path /Users/nicolas/Library/Developer/Xcode/DerivedData/AgendaHOF-bvieputxojihcqchgwytombtvhqx/Build/Intermediates.noindex/AgendaHOF.build/Debug-iphonesimulator/AgendaHOF.build/Objects-normal/arm64/AgendaHOF-Swift.h -working-directory /Users/nicolas/Documents/aplicativos-sites/AgendaHOF-iOS -experimental-emit-module-separately -disable-cmo

SwiftMergeGeneratedHeaders /Users/nicolas/Library/Developer/Xcode/DerivedData/AgendaHOF-bvieputxojihcqchgwytombtvhqx/Build/Intermediates.noindex/AgendaHOF.build/Debug-iphonesimulator/AgendaHOF.build/DerivedSources/AgendaHOF-Swift.h /Users/nicolas/Library/Developer/Xcode/DerivedData/AgendaHOF-bvieputxojihcqchgwytombtvhqx/Build/Intermediates.noindex/AgendaHOF.build/Debug-iphonesimulator/AgendaHOF.build/Objects-normal/arm64/AgendaHOF-Swift.h (in target 'AgendaHOF' from project 'AgendaHOF')
    cd /Users/nicolas/Documents/aplicativos-sites/AgendaHOF-iOS
    builtin-swiftHeaderTool -arch arm64 /Users/nicolas/Library/Developer/Xcode/DerivedData/AgendaHOF-bvieputxojihcqchgwytombtvhqx/Build/Intermediates.noindex/AgendaHOF.build/Debug-iphonesimulator/AgendaHOF.build/Objects-normal/arm64/AgendaHOF-Swift.h -o /Users/nicolas/Library/Developer/Xcode/DerivedData/AgendaHOF-bvieputxojihcqchgwytombtvhqx/Build/Intermediates.noindex/AgendaHOF.build/Debug-iphonesimulator/AgendaHOF.build/DerivedSources/AgendaHOF-Swift.h

Copy /Users/nicolas/Library/Developer/Xcode/DerivedData/AgendaHOF-bvieputxojihcqchgwytombtvhqx/Build/Products/Debug-iphonesimulator/AgendaHOF.swiftmodule/arm64-apple-ios-simulator.swiftmodule /Users/nicolas/Library/Developer/Xcode/DerivedData/AgendaHOF-bvieputxojihcqchgwytombtvhqx/Build/Intermediates.noindex/AgendaHOF.build/Debug-iphonesimulator/AgendaHOF.build/Objects-normal/arm64/AgendaHOF.swiftmodule (in target 'AgendaHOF' from project 'AgendaHOF')
    cd /Users/nicolas/Documents/aplicativos-sites/AgendaHOF-iOS
    builtin-copy -exclude .DS_Store -exclude CVS -exclude .svn -exclude .git -exclude .hg -resolve-src-symlinks -rename /Users/nicolas/Library/Developer/Xcode/DerivedData/AgendaHOF-bvieputxojihcqchgwytombtvhqx/Build/Intermediates.noindex/AgendaHOF.build/Debug-iphonesimulator/AgendaHOF.build/Objects-normal/arm64/AgendaHOF.swiftmodule /Users/nicolas/Library/Developer/Xcode/DerivedData/AgendaHOF-bvieputxojihcqchgwytombtvhqx/Build/Products/Debug-iphonesimulator/AgendaHOF.swiftmodule/arm64-apple-ios-simulator.swiftmodule

Copy /Users/nicolas/Library/Developer/Xcode/DerivedData/AgendaHOF-bvieputxojihcqchgwytombtvhqx/Build/Products/Debug-iphonesimulator/AgendaHOF.swiftmodule/arm64-apple-ios-simulator.swiftdoc /Users/nicolas/Library/Developer/Xcode/DerivedData/AgendaHOF-bvieputxojihcqchgwytombtvhqx/Build/Intermediates.noindex/AgendaHOF.build/Debug-iphonesimulator/AgendaHOF.build/Objects-normal/arm64/AgendaHOF.swiftdoc (in target 'AgendaHOF' from project 'AgendaHOF')
    cd /Users/nicolas/Documents/aplicativos-sites/AgendaHOF-iOS
    builtin-copy -exclude .DS_Store -exclude CVS -exclude .svn -exclude .git -exclude .hg -resolve-src-symlinks -rename /Users/nicolas/Library/Developer/Xcode/DerivedData/AgendaHOF-bvieputxojihcqchgwytombtvhqx/Build/Intermediates.noindex/AgendaHOF.build/Debug-iphonesimulator/AgendaHOF.build/Objects-normal/arm64/AgendaHOF.swiftdoc /Users/nicolas/Library/Developer/Xcode/DerivedData/AgendaHOF-bvieputxojihcqchgwytombtvhqx/Build/Products/Debug-iphonesimulator/AgendaHOF.swiftmodule/arm64-apple-ios-simulator.swiftdoc

Copy /Users/nicolas/Library/Developer/Xcode/DerivedData/AgendaHOF-bvieputxojihcqchgwytombtvhqx/Build/Products/Debug-iphonesimulator/AgendaHOF.swiftmodule/arm64-apple-ios-simulator.abi.json /Users/nicolas/Library/Developer/Xcode/DerivedData/AgendaHOF-bvieputxojihcqchgwytombtvhqx/Build/Intermediates.noindex/AgendaHOF.build/Debug-iphonesimulator/AgendaHOF.build/Objects-normal/arm64/AgendaHOF.abi.json (in target 'AgendaHOF' from project 'AgendaHOF')
    cd /Users/nicolas/Documents/aplicativos-sites/AgendaHOF-iOS
    builtin-copy -exclude .DS_Store -exclude CVS -exclude .svn -exclude .git -exclude .hg -resolve-src-symlinks -rename /Users/nicolas/Library/Developer/Xcode/DerivedData/AgendaHOF-bvieputxojihcqchgwytombtvhqx/Build/Intermediates.noindex/AgendaHOF.build/Debug-iphonesimulator/AgendaHOF.build/Objects-normal/arm64/AgendaHOF.abi.json /Users/nicolas/Library/Developer/Xcode/DerivedData/AgendaHOF-bvieputxojihcqchgwytombtvhqx/Build/Products/Debug-iphonesimulator/AgendaHOF.swiftmodule/arm64-apple-ios-simulator.abi.json

Copy /Users/nicolas/Library/Developer/Xcode/DerivedData/AgendaHOF-bvieputxojihcqchgwytombtvhqx/Build/Products/Debug-iphonesimulator/AgendaHOF.swiftmodule/Project/arm64-apple-ios-simulator.swiftsourceinfo /Users/nicolas/Library/Developer/Xcode/DerivedData/AgendaHOF-bvieputxojihcqchgwytombtvhqx/Build/Intermediates.noindex/AgendaHOF.build/Debug-iphonesimulator/AgendaHOF.build/Objects-normal/arm64/AgendaHOF.swiftsourceinfo (in target 'AgendaHOF' from project 'AgendaHOF')
    cd /Users/nicolas/Documents/aplicativos-sites/AgendaHOF-iOS
    builtin-copy -exclude .DS_Store -exclude CVS -exclude .svn -exclude .git -exclude .hg -resolve-src-symlinks -rename /Users/nicolas/Library/Developer/Xcode/DerivedData/AgendaHOF-bvieputxojihcqchgwytombtvhqx/Build/Intermediates.noindex/AgendaHOF.build/Debug-iphonesimulator/AgendaHOF.build/Objects-normal/arm64/AgendaHOF.swiftsourceinfo /Users/nicolas/Library/Developer/Xcode/DerivedData/AgendaHOF-bvieputxojihcqchgwytombtvhqx/Build/Products/Debug-iphonesimulator/AgendaHOF.swiftmodule/Project/arm64-apple-ios-simulator.swiftsourceinfo

SwiftDriverJobDiscovery normal arm64 Compiling WinCredLocalStorage.swift, Types.swift (in target 'Auth' from project 'Supabase')

SwiftDriver\ Compilation Auth normal arm64 com.apple.xcode.tools.swift.compiler (in target 'Auth' from project 'Supabase')
    cd /Users/nicolas/Documents/aplicativos-sites/AgendaHOF-iOS/AgendaHOF.xcodeproj
    builtin-Swift-Compilation -- /Applications/Xcode.app/Contents/Developer/Toolchains/XcodeDefault.xctoolchain/usr/bin/swiftc -module-name Auth -Onone -enforce-exclusivity\=checked @/Users/nicolas/Library/Developer/Xcode/DerivedData/AgendaHOF-bvieputxojihcqchgwytombtvhqx/Build/Intermediates.noindex/Supabase.build/Debug-iphonesimulator/Auth.build/Objects-normal/arm64/Auth.SwiftFileList -DSWIFT_PACKAGE -DDEBUG -DSWIFT_MODULE_RESOURCE_BUNDLE_UNAVAILABLE -DXcode -enable-upcoming-feature ExistentialAny -enable-experimental-feature StrictConcurrency -plugin-path /Applications/Xcode.app/Contents/Developer/Toolchains/XcodeDefault.xctoolchain/usr/lib/swift/host/plugins/testing -enable-experimental-feature DebugDescriptionMacro -sdk /Applications/Xcode.app/Contents/Developer/Platforms/iPhoneSimulator.platform/Developer/SDKs/iPhoneSimulator26.2.sdk -target arm64-apple-ios13.0-simulator -g -module-cache-path /Users/nicolas/Library/Developer/Xcode/DerivedData/ModuleCache.noindex -Xfrontend -serialize-debugging-options -profile-coverage-mapping -profile-generate -enable-testing -suppress-warnings -index-store-path /Users/nicolas/Library/Developer/Xcode/DerivedData/AgendaHOF-bvieputxojihcqchgwytombtvhqx/Index.noindex/DataStore -Xcc -D_LIBCPP_HARDENING_MODE\=_LIBCPP_HARDENING_MODE_DEBUG -swift-version 5 -I /Users/nicolas/Library/Developer/Xcode/DerivedData/AgendaHOF-bvieputxojihcqchgwytombtvhqx/Build/Products/Debug-iphonesimulator -Isystem /Applications/Xcode.app/Contents/Developer/Platforms/iPhoneSimulator.platform/Developer/usr/lib -F /Users/nicolas/Library/Developer/Xcode/DerivedData/AgendaHOF-bvieputxojihcqchgwytombtvhqx/Build/Products/Debug-iphonesimulator/PackageFrameworks -F /Users/nicolas/Library/Developer/Xcode/DerivedData/AgendaHOF-bvieputxojihcqchgwytombtvhqx/Build/Products/Debug-iphonesimulator/PackageFrameworks -F /Users/nicolas/Library/Developer/Xcode/DerivedData/AgendaHOF-bvieputxojihcqchgwytombtvhqx/Build/Products/Debug-iphonesimulator/PackageFrameworks -F /Users/nicolas/Library/Developer/Xcode/DerivedData/AgendaHOF-bvieputxojihcqchgwytombtvhqx/Build/Products/Debug-iphonesimulator/PackageFrameworks -F /Users/nicolas/Library/Developer/Xcode/DerivedData/AgendaHOF-bvieputxojihcqchgwytombtvhqx/Build/Products/Debug-iphonesimulator/PackageFrameworks -F /Users/nicolas/Library/Developer/Xcode/DerivedData/AgendaHOF-bvieputxojihcqchgwytombtvhqx/Build/Products/Debug-iphonesimulator/PackageFrameworks -F /Users/nicolas/Library/Developer/Xcode/DerivedData/AgendaHOF-bvieputxojihcqchgwytombtvhqx/Build/Products/Debug-iphonesimulator/PackageFrameworks -F /Users/nicolas/Library/Developer/Xcode/DerivedData/AgendaHOF-bvieputxojihcqchgwytombtvhqx/Build/Products/Debug-iphonesimulator/PackageFrameworks -F /Users/nicolas/Library/Developer/Xcode/DerivedData/AgendaHOF-bvieputxojihcqchgwytombtvhqx/Build/Products/Debug-iphonesimulator -F /Applications/Xcode.app/Contents/Developer/Platforms/iPhoneSimulator.platform/Developer/Library/Frameworks -F /Applications/Xcode.app/Contents/Developer/Platforms/iPhoneSimulator.platform/Developer/SDKs/iPhoneSimulator26.2.sdk/Developer/Library/Frameworks -c -j10 -enable-batch-mode -incremental -Xcc -ivfsstatcache -Xcc /Users/nicolas/Library/Developer/Xcode/DerivedData/SDKStatCaches.noindex/iphonesimulator26.2-23C53-7d00a8b37fbd7999ea79df8ebc024bf0.sdkstatcache -output-file-map /Users/nicolas/Library/Developer/Xcode/DerivedData/AgendaHOF-bvieputxojihcqchgwytombtvhqx/Build/Intermediates.noindex/Supabase.build/Debug-iphonesimulator/Auth.build/Objects-normal/arm64/Auth-OutputFileMap.json -use-frontend-parseable-output -save-temps -no-color-diagnostics -explicit-module-build -module-cache-path /Users/nicolas/Library/Developer/Xcode/DerivedData/AgendaHOF-bvieputxojihcqchgwytombtvhqx/Build/Intermediates.noindex/SwiftExplicitPrecompiledModules -clang-scanner-module-cache-path /Users/nicolas/Library/Developer/Xcode/DerivedData/ModuleCache.noindex -sdk-module-cache-path /Users/nicolas/Library/Developer/Xcode/DerivedData/ModuleCache.noindex -serialize-diagnostics -emit-dependencies -emit-module -emit-module-path /Users/nicolas/Library/Developer/Xcode/DerivedData/AgendaHOF-bvieputxojihcqchgwytombtvhqx/Build/Intermediates.noindex/Supabase.build/Debug-iphonesimulator/Auth.build/Objects-normal/arm64/Auth.swiftmodule -validate-clang-modules-once -clang-build-session-file /Users/nicolas/Library/Developer/Xcode/DerivedData/ModuleCache.noindex/Session.modulevalidation -package-name supabase_swift -Xcc -I/Users/nicolas/Library/Developer/Xcode/DerivedData/AgendaHOF-bvieputxojihcqchgwytombtvhqx/Build/Intermediates.noindex/Supabase.build/Debug-iphonesimulator/Auth.build/swift-overrides.hmap -emit-const-values -Xfrontend -const-gather-protocols-file -Xfrontend /Users/nicolas/Library/Developer/Xcode/DerivedData/AgendaHOF-bvieputxojihcqchgwytombtvhqx/Build/Intermediates.noindex/Supabase.build/Debug-iphonesimulator/Auth.build/Objects-normal/arm64/Auth_const_extract_protocols.json -Xcc -I/Users/nicolas/Library/Developer/Xcode/DerivedData/AgendaHOF-bvieputxojihcqchgwytombtvhqx/Build/Products/Debug-iphonesimulator/include -Xcc -I/Users/nicolas/Library/Developer/Xcode/DerivedData/AgendaHOF-bvieputxojihcqchgwytombtvhqx/Build/Intermediates.noindex/Supabase.build/Debug-iphonesimulator/Auth.build/DerivedSources-normal/arm64 -Xcc -I/Users/nicolas/Library/Developer/Xcode/DerivedData/AgendaHOF-bvieputxojihcqchgwytombtvhqx/Build/Intermediates.noindex/Supabase.build/Debug-iphonesimulator/Auth.build/DerivedSources/arm64 -Xcc -I/Users/nicolas/Library/Developer/Xcode/DerivedData/AgendaHOF-bvieputxojihcqchgwytombtvhqx/Build/Intermediates.noindex/Supabase.build/Debug-iphonesimulator/Auth.build/DerivedSources -Xcc -DSWIFT_PACKAGE -Xcc -DDEBUG\=1 -emit-objc-header -emit-objc-header-path /Users/nicolas/Library/Developer/Xcode/DerivedData/AgendaHOF-bvieputxojihcqchgwytombtvhqx/Build/Intermediates.noindex/Supabase.build/Debug-iphonesimulator/Auth.build/Objects-normal/arm64/Auth-Swift.h -working-directory /Users/nicolas/Documents/aplicativos-sites/AgendaHOF-iOS/AgendaHOF.xcodeproj -experimental-emit-module-separately -disable-cmo

Ld /Users/nicolas/Library/Developer/Xcode/DerivedData/AgendaHOF-bvieputxojihcqchgwytombtvhqx/Build/Products/Debug-iphonesimulator/Auth.o normal (in target 'Auth' from project 'Supabase')
    cd /Users/nicolas/Library/Developer/Xcode/DerivedData/AgendaHOF-bvieputxojihcqchgwytombtvhqx/SourcePackages/checkouts/supabase-swift
    /Applications/Xcode.app/Contents/Developer/Toolchains/XcodeDefault.xctoolchain/usr/bin/clang -Xlinker -reproducible -target arm64-apple-ios13.0-simulator -r -isysroot /Applications/Xcode.app/Contents/Developer/Platforms/iPhoneSimulator.platform/Developer/SDKs/iPhoneSimulator26.2.sdk -O0 -w -L/Users/nicolas/Library/Developer/Xcode/DerivedData/AgendaHOF-bvieputxojihcqchgwytombtvhqx/Build/Intermediates.noindex/EagerLinkingTBDs/Debug-iphonesimulator -L/Users/nicolas/Library/Developer/Xcode/DerivedData/AgendaHOF-bvieputxojihcqchgwytombtvhqx/Build/Products/Debug-iphonesimulator -L/Applications/Xcode.app/Contents/Developer/Platforms/iPhoneSimulator.platform/Developer/usr/lib -F/Users/nicolas/Library/Developer/Xcode/DerivedData/AgendaHOF-bvieputxojihcqchgwytombtvhqx/Build/Intermediates.noindex/EagerLinkingTBDs/Debug-iphonesimulator -F/Users/nicolas/Library/Developer/Xcode/DerivedData/AgendaHOF-bvieputxojihcqchgwytombtvhqx/Build/Products/Debug-iphonesimulator/PackageFrameworks -F/Users/nicolas/Library/Developer/Xcode/DerivedData/AgendaHOF-bvieputxojihcqchgwytombtvhqx/Build/Products/Debug-iphonesimulator/PackageFrameworks -F/Users/nicolas/Library/Developer/Xcode/DerivedData/AgendaHOF-bvieputxojihcqchgwytombtvhqx/Build/Products/Debug-iphonesimulator/PackageFrameworks -F/Users/nicolas/Library/Developer/Xcode/DerivedData/AgendaHOF-bvieputxojihcqchgwytombtvhqx/Build/Products/Debug-iphonesimulator/PackageFrameworks -F/Users/nicolas/Library/Developer/Xcode/DerivedData/AgendaHOF-bvieputxojihcqchgwytombtvhqx/Build/Products/Debug-iphonesimulator/PackageFrameworks -F/Users/nicolas/Library/Developer/Xcode/DerivedData/AgendaHOF-bvieputxojihcqchgwytombtvhqx/Build/Products/Debug-iphonesimulator/PackageFrameworks -F/Users/nicolas/Library/Developer/Xcode/DerivedData/AgendaHOF-bvieputxojihcqchgwytombtvhqx/Build/Products/Debug-iphonesimulator/PackageFrameworks -F/Users/nicolas/Library/Developer/Xcode/DerivedData/AgendaHOF-bvieputxojihcqchgwytombtvhqx/Build/Products/Debug-iphonesimulator/PackageFrameworks -F/Users/nicolas/Library/Developer/Xcode/DerivedData/AgendaHOF-bvieputxojihcqchgwytombtvhqx/Build/Products/Debug-iphonesimulator -iframework /Applications/Xcode.app/Contents/Developer/Platforms/iPhoneSimulator.platform/Developer/Library/Frameworks -iframework /Applications/Xcode.app/Contents/Developer/Platforms/iPhoneSimulator.platform/Developer/SDKs/iPhoneSimulator26.2.sdk/Developer/Library/Frameworks -filelist /Users/nicolas/Library/Developer/Xcode/DerivedData/AgendaHOF-bvieputxojihcqchgwytombtvhqx/Build/Intermediates.noindex/Supabase.build/Debug-iphonesimulator/Auth.build/Objects-normal/arm64/Auth.LinkFileList -nostdlib -Xlinker -object_path_lto -Xlinker /Users/nicolas/Library/Developer/Xcode/DerivedData/AgendaHOF-bvieputxojihcqchgwytombtvhqx/Build/Intermediates.noindex/Supabase.build/Debug-iphonesimulator/Auth.build/Objects-normal/arm64/Auth_lto.o -rdynamic -Xlinker -no_deduplicate -Xlinker -objc_abi_version -Xlinker 2 -Xlinker -debug_variant -Xlinker -dependency_info -Xlinker /Users/nicolas/Library/Developer/Xcode/DerivedData/AgendaHOF-bvieputxojihcqchgwytombtvhqx/Build/Intermediates.noindex/Supabase.build/Debug-iphonesimulator/Auth.build/Objects-normal/arm64/Auth_dependency_info.dat -fobjc-link-runtime -L/Applications/Xcode.app/Contents/Developer/Toolchains/XcodeDefault.xctoolchain/usr/lib/swift/iphonesimulator -L/usr/lib/swift -Xlinker -add_ast_path -Xlinker /Users/nicolas/Library/Developer/Xcode/DerivedData/AgendaHOF-bvieputxojihcqchgwytombtvhqx/Build/Intermediates.noindex/Supabase.build/Debug-iphonesimulator/Auth.build/Objects-normal/arm64/Auth.swiftmodule @/Users/nicolas/Library/Developer/Xcode/DerivedData/AgendaHOF-bvieputxojihcqchgwytombtvhqx/Build/Intermediates.noindex/Supabase.build/Debug-iphonesimulator/Auth.build/Objects-normal/arm64/Auth-linker-args.resp -o /Users/nicolas/Library/Developer/Xcode/DerivedData/AgendaHOF-bvieputxojihcqchgwytombtvhqx/Build/Products/Debug-iphonesimulator/Auth.o

ExtractAppIntentsMetadata (in target 'Auth' from project 'Supabase')
    cd /Users/nicolas/Library/Developer/Xcode/DerivedData/AgendaHOF-bvieputxojihcqchgwytombtvhqx/SourcePackages/checkouts/supabase-swift
    /Applications/Xcode.app/Contents/Developer/Toolchains/XcodeDefault.xctoolchain/usr/bin/appintentsmetadataprocessor --toolchain-dir /Applications/Xcode.app/Contents/Developer/Toolchains/XcodeDefault.xctoolchain --module-name Auth --sdk-root /Applications/Xcode.app/Contents/Developer/Platforms/iPhoneSimulator.platform/Developer/SDKs/iPhoneSimulator26.2.sdk --xcode-version 17C52 --platform-family iOS --deployment-target 13.0 --bundle-identifier supabase-swift.Auth --output /Users/nicolas/Library/Developer/Xcode/DerivedData/AgendaHOF-bvieputxojihcqchgwytombtvhqx/Build/Products/Debug-iphonesimulator/Auth.appintents --target-triple arm64-apple-ios13.0-simulator --binary-file /Users/nicolas/Library/Developer/Xcode/DerivedData/AgendaHOF-bvieputxojihcqchgwytombtvhqx/Build/Products/Debug-iphonesimulator/Auth.o --dependency-file /Users/nicolas/Library/Developer/Xcode/DerivedData/AgendaHOF-bvieputxojihcqchgwytombtvhqx/Build/Intermediates.noindex/Supabase.build/Debug-iphonesimulator/Auth.build/Objects-normal/arm64/Auth_dependency_info.dat --stringsdata-file /Users/nicolas/Library/Developer/Xcode/DerivedData/AgendaHOF-bvieputxojihcqchgwytombtvhqx/Build/Intermediates.noindex/Supabase.build/Debug-iphonesimulator/Auth.build/Objects-normal/arm64/ExtractedAppShortcutsMetadata.stringsdata --source-file-list /Users/nicolas/Library/Developer/Xcode/DerivedData/AgendaHOF-bvieputxojihcqchgwytombtvhqx/Build/Intermediates.noindex/Supabase.build/Debug-iphonesimulator/Auth.build/Objects-normal/arm64/Auth.SwiftFileList --metadata-file-list /Users/nicolas/Library/Developer/Xcode/DerivedData/AgendaHOF-bvieputxojihcqchgwytombtvhqx/Build/Intermediates.noindex/Supabase.build/Debug-iphonesimulator/Auth.build/Auth.DependencyMetadataFileList --static-metadata-file-list /Users/nicolas/Library/Developer/Xcode/DerivedData/AgendaHOF-bvieputxojihcqchgwytombtvhqx/Build/Intermediates.noindex/Supabase.build/Debug-iphonesimulator/Auth.build/Auth.DependencyStaticMetadataFileList --swift-const-vals-list /Users/nicolas/Library/Developer/Xcode/DerivedData/AgendaHOF-bvieputxojihcqchgwytombtvhqx/Build/Intermediates.noindex/Supabase.build/Debug-iphonesimulator/Auth.build/Objects-normal/arm64/Auth.SwiftConstValuesFileList --force --compile-time-extraction --deployment-aware-processing --validate-assistant-intents --no-app-shortcuts-localization
2026-01-03 23:43:44.704 appintentsmetadataprocessor[19415:184893] Starting appintentsmetadataprocessor export
2026-01-03 23:43:44.807 appintentsmetadataprocessor[19415:184893] Extracted no relevant App Intents symbols, skipping writing output

RegisterExecutionPolicyException /Users/nicolas/Library/Developer/Xcode/DerivedData/AgendaHOF-bvieputxojihcqchgwytombtvhqx/Build/Products/Debug-iphonesimulator/Auth.o (in target 'Auth' from project 'Supabase')
    cd /Users/nicolas/Library/Developer/Xcode/DerivedData/AgendaHOF-bvieputxojihcqchgwytombtvhqx/SourcePackages/checkouts/supabase-swift
    builtin-RegisterExecutionPolicyException /Users/nicolas/Library/Developer/Xcode/DerivedData/AgendaHOF-bvieputxojihcqchgwytombtvhqx/Build/Products/Debug-iphonesimulator/Auth.o

Ld /Users/nicolas/Library/Developer/Xcode/DerivedData/AgendaHOF-bvieputxojihcqchgwytombtvhqx/Build/Products/Debug-iphonesimulator/Supabase.o normal (in target 'Supabase' from project 'Supabase')
    cd /Users/nicolas/Library/Developer/Xcode/DerivedData/AgendaHOF-bvieputxojihcqchgwytombtvhqx/SourcePackages/checkouts/supabase-swift
    /Applications/Xcode.app/Contents/Developer/Toolchains/XcodeDefault.xctoolchain/usr/bin/clang -Xlinker -reproducible -target arm64-apple-ios13.0-simulator -r -isysroot /Applications/Xcode.app/Contents/Developer/Platforms/iPhoneSimulator.platform/Developer/SDKs/iPhoneSimulator26.2.sdk -O0 -w -L/Users/nicolas/Library/Developer/Xcode/DerivedData/AgendaHOF-bvieputxojihcqchgwytombtvhqx/Build/Intermediates.noindex/EagerLinkingTBDs/Debug-iphonesimulator -L/Users/nicolas/Library/Developer/Xcode/DerivedData/AgendaHOF-bvieputxojihcqchgwytombtvhqx/Build/Products/Debug-iphonesimulator -L/Applications/Xcode.app/Contents/Developer/Platforms/iPhoneSimulator.platform/Developer/usr/lib -F/Users/nicolas/Library/Developer/Xcode/DerivedData/AgendaHOF-bvieputxojihcqchgwytombtvhqx/Build/Intermediates.noindex/EagerLinkingTBDs/Debug-iphonesimulator -F/Users/nicolas/Library/Developer/Xcode/DerivedData/AgendaHOF-bvieputxojihcqchgwytombtvhqx/Build/Products/Debug-iphonesimulator/PackageFrameworks -F/Users/nicolas/Library/Developer/Xcode/DerivedData/AgendaHOF-bvieputxojihcqchgwytombtvhqx/Build/Products/Debug-iphonesimulator/PackageFrameworks -F/Users/nicolas/Library/Developer/Xcode/DerivedData/AgendaHOF-bvieputxojihcqchgwytombtvhqx/Build/Products/Debug-iphonesimulator/PackageFrameworks -F/Users/nicolas/Library/Developer/Xcode/DerivedData/AgendaHOF-bvieputxojihcqchgwytombtvhqx/Build/Products/Debug-iphonesimulator/PackageFrameworks -F/Users/nicolas/Library/Developer/Xcode/DerivedData/AgendaHOF-bvieputxojihcqchgwytombtvhqx/Build/Products/Debug-iphonesimulator/PackageFrameworks -F/Users/nicolas/Library/Developer/Xcode/DerivedData/AgendaHOF-bvieputxojihcqchgwytombtvhqx/Build/Products/Debug-iphonesimulator/PackageFrameworks -F/Users/nicolas/Library/Developer/Xcode/DerivedData/AgendaHOF-bvieputxojihcqchgwytombtvhqx/Build/Products/Debug-iphonesimulator/PackageFrameworks -F/Users/nicolas/Library/Developer/Xcode/DerivedData/AgendaHOF-bvieputxojihcqchgwytombtvhqx/Build/Products/Debug-iphonesimulator/PackageFrameworks -F/Users/nicolas/Library/Developer/Xcode/DerivedData/AgendaHOF-bvieputxojihcqchgwytombtvhqx/Build/Products/Debug-iphonesimulator/PackageFrameworks -F/Users/nicolas/Library/Developer/Xcode/DerivedData/AgendaHOF-bvieputxojihcqchgwytombtvhqx/Build/Products/Debug-iphonesimulator/PackageFrameworks -F/Users/nicolas/Library/Developer/Xcode/DerivedData/AgendaHOF-bvieputxojihcqchgwytombtvhqx/Build/Products/Debug-iphonesimulator/PackageFrameworks -F/Users/nicolas/Library/Developer/Xcode/DerivedData/AgendaHOF-bvieputxojihcqchgwytombtvhqx/Build/Products/Debug-iphonesimulator/PackageFrameworks -F/Users/nicolas/Library/Developer/Xcode/DerivedData/AgendaHOF-bvieputxojihcqchgwytombtvhqx/Build/Products/Debug-iphonesimulator/PackageFrameworks -F/Users/nicolas/Library/Developer/Xcode/DerivedData/AgendaHOF-bvieputxojihcqchgwytombtvhqx/Build/Products/Debug-iphonesimulator -iframework /Applications/Xcode.app/Contents/Developer/Platforms/iPhoneSimulator.platform/Developer/Library/Frameworks -iframework /Applications/Xcode.app/Contents/Developer/Platforms/iPhoneSimulator.platform/Developer/SDKs/iPhoneSimulator26.2.sdk/Developer/Library/Frameworks -filelist /Users/nicolas/Library/Developer/Xcode/DerivedData/AgendaHOF-bvieputxojihcqchgwytombtvhqx/Build/Intermediates.noindex/Supabase.build/Debug-iphonesimulator/Supabase.build/Objects-normal/arm64/Supabase.LinkFileList -nostdlib -Xlinker -object_path_lto -Xlinker /Users/nicolas/Library/Developer/Xcode/DerivedData/AgendaHOF-bvieputxojihcqchgwytombtvhqx/Build/Intermediates.noindex/Supabase.build/Debug-iphonesimulator/Supabase.build/Objects-normal/arm64/Supabase_lto.o -rdynamic -Xlinker -no_deduplicate -Xlinker -objc_abi_version -Xlinker 2 -Xlinker -debug_variant -Xlinker -dependency_info -Xlinker /Users/nicolas/Library/Developer/Xcode/DerivedData/AgendaHOF-bvieputxojihcqchgwytombtvhqx/Build/Intermediates.noindex/Supabase.build/Debug-iphonesimulator/Supabase.build/Objects-normal/arm64/Supabase_dependency_info.dat -fobjc-link-runtime -L/Applications/Xcode.app/Contents/Developer/Toolchains/XcodeDefault.xctoolchain/usr/lib/swift/iphonesimulator -L/usr/lib/swift -Xlinker -add_ast_path -Xlinker /Users/nicolas/Library/Developer/Xcode/DerivedData/AgendaHOF-bvieputxojihcqchgwytombtvhqx/Build/Intermediates.noindex/Supabase.build/Debug-iphonesimulator/Supabase.build/Objects-normal/arm64/Supabase.swiftmodule @/Users/nicolas/Library/Developer/Xcode/DerivedData/AgendaHOF-bvieputxojihcqchgwytombtvhqx/Build/Intermediates.noindex/Supabase.build/Debug-iphonesimulator/Supabase.build/Objects-normal/arm64/Supabase-linker-args.resp -o /Users/nicolas/Library/Developer/Xcode/DerivedData/AgendaHOF-bvieputxojihcqchgwytombtvhqx/Build/Products/Debug-iphonesimulator/Supabase.o

ExtractAppIntentsMetadata (in target 'Supabase' from project 'Supabase')
    cd /Users/nicolas/Library/Developer/Xcode/DerivedData/AgendaHOF-bvieputxojihcqchgwytombtvhqx/SourcePackages/checkouts/supabase-swift
    /Applications/Xcode.app/Contents/Developer/Toolchains/XcodeDefault.xctoolchain/usr/bin/appintentsmetadataprocessor --toolchain-dir /Applications/Xcode.app/Contents/Developer/Toolchains/XcodeDefault.xctoolchain --module-name Supabase --sdk-root /Applications/Xcode.app/Contents/Developer/Platforms/iPhoneSimulator.platform/Developer/SDKs/iPhoneSimulator26.2.sdk --xcode-version 17C52 --platform-family iOS --deployment-target 13.0 --bundle-identifier supabase-swift.Supabase --output /Users/nicolas/Library/Developer/Xcode/DerivedData/AgendaHOF-bvieputxojihcqchgwytombtvhqx/Build/Products/Debug-iphonesimulator/Supabase.appintents --target-triple arm64-apple-ios13.0-simulator --binary-file /Users/nicolas/Library/Developer/Xcode/DerivedData/AgendaHOF-bvieputxojihcqchgwytombtvhqx/Build/Products/Debug-iphonesimulator/Supabase.o --dependency-file /Users/nicolas/Library/Developer/Xcode/DerivedData/AgendaHOF-bvieputxojihcqchgwytombtvhqx/Build/Intermediates.noindex/Supabase.build/Debug-iphonesimulator/Supabase.build/Objects-normal/arm64/Supabase_dependency_info.dat --stringsdata-file /Users/nicolas/Library/Developer/Xcode/DerivedData/AgendaHOF-bvieputxojihcqchgwytombtvhqx/Build/Intermediates.noindex/Supabase.build/Debug-iphonesimulator/Supabase.build/Objects-normal/arm64/ExtractedAppShortcutsMetadata.stringsdata --source-file-list /Users/nicolas/Library/Developer/Xcode/DerivedData/AgendaHOF-bvieputxojihcqchgwytombtvhqx/Build/Intermediates.noindex/Supabase.build/Debug-iphonesimulator/Supabase.build/Objects-normal/arm64/Supabase.SwiftFileList --metadata-file-list /Users/nicolas/Library/Developer/Xcode/DerivedData/AgendaHOF-bvieputxojihcqchgwytombtvhqx/Build/Intermediates.noindex/Supabase.build/Debug-iphonesimulator/Supabase.build/Supabase.DependencyMetadataFileList --static-metadata-file-list /Users/nicolas/Library/Developer/Xcode/DerivedData/AgendaHOF-bvieputxojihcqchgwytombtvhqx/Build/Intermediates.noindex/Supabase.build/Debug-iphonesimulator/Supabase.build/Supabase.DependencyStaticMetadataFileList --swift-const-vals-list /Users/nicolas/Library/Developer/Xcode/DerivedData/AgendaHOF-bvieputxojihcqchgwytombtvhqx/Build/Intermediates.noindex/Supabase.build/Debug-iphonesimulator/Supabase.build/Objects-normal/arm64/Supabase.SwiftConstValuesFileList --force --compile-time-extraction --deployment-aware-processing --validate-assistant-intents --no-app-shortcuts-localization
2026-01-03 23:43:44.884 appintentsmetadataprocessor[19418:184912] Starting appintentsmetadataprocessor export
2026-01-03 23:43:45.007 appintentsmetadataprocessor[19418:184912] Extracted no relevant App Intents symbols, skipping writing output

RegisterExecutionPolicyException /Users/nicolas/Library/Developer/Xcode/DerivedData/AgendaHOF-bvieputxojihcqchgwytombtvhqx/Build/Products/Debug-iphonesimulator/Supabase.o (in target 'Supabase' from project 'Supabase')
    cd /Users/nicolas/Library/Developer/Xcode/DerivedData/AgendaHOF-bvieputxojihcqchgwytombtvhqx/SourcePackages/checkouts/supabase-swift
    builtin-RegisterExecutionPolicyException /Users/nicolas/Library/Developer/Xcode/DerivedData/AgendaHOF-bvieputxojihcqchgwytombtvhqx/Build/Products/Debug-iphonesimulator/Supabase.o

ValidateDevelopmentAssets /Users/nicolas/Library/Developer/Xcode/DerivedData/AgendaHOF-bvieputxojihcqchgwytombtvhqx/Build/Intermediates.noindex/AgendaHOF.build/Debug-iphonesimulator/AgendaHOF.build (in target 'AgendaHOF' from project 'AgendaHOF')
    cd /Users/nicolas/Documents/aplicativos-sites/AgendaHOF-iOS
    builtin-validate-development-assets --validate YES_ERROR /Users/nicolas/Documents/aplicativos-sites/AgendaHOF-iOS/Preview\ Content

CpResource /Users/nicolas/Library/Developer/Xcode/DerivedData/AgendaHOF-bvieputxojihcqchgwytombtvhqx/Build/Products/Debug-iphonesimulator/AgendaHOF.app/settings.local.json /Users/nicolas/Documents/aplicativos-sites/AgendaHOF-iOS/.claude/settings.local.json (in target 'AgendaHOF' from project 'AgendaHOF')
    cd /Users/nicolas/Documents/aplicativos-sites/AgendaHOF-iOS
    builtin-copy -exclude .DS_Store -exclude CVS -exclude .svn -exclude .git -exclude .hg -resolve-src-symlinks /Users/nicolas/Documents/aplicativos-sites/AgendaHOF-iOS/.claude/settings.local.json /Users/nicolas/Library/Developer/Xcode/DerivedData/AgendaHOF-bvieputxojihcqchgwytombtvhqx/Build/Products/Debug-iphonesimulator/AgendaHOF.app
error: lstat(/Users/nicolas/Documents/aplicativos-sites/AgendaHOF-iOS/.claude/settings.local.json): No such file or directory (2) (in target 'AgendaHOF' from project 'AgendaHOF')

Ld /Users/nicolas/Library/Developer/Xcode/DerivedData/AgendaHOF-bvieputxojihcqchgwytombtvhqx/Build/Products/Debug-iphonesimulator/AgendaHOF.app/__preview.dylib normal (in target 'AgendaHOF' from project 'AgendaHOF')
    cd /Users/nicolas/Documents/aplicativos-sites/AgendaHOF-iOS
    /Applications/Xcode.app/Contents/Developer/Toolchains/XcodeDefault.xctoolchain/usr/bin/clang -Xlinker -reproducible -target arm64-apple-ios17.0-simulator -dynamiclib -isysroot /Applications/Xcode.app/Contents/Developer/Platforms/iPhoneSimulator.platform/Developer/SDKs/iPhoneSimulator26.2.sdk -O0 -L/Users/nicolas/Library/Developer/Xcode/DerivedData/AgendaHOF-bvieputxojihcqchgwytombtvhqx/Build/Products/Debug-iphonesimulator -F/Users/nicolas/Library/Developer/Xcode/DerivedData/AgendaHOF-bvieputxojihcqchgwytombtvhqx/Build/Products/Debug-iphonesimulator/PackageFrameworks -F/Users/nicolas/Library/Developer/Xcode/DerivedData/AgendaHOF-bvieputxojihcqchgwytombtvhqx/Build/Products/Debug-iphonesimulator/PackageFrameworks -F/Users/nicolas/Library/Developer/Xcode/DerivedData/AgendaHOF-bvieputxojihcqchgwytombtvhqx/Build/Products/Debug-iphonesimulator/PackageFrameworks -F/Users/nicolas/Library/Developer/Xcode/DerivedData/AgendaHOF-bvieputxojihcqchgwytombtvhqx/Build/Products/Debug-iphonesimulator/PackageFrameworks -F/Users/nicolas/Library/Developer/Xcode/DerivedData/AgendaHOF-bvieputxojihcqchgwytombtvhqx/Build/Products/Debug-iphonesimulator/PackageFrameworks -F/Users/nicolas/Library/Developer/Xcode/DerivedData/AgendaHOF-bvieputxojihcqchgwytombtvhqx/Build/Products/Debug-iphonesimulator/PackageFrameworks -F/Users/nicolas/Library/Developer/Xcode/DerivedData/AgendaHOF-bvieputxojihcqchgwytombtvhqx/Build/Products/Debug-iphonesimulator/PackageFrameworks -F/Users/nicolas/Library/Developer/Xcode/DerivedData/AgendaHOF-bvieputxojihcqchgwytombtvhqx/Build/Products/Debug-iphonesimulator/PackageFrameworks -F/Users/nicolas/Library/Developer/Xcode/DerivedData/AgendaHOF-bvieputxojihcqchgwytombtvhqx/Build/Products/Debug-iphonesimulator/PackageFrameworks -F/Users/nicolas/Library/Developer/Xcode/DerivedData/AgendaHOF-bvieputxojihcqchgwytombtvhqx/Build/Products/Debug-iphonesimulator/PackageFrameworks -F/Users/nicolas/Library/Developer/Xcode/DerivedData/AgendaHOF-bvieputxojihcqchgwytombtvhqx/Build/Products/Debug-iphonesimulator/PackageFrameworks -F/Users/nicolas/Library/Developer/Xcode/DerivedData/AgendaHOF-bvieputxojihcqchgwytombtvhqx/Build/Products/Debug-iphonesimulator/PackageFrameworks -F/Users/nicolas/Library/Developer/Xcode/DerivedData/AgendaHOF-bvieputxojihcqchgwytombtvhqx/Build/Products/Debug-iphonesimulator/PackageFrameworks -F/Users/nicolas/Library/Developer/Xcode/DerivedData/AgendaHOF-bvieputxojihcqchgwytombtvhqx/Build/Products/Debug-iphonesimulator/PackageFrameworks -F/Users/nicolas/Library/Developer/Xcode/DerivedData/AgendaHOF-bvieputxojihcqchgwytombtvhqx/Build/Products/Debug-iphonesimulator -install_name @rpath/AgendaHOF.debug.dylib -dead_strip -rdynamic -Xlinker -no_deduplicate -Xlinker -objc_abi_version -Xlinker 2 -Xlinker -debug_variant -Xlinker -dependency_info -Xlinker /Users/nicolas/Library/Developer/Xcode/DerivedData/AgendaHOF-bvieputxojihcqchgwytombtvhqx/Build/Intermediates.noindex/AgendaHOF.build/Debug-iphonesimulator/AgendaHOF.build/Objects-normal/arm64/AgendaHOF_dependency_info.dat -Xlinker -sectcreate -Xlinker __TEXT -Xlinker __entitlements -Xlinker /Users/nicolas/Library/Developer/Xcode/DerivedData/AgendaHOF-bvieputxojihcqchgwytombtvhqx/Build/Intermediates.noindex/AgendaHOF.build/Debug-iphonesimulator/AgendaHOF.build/AgendaHOF.app-Simulated.xcent -Xlinker -sectcreate -Xlinker __TEXT -Xlinker __ents_der -Xlinker /Users/nicolas/Library/Developer/Xcode/DerivedData/AgendaHOF-bvieputxojihcqchgwytombtvhqx/Build/Intermediates.noindex/AgendaHOF.build/Debug-iphonesimulator/AgendaHOF.build/AgendaHOF.app-Simulated.xcent.der -Xlinker -no_adhoc_codesign -o /Users/nicolas/Library/Developer/Xcode/DerivedData/AgendaHOF-bvieputxojihcqchgwytombtvhqx/Build/Products/Debug-iphonesimulator/AgendaHOF.app/__preview.dylib

CpResource /Users/nicolas/Library/Developer/Xcode/DerivedData/AgendaHOF-bvieputxojihcqchgwytombtvhqx/Build/Products/Debug-iphonesimulator/AgendaHOF.app/Preview\ Content /Users/nicolas/Documents/aplicativos-sites/AgendaHOF-iOS/Preview\ Content (in target 'AgendaHOF' from project 'AgendaHOF')
    cd /Users/nicolas/Documents/aplicativos-sites/AgendaHOF-iOS
    builtin-copy -exclude .DS_Store -exclude CVS -exclude .svn -exclude .git -exclude .hg -resolve-src-symlinks /Users/nicolas/Documents/aplicativos-sites/AgendaHOF-iOS/Preview\ Content /Users/nicolas/Library/Developer/Xcode/DerivedData/AgendaHOF-bvieputxojihcqchgwytombtvhqx/Build/Products/Debug-iphonesimulator/AgendaHOF.app

** BUILD FAILED **


The following build commands failed:
	CpResource /Users/nicolas/Library/Developer/Xcode/DerivedData/AgendaHOF-bvieputxojihcqchgwytombtvhqx/Build/Products/Debug-iphonesimulator/AgendaHOF.app/settings.local.json /Users/nicolas/Documents/aplicativos-sites/AgendaHOF-iOS/.claude/settings.local.json (in target 'AgendaHOF' from project 'AgendaHOF')
	Building project AgendaHOF with scheme AgendaHOF
(2 failures)
